Loading training data...
  20Hz (knob=0.000): 1523 windows
  60Hz (knob=0.159): 1523 windows
  100Hz (knob=0.233): 1523 windows
  125Hz (knob=0.265): 1523 windows
  250Hz (knob=0.366): 1523 windows
  500Hz (knob=0.466): 1523 windows
  800Hz (knob=0.534): 1523 windows
  1000Hz (knob=0.566): 1523 windows
  2000Hz (knob=0.667): 1523 windows
  4000Hz (knob=0.767): 1523 windows
  8000Hz (knob=0.867): 1523 windows
  12000Hz (knob=0.926): 1523 windows
  16000Hz (knob=0.968): 1523 windows
  20000Hz (knob=1.000): 1523 windows
Loading validation data...
  20Hz (knob=0.000): 234 windows
  60Hz (knob=0.159): 234 windows
  100Hz (knob=0.233): 234 windows
  125Hz (knob=0.265): 234 windows
  250Hz (knob=0.366): 234 windows
  500Hz (knob=0.466): 234 windows
  800Hz (knob=0.534): 234 windows
  1000Hz (knob=0.566): 234 windows
  2000Hz (knob=0.667): 234 windows
  4000Hz (knob=0.767): 234 windows
  8000Hz (knob=0.867): 234 windows
  12000Hz (knob=0.926): 234 windows
  16000Hz (knob=0.968): 234 windows
  20000Hz (knob=1.000): 234 windows
Train windows: 21322, Val windows: 3276, Sample rate: 48000
Using device: cuda
Epoch 1/300 - loss: 52.4493 - val_loss: 0.3347 - lr: 1.00e-03 - 8.9s
Epoch 2/300 - loss: 0.2683 - val_loss: 0.3052 - lr: 1.00e-03 - 8.5s
Epoch 3/300 - loss: 0.2576 - val_loss: 0.3122 - lr: 1.00e-03 - 8.4s
Epoch 4/300 - loss: 0.2417 - val_loss: 0.3045 - lr: 1.00e-03 - 8.4s
Epoch 5/300 - loss: 0.2322 - val_loss: 0.2967 - lr: 1.00e-03 - 8.4s
Epoch 6/300 - loss: 0.2219 - val_loss: 0.3189 - lr: 1.00e-03 - 8.5s
Epoch 7/300 - loss: 0.2187 - val_loss: 0.3185 - lr: 1.00e-03 - 8.7s
Epoch 8/300 - loss: 0.1968 - val_loss: 0.2490 - lr: 1.00e-03 - 8.4s
Epoch 9/300 - loss: 0.1430 - val_loss: 0.0801 - lr: 1.00e-03 - 8.5s
Epoch 10/300 - loss: 0.0980 - val_loss: 0.0597 - lr: 1.00e-03 - 8.5s
Epoch 11/300 - loss: 0.0776 - val_loss: 0.0238 - lr: 1.00e-03 - 8.5s
Epoch 12/300 - loss: 0.0579 - val_loss: 0.0212 - lr: 1.00e-03 - 8.7s
Epoch 13/300 - loss: 0.0447 - val_loss: 0.0159 - lr: 1.00e-03 - 8.2s
Epoch 14/300 - loss: 0.0436 - val_loss: 0.0093 - lr: 1.00e-03 - 8.2s
Epoch 15/300 - loss: 0.0279 - val_loss: 0.0120 - lr: 1.00e-03 - 8.5s
Epoch 16/300 - loss: 0.0283 - val_loss: 0.0074 - lr: 1.00e-03 - 8.2s
Epoch 17/300 - loss: 0.0237 - val_loss: 0.0059 - lr: 1.00e-03 - 8.2s
Epoch 18/300 - loss: 0.0227 - val_loss: 0.0050 - lr: 1.00e-03 - 8.2s
Epoch 19/300 - loss: 0.0227 - val_loss: 0.0156 - lr: 1.00e-03 - 8.2s
Epoch 20/300 - loss: 0.0253 - val_loss: 0.0057 - lr: 1.00e-03 - 8.2s
Epoch 21/300 - loss: 0.0185 - val_loss: 0.0036 - lr: 1.00e-03 - 7.9s
Epoch 22/300 - loss: 0.0214 - val_loss: 0.0027 - lr: 1.00e-03 - 7.5s
Epoch 23/300 - loss: 0.0151 - val_loss: 0.0080 - lr: 1.00e-03 - 7.5s
Epoch 24/300 - loss: 0.0159 - val_loss: 0.0037 - lr: 1.00e-03 - 7.6s
Epoch 25/300 - loss: 0.0186 - val_loss: 0.0037 - lr: 1.00e-03 - 7.5s
Epoch 26/300 - loss: 0.0181 - val_loss: 0.0045 - lr: 1.00e-03 - 7.5s
Epoch 27/300 - loss: 0.0155 - val_loss: 0.0054 - lr: 1.00e-03 - 7.5s
Epoch 28/300 - loss: 0.0157 - val_loss: 0.0034 - lr: 1.00e-03 - 7.5s
Epoch 29/300 - loss: 0.0138 - val_loss: 0.0074 - lr: 1.00e-03 - 7.5s
Epoch 30/300 - loss: 0.0148 - val_loss: 0.0048 - lr: 1.00e-03 - 7.5s
Epoch 31/300 - loss: 0.0144 - val_loss: 0.0221 - lr: 1.00e-03 - 7.5s
Epoch 32/300 - loss: 0.0131 - val_loss: 0.0032 - lr: 1.00e-03 - 7.5s
Epoch 33/300 - loss: 0.0128 - val_loss: 0.0021 - lr: 1.00e-03 - 7.5s
Epoch 34/300 - loss: 0.0119 - val_loss: 0.0023 - lr: 1.00e-03 - 7.5s
Epoch 35/300 - loss: 0.0122 - val_loss: 0.0012 - lr: 1.00e-03 - 7.5s
Epoch 36/300 - loss: 0.0120 - val_loss: 0.0041 - lr: 1.00e-03 - 7.5s
Epoch 37/300 - loss: 0.0108 - val_loss: 0.0024 - lr: 1.00e-03 - 7.5s
Epoch 38/300 - loss: 0.0116 - val_loss: 0.0020 - lr: 1.00e-03 - 7.5s
Epoch 39/300 - loss: 0.0116 - val_loss: 0.0130 - lr: 1.00e-03 - 8.3s
Epoch 40/300 - loss: 0.0100 - val_loss: 0.0006 - lr: 1.00e-03 - 8.5s
Epoch 41/300 - loss: 0.0110 - val_loss: 0.0011 - lr: 1.00e-03 - 8.3s
Epoch 42/300 - loss: 0.0126 - val_loss: 0.0019 - lr: 1.00e-03 - 8.2s
Epoch 43/300 - loss: 0.0115 - val_loss: 0.0031 - lr: 1.00e-03 - 8.2s
Epoch 44/300 - loss: 0.0113 - val_loss: 0.0007 - lr: 1.00e-03 - 8.0s
Epoch 45/300 - loss: 0.0094 - val_loss: 0.0005 - lr: 1.00e-03 - 7.5s
Epoch 46/300 - loss: 0.0084 - val_loss: 0.0011 - lr: 1.00e-03 - 7.5s
Epoch 47/300 - loss: 0.0112 - val_loss: 0.0021 - lr: 1.00e-03 - 7.5s
Epoch 48/300 - loss: 0.0102 - val_loss: 0.0014 - lr: 1.00e-03 - 7.5s
Epoch 49/300 - loss: 0.0132 - val_loss: 0.0018 - lr: 1.00e-03 - 7.5s
Epoch 50/300 - loss: 0.0110 - val_loss: 0.0008 - lr: 1.00e-03 - 8.3s
Epoch 51/300 - loss: 0.0114 - val_loss: 0.0004 - lr: 1.00e-03 - 8.2s
Epoch 52/300 - loss: 0.0106 - val_loss: 0.0015 - lr: 1.00e-03 - 8.4s
Epoch 53/300 - loss: 0.0080 - val_loss: 0.0005 - lr: 1.00e-03 - 7.6s
Epoch 54/300 - loss: 0.0082 - val_loss: 0.0035 - lr: 1.00e-03 - 7.6s
Epoch 55/300 - loss: 0.0097 - val_loss: 0.0030 - lr: 1.00e-03 - 7.6s
Epoch 56/300 - loss: 0.0085 - val_loss: 0.0011 - lr: 1.00e-03 - 7.6s
Epoch 57/300 - loss: 0.0074 - val_loss: 0.0011 - lr: 1.00e-03 - 7.6s
Epoch 58/300 - loss: 0.0086 - val_loss: 0.0013 - lr: 1.00e-03 - 7.8s
Epoch 59/300 - loss: 0.0104 - val_loss: 0.0017 - lr: 1.00e-03 - 7.9s
Epoch 60/300 - loss: 0.0085 - val_loss: 0.0006 - lr: 1.00e-03 - 7.6s
Epoch 61/300 - loss: 0.0093 - val_loss: 0.0012 - lr: 1.00e-03 - 7.5s
Epoch 62/300 - loss: 0.0066 - val_loss: 0.0006 - lr: 1.00e-03 - 7.5s
Epoch 63/300 - loss: 0.0079 - val_loss: 0.0011 - lr: 1.00e-03 - 7.5s
Epoch 64/300 - loss: 0.0103 - val_loss: 0.0006 - lr: 1.00e-03 - 7.5s
Epoch 65/300 - loss: 0.0076 - val_loss: 0.0012 - lr: 1.00e-03 - 7.5s
Epoch 66/300 - loss: 0.0086 - val_loss: 0.0006 - lr: 1.00e-03 - 7.5s
Epoch 67/300 - loss: 0.0063 - val_loss: 0.0006 - lr: 1.00e-03 - 7.5s
Epoch 68/300 - loss: 0.0080 - val_loss: 0.0038 - lr: 1.00e-03 - 7.5s
Epoch 69/300 - loss: 0.0074 - val_loss: 0.0006 - lr: 1.00e-03 - 7.5s
Epoch 70/300 - loss: 0.0083 - val_loss: 0.0019 - lr: 1.00e-03 - 7.5s
Epoch 71/300 - loss: 0.0078 - val_loss: 0.0034 - lr: 1.00e-03 - 7.5s
Epoch 72/300 - loss: 0.0097 - val_loss: 0.0004 - lr: 1.00e-03 - 7.5s
Epoch 73/300 - loss: 0.0063 - val_loss: 0.0009 - lr: 1.00e-03 - 7.5s
Epoch 74/300 - loss: 0.0077 - val_loss: 0.0009 - lr: 1.00e-03 - 8.3s
Epoch 75/300 - loss: 0.0083 - val_loss: 0.0003 - lr: 1.00e-03 - 8.2s
Epoch 76/300 - loss: 0.0077 - val_loss: 0.0022 - lr: 1.00e-03 - 8.2s
Epoch 77/300 - loss: 0.0059 - val_loss: 0.0011 - lr: 1.00e-03 - 8.2s
Epoch 78/300 - loss: 0.0066 - val_loss: 0.0003 - lr: 1.00e-03 - 8.1s
Epoch 79/300 - loss: 0.0073 - val_loss: 0.0012 - lr: 1.00e-03 - 8.1s
Epoch 80/300 - loss: 0.0059 - val_loss: 0.0013 - lr: 1.00e-03 - 7.9s
Epoch 81/300 - loss: 0.0068 - val_loss: 0.0007 - lr: 1.00e-03 - 7.8s
Epoch 82/300 - loss: 0.0064 - val_loss: 0.0017 - lr: 1.00e-03 - 8.1s
Epoch 83/300 - loss: 0.0079 - val_loss: 0.0004 - lr: 1.00e-03 - 8.2s
Epoch 84/300 - loss: 0.0083 - val_loss: 0.0010 - lr: 1.00e-03 - 8.2s
Epoch 85/300 - loss: 0.0069 - val_loss: 0.0004 - lr: 1.00e-03 - 7.6s
Epoch 86/300 - loss: 0.0083 - val_loss: 0.0007 - lr: 1.00e-03 - 7.5s
Epoch 87/300 - loss: 0.0078 - val_loss: 0.0011 - lr: 1.00e-03 - 7.5s
Epoch 88/300 - loss: 0.0089 - val_loss: 0.0011 - lr: 1.00e-03 - 7.5s
Epoch 89/300 - loss: 0.0059 - val_loss: 0.0004 - lr: 1.00e-03 - 7.5s
Epoch 90/300 - loss: 0.0070 - val_loss: 0.0005 - lr: 1.00e-03 - 7.5s
Epoch 91/300 - loss: 0.0068 - val_loss: 0.0007 - lr: 1.00e-03 - 7.5s
Epoch 92/300 - loss: 0.0061 - val_loss: 0.0009 - lr: 1.00e-03 - 7.5s
Epoch 93/300 - loss: 0.0062 - val_loss: 0.0006 - lr: 1.00e-03 - 7.5s
Epoch 94/300 - loss: 0.0061 - val_loss: 0.0002 - lr: 1.00e-03 - 7.5s
Epoch 95/300 - loss: 0.0059 - val_loss: 0.0001 - lr: 1.00e-03 - 7.5s
Epoch 96/300 - loss: 0.0070 - val_loss: 0.0021 - lr: 1.00e-03 - 7.5s
Epoch 97/300 - loss: 0.0062 - val_loss: 0.0005 - lr: 1.00e-03 - 7.5s
Epoch 98/300 - loss: 0.0061 - val_loss: 0.0003 - lr: 1.00e-03 - 7.5s
Epoch 99/300 - loss: 0.0058 - val_loss: 0.0103 - lr: 1.00e-03 - 7.5s
Epoch 100/300 - loss: 0.0061 - val_loss: 0.0030 - lr: 1.00e-03 - 7.5s
Epoch 101/300 - loss: 0.0062 - val_loss: 0.0006 - lr: 1.00e-03 - 7.5s
Epoch 102/300 - loss: 0.0062 - val_loss: 0.0003 - lr: 1.00e-03 - 7.5s
Epoch 103/300 - loss: 0.0051 - val_loss: 0.0006 - lr: 1.00e-03 - 7.5s
Epoch 104/300 - loss: 0.0057 - val_loss: 0.0004 - lr: 1.00e-03 - 7.5s
Epoch 105/300 - loss: 0.0076 - val_loss: 0.0006 - lr: 1.00e-03 - 7.9s
Epoch 106/300 - loss: 0.0093 - val_loss: 0.0004 - lr: 1.00e-03 - 8.2s
Epoch 107/300 - loss: 0.0058 - val_loss: 0.0003 - lr: 1.00e-03 - 8.2s
Epoch 108/300 - loss: 0.0058 - val_loss: 0.0004 - lr: 1.00e-03 - 8.2s
Epoch 109/300 - loss: 0.0072 - val_loss: 0.0005 - lr: 1.00e-03 - 8.1s
Epoch 110/300 - loss: 0.0055 - val_loss: 0.0007 - lr: 1.00e-03 - 8.2s
Epoch 111/300 - loss: 0.0049 - val_loss: 0.0012 - lr: 1.00e-03 - 8.2s
Epoch 112/300 - loss: 0.0065 - val_loss: 0.0003 - lr: 1.00e-03 - 8.2s
Epoch 113/300 - loss: 0.0064 - val_loss: 0.0002 - lr: 1.00e-03 - 8.2s
Epoch 114/300 - loss: 0.0051 - val_loss: 0.0013 - lr: 1.00e-03 - 8.2s
Epoch 115/300 - loss: 0.0061 - val_loss: 0.0004 - lr: 1.00e-03 - 8.2s
Epoch 116/300 - loss: 0.0050 - val_loss: 0.0003 - lr: 5.00e-04 - 8.1s
Epoch 117/300 - loss: 0.0025 - val_loss: 0.0001 - lr: 5.00e-04 - 8.1s
Epoch 118/300 - loss: 0.0015 - val_loss: 0.0003 - lr: 5.00e-04 - 8.2s
Epoch 119/300 - loss: 0.0013 - val_loss: 0.0001 - lr: 5.00e-04 - 8.2s
Epoch 120/300 - loss: 0.0015 - val_loss: 0.0001 - lr: 5.00e-04 - 8.1s
Epoch 121/300 - loss: 0.0021 - val_loss: 0.0002 - lr: 5.00e-04 - 8.1s
Epoch 122/300 - loss: 0.0015 - val_loss: 0.0002 - lr: 5.00e-04 - 7.6s
Epoch 123/300 - loss: 0.0013 - val_loss: 0.0002 - lr: 5.00e-04 - 7.5s
Epoch 124/300 - loss: 0.0020 - val_loss: 0.0001 - lr: 5.00e-04 - 8.2s
Epoch 125/300 - loss: 0.0018 - val_loss: 0.0002 - lr: 5.00e-04 - 8.2s
Epoch 126/300 - loss: 0.0017 - val_loss: 0.0002 - lr: 5.00e-04 - 8.2s
Epoch 127/300 - loss: 0.0015 - val_loss: 0.0001 - lr: 5.00e-04 - 8.2s
Epoch 128/300 - loss: 0.0021 - val_loss: 0.0004 - lr: 5.00e-04 - 8.1s
Epoch 129/300 - loss: 0.0017 - val_loss: 0.0001 - lr: 5.00e-04 - 8.1s
Epoch 130/300 - loss: 0.0015 - val_loss: 0.0001 - lr: 5.00e-04 - 8.2s
Epoch 131/300 - loss: 0.0017 - val_loss: 0.0004 - lr: 5.00e-04 - 8.2s
Epoch 132/300 - loss: 0.0018 - val_loss: 0.0001 - lr: 5.00e-04 - 8.2s
Epoch 133/300 - loss: 0.0018 - val_loss: 0.0001 - lr: 5.00e-04 - 8.2s
Epoch 134/300 - loss: 0.0016 - val_loss: 0.0001 - lr: 5.00e-04 - 8.1s
Epoch 135/300 - loss: 0.0016 - val_loss: 0.0013 - lr: 5.00e-04 - 8.1s
Epoch 136/300 - loss: 0.0018 - val_loss: 0.0002 - lr: 5.00e-04 - 8.1s
Epoch 137/300 - loss: 0.0014 - val_loss: 0.0001 - lr: 5.00e-04 - 8.2s
Epoch 138/300 - loss: 0.0017 - val_loss: 0.0001 - lr: 5.00e-04 - 8.2s
Epoch 139/300 - loss: 0.0022 - val_loss: 0.0002 - lr: 5.00e-04 - 8.2s
Epoch 140/300 - loss: 0.0015 - val_loss: 0.0004 - lr: 5.00e-04 - 8.2s
Epoch 141/300 - loss: 0.0024 - val_loss: 0.0010 - lr: 5.00e-04 - 8.2s
Epoch 142/300 - loss: 0.0016 - val_loss: 0.0001 - lr: 5.00e-04 - 8.2s
Epoch 143/300 - loss: 0.0018 - val_loss: 0.0013 - lr: 5.00e-04 - 8.2s
Epoch 144/300 - loss: 0.0018 - val_loss: 0.0005 - lr: 5.00e-04 - 8.2s
Epoch 145/300 - loss: 0.0018 - val_loss: 0.0001 - lr: 5.00e-04 - 8.2s
Epoch 146/300 - loss: 0.0016 - val_loss: 0.0002 - lr: 5.00e-04 - 8.2s
Epoch 147/300 - loss: 0.0014 - val_loss: 0.0001 - lr: 5.00e-04 - 8.2s
Epoch 148/300 - loss: 0.0018 - val_loss: 0.0001 - lr: 5.00e-04 - 8.2s
Epoch 149/300 - loss: 0.0015 - val_loss: 0.0001 - lr: 5.00e-04 - 8.2s
Epoch 150/300 - loss: 0.0022 - val_loss: 0.0002 - lr: 5.00e-04 - 8.2s
Epoch 151/300 - loss: 0.0014 - val_loss: 0.0001 - lr: 5.00e-04 - 8.1s
Epoch 152/300 - loss: 0.0016 - val_loss: 0.0001 - lr: 5.00e-04 - 8.2s
Epoch 153/300 - loss: 0.0016 - val_loss: 0.0002 - lr: 5.00e-04 - 8.2s
Epoch 154/300 - loss: 0.0019 - val_loss: 0.0001 - lr: 5.00e-04 - 8.2s
Epoch 155/300 - loss: 0.0014 - val_loss: 0.0009 - lr: 5.00e-04 - 8.1s
Epoch 156/300 - loss: 0.0018 - val_loss: 0.0002 - lr: 5.00e-04 - 8.1s
Epoch 157/300 - loss: 0.0017 - val_loss: 0.0001 - lr: 5.00e-04 - 8.2s
Epoch 158/300 - loss: 0.0015 - val_loss: 0.0005 - lr: 5.00e-04 - 8.2s
Epoch 159/300 - loss: 0.0015 - val_loss: 0.0001 - lr: 5.00e-04 - 8.2s
Epoch 160/300 - loss: 0.0017 - val_loss: 0.0001 - lr: 5.00e-04 - 8.1s
Epoch 161/300 - loss: 0.0017 - val_loss: 0.0001 - lr: 5.00e-04 - 8.1s
Epoch 162/300 - loss: 0.0015 - val_loss: 0.0001 - lr: 5.00e-04 - 8.1s
Epoch 163/300 - loss: 0.0015 - val_loss: 0.0002 - lr: 5.00e-04 - 8.1s
Epoch 164/300 - loss: 0.0015 - val_loss: 0.0001 - lr: 5.00e-04 - 8.1s
Epoch 165/300 - loss: 0.0017 - val_loss: 0.0001 - lr: 5.00e-04 - 8.1s
Epoch 166/300 - loss: 0.0019 - val_loss: 0.0001 - lr: 5.00e-04 - 8.1s
Epoch 167/300 - loss: 0.0022 - val_loss: 0.0003 - lr: 5.00e-04 - 8.1s
Epoch 168/300 - loss: 0.0014 - val_loss: 0.0002 - lr: 5.00e-04 - 8.2s
Epoch 169/300 - loss: 0.0018 - val_loss: 0.0003 - lr: 5.00e-04 - 8.3s
Epoch 170/300 - loss: 0.0012 - val_loss: 0.0001 - lr: 5.00e-04 - 8.3s
Epoch 171/300 - loss: 0.0017 - val_loss: 0.0002 - lr: 5.00e-04 - 8.1s
Epoch 172/300 - loss: 0.0017 - val_loss: 0.0001 - lr: 5.00e-04 - 8.0s
Epoch 173/300 - loss: 0.0016 - val_loss: 0.0002 - lr: 5.00e-04 - 8.0s
Epoch 174/300 - loss: 0.0020 - val_loss: 0.0001 - lr: 5.00e-04 - 8.0s
Epoch 175/300 - loss: 0.0013 - val_loss: 0.0002 - lr: 5.00e-04 - 8.0s
Epoch 176/300 - loss: 0.0021 - val_loss: 0.0002 - lr: 5.00e-04 - 8.0s
Epoch 177/300 - loss: 0.0015 - val_loss: 0.0001 - lr: 5.00e-04 - 8.0s
Epoch 178/300 - loss: 0.0015 - val_loss: 0.0004 - lr: 5.00e-04 - 8.0s
Epoch 179/300 - loss: 0.0018 - val_loss: 0.0001 - lr: 5.00e-04 - 8.0s
Epoch 180/300 - loss: 0.0018 - val_loss: 0.0001 - lr: 5.00e-04 - 8.0s
Epoch 181/300 - loss: 0.0022 - val_loss: 0.0001 - lr: 5.00e-04 - 8.0s
Epoch 182/300 - loss: 0.0016 - val_loss: 0.0002 - lr: 5.00e-04 - 8.0s
Epoch 183/300 - loss: 0.0015 - val_loss: 0.0001 - lr: 5.00e-04 - 8.0s
Epoch 184/300 - loss: 0.0018 - val_loss: 0.0004 - lr: 5.00e-04 - 8.0s
Epoch 185/300 - loss: 0.0016 - val_loss: 0.0001 - lr: 5.00e-04 - 8.0s
Epoch 186/300 - loss: 0.0016 - val_loss: 0.0001 - lr: 2.50e-04 - 8.0s
Epoch 187/300 - loss: 0.0005 - val_loss: 0.0001 - lr: 2.50e-04 - 8.0s
Epoch 188/300 - loss: 0.0005 - val_loss: 0.0001 - lr: 2.50e-04 - 8.0s
Epoch 189/300 - loss: 0.0007 - val_loss: 0.0001 - lr: 2.50e-04 - 8.0s
Epoch 190/300 - loss: 0.0005 - val_loss: 0.0001 - lr: 2.50e-04 - 8.0s
Epoch 191/300 - loss: 0.0006 - val_loss: 0.0001 - lr: 2.50e-04 - 8.0s
Epoch 192/300 - loss: 0.0006 - val_loss: 0.0001 - lr: 2.50e-04 - 7.9s
Epoch 193/300 - loss: 0.0007 - val_loss: 0.0001 - lr: 2.50e-04 - 7.6s
Epoch 194/300 - loss: 0.0006 - val_loss: 0.0001 - lr: 2.50e-04 - 7.6s
Epoch 195/300 - loss: 0.0006 - val_loss: 0.0001 - lr: 2.50e-04 - 7.6s
Epoch 196/300 - loss: 0.0006 - val_loss: 0.0001 - lr: 2.50e-04 - 7.7s
Epoch 197/300 - loss: 0.0007 - val_loss: 0.0001 - lr: 2.50e-04 - 8.0s
Epoch 198/300 - loss: 0.0007 - val_loss: 0.0001 - lr: 2.50e-04 - 8.0s
Epoch 199/300 - loss: 0.0005 - val_loss: 0.0003 - lr: 2.50e-04 - 8.0s
Epoch 200/300 - loss: 0.0005 - val_loss: 0.0001 - lr: 2.50e-04 - 8.0s
Epoch 201/300 - loss: 0.0007 - val_loss: 0.0001 - lr: 2.50e-04 - 8.0s
Epoch 202/300 - loss: 0.0006 - val_loss: 0.0001 - lr: 2.50e-04 - 8.0s
Epoch 203/300 - loss: 0.0006 - val_loss: 0.0001 - lr: 2.50e-04 - 8.0s
Epoch 204/300 - loss: 0.0006 - val_loss: 0.0001 - lr: 2.50e-04 - 8.0s
Epoch 205/300 - loss: 0.0006 - val_loss: 0.0001 - lr: 2.50e-04 - 8.0s
Epoch 206/300 - loss: 0.0006 - val_loss: 0.0001 - lr: 2.50e-04 - 8.0s
Epoch 207/300 - loss: 0.0006 - val_loss: 0.0001 - lr: 2.50e-04 - 8.0s
Epoch 208/300 - loss: 0.0006 - val_loss: 0.0001 - lr: 2.50e-04 - 8.0s
Epoch 209/300 - loss: 0.0006 - val_loss: 0.0001 - lr: 1.25e-04 - 8.0s
Epoch 210/300 - loss: 0.0003 - val_loss: 0.0001 - lr: 1.25e-04 - 8.0s
Epoch 211/300 - loss: 0.0003 - val_loss: 0.0001 - lr: 1.25e-04 - 8.0s
Epoch 212/300 - loss: 0.0003 - val_loss: 0.0001 - lr: 1.25e-04 - 8.0s
Epoch 213/300 - loss: 0.0002 - val_loss: 0.0001 - lr: 1.25e-04 - 8.5s
Epoch 214/300 - loss: 0.0003 - val_loss: 0.0001 - lr: 1.25e-04 - 8.5s
Epoch 215/300 - loss: 0.0003 - val_loss: 0.0001 - lr: 1.25e-04 - 8.3s
Epoch 216/300 - loss: 0.0004 - val_loss: 0.0001 - lr: 1.25e-04 - 8.3s
Epoch 217/300 - loss: 0.0004 - val_loss: 0.0001 - lr: 1.25e-04 - 8.3s
Epoch 218/300 - loss: 0.0003 - val_loss: 0.0001 - lr: 1.25e-04 - 8.3s
Epoch 219/300 - loss: 0.0003 - val_loss: 0.0001 - lr: 1.25e-04 - 8.2s
Epoch 220/300 - loss: 0.0004 - val_loss: 0.0001 - lr: 1.25e-04 - 8.2s
Epoch 221/300 - loss: 0.0003 - val_loss: 0.0001 - lr: 1.25e-04 - 8.2s
Epoch 222/300 - loss: 0.0003 - val_loss: 0.0001 - lr: 1.25e-04 - 8.2s
Epoch 223/300 - loss: 0.0004 - val_loss: 0.0001 - lr: 1.25e-04 - 8.3s
Epoch 224/300 - loss: 0.0004 - val_loss: 0.0001 - lr: 1.25e-04 - 8.3s
Epoch 225/300 - loss: 0.0003 - val_loss: 0.0001 - lr: 1.25e-04 - 8.3s
Epoch 226/300 - loss: 0.0003 - val_loss: 0.0001 - lr: 1.25e-04 - 8.2s
Epoch 227/300 - loss: 0.0003 - val_loss: 0.0001 - lr: 1.25e-04 - 8.2s
Epoch 228/300 - loss: 0.0003 - val_loss: 0.0001 - lr: 1.25e-04 - 8.3s
Epoch 229/300 - loss: 0.0003 - val_loss: 0.0001 - lr: 1.25e-04 - 8.2s
Epoch 230/300 - loss: 0.0003 - val_loss: 0.0001 - lr: 1.25e-04 - 8.3s
Epoch 231/300 - loss: 0.0003 - val_loss: 0.0001 - lr: 1.25e-04 - 8.2s
Epoch 232/300 - loss: 0.0003 - val_loss: 0.0001 - lr: 1.25e-04 - 8.2s
Epoch 233/300 - loss: 0.0003 - val_loss: 0.0001 - lr: 6.25e-05 - 8.2s
Epoch 234/300 - loss: 0.0002 - val_loss: 0.0001 - lr: 6.25e-05 - 8.2s
Epoch 235/300 - loss: 0.0002 - val_loss: 0.0001 - lr: 6.25e-05 - 8.2s
Epoch 236/300 - loss: 0.0002 - val_loss: 0.0001 - lr: 6.25e-05 - 8.3s
Epoch 237/300 - loss: 0.0002 - val_loss: 0.0001 - lr: 6.25e-05 - 8.2s
Epoch 238/300 - loss: 0.0002 - val_loss: 0.0001 - lr: 6.25e-05 - 8.3s
Epoch 239/300 - loss: 0.0002 - val_loss: 0.0001 - lr: 6.25e-05 - 8.3s
Epoch 240/300 - loss: 0.0002 - val_loss: 0.0001 - lr: 6.25e-05 - 8.4s
Epoch 241/300 - loss: 0.0002 - val_loss: 0.0001 - lr: 6.25e-05 - 8.1s
Epoch 242/300 - loss: 0.0003 - val_loss: 0.0001 - lr: 6.25e-05 - 7.8s
Epoch 243/300 - loss: 0.0002 - val_loss: 0.0001 - lr: 6.25e-05 - 7.9s
Epoch 244/300 - loss: 0.0002 - val_loss: 0.0001 - lr: 6.25e-05 - 7.6s
Epoch 245/300 - loss: 0.0002 - val_loss: 0.0001 - lr: 6.25e-05 - 7.8s
Epoch 246/300 - loss: 0.0003 - val_loss: 0.0001 - lr: 6.25e-05 - 7.6s
Epoch 247/300 - loss: 0.0002 - val_loss: 0.0001 - lr: 6.25e-05 - 7.6s
Epoch 248/300 - loss: 0.0002 - val_loss: 0.0001 - lr: 6.25e-05 - 8.0s
Epoch 249/300 - loss: 0.0002 - val_loss: 0.0001 - lr: 6.25e-05 - 7.9s
Epoch 250/300 - loss: 0.0002 - val_loss: 0.0001 - lr: 6.25e-05 - 7.7s
Epoch 251/300 - loss: 0.0002 - val_loss: 0.0001 - lr: 6.25e-05 - 7.6s
Epoch 252/300 - loss: 0.0002 - val_loss: 0.0001 - lr: 6.25e-05 - 7.7s
Epoch 253/300 - loss: 0.0002 - val_loss: 0.0001 - lr: 6.25e-05 - 7.6s
Epoch 254/300 - loss: 0.0002 - val_loss: 0.0001 - lr: 6.25e-05 - 7.7s
Epoch 255/300 - loss: 0.0002 - val_loss: 0.0001 - lr: 6.25e-05 - 7.7s
Epoch 256/300 - loss: 0.0003 - val_loss: 0.0001 - lr: 3.13e-05 - 7.7s
Epoch 257/300 - loss: 0.0002 - val_loss: 0.0001 - lr: 3.13e-05 - 8.3s
Epoch 258/300 - loss: 0.0002 - val_loss: 0.0001 - lr: 3.13e-05 - 8.2s
Epoch 259/300 - loss: 0.0002 - val_loss: 0.0001 - lr: 3.13e-05 - 8.2s
Epoch 260/300 - loss: 0.0002 - val_loss: 0.0001 - lr: 3.13e-05 - 8.3s
Epoch 261/300 - loss: 0.0002 - val_loss: 0.0001 - lr: 3.13e-05 - 8.3s
Epoch 262/300 - loss: 0.0002 - val_loss: 0.0001 - lr: 3.13e-05 - 8.3s
Epoch 263/300 - loss: 0.0002 - val_loss: 0.0001 - lr: 3.13e-05 - 8.4s
Epoch 264/300 - loss: 0.0002 - val_loss: 0.0001 - lr: 3.13e-05 - 8.4s
Epoch 265/300 - loss: 0.0002 - val_loss: 0.0001 - lr: 3.13e-05 - 7.7s
Epoch 266/300 - loss: 0.0002 - val_loss: 0.0001 - lr: 3.13e-05 - 7.6s
Epoch 267/300 - loss: 0.0002 - val_loss: 0.0001 - lr: 3.13e-05 - 7.8s
Epoch 268/300 - loss: 0.0002 - val_loss: 0.0001 - lr: 3.13e-05 - 8.5s
Epoch 269/300 - loss: 0.0002 - val_loss: 0.0001 - lr: 3.13e-05 - 8.5s
Epoch 270/300 - loss: 0.0002 - val_loss: 0.0001 - lr: 3.13e-05 - 8.3s
Epoch 271/300 - loss: 0.0002 - val_loss: 0.0001 - lr: 3.13e-05 - 8.1s
Epoch 272/300 - loss: 0.0002 - val_loss: 0.0001 - lr: 3.13e-05 - 7.9s
Epoch 273/300 - loss: 0.0002 - val_loss: 0.0001 - lr: 3.13e-05 - 8.2s
Epoch 274/300 - loss: 0.0002 - val_loss: 0.0001 - lr: 3.13e-05 - 8.2s
Epoch 275/300 - loss: 0.0002 - val_loss: 0.0001 - lr: 3.13e-05 - 8.2s
Early stopping: val_loss has not improved for 40 epochs.
Training complete in 36.6m (2199s)
Best val_loss: 0.0001 — loading best weights for export
Model saved to ref/12_moog_warmup512\weights.json
Loss history saved to ref/12_moog_warmup512\loss_history.csv
