Loading training data...
Loading validation data...
Train windows: 749, Val windows: 234, Sample rate: 48000
Using device: cuda
Epoch 1/300 - loss: 1.2422 - val_loss: 5.0945 - lr: 1.00e-03 - 1.1s
Epoch 2/300 - loss: 1.1460 - val_loss: 4.8211 - lr: 1.00e-03 - 0.5s
Epoch 3/300 - loss: 1.0064 - val_loss: 4.7844 - lr: 1.00e-03 - 0.5s
Epoch 4/300 - loss: 0.6735 - val_loss: 5.6511 - lr: 1.00e-03 - 0.5s
Epoch 5/300 - loss: 0.3467 - val_loss: 6.5516 - lr: 1.00e-03 - 0.5s
Epoch 6/300 - loss: 0.2532 - val_loss: 4.7363 - lr: 1.00e-03 - 0.5s
Epoch 7/300 - loss: 0.2265 - val_loss: 4.5878 - lr: 1.00e-03 - 0.5s
Epoch 8/300 - loss: 0.2217 - val_loss: 4.8623 - lr: 1.00e-03 - 0.5s
Epoch 9/300 - loss: 0.2183 - val_loss: 4.9299 - lr: 1.00e-03 - 0.5s
Epoch 10/300 - loss: 0.2160 - val_loss: 5.0878 - lr: 1.00e-03 - 0.5s
Epoch 11/300 - loss: 0.2127 - val_loss: 5.2915 - lr: 1.00e-03 - 0.4s
Epoch 12/300 - loss: 0.2094 - val_loss: 5.4710 - lr: 1.00e-03 - 0.4s
Epoch 13/300 - loss: 0.2062 - val_loss: 5.7393 - lr: 1.00e-03 - 0.5s
Epoch 14/300 - loss: 0.2031 - val_loss: 5.8318 - lr: 1.00e-03 - 0.4s
Epoch 15/300 - loss: 0.1986 - val_loss: 6.0830 - lr: 1.00e-03 - 0.4s
Epoch 16/300 - loss: 0.1946 - val_loss: 6.6117 - lr: 1.00e-03 - 0.4s
Epoch 17/300 - loss: 0.1931 - val_loss: 6.9687 - lr: 1.00e-03 - 0.4s
Epoch 18/300 - loss: 0.1881 - val_loss: 7.4361 - lr: 1.00e-03 - 0.4s
Epoch 19/300 - loss: 0.1882 - val_loss: 6.8475 - lr: 1.00e-03 - 0.4s
Epoch 20/300 - loss: 0.1845 - val_loss: 7.4153 - lr: 1.00e-03 - 0.4s
Epoch 21/300 - loss: 0.1810 - val_loss: 7.6517 - lr: 1.00e-03 - 0.4s
Epoch 22/300 - loss: 0.1748 - val_loss: 8.6837 - lr: 1.00e-03 - 0.4s
Epoch 23/300 - loss: 0.1669 - val_loss: 7.4296 - lr: 1.00e-03 - 0.4s
Epoch 24/300 - loss: 0.1743 - val_loss: 8.2836 - lr: 1.00e-03 - 0.4s
Epoch 25/300 - loss: 0.1707 - val_loss: 8.0006 - lr: 1.00e-03 - 0.4s
Epoch 26/300 - loss: 0.1671 - val_loss: 7.8454 - lr: 1.00e-03 - 0.4s
Epoch 27/300 - loss: 0.1562 - val_loss: 9.2330 - lr: 1.00e-03 - 0.4s
Epoch 28/300 - loss: 0.1508 - val_loss: 8.6664 - lr: 5.00e-04 - 0.4s
Epoch 29/300 - loss: 0.1505 - val_loss: 10.8941 - lr: 5.00e-04 - 0.4s
Epoch 30/300 - loss: 0.1461 - val_loss: 9.5654 - lr: 5.00e-04 - 0.4s
Epoch 31/300 - loss: 0.1420 - val_loss: 9.6932 - lr: 5.00e-04 - 0.4s
Epoch 32/300 - loss: 0.1409 - val_loss: 9.8038 - lr: 5.00e-04 - 0.4s
Epoch 33/300 - loss: 0.1439 - val_loss: 9.4318 - lr: 5.00e-04 - 0.4s
Epoch 34/300 - loss: 0.1380 - val_loss: 10.2338 - lr: 5.00e-04 - 0.4s
Epoch 35/300 - loss: 0.1355 - val_loss: 10.1105 - lr: 5.00e-04 - 0.4s
Epoch 36/300 - loss: 0.1339 - val_loss: 10.2267 - lr: 5.00e-04 - 0.4s
Epoch 37/300 - loss: 0.1345 - val_loss: 9.0732 - lr: 5.00e-04 - 0.4s
Epoch 38/300 - loss: 0.1363 - val_loss: 10.9328 - lr: 5.00e-04 - 0.4s
Epoch 39/300 - loss: 0.1306 - val_loss: 10.4455 - lr: 5.00e-04 - 0.4s
Epoch 40/300 - loss: 0.1299 - val_loss: 9.8282 - lr: 5.00e-04 - 0.4s
Epoch 41/300 - loss: 0.1274 - val_loss: 10.3870 - lr: 5.00e-04 - 0.4s
Epoch 42/300 - loss: 0.1242 - val_loss: 9.9397 - lr: 5.00e-04 - 0.4s
Epoch 43/300 - loss: 0.1221 - val_loss: 10.9553 - lr: 5.00e-04 - 0.4s
Epoch 44/300 - loss: 0.1227 - val_loss: 10.8104 - lr: 5.00e-04 - 0.4s
Epoch 45/300 - loss: 0.1194 - val_loss: 10.3852 - lr: 5.00e-04 - 0.4s
Epoch 46/300 - loss: 0.1166 - val_loss: 10.5002 - lr: 5.00e-04 - 0.4s
Epoch 47/300 - loss: 0.1162 - val_loss: 11.2015 - lr: 5.00e-04 - 0.4s
Early stopping: val_loss has not improved for 40 epochs.
Training complete in 0.4m (22s)
Best val_loss: 4.5878
Weights exported to models/dist_01_128u_w256\weights.json
Loss history saved to models/dist_01_128u_w256\loss_history.csv
