Loading training data...
  100Hz (knob=0.000): 1523 windows
  125Hz (knob=0.042): 1523 windows
  250Hz (knob=0.173): 1523 windows
  500Hz (knob=0.304): 1523 windows
  800Hz (knob=0.392): 1523 windows
  1000Hz (knob=0.435): 1523 windows
  2000Hz (knob=0.565): 1523 windows
  4000Hz (knob=0.696): 1523 windows
  8000Hz (knob=0.827): 1523 windows
  12000Hz (knob=0.904): 1523 windows
  16000Hz (knob=0.958): 1523 windows
  20000Hz (knob=1.000): 1523 windows
Loading validation data...
  100Hz (knob=0.000): 234 windows
  125Hz (knob=0.042): 234 windows
  250Hz (knob=0.173): 234 windows
  500Hz (knob=0.304): 234 windows
  800Hz (knob=0.392): 234 windows
  1000Hz (knob=0.435): 234 windows
  2000Hz (knob=0.565): 234 windows
  4000Hz (knob=0.696): 234 windows
  8000Hz (knob=0.827): 234 windows
  12000Hz (knob=0.904): 234 windows
  16000Hz (knob=0.958): 234 windows
  20000Hz (knob=1.000): 234 windows
Train windows: 18276, Val windows: 2808, Sample rate: 48000
Using device: cuda
Epoch 1/300 - loss: 28.8551 - val_loss: 0.3670 - lr: 1.00e-03 - 153.2s
Epoch 2/300 - loss: 0.3012 - val_loss: 0.3802 - lr: 1.00e-03 - 156.0s
Epoch 3/300 - loss: 0.2387 - val_loss: 0.1151 - lr: 1.00e-03 - 144.5s
Epoch 4/300 - loss: 0.1467 - val_loss: 0.4301 - lr: 1.00e-03 - 152.2s
Epoch 5/300 - loss: 0.0911 - val_loss: 0.0070 - lr: 1.00e-03 - 139.7s
Epoch 6/300 - loss: 0.0559 - val_loss: 0.0264 - lr: 1.00e-03 - 117.1s
Epoch 7/300 - loss: 0.0567 - val_loss: 0.0031 - lr: 1.00e-03 - 153.6s
Epoch 8/300 - loss: 0.0363 - val_loss: 0.0046 - lr: 1.00e-03 - 153.0s
Epoch 9/300 - loss: 0.0332 - val_loss: 0.0048 - lr: 1.00e-03 - 146.7s
Epoch 10/300 - loss: 0.0473 - val_loss: 0.0053 - lr: 1.00e-03 - 119.1s
Epoch 11/300 - loss: 0.0461 - val_loss: 0.0028 - lr: 1.00e-03 - 151.4s
Epoch 12/300 - loss: 0.0233 - val_loss: 0.0020 - lr: 1.00e-03 - 129.9s
Epoch 13/300 - loss: 0.0300 - val_loss: 0.0040 - lr: 1.00e-03 - 133.1s
Epoch 14/300 - loss: 0.0264 - val_loss: 0.0021 - lr: 1.00e-03 - 149.8s
Epoch 15/300 - loss: 0.0240 - val_loss: 0.0059 - lr: 1.00e-03 - 136.0s
Epoch 16/300 - loss: 0.0247 - val_loss: 0.0102 - lr: 1.00e-03 - 149.0s
Epoch 17/300 - loss: 0.0217 - val_loss: 0.0169 - lr: 1.00e-03 - 106.3s
Epoch 18/300 - loss: 0.0202 - val_loss: 0.0151 - lr: 1.00e-03 - 107.4s
Epoch 19/300 - loss: 0.0265 - val_loss: 0.0061 - lr: 1.00e-03 - 107.2s
Epoch 20/300 - loss: 0.0201 - val_loss: 0.0132 - lr: 1.00e-03 - 148.3s
Epoch 21/300 - loss: 0.0207 - val_loss: 0.0004 - lr: 1.00e-03 - 120.2s
Epoch 22/300 - loss: 0.0141 - val_loss: 0.0007 - lr: 1.00e-03 - 104.9s
Epoch 23/300 - loss: 0.0192 - val_loss: 0.0005 - lr: 1.00e-03 - 105.3s
Epoch 24/300 - loss: 0.0246 - val_loss: 0.0077 - lr: 1.00e-03 - 129.5s
Epoch 25/300 - loss: 0.0285 - val_loss: 0.0037 - lr: 1.00e-03 - 143.2s
Epoch 26/300 - loss: 0.0157 - val_loss: 0.0009 - lr: 1.00e-03 - 147.1s
Epoch 27/300 - loss: 0.0410 - val_loss: 0.0018 - lr: 1.00e-03 - 151.4s
Epoch 28/300 - loss: 0.0165 - val_loss: 0.0010 - lr: 1.00e-03 - 141.9s
Epoch 29/300 - loss: 0.0169 - val_loss: 0.0008 - lr: 1.00e-03 - 148.5s
Epoch 30/300 - loss: 0.0134 - val_loss: 0.0044 - lr: 1.00e-03 - 145.3s
Epoch 31/300 - loss: 0.0148 - val_loss: 0.0004 - lr: 1.00e-03 - 141.6s
Epoch 32/300 - loss: 0.0149 - val_loss: 0.0018 - lr: 1.00e-03 - 141.6s
Epoch 33/300 - loss: 0.0148 - val_loss: 0.0044 - lr: 1.00e-03 - 145.2s
Epoch 34/300 - loss: 0.0142 - val_loss: 0.0007 - lr: 1.00e-03 - 144.2s
Epoch 35/300 - loss: 0.0127 - val_loss: 0.0085 - lr: 1.00e-03 - 136.7s
Epoch 36/300 - loss: 0.0196 - val_loss: 0.0008 - lr: 1.00e-03 - 140.5s
Epoch 37/300 - loss: 0.0147 - val_loss: 0.0065 - lr: 1.00e-03 - 136.2s
Epoch 38/300 - loss: 0.0162 - val_loss: 0.0017 - lr: 1.00e-03 - 144.5s
Epoch 39/300 - loss: 0.0148 - val_loss: 0.0038 - lr: 1.00e-03 - 145.0s
Epoch 40/300 - loss: 0.0145 - val_loss: 0.0058 - lr: 1.00e-03 - 148.0s
Epoch 41/300 - loss: 0.0119 - val_loss: 0.0047 - lr: 1.00e-03 - 147.3s
Epoch 42/300 - loss: 0.0184 - val_loss: 0.0040 - lr: 1.00e-03 - 143.0s
Epoch 43/300 - loss: 0.0143 - val_loss: 0.0016 - lr: 1.00e-03 - 142.9s
Epoch 44/300 - loss: 0.0145 - val_loss: 0.0005 - lr: 1.00e-03 - 141.7s
Epoch 45/300 - loss: 0.0135 - val_loss: 0.0014 - lr: 1.00e-03 - 145.5s
Epoch 46/300 - loss: 0.0114 - val_loss: 0.0004 - lr: 1.00e-03 - 151.5s
Epoch 47/300 - loss: 0.0111 - val_loss: 0.0010 - lr: 1.00e-03 - 151.0s
Epoch 48/300 - loss: 0.0165 - val_loss: 0.0024 - lr: 1.00e-03 - 150.5s
Epoch 49/300 - loss: 0.0124 - val_loss: 0.0006 - lr: 1.00e-03 - 147.7s
Epoch 50/300 - loss: 0.0140 - val_loss: 0.0006 - lr: 1.00e-03 - 146.2s
Epoch 51/300 - loss: 0.0112 - val_loss: 0.0005 - lr: 1.00e-03 - 145.4s
Epoch 52/300 - loss: 0.0119 - val_loss: 0.0006 - lr: 5.00e-04 - 146.2s
Epoch 53/300 - loss: 0.0048 - val_loss: 0.0001 - lr: 5.00e-04 - 143.1s
Epoch 54/300 - loss: 0.0028 - val_loss: 0.0002 - lr: 5.00e-04 - 137.5s
Epoch 55/300 - loss: 0.0030 - val_loss: 0.0004 - lr: 5.00e-04 - 147.2s
Epoch 56/300 - loss: 0.0033 - val_loss: 0.0011 - lr: 5.00e-04 - 143.9s
Epoch 57/300 - loss: 0.0034 - val_loss: 0.0001 - lr: 5.00e-04 - 143.6s
Epoch 58/300 - loss: 0.0027 - val_loss: 0.0002 - lr: 5.00e-04 - 144.6s
Epoch 59/300 - loss: 0.0036 - val_loss: 0.0003 - lr: 5.00e-04 - 144.7s
Epoch 60/300 - loss: 0.0031 - val_loss: 0.0002 - lr: 5.00e-04 - 142.7s
Epoch 61/300 - loss: 0.0023 - val_loss: 0.0005 - lr: 5.00e-04 - 146.3s
Epoch 62/300 - loss: 0.0033 - val_loss: 0.0002 - lr: 5.00e-04 - 144.9s
Epoch 63/300 - loss: 0.0026 - val_loss: 0.0008 - lr: 5.00e-04 - 134.4s
Epoch 64/300 - loss: 0.0033 - val_loss: 0.0002 - lr: 5.00e-04 - 140.1s
Epoch 65/300 - loss: 0.0035 - val_loss: 0.0006 - lr: 5.00e-04 - 136.5s
Epoch 66/300 - loss: 0.0043 - val_loss: 0.0002 - lr: 5.00e-04 - 142.2s
Epoch 67/300 - loss: 0.0043 - val_loss: 0.0005 - lr: 5.00e-04 - 139.2s
Epoch 68/300 - loss: 0.0030 - val_loss: 0.0009 - lr: 5.00e-04 - 143.9s
Epoch 69/300 - loss: 0.0039 - val_loss: 0.0002 - lr: 5.00e-04 - 140.9s
Epoch 70/300 - loss: 0.0028 - val_loss: 0.0005 - lr: 5.00e-04 - 140.5s
Epoch 71/300 - loss: 0.0036 - val_loss: 0.0002 - lr: 5.00e-04 - 136.2s
Epoch 72/300 - loss: 0.0034 - val_loss: 0.0002 - lr: 5.00e-04 - 133.9s
Epoch 73/300 - loss: 0.0039 - val_loss: 0.0002 - lr: 5.00e-04 - 136.1s
Epoch 74/300 - loss: 0.0037 - val_loss: 0.0003 - lr: 2.50e-04 - 145.6s
Epoch 75/300 - loss: 0.0009 - val_loss: 0.0001 - lr: 2.50e-04 - 129.0s
Epoch 76/300 - loss: 0.0010 - val_loss: 0.0001 - lr: 2.50e-04 - 137.1s
Epoch 77/300 - loss: 0.0010 - val_loss: 0.0001 - lr: 2.50e-04 - 149.1s
Epoch 78/300 - loss: 0.0010 - val_loss: 0.0001 - lr: 2.50e-04 - 152.1s
Epoch 79/300 - loss: 0.0008 - val_loss: 0.0001 - lr: 2.50e-04 - 141.0s
Epoch 80/300 - loss: 0.0012 - val_loss: 0.0001 - lr: 2.50e-04 - 145.4s
Epoch 81/300 - loss: 0.0010 - val_loss: 0.0001 - lr: 2.50e-04 - 140.6s
Epoch 82/300 - loss: 0.0013 - val_loss: 0.0001 - lr: 2.50e-04 - 140.8s
Epoch 83/300 - loss: 0.0009 - val_loss: 0.0001 - lr: 2.50e-04 - 145.7s
Epoch 84/300 - loss: 0.0009 - val_loss: 0.0001 - lr: 2.50e-04 - 137.3s
Epoch 85/300 - loss: 0.0009 - val_loss: 0.0001 - lr: 2.50e-04 - 139.9s
Epoch 86/300 - loss: 0.0011 - val_loss: 0.0001 - lr: 2.50e-04 - 136.2s
Epoch 87/300 - loss: 0.0011 - val_loss: 0.0004 - lr: 2.50e-04 - 129.6s
Epoch 88/300 - loss: 0.0012 - val_loss: 0.0001 - lr: 2.50e-04 - 145.1s
Epoch 89/300 - loss: 0.0010 - val_loss: 0.0001 - lr: 2.50e-04 - 137.2s
Epoch 90/300 - loss: 0.0011 - val_loss: 0.0001 - lr: 2.50e-04 - 131.1s
Epoch 91/300 - loss: 0.0009 - val_loss: 0.0001 - lr: 2.50e-04 - 138.8s
Epoch 92/300 - loss: 0.0008 - val_loss: 0.0001 - lr: 2.50e-04 - 141.6s
Epoch 93/300 - loss: 0.0008 - val_loss: 0.0001 - lr: 2.50e-04 - 139.8s
Epoch 94/300 - loss: 0.0011 - val_loss: 0.0001 - lr: 2.50e-04 - 134.7s
Epoch 95/300 - loss: 0.0010 - val_loss: 0.0001 - lr: 2.50e-04 - 142.1s
Epoch 96/300 - loss: 0.0011 - val_loss: 0.0001 - lr: 2.50e-04 - 144.2s
Epoch 97/300 - loss: 0.0009 - val_loss: 0.0001 - lr: 2.50e-04 - 142.1s
Epoch 98/300 - loss: 0.0009 - val_loss: 0.0001 - lr: 2.50e-04 - 140.0s
Epoch 99/300 - loss: 0.0011 - val_loss: 0.0003 - lr: 2.50e-04 - 140.9s
Epoch 100/300 - loss: 0.0010 - val_loss: 0.0001 - lr: 2.50e-04 - 141.2s
Epoch 101/300 - loss: 0.0010 - val_loss: 0.0001 - lr: 2.50e-04 - 135.8s
Epoch 102/300 - loss: 0.0008 - val_loss: 0.0001 - lr: 2.50e-04 - 135.2s
Epoch 103/300 - loss: 0.0010 - val_loss: 0.0001 - lr: 2.50e-04 - 135.6s
Epoch 104/300 - loss: 0.0010 - val_loss: 0.0001 - lr: 2.50e-04 - 141.2s
Epoch 105/300 - loss: 0.0013 - val_loss: 0.0003 - lr: 2.50e-04 - 144.2s
Epoch 106/300 - loss: 0.0009 - val_loss: 0.0001 - lr: 2.50e-04 - 139.5s
Epoch 107/300 - loss: 0.0009 - val_loss: 0.0001 - lr: 2.50e-04 - 140.2s
Epoch 108/300 - loss: 0.0010 - val_loss: 0.0001 - lr: 2.50e-04 - 137.8s
Epoch 109/300 - loss: 0.0009 - val_loss: 0.0001 - lr: 2.50e-04 - 142.8s
Epoch 110/300 - loss: 0.0009 - val_loss: 0.0002 - lr: 2.50e-04 - 139.3s
Epoch 111/300 - loss: 0.0009 - val_loss: 0.0001 - lr: 2.50e-04 - 142.8s
Epoch 112/300 - loss: 0.0008 - val_loss: 0.0001 - lr: 2.50e-04 - 141.0s
Epoch 113/300 - loss: 0.0012 - val_loss: 0.0001 - lr: 2.50e-04 - 135.3s
Epoch 114/300 - loss: 0.0007 - val_loss: 0.0001 - lr: 2.50e-04 - 142.5s
Epoch 115/300 - loss: 0.0009 - val_loss: 0.0001 - lr: 2.50e-04 - 141.8s
Epoch 116/300 - loss: 0.0009 - val_loss: 0.0001 - lr: 2.50e-04 - 143.5s
Epoch 117/300 - loss: 0.0011 - val_loss: 0.0001 - lr: 2.50e-04 - 141.9s
Epoch 118/300 - loss: 0.0013 - val_loss: 0.0001 - lr: 2.50e-04 - 142.7s
Epoch 119/300 - loss: 0.0009 - val_loss: 0.0001 - lr: 2.50e-04 - 141.8s
Epoch 120/300 - loss: 0.0009 - val_loss: 0.0002 - lr: 2.50e-04 - 142.2s
Epoch 121/300 - loss: 0.0009 - val_loss: 0.0001 - lr: 2.50e-04 - 139.2s
Epoch 122/300 - loss: 0.0009 - val_loss: 0.0002 - lr: 2.50e-04 - 137.9s
Epoch 123/300 - loss: 0.0008 - val_loss: 0.0001 - lr: 2.50e-04 - 143.4s
Epoch 124/300 - loss: 0.0009 - val_loss: 0.0002 - lr: 2.50e-04 - 152.1s
Epoch 125/300 - loss: 0.0009 - val_loss: 0.0001 - lr: 2.50e-04 - 154.9s
Epoch 126/300 - loss: 0.0009 - val_loss: 0.0001 - lr: 2.50e-04 - 149.8s
Epoch 127/300 - loss: 0.0009 - val_loss: 0.0001 - lr: 2.50e-04 - 154.0s
Epoch 128/300 - loss: 0.0010 - val_loss: 0.0001 - lr: 1.25e-04 - 153.4s
Epoch 129/300 - loss: 0.0004 - val_loss: 0.0001 - lr: 1.25e-04 - 157.5s
Epoch 130/300 - loss: 0.0003 - val_loss: 0.0001 - lr: 1.25e-04 - 151.0s
Epoch 131/300 - loss: 0.0002 - val_loss: 0.0001 - lr: 1.25e-04 - 155.5s
Epoch 132/300 - loss: 0.0003 - val_loss: 0.0001 - lr: 1.25e-04 - 155.5s
Epoch 133/300 - loss: 0.0003 - val_loss: 0.0001 - lr: 1.25e-04 - 148.6s
Epoch 134/300 - loss: 0.0003 - val_loss: 0.0001 - lr: 1.25e-04 - 156.0s
Epoch 135/300 - loss: 0.0005 - val_loss: 0.0001 - lr: 1.25e-04 - 149.9s
Epoch 136/300 - loss: 0.0003 - val_loss: 0.0001 - lr: 1.25e-04 - 129.9s
Epoch 137/300 - loss: 0.0005 - val_loss: 0.0001 - lr: 1.25e-04 - 119.8s
Epoch 138/300 - loss: 0.0003 - val_loss: 0.0001 - lr: 1.25e-04 - 133.1s
Epoch 139/300 - loss: 0.0004 - val_loss: 0.0001 - lr: 1.25e-04 - 145.6s
Epoch 140/300 - loss: 0.0005 - val_loss: 0.0001 - lr: 1.25e-04 - 151.2s
Epoch 141/300 - loss: 0.0004 - val_loss: 0.0001 - lr: 1.25e-04 - 149.3s
Epoch 142/300 - loss: 0.0002 - val_loss: 0.0001 - lr: 1.25e-04 - 106.5s
Epoch 143/300 - loss: 0.0003 - val_loss: 0.0001 - lr: 1.25e-04 - 115.7s
Epoch 144/300 - loss: 0.0004 - val_loss: 0.0001 - lr: 1.25e-04 - 107.4s
Epoch 145/300 - loss: 0.0004 - val_loss: 0.0001 - lr: 1.25e-04 - 101.1s
Epoch 146/300 - loss: 0.0004 - val_loss: 0.0001 - lr: 1.25e-04 - 102.4s
Epoch 147/300 - loss: 0.0004 - val_loss: 0.0001 - lr: 1.25e-04 - 127.1s
Epoch 148/300 - loss: 0.0004 - val_loss: 0.0001 - lr: 1.25e-04 - 150.6s
Epoch 149/300 - loss: 0.0004 - val_loss: 0.0001 - lr: 1.25e-04 - 148.1s
Epoch 150/300 - loss: 0.0003 - val_loss: 0.0001 - lr: 1.25e-04 - 147.2s
Epoch 151/300 - loss: 0.0003 - val_loss: 0.0001 - lr: 1.25e-04 - 148.4s
Epoch 152/300 - loss: 0.0004 - val_loss: 0.0001 - lr: 1.25e-04 - 150.4s
Epoch 153/300 - loss: 0.0003 - val_loss: 0.0001 - lr: 1.25e-04 - 147.1s
Epoch 154/300 - loss: 0.0004 - val_loss: 0.0001 - lr: 1.25e-04 - 148.6s
Epoch 155/300 - loss: 0.0004 - val_loss: 0.0001 - lr: 1.25e-04 - 152.7s
Epoch 156/300 - loss: 0.0004 - val_loss: 0.0001 - lr: 1.25e-04 - 145.4s
Epoch 157/300 - loss: 0.0004 - val_loss: 0.0001 - lr: 1.25e-04 - 143.2s
Epoch 158/300 - loss: 0.0003 - val_loss: 0.0001 - lr: 1.25e-04 - 145.9s
Epoch 159/300 - loss: 0.0004 - val_loss: 0.0001 - lr: 1.25e-04 - 141.6s
Epoch 160/300 - loss: 0.0004 - val_loss: 0.0001 - lr: 1.25e-04 - 146.4s
Epoch 161/300 - loss: 0.0003 - val_loss: 0.0001 - lr: 1.25e-04 - 149.0s
Epoch 162/300 - loss: 0.0003 - val_loss: 0.0001 - lr: 1.25e-04 - 148.7s
Epoch 163/300 - loss: 0.0003 - val_loss: 0.0001 - lr: 1.25e-04 - 151.9s
Epoch 164/300 - loss: 0.0003 - val_loss: 0.0001 - lr: 1.25e-04 - 148.1s
Epoch 165/300 - loss: 0.0003 - val_loss: 0.0001 - lr: 1.25e-04 - 148.5s
Epoch 166/300 - loss: 0.0003 - val_loss: 0.0001 - lr: 1.25e-04 - 149.8s
Epoch 167/300 - loss: 0.0003 - val_loss: 0.0001 - lr: 1.25e-04 - 152.7s
Epoch 168/300 - loss: 0.0003 - val_loss: 0.0001 - lr: 1.25e-04 - 141.1s
Epoch 169/300 - loss: 0.0003 - val_loss: 0.0001 - lr: 1.25e-04 - 150.5s
Epoch 170/300 - loss: 0.0003 - val_loss: 0.0001 - lr: 1.25e-04 - 108.5s
Epoch 171/300 - loss: 0.0004 - val_loss: 0.0001 - lr: 1.25e-04 - 137.2s
Epoch 172/300 - loss: 0.0004 - val_loss: 0.0001 - lr: 1.25e-04 - 144.9s
Epoch 173/300 - loss: 0.0004 - val_loss: 0.0001 - lr: 1.25e-04 - 141.8s
Epoch 174/300 - loss: 0.0003 - val_loss: 0.0001 - lr: 6.25e-05 - 145.6s
Epoch 175/300 - loss: 0.0001 - val_loss: 0.0001 - lr: 6.25e-05 - 146.5s
Epoch 176/300 - loss: 0.0001 - val_loss: 0.0001 - lr: 6.25e-05 - 145.0s
Epoch 177/300 - loss: 0.0002 - val_loss: 0.0001 - lr: 6.25e-05 - 146.9s
Epoch 178/300 - loss: 0.0001 - val_loss: 0.0001 - lr: 6.25e-05 - 148.8s
Epoch 179/300 - loss: 0.0002 - val_loss: 0.0001 - lr: 6.25e-05 - 139.7s
Epoch 180/300 - loss: 0.0002 - val_loss: 0.0001 - lr: 6.25e-05 - 140.9s
Epoch 181/300 - loss: 0.0002 - val_loss: 0.0001 - lr: 6.25e-05 - 138.7s
Epoch 182/300 - loss: 0.0002 - val_loss: 0.0001 - lr: 6.25e-05 - 135.5s
Epoch 183/300 - loss: 0.0001 - val_loss: 0.0001 - lr: 6.25e-05 - 145.0s
Epoch 184/300 - loss: 0.0002 - val_loss: 0.0001 - lr: 6.25e-05 - 146.2s
Epoch 185/300 - loss: 0.0002 - val_loss: 0.0001 - lr: 6.25e-05 - 142.9s
Epoch 186/300 - loss: 0.0002 - val_loss: 0.0001 - lr: 6.25e-05 - 140.4s
Epoch 187/300 - loss: 0.0001 - val_loss: 0.0001 - lr: 6.25e-05 - 142.4s
Epoch 188/300 - loss: 0.0002 - val_loss: 0.0001 - lr: 6.25e-05 - 139.2s
Epoch 189/300 - loss: 0.0001 - val_loss: 0.0001 - lr: 6.25e-05 - 137.5s
Epoch 190/300 - loss: 0.0002 - val_loss: 0.0001 - lr: 6.25e-05 - 137.9s
Epoch 191/300 - loss: 0.0002 - val_loss: 0.0001 - lr: 6.25e-05 - 145.5s
Epoch 192/300 - loss: 0.0002 - val_loss: 0.0001 - lr: 6.25e-05 - 134.2s
Epoch 193/300 - loss: 0.0001 - val_loss: 0.0001 - lr: 6.25e-05 - 138.9s
Epoch 194/300 - loss: 0.0001 - val_loss: 0.0001 - lr: 6.25e-05 - 144.5s
Epoch 195/300 - loss: 0.0002 - val_loss: 0.0001 - lr: 6.25e-05 - 138.8s
Epoch 196/300 - loss: 0.0002 - val_loss: 0.0001 - lr: 6.25e-05 - 142.2s
Epoch 197/300 - loss: 0.0001 - val_loss: 0.0001 - lr: 6.25e-05 - 137.8s
Epoch 198/300 - loss: 0.0002 - val_loss: 0.0001 - lr: 6.25e-05 - 136.8s
Epoch 199/300 - loss: 0.0002 - val_loss: 0.0001 - lr: 6.25e-05 - 143.2s
Epoch 200/300 - loss: 0.0001 - val_loss: 0.0001 - lr: 6.25e-05 - 144.9s
Epoch 201/300 - loss: 0.0001 - val_loss: 0.0001 - lr: 6.25e-05 - 142.4s
Epoch 202/300 - loss: 0.0002 - val_loss: 0.0001 - lr: 6.25e-05 - 143.4s
Epoch 203/300 - loss: 0.0002 - val_loss: 0.0001 - lr: 6.25e-05 - 144.1s
Epoch 204/300 - loss: 0.0002 - val_loss: 0.0001 - lr: 6.25e-05 - 140.2s
Epoch 205/300 - loss: 0.0002 - val_loss: 0.0001 - lr: 6.25e-05 - 138.0s
Epoch 206/300 - loss: 0.0002 - val_loss: 0.0001 - lr: 6.25e-05 - 144.8s
Epoch 207/300 - loss: 0.0001 - val_loss: 0.0001 - lr: 6.25e-05 - 137.8s
Epoch 208/300 - loss: 0.0002 - val_loss: 0.0001 - lr: 6.25e-05 - 145.1s
Epoch 209/300 - loss: 0.0001 - val_loss: 0.0001 - lr: 6.25e-05 - 138.0s
Epoch 210/300 - loss: 0.0002 - val_loss: 0.0001 - lr: 6.25e-05 - 136.9s
Epoch 211/300 - loss: 0.0002 - val_loss: 0.0001 - lr: 6.25e-05 - 137.7s
Epoch 212/300 - loss: 0.0002 - val_loss: 0.0001 - lr: 6.25e-05 - 139.7s
Epoch 213/300 - loss: 0.0001 - val_loss: 0.0001 - lr: 6.25e-05 - 139.5s
Epoch 214/300 - loss: 0.0002 - val_loss: 0.0001 - lr: 6.25e-05 - 136.6s
Epoch 215/300 - loss: 0.0002 - val_loss: 0.0001 - lr: 6.25e-05 - 142.5s
Epoch 216/300 - loss: 0.0001 - val_loss: 0.0001 - lr: 6.25e-05 - 132.3s
Epoch 217/300 - loss: 0.0001 - val_loss: 0.0001 - lr: 6.25e-05 - 136.5s
Epoch 218/300 - loss: 0.0001 - val_loss: 0.0001 - lr: 6.25e-05 - 137.3s
Epoch 219/300 - loss: 0.0001 - val_loss: 0.0001 - lr: 6.25e-05 - 139.7s
Epoch 220/300 - loss: 0.0002 - val_loss: 0.0001 - lr: 6.25e-05 - 142.4s
Epoch 221/300 - loss: 0.0002 - val_loss: 0.0001 - lr: 6.25e-05 - 143.1s
Epoch 222/300 - loss: 0.0001 - val_loss: 0.0001 - lr: 6.25e-05 - 142.3s
Epoch 223/300 - loss: 0.0001 - val_loss: 0.0001 - lr: 6.25e-05 - 143.4s
Epoch 224/300 - loss: 0.0002 - val_loss: 0.0001 - lr: 6.25e-05 - 142.5s
Epoch 225/300 - loss: 0.0001 - val_loss: 0.0001 - lr: 6.25e-05 - 141.8s
Epoch 226/300 - loss: 0.0002 - val_loss: 0.0001 - lr: 6.25e-05 - 145.3s
Epoch 227/300 - loss: 0.0002 - val_loss: 0.0001 - lr: 6.25e-05 - 135.4s
Epoch 228/300 - loss: 0.0002 - val_loss: 0.0001 - lr: 6.25e-05 - 140.5s
Epoch 229/300 - loss: 0.0001 - val_loss: 0.0001 - lr: 6.25e-05 - 140.4s
Epoch 230/300 - loss: 0.0001 - val_loss: 0.0001 - lr: 6.25e-05 - 141.9s
Epoch 231/300 - loss: 0.0001 - val_loss: 0.0001 - lr: 6.25e-05 - 139.4s
Epoch 232/300 - loss: 0.0001 - val_loss: 0.0001 - lr: 6.25e-05 - 136.4s
Epoch 233/300 - loss: 0.0002 - val_loss: 0.0001 - lr: 6.25e-05 - 139.7s
Epoch 234/300 - loss: 0.0002 - val_loss: 0.0001 - lr: 6.25e-05 - 142.2s
Epoch 235/300 - loss: 0.0001 - val_loss: 0.0001 - lr: 6.25e-05 - 138.4s
Epoch 236/300 - loss: 0.0002 - val_loss: 0.0001 - lr: 6.25e-05 - 136.7s
Epoch 237/300 - loss: 0.0001 - val_loss: 0.0001 - lr: 6.25e-05 - 133.8s
Epoch 238/300 - loss: 0.0002 - val_loss: 0.0001 - lr: 3.13e-05 - 138.1s
Epoch 239/300 - loss: 0.0001 - val_loss: 0.0001 - lr: 3.13e-05 - 136.4s
Epoch 240/300 - loss: 0.0001 - val_loss: 0.0001 - lr: 3.13e-05 - 138.2s
Epoch 241/300 - loss: 0.0001 - val_loss: 0.0001 - lr: 3.13e-05 - 136.5s
Epoch 242/300 - loss: 0.0001 - val_loss: 0.0001 - lr: 3.13e-05 - 133.1s
Epoch 243/300 - loss: 0.0001 - val_loss: 0.0001 - lr: 3.13e-05 - 136.6s
Epoch 244/300 - loss: 0.0001 - val_loss: 0.0001 - lr: 3.13e-05 - 138.7s
Epoch 245/300 - loss: 0.0001 - val_loss: 0.0001 - lr: 3.13e-05 - 138.4s
Epoch 246/300 - loss: 0.0001 - val_loss: 0.0001 - lr: 3.13e-05 - 136.5s
Epoch 247/300 - loss: 0.0001 - val_loss: 0.0001 - lr: 3.13e-05 - 140.3s
Epoch 248/300 - loss: 0.0001 - val_loss: 0.0001 - lr: 3.13e-05 - 142.4s
Epoch 249/300 - loss: 0.0001 - val_loss: 0.0001 - lr: 3.13e-05 - 149.2s
Epoch 250/300 - loss: 0.0001 - val_loss: 0.0001 - lr: 3.13e-05 - 151.6s
Epoch 251/300 - loss: 0.0001 - val_loss: 0.0001 - lr: 3.13e-05 - 149.6s
Epoch 252/300 - loss: 0.0001 - val_loss: 0.0001 - lr: 3.13e-05 - 152.0s
Epoch 253/300 - loss: 0.0001 - val_loss: 0.0001 - lr: 3.13e-05 - 150.6s
Epoch 254/300 - loss: 0.0001 - val_loss: 0.0001 - lr: 3.13e-05 - 148.6s
Epoch 255/300 - loss: 0.0001 - val_loss: 0.0001 - lr: 3.13e-05 - 151.5s
Epoch 256/300 - loss: 0.0001 - val_loss: 0.0001 - lr: 3.13e-05 - 150.9s
Epoch 257/300 - loss: 0.0001 - val_loss: 0.0001 - lr: 3.13e-05 - 151.2s
Epoch 258/300 - loss: 0.0001 - val_loss: 0.0001 - lr: 3.13e-05 - 147.6s
Epoch 259/300 - loss: 0.0001 - val_loss: 0.0001 - lr: 3.13e-05 - 151.6s
Epoch 260/300 - loss: 0.0001 - val_loss: 0.0001 - lr: 3.13e-05 - 150.1s
Epoch 261/300 - loss: 0.0001 - val_loss: 0.0001 - lr: 3.13e-05 - 147.8s
Epoch 262/300 - loss: 0.0001 - val_loss: 0.0001 - lr: 1.56e-05 - 148.9s
Epoch 263/300 - loss: 0.0001 - val_loss: 0.0001 - lr: 1.56e-05 - 148.0s
Epoch 264/300 - loss: 0.0001 - val_loss: 0.0001 - lr: 1.56e-05 - 148.4s
Epoch 265/300 - loss: 0.0001 - val_loss: 0.0001 - lr: 1.56e-05 - 146.5s
Epoch 266/300 - loss: 0.0001 - val_loss: 0.0001 - lr: 1.56e-05 - 146.8s
Epoch 267/300 - loss: 0.0001 - val_loss: 0.0001 - lr: 1.56e-05 - 147.7s
Epoch 268/300 - loss: 0.0001 - val_loss: 0.0001 - lr: 1.56e-05 - 147.7s
Epoch 269/300 - loss: 0.0001 - val_loss: 0.0001 - lr: 1.56e-05 - 150.3s
Epoch 270/300 - loss: 0.0001 - val_loss: 0.0001 - lr: 1.56e-05 - 152.2s
Epoch 271/300 - loss: 0.0001 - val_loss: 0.0001 - lr: 1.56e-05 - 148.6s
Epoch 272/300 - loss: 0.0001 - val_loss: 0.0001 - lr: 1.56e-05 - 147.1s
Epoch 273/300 - loss: 0.0001 - val_loss: 0.0001 - lr: 1.56e-05 - 148.7s
Epoch 274/300 - loss: 0.0001 - val_loss: 0.0001 - lr: 1.56e-05 - 148.1s
Epoch 275/300 - loss: 0.0001 - val_loss: 0.0001 - lr: 1.56e-05 - 149.2s
Epoch 276/300 - loss: 0.0001 - val_loss: 0.0001 - lr: 1.56e-05 - 148.1s
Epoch 277/300 - loss: 0.0001 - val_loss: 0.0001 - lr: 1.56e-05 - 146.3s
Epoch 278/300 - loss: 0.0001 - val_loss: 0.0001 - lr: 1.56e-05 - 147.6s
Epoch 279/300 - loss: 0.0001 - val_loss: 0.0001 - lr: 1.56e-05 - 146.9s
Epoch 280/300 - loss: 0.0001 - val_loss: 0.0001 - lr: 1.56e-05 - 145.7s
Epoch 281/300 - loss: 0.0001 - val_loss: 0.0001 - lr: 1.56e-05 - 151.8s
Epoch 282/300 - loss: 0.0001 - val_loss: 0.0001 - lr: 1.56e-05 - 149.1s
Epoch 283/300 - loss: 0.0001 - val_loss: 0.0001 - lr: 1.56e-05 - 148.2s
Epoch 284/300 - loss: 0.0001 - val_loss: 0.0001 - lr: 1.56e-05 - 149.6s
Epoch 285/300 - loss: 0.0001 - val_loss: 0.0001 - lr: 1.56e-05 - 146.6s
Epoch 286/300 - loss: 0.0001 - val_loss: 0.0001 - lr: 1.56e-05 - 145.6s
Epoch 287/300 - loss: 0.0001 - val_loss: 0.0001 - lr: 1.56e-05 - 148.5s
Epoch 288/300 - loss: 0.0001 - val_loss: 0.0001 - lr: 1.56e-05 - 148.5s
Epoch 289/300 - loss: 0.0001 - val_loss: 0.0001 - lr: 1.56e-05 - 149.5s
Epoch 290/300 - loss: 0.0001 - val_loss: 0.0001 - lr: 1.56e-05 - 149.2s
Epoch 291/300 - loss: 0.0001 - val_loss: 0.0001 - lr: 1.56e-05 - 147.3s
Epoch 292/300 - loss: 0.0001 - val_loss: 0.0001 - lr: 1.56e-05 - 146.9s
Epoch 293/300 - loss: 0.0001 - val_loss: 0.0001 - lr: 1.56e-05 - 145.8s
Epoch 294/300 - loss: 0.0001 - val_loss: 0.0001 - lr: 7.81e-06 - 148.2s
Epoch 295/300 - loss: 0.0001 - val_loss: 0.0001 - lr: 7.81e-06 - 148.2s
Epoch 296/300 - loss: 0.0001 - val_loss: 0.0001 - lr: 7.81e-06 - 151.8s
Epoch 297/300 - loss: 0.0001 - val_loss: 0.0001 - lr: 7.81e-06 - 149.0s
Epoch 298/300 - loss: 0.0001 - val_loss: 0.0001 - lr: 7.81e-06 - 149.3s
Epoch 299/300 - loss: 0.0001 - val_loss: 0.0001 - lr: 7.81e-06 - 150.7s
Epoch 300/300 - loss: 0.0001 - val_loss: 0.0001 - lr: 7.81e-06 - 147.5s
Training complete in 710.4m (42623s)
Best val_loss: 0.0001 — loading best weights for export
Model saved to models/run_25_256u\weights.json
Loss history saved to models/run_25_256u\loss_history.csv
