Loading training data...
  distortionGigaTestAudio.wav: 4800 train, 1199 val windows
  distortionGigaTestAudio-10dB.wav: 4800 train, 1199 val windows
Total: 9600 train, 2398 val windows  sr=48000
Using device: cuda
Epoch 1/300 - loss: 0.4854 - val_loss: 0.3390 - lr: 1.00e-03 - 8.7s
Epoch 2/300 - loss: 0.2582 - val_loss: 0.1961 - lr: 1.00e-03 - 8.3s
Epoch 3/300 - loss: 0.1495 - val_loss: 0.1077 - lr: 1.00e-03 - 8.3s
Epoch 4/300 - loss: 0.0985 - val_loss: 0.0923 - lr: 1.00e-03 - 8.3s
Epoch 5/300 - loss: 0.0816 - val_loss: 0.0772 - lr: 1.00e-03 - 8.3s
Epoch 6/300 - loss: 0.0704 - val_loss: 0.0645 - lr: 1.00e-03 - 8.2s
Epoch 7/300 - loss: 0.0627 - val_loss: 0.0611 - lr: 1.00e-03 - 8.2s
Epoch 8/300 - loss: 0.0558 - val_loss: 0.0531 - lr: 1.00e-03 - 8.2s
Epoch 9/300 - loss: 0.0531 - val_loss: 0.0502 - lr: 1.00e-03 - 8.2s
Epoch 10/300 - loss: 0.0503 - val_loss: 0.0485 - lr: 1.00e-03 - 8.2s
Epoch 11/300 - loss: 0.0499 - val_loss: 0.0483 - lr: 1.00e-03 - 8.3s
Epoch 12/300 - loss: 0.0487 - val_loss: 0.0483 - lr: 1.00e-03 - 8.2s
Epoch 13/300 - loss: 0.0458 - val_loss: 0.0450 - lr: 1.00e-03 - 8.0s
Epoch 14/300 - loss: 0.0449 - val_loss: 0.0472 - lr: 1.00e-03 - 8.0s
Epoch 15/300 - loss: 0.0433 - val_loss: 0.0437 - lr: 1.00e-03 - 8.0s
Epoch 16/300 - loss: 0.0429 - val_loss: 0.0441 - lr: 1.00e-03 - 7.9s
Epoch 17/300 - loss: 0.0427 - val_loss: 0.0477 - lr: 1.00e-03 - 7.9s
Epoch 18/300 - loss: 0.0418 - val_loss: 0.0446 - lr: 1.00e-03 - 7.9s
Epoch 19/300 - loss: 0.0421 - val_loss: 0.0416 - lr: 1.00e-03 - 7.9s
Epoch 20/300 - loss: 0.0406 - val_loss: 0.0414 - lr: 1.00e-03 - 7.9s
Epoch 21/300 - loss: 0.0403 - val_loss: 0.0417 - lr: 1.00e-03 - 8.1s
Epoch 22/300 - loss: 0.0404 - val_loss: 0.0393 - lr: 1.00e-03 - 8.1s
Epoch 23/300 - loss: 0.0410 - val_loss: 0.0401 - lr: 1.00e-03 - 8.2s
Epoch 24/300 - loss: 0.0406 - val_loss: 0.0411 - lr: 1.00e-03 - 8.3s
Epoch 25/300 - loss: 0.0398 - val_loss: 0.0396 - lr: 1.00e-03 - 8.5s
Epoch 26/300 - loss: 0.0401 - val_loss: 0.0414 - lr: 1.00e-03 - 8.3s
Epoch 27/300 - loss: 0.0394 - val_loss: 0.0391 - lr: 1.00e-03 - 8.3s
Epoch 28/300 - loss: 0.0397 - val_loss: 0.0398 - lr: 1.00e-03 - 8.3s
Epoch 29/300 - loss: 0.0386 - val_loss: 0.0381 - lr: 1.00e-03 - 8.3s
Epoch 30/300 - loss: 0.0385 - val_loss: 0.0381 - lr: 1.00e-03 - 8.2s
Epoch 31/300 - loss: 0.0381 - val_loss: 0.0402 - lr: 1.00e-03 - 8.3s
Epoch 32/300 - loss: 0.0381 - val_loss: 0.0390 - lr: 1.00e-03 - 8.2s
Epoch 33/300 - loss: 0.0390 - val_loss: 0.0421 - lr: 1.00e-03 - 8.3s
Epoch 34/300 - loss: 0.0376 - val_loss: 0.0378 - lr: 1.00e-03 - 8.3s
Epoch 35/300 - loss: 0.0376 - val_loss: 0.0381 - lr: 1.00e-03 - 8.2s
Epoch 36/300 - loss: 0.0431 - val_loss: 0.0383 - lr: 1.00e-03 - 8.3s
Epoch 37/300 - loss: 0.0375 - val_loss: 0.0427 - lr: 1.00e-03 - 8.3s
Epoch 38/300 - loss: 0.0383 - val_loss: 0.0372 - lr: 1.00e-03 - 8.3s
Epoch 39/300 - loss: 0.0368 - val_loss: 0.0364 - lr: 1.00e-03 - 8.3s
Epoch 40/300 - loss: 0.0393 - val_loss: 0.0434 - lr: 1.00e-03 - 8.3s
Epoch 41/300 - loss: 0.0399 - val_loss: 0.0389 - lr: 1.00e-03 - 8.3s
Epoch 42/300 - loss: 0.0377 - val_loss: 0.0376 - lr: 1.00e-03 - 8.3s
Epoch 43/300 - loss: 0.0367 - val_loss: 0.0365 - lr: 1.00e-03 - 8.3s
Epoch 44/300 - loss: 0.0405 - val_loss: 0.0430 - lr: 1.00e-03 - 8.3s
Epoch 45/300 - loss: 0.0400 - val_loss: 0.0391 - lr: 1.00e-03 - 8.3s
Epoch 46/300 - loss: 0.0398 - val_loss: 0.0389 - lr: 1.00e-03 - 8.3s
Epoch 47/300 - loss: 0.0393 - val_loss: 0.0394 - lr: 1.00e-03 - 8.3s
Epoch 48/300 - loss: 0.0383 - val_loss: 0.0382 - lr: 1.00e-03 - 8.3s
Epoch 49/300 - loss: 0.0363 - val_loss: 0.0380 - lr: 1.00e-03 - 8.3s
Epoch 50/300 - loss: 0.0369 - val_loss: 0.0371 - lr: 1.00e-03 - 8.3s
Epoch 51/300 - loss: 0.0365 - val_loss: 0.0365 - lr: 1.00e-03 - 8.3s
Epoch 52/300 - loss: 0.0362 - val_loss: 0.0363 - lr: 1.00e-03 - 8.3s
Epoch 53/300 - loss: 0.0366 - val_loss: 0.0373 - lr: 1.00e-03 - 8.3s
Epoch 54/300 - loss: 0.0367 - val_loss: 0.0380 - lr: 1.00e-03 - 8.3s
Epoch 55/300 - loss: 0.0356 - val_loss: 0.0365 - lr: 1.00e-03 - 8.3s
Epoch 56/300 - loss: 0.0380 - val_loss: 0.0364 - lr: 1.00e-03 - 8.3s
Epoch 57/300 - loss: 0.0357 - val_loss: 0.0367 - lr: 1.00e-03 - 8.4s
Epoch 58/300 - loss: 0.0371 - val_loss: 0.0388 - lr: 1.00e-03 - 8.3s
Epoch 59/300 - loss: 0.0357 - val_loss: 0.0361 - lr: 1.00e-03 - 8.3s
Epoch 60/300 - loss: 0.0351 - val_loss: 0.0346 - lr: 1.00e-03 - 8.3s
Epoch 61/300 - loss: 0.0340 - val_loss: 0.0339 - lr: 1.00e-03 - 8.3s
Epoch 62/300 - loss: 0.0354 - val_loss: 0.0354 - lr: 1.00e-03 - 8.3s
Epoch 63/300 - loss: 0.0349 - val_loss: 0.0375 - lr: 1.00e-03 - 8.3s
Epoch 64/300 - loss: 0.0356 - val_loss: 0.0348 - lr: 1.00e-03 - 8.3s
Epoch 65/300 - loss: 0.0336 - val_loss: 0.0335 - lr: 1.00e-03 - 8.3s
Epoch 66/300 - loss: 0.0355 - val_loss: 0.0390 - lr: 1.00e-03 - 8.3s
Epoch 67/300 - loss: 0.0344 - val_loss: 0.0340 - lr: 1.00e-03 - 8.3s
Epoch 68/300 - loss: 0.0354 - val_loss: 0.0379 - lr: 1.00e-03 - 8.3s
Epoch 69/300 - loss: 0.0355 - val_loss: 0.0356 - lr: 1.00e-03 - 8.3s
Epoch 70/300 - loss: 0.0365 - val_loss: 0.0365 - lr: 1.00e-03 - 8.3s
Epoch 71/300 - loss: 0.0346 - val_loss: 0.0363 - lr: 1.00e-03 - 8.3s
Epoch 72/300 - loss: 0.0356 - val_loss: 0.0357 - lr: 1.00e-03 - 8.3s
Epoch 73/300 - loss: 0.0358 - val_loss: 0.0346 - lr: 1.00e-03 - 8.3s
Epoch 74/300 - loss: 0.0345 - val_loss: 0.0345 - lr: 1.00e-03 - 8.3s
Epoch 75/300 - loss: 0.0339 - val_loss: 0.0354 - lr: 1.00e-03 - 8.4s
Epoch 76/300 - loss: 0.0358 - val_loss: 0.0367 - lr: 1.00e-03 - 8.3s
Epoch 77/300 - loss: 0.0353 - val_loss: 0.0355 - lr: 1.00e-03 - 8.2s
Epoch 78/300 - loss: 0.0353 - val_loss: 0.0381 - lr: 1.00e-03 - 8.2s
Epoch 79/300 - loss: 0.0346 - val_loss: 0.0342 - lr: 1.00e-03 - 8.1s
Epoch 80/300 - loss: 0.0352 - val_loss: 0.0359 - lr: 1.00e-03 - 8.0s
Epoch 81/300 - loss: 0.0378 - val_loss: 0.0356 - lr: 1.00e-03 - 8.0s
Epoch 82/300 - loss: 0.0349 - val_loss: 0.0354 - lr: 1.00e-03 - 8.0s
Epoch 83/300 - loss: 0.0354 - val_loss: 0.0357 - lr: 1.00e-03 - 8.0s
Epoch 84/300 - loss: 0.0343 - val_loss: 0.0341 - lr: 1.00e-03 - 8.0s
Epoch 85/300 - loss: 0.0344 - val_loss: 0.0339 - lr: 1.00e-03 - 8.1s
Epoch 86/300 - loss: 0.0333 - val_loss: 0.0360 - lr: 5.00e-04 - 8.0s
Epoch 87/300 - loss: 0.0338 - val_loss: 0.0341 - lr: 5.00e-04 - 8.0s
Epoch 88/300 - loss: 0.0336 - val_loss: 0.0336 - lr: 5.00e-04 - 8.0s
Epoch 89/300 - loss: 0.0335 - val_loss: 0.0329 - lr: 5.00e-04 - 8.0s
Epoch 90/300 - loss: 0.0334 - val_loss: 0.0342 - lr: 5.00e-04 - 8.0s
Epoch 91/300 - loss: 0.0329 - val_loss: 0.0330 - lr: 5.00e-04 - 8.0s
Epoch 92/300 - loss: 0.0336 - val_loss: 0.0333 - lr: 5.00e-04 - 8.1s
Epoch 93/300 - loss: 0.0339 - val_loss: 0.0339 - lr: 5.00e-04 - 8.1s
Epoch 94/300 - loss: 0.0339 - val_loss: 0.0337 - lr: 5.00e-04 - 8.0s
Epoch 95/300 - loss: 0.0324 - val_loss: 0.0327 - lr: 5.00e-04 - 8.0s
Epoch 96/300 - loss: 0.0329 - val_loss: 0.0332 - lr: 5.00e-04 - 8.0s
Epoch 97/300 - loss: 0.0325 - val_loss: 0.0335 - lr: 5.00e-04 - 8.0s
Epoch 98/300 - loss: 0.0324 - val_loss: 0.0328 - lr: 5.00e-04 - 8.0s
Epoch 99/300 - loss: 0.0328 - val_loss: 0.0332 - lr: 5.00e-04 - 8.0s
Epoch 100/300 - loss: 0.0321 - val_loss: 0.0342 - lr: 5.00e-04 - 8.1s
Epoch 101/300 - loss: 0.0328 - val_loss: 0.0325 - lr: 5.00e-04 - 8.1s
Epoch 102/300 - loss: 0.0335 - val_loss: 0.0404 - lr: 5.00e-04 - 8.0s
Epoch 103/300 - loss: 0.0335 - val_loss: 0.0331 - lr: 5.00e-04 - 8.0s
Epoch 104/300 - loss: 0.0321 - val_loss: 0.0323 - lr: 5.00e-04 - 8.0s
Epoch 105/300 - loss: 0.0321 - val_loss: 0.0324 - lr: 5.00e-04 - 8.0s
Epoch 106/300 - loss: 0.0313 - val_loss: 0.0323 - lr: 5.00e-04 - 8.0s
Epoch 107/300 - loss: 0.0318 - val_loss: 0.0336 - lr: 5.00e-04 - 8.0s
Epoch 108/300 - loss: 0.0311 - val_loss: 0.0327 - lr: 5.00e-04 - 8.0s
Epoch 109/300 - loss: 0.0315 - val_loss: 0.0364 - lr: 5.00e-04 - 8.0s
Epoch 110/300 - loss: 0.0319 - val_loss: 0.0323 - lr: 5.00e-04 - 8.0s
Epoch 111/300 - loss: 0.0318 - val_loss: 0.0320 - lr: 5.00e-04 - 8.0s
Epoch 112/300 - loss: 0.0308 - val_loss: 0.0317 - lr: 5.00e-04 - 8.0s
Epoch 113/300 - loss: 0.0305 - val_loss: 0.0323 - lr: 5.00e-04 - 8.0s
Epoch 114/300 - loss: 0.0307 - val_loss: 0.0321 - lr: 5.00e-04 - 8.0s
Epoch 115/300 - loss: 0.0311 - val_loss: 0.0312 - lr: 5.00e-04 - 8.0s
Epoch 116/300 - loss: 0.0311 - val_loss: 0.0312 - lr: 5.00e-04 - 8.0s
Epoch 117/300 - loss: 0.0307 - val_loss: 0.0315 - lr: 5.00e-04 - 8.0s
Epoch 118/300 - loss: 0.0308 - val_loss: 0.0329 - lr: 5.00e-04 - 8.0s
Epoch 119/300 - loss: 0.0305 - val_loss: 0.0325 - lr: 5.00e-04 - 8.0s
Epoch 120/300 - loss: 0.0307 - val_loss: 0.0309 - lr: 5.00e-04 - 8.0s
Epoch 121/300 - loss: 0.0305 - val_loss: 0.0319 - lr: 5.00e-04 - 8.0s
Epoch 122/300 - loss: 0.0302 - val_loss: 0.0322 - lr: 5.00e-04 - 8.0s
Epoch 123/300 - loss: 0.0309 - val_loss: 0.0318 - lr: 5.00e-04 - 8.0s
Epoch 124/300 - loss: 0.0304 - val_loss: 0.0331 - lr: 5.00e-04 - 8.0s
Epoch 125/300 - loss: 0.0300 - val_loss: 0.0319 - lr: 5.00e-04 - 8.0s
Epoch 126/300 - loss: 0.0302 - val_loss: 0.0305 - lr: 5.00e-04 - 8.0s
Epoch 127/300 - loss: 0.0293 - val_loss: 0.0316 - lr: 5.00e-04 - 8.0s
Epoch 128/300 - loss: 0.0308 - val_loss: 0.0347 - lr: 5.00e-04 - 8.0s
Epoch 129/300 - loss: 0.0323 - val_loss: 0.0328 - lr: 5.00e-04 - 8.0s
Epoch 130/300 - loss: 0.0313 - val_loss: 0.0327 - lr: 5.00e-04 - 8.0s
Epoch 131/300 - loss: 0.0317 - val_loss: 0.0318 - lr: 5.00e-04 - 8.0s
Epoch 132/300 - loss: 0.0303 - val_loss: 0.0310 - lr: 5.00e-04 - 8.0s
Epoch 133/300 - loss: 0.0302 - val_loss: 0.0314 - lr: 5.00e-04 - 8.0s
Epoch 134/300 - loss: 0.0298 - val_loss: 0.0317 - lr: 5.00e-04 - 8.0s
Epoch 135/300 - loss: 0.0306 - val_loss: 0.0327 - lr: 5.00e-04 - 8.0s
Epoch 136/300 - loss: 0.0299 - val_loss: 0.0314 - lr: 5.00e-04 - 8.0s
Epoch 137/300 - loss: 0.0295 - val_loss: 0.0311 - lr: 5.00e-04 - 8.0s
Epoch 138/300 - loss: 0.0299 - val_loss: 0.0310 - lr: 5.00e-04 - 8.0s
Epoch 139/300 - loss: 0.0301 - val_loss: 0.0313 - lr: 5.00e-04 - 8.1s
Epoch 140/300 - loss: 0.0297 - val_loss: 0.0317 - lr: 5.00e-04 - 8.0s
Epoch 141/300 - loss: 0.0299 - val_loss: 0.0309 - lr: 5.00e-04 - 8.0s
Epoch 142/300 - loss: 0.0300 - val_loss: 0.0314 - lr: 5.00e-04 - 8.1s
Epoch 143/300 - loss: 0.0303 - val_loss: 0.0318 - lr: 5.00e-04 - 8.2s
Epoch 144/300 - loss: 0.0299 - val_loss: 0.0307 - lr: 5.00e-04 - 8.1s
Epoch 145/300 - loss: 0.0297 - val_loss: 0.0313 - lr: 5.00e-04 - 8.0s
Epoch 146/300 - loss: 0.0298 - val_loss: 0.0341 - lr: 5.00e-04 - 8.0s
Epoch 147/300 - loss: 0.0295 - val_loss: 0.0309 - lr: 2.50e-04 - 8.0s
Epoch 148/300 - loss: 0.0282 - val_loss: 0.0301 - lr: 2.50e-04 - 8.0s
Epoch 149/300 - loss: 0.0283 - val_loss: 0.0303 - lr: 2.50e-04 - 8.0s
Epoch 150/300 - loss: 0.0279 - val_loss: 0.0307 - lr: 2.50e-04 - 8.0s
Epoch 151/300 - loss: 0.0283 - val_loss: 0.0298 - lr: 2.50e-04 - 8.0s
Epoch 152/300 - loss: 0.0283 - val_loss: 0.0300 - lr: 2.50e-04 - 8.0s
Epoch 153/300 - loss: 0.0279 - val_loss: 0.0296 - lr: 2.50e-04 - 8.0s
Epoch 154/300 - loss: 0.0276 - val_loss: 0.0301 - lr: 2.50e-04 - 8.0s
Epoch 155/300 - loss: 0.0276 - val_loss: 0.0296 - lr: 2.50e-04 - 8.0s
Epoch 156/300 - loss: 0.0272 - val_loss: 0.0295 - lr: 2.50e-04 - 8.0s
Epoch 157/300 - loss: 0.0274 - val_loss: 0.0296 - lr: 2.50e-04 - 8.0s
Epoch 158/300 - loss: 0.0276 - val_loss: 0.0303 - lr: 2.50e-04 - 8.0s
Epoch 159/300 - loss: 0.0280 - val_loss: 0.0301 - lr: 2.50e-04 - 8.0s
Epoch 160/300 - loss: 0.0289 - val_loss: 0.0317 - lr: 2.50e-04 - 8.0s
Epoch 161/300 - loss: 0.0339 - val_loss: 0.0355 - lr: 2.50e-04 - 8.0s
Epoch 162/300 - loss: 0.0324 - val_loss: 0.0333 - lr: 2.50e-04 - 8.0s
Epoch 163/300 - loss: 0.0303 - val_loss: 0.0314 - lr: 2.50e-04 - 8.0s
Epoch 164/300 - loss: 0.0296 - val_loss: 0.0318 - lr: 2.50e-04 - 8.0s
Epoch 165/300 - loss: 0.0288 - val_loss: 0.0300 - lr: 2.50e-04 - 8.0s
Epoch 166/300 - loss: 0.0287 - val_loss: 0.0304 - lr: 2.50e-04 - 8.0s
Epoch 167/300 - loss: 0.0279 - val_loss: 0.0301 - lr: 2.50e-04 - 8.0s
Epoch 168/300 - loss: 0.0280 - val_loss: 0.0307 - lr: 2.50e-04 - 8.0s
Epoch 169/300 - loss: 0.0279 - val_loss: 0.0302 - lr: 2.50e-04 - 8.0s
Epoch 170/300 - loss: 0.0274 - val_loss: 0.0299 - lr: 2.50e-04 - 8.0s
Epoch 171/300 - loss: 0.0277 - val_loss: 0.0298 - lr: 2.50e-04 - 8.0s
Epoch 172/300 - loss: 0.0275 - val_loss: 0.0299 - lr: 2.50e-04 - 8.0s
Epoch 173/300 - loss: 0.0275 - val_loss: 0.0296 - lr: 2.50e-04 - 8.0s
Epoch 174/300 - loss: 0.0276 - val_loss: 0.0295 - lr: 2.50e-04 - 8.0s
Epoch 175/300 - loss: 0.0283 - val_loss: 0.0298 - lr: 2.50e-04 - 8.0s
Epoch 176/300 - loss: 0.0282 - val_loss: 0.0317 - lr: 2.50e-04 - 8.0s
Epoch 177/300 - loss: 0.0281 - val_loss: 0.0299 - lr: 1.25e-04 - 8.0s
Epoch 178/300 - loss: 0.0272 - val_loss: 0.0296 - lr: 1.25e-04 - 8.0s
Epoch 179/300 - loss: 0.0272 - val_loss: 0.0294 - lr: 1.25e-04 - 8.1s
Epoch 180/300 - loss: 0.0272 - val_loss: 0.0290 - lr: 1.25e-04 - 7.9s
Epoch 181/300 - loss: 0.0269 - val_loss: 0.0290 - lr: 1.25e-04 - 7.9s
Epoch 182/300 - loss: 0.0270 - val_loss: 0.0291 - lr: 1.25e-04 - 7.9s
Epoch 183/300 - loss: 0.0269 - val_loss: 0.0289 - lr: 1.25e-04 - 7.9s
Epoch 184/300 - loss: 0.0270 - val_loss: 0.0294 - lr: 1.25e-04 - 7.9s
Epoch 185/300 - loss: 0.0269 - val_loss: 0.0295 - lr: 1.25e-04 - 7.9s
Epoch 186/300 - loss: 0.0265 - val_loss: 0.0292 - lr: 1.25e-04 - 7.9s
Epoch 187/300 - loss: 0.0263 - val_loss: 0.0288 - lr: 1.25e-04 - 7.9s
Epoch 188/300 - loss: 0.0264 - val_loss: 0.0289 - lr: 1.25e-04 - 7.9s
Epoch 189/300 - loss: 0.0264 - val_loss: 0.0293 - lr: 1.25e-04 - 7.8s
Epoch 190/300 - loss: 0.0262 - val_loss: 0.0289 - lr: 1.25e-04 - 7.9s
Epoch 191/300 - loss: 0.0263 - val_loss: 0.0289 - lr: 1.25e-04 - 7.8s
Epoch 192/300 - loss: 0.0264 - val_loss: 0.0289 - lr: 1.25e-04 - 7.9s
Epoch 193/300 - loss: 0.0264 - val_loss: 0.0294 - lr: 1.25e-04 - 7.9s
Epoch 194/300 - loss: 0.0263 - val_loss: 0.0288 - lr: 1.25e-04 - 7.9s
Epoch 195/300 - loss: 0.0261 - val_loss: 0.0288 - lr: 1.25e-04 - 7.9s
Epoch 196/300 - loss: 0.0261 - val_loss: 0.0297 - lr: 1.25e-04 - 7.9s
Epoch 197/300 - loss: 0.0264 - val_loss: 0.0287 - lr: 1.25e-04 - 7.9s
Epoch 198/300 - loss: 0.0261 - val_loss: 0.0291 - lr: 1.25e-04 - 7.8s
Epoch 199/300 - loss: 0.0261 - val_loss: 0.0286 - lr: 1.25e-04 - 7.9s
Epoch 200/300 - loss: 0.0261 - val_loss: 0.0284 - lr: 1.25e-04 - 7.9s
Epoch 201/300 - loss: 0.0258 - val_loss: 0.0284 - lr: 1.25e-04 - 7.8s
Epoch 202/300 - loss: 0.0260 - val_loss: 0.0285 - lr: 1.25e-04 - 7.9s
Epoch 203/300 - loss: 0.0260 - val_loss: 0.0287 - lr: 1.25e-04 - 7.9s
Epoch 204/300 - loss: 0.0263 - val_loss: 0.0287 - lr: 1.25e-04 - 7.9s
Epoch 205/300 - loss: 0.0262 - val_loss: 0.0291 - lr: 1.25e-04 - 7.9s
Epoch 206/300 - loss: 0.0257 - val_loss: 0.0286 - lr: 1.25e-04 - 7.8s
Epoch 207/300 - loss: 0.0258 - val_loss: 0.0284 - lr: 1.25e-04 - 7.9s
Epoch 208/300 - loss: 0.0261 - val_loss: 0.0289 - lr: 1.25e-04 - 7.9s
Epoch 209/300 - loss: 0.0261 - val_loss: 0.0290 - lr: 1.25e-04 - 7.9s
Epoch 210/300 - loss: 0.0263 - val_loss: 0.0284 - lr: 1.25e-04 - 7.9s
Epoch 211/300 - loss: 0.0259 - val_loss: 0.0286 - lr: 1.25e-04 - 7.8s
Epoch 212/300 - loss: 0.0263 - val_loss: 0.0289 - lr: 1.25e-04 - 7.9s
Epoch 213/300 - loss: 0.0264 - val_loss: 0.0288 - lr: 1.25e-04 - 7.9s
Epoch 214/300 - loss: 0.0259 - val_loss: 0.0286 - lr: 1.25e-04 - 7.8s
Epoch 215/300 - loss: 0.0259 - val_loss: 0.0289 - lr: 1.25e-04 - 7.9s
Epoch 216/300 - loss: 0.0261 - val_loss: 0.0288 - lr: 1.25e-04 - 7.8s
Epoch 217/300 - loss: 0.0258 - val_loss: 0.0285 - lr: 1.25e-04 - 7.9s
Epoch 218/300 - loss: 0.0262 - val_loss: 0.0285 - lr: 1.25e-04 - 7.9s
Epoch 219/300 - loss: 0.0256 - val_loss: 0.0286 - lr: 1.25e-04 - 7.9s
Epoch 220/300 - loss: 0.0258 - val_loss: 0.0286 - lr: 1.25e-04 - 7.9s
Epoch 221/300 - loss: 0.0261 - val_loss: 0.0284 - lr: 1.25e-04 - 7.9s
Epoch 222/300 - loss: 0.0260 - val_loss: 0.0286 - lr: 1.25e-04 - 7.9s
Epoch 223/300 - loss: 0.0258 - val_loss: 0.0279 - lr: 1.25e-04 - 7.9s
Epoch 224/300 - loss: 0.0259 - val_loss: 0.0290 - lr: 1.25e-04 - 7.9s
Epoch 225/300 - loss: 0.0258 - val_loss: 0.0287 - lr: 1.25e-04 - 7.9s
Epoch 226/300 - loss: 0.0256 - val_loss: 0.0282 - lr: 1.25e-04 - 7.8s
Epoch 227/300 - loss: 0.0255 - val_loss: 0.0282 - lr: 1.25e-04 - 7.9s
Epoch 228/300 - loss: 0.0258 - val_loss: 0.0292 - lr: 1.25e-04 - 7.8s
Epoch 229/300 - loss: 0.0257 - val_loss: 0.0284 - lr: 1.25e-04 - 7.9s
Epoch 230/300 - loss: 0.0259 - val_loss: 0.0286 - lr: 1.25e-04 - 7.9s
Epoch 231/300 - loss: 0.0255 - val_loss: 0.0285 - lr: 1.25e-04 - 7.9s
Epoch 232/300 - loss: 0.0259 - val_loss: 0.0285 - lr: 1.25e-04 - 7.9s
Epoch 233/300 - loss: 0.0259 - val_loss: 0.0280 - lr: 1.25e-04 - 7.8s
Epoch 234/300 - loss: 0.0258 - val_loss: 0.0290 - lr: 1.25e-04 - 7.9s
Epoch 235/300 - loss: 0.0256 - val_loss: 0.0284 - lr: 1.25e-04 - 7.9s
Epoch 236/300 - loss: 0.0255 - val_loss: 0.0282 - lr: 1.25e-04 - 7.8s
Epoch 237/300 - loss: 0.0259 - val_loss: 0.0291 - lr: 1.25e-04 - 7.9s
Epoch 238/300 - loss: 0.0259 - val_loss: 0.0290 - lr: 1.25e-04 - 7.8s
Epoch 239/300 - loss: 0.0258 - val_loss: 0.0288 - lr: 1.25e-04 - 7.9s
Epoch 240/300 - loss: 0.0256 - val_loss: 0.0288 - lr: 1.25e-04 - 7.9s
Epoch 241/300 - loss: 0.0259 - val_loss: 0.0286 - lr: 1.25e-04 - 7.8s
Epoch 242/300 - loss: 0.0253 - val_loss: 0.0285 - lr: 1.25e-04 - 7.9s
Epoch 243/300 - loss: 0.0256 - val_loss: 0.0288 - lr: 1.25e-04 - 7.8s
Epoch 244/300 - loss: 0.0254 - val_loss: 0.0279 - lr: 1.25e-04 - 7.9s
Epoch 245/300 - loss: 0.0253 - val_loss: 0.0280 - lr: 1.25e-04 - 7.9s
Epoch 246/300 - loss: 0.0252 - val_loss: 0.0280 - lr: 1.25e-04 - 7.9s
Epoch 247/300 - loss: 0.0255 - val_loss: 0.0280 - lr: 1.25e-04 - 7.9s
Epoch 248/300 - loss: 0.0253 - val_loss: 0.0280 - lr: 1.25e-04 - 7.8s
Epoch 249/300 - loss: 0.0253 - val_loss: 0.0285 - lr: 1.25e-04 - 7.9s
Epoch 250/300 - loss: 0.0253 - val_loss: 0.0279 - lr: 1.25e-04 - 7.9s
Epoch 251/300 - loss: 0.0253 - val_loss: 0.0284 - lr: 1.25e-04 - 7.9s
Epoch 252/300 - loss: 0.0254 - val_loss: 0.0279 - lr: 1.25e-04 - 7.9s
Epoch 253/300 - loss: 0.0253 - val_loss: 0.0278 - lr: 1.25e-04 - 7.8s
Epoch 254/300 - loss: 0.0256 - val_loss: 0.0278 - lr: 1.25e-04 - 7.9s
Epoch 255/300 - loss: 0.0250 - val_loss: 0.0275 - lr: 1.25e-04 - 7.9s
Epoch 256/300 - loss: 0.0254 - val_loss: 0.0281 - lr: 1.25e-04 - 7.8s
Epoch 257/300 - loss: 0.0254 - val_loss: 0.0283 - lr: 1.25e-04 - 7.9s
Epoch 258/300 - loss: 0.0250 - val_loss: 0.0276 - lr: 1.25e-04 - 7.8s
Epoch 259/300 - loss: 0.0250 - val_loss: 0.0275 - lr: 1.25e-04 - 7.9s
Epoch 260/300 - loss: 0.0250 - val_loss: 0.0274 - lr: 1.25e-04 - 7.8s
Epoch 261/300 - loss: 0.0249 - val_loss: 0.0276 - lr: 1.25e-04 - 7.8s
Epoch 262/300 - loss: 0.0251 - val_loss: 0.0289 - lr: 1.25e-04 - 7.9s
Epoch 263/300 - loss: 0.0250 - val_loss: 0.0283 - lr: 1.25e-04 - 7.8s
Epoch 264/300 - loss: 0.0250 - val_loss: 0.0274 - lr: 1.25e-04 - 7.9s
Epoch 265/300 - loss: 0.0251 - val_loss: 0.0279 - lr: 1.25e-04 - 7.8s
Epoch 266/300 - loss: 0.0252 - val_loss: 0.0276 - lr: 1.25e-04 - 7.9s
Epoch 267/300 - loss: 0.0256 - val_loss: 0.0282 - lr: 1.25e-04 - 7.9s
Epoch 268/300 - loss: 0.0256 - val_loss: 0.0276 - lr: 1.25e-04 - 7.8s
Epoch 269/300 - loss: 0.0248 - val_loss: 0.0271 - lr: 1.25e-04 - 7.9s
Epoch 270/300 - loss: 0.0249 - val_loss: 0.0275 - lr: 1.25e-04 - 7.8s
Epoch 271/300 - loss: 0.0250 - val_loss: 0.0274 - lr: 1.25e-04 - 7.9s
Epoch 272/300 - loss: 0.0252 - val_loss: 0.0273 - lr: 1.25e-04 - 7.9s
Epoch 273/300 - loss: 0.0249 - val_loss: 0.0277 - lr: 1.25e-04 - 7.8s
Epoch 274/300 - loss: 0.0250 - val_loss: 0.0273 - lr: 1.25e-04 - 7.9s
Epoch 275/300 - loss: 0.0249 - val_loss: 0.0275 - lr: 1.25e-04 - 7.9s
Epoch 276/300 - loss: 0.0249 - val_loss: 0.0280 - lr: 1.25e-04 - 7.9s
Epoch 277/300 - loss: 0.0250 - val_loss: 0.0279 - lr: 1.25e-04 - 7.9s
Epoch 278/300 - loss: 0.0250 - val_loss: 0.0279 - lr: 1.25e-04 - 7.8s
Epoch 279/300 - loss: 0.0247 - val_loss: 0.0276 - lr: 1.25e-04 - 7.9s
Epoch 280/300 - loss: 0.0247 - val_loss: 0.0281 - lr: 1.25e-04 - 7.9s
Epoch 281/300 - loss: 0.0250 - val_loss: 0.0275 - lr: 1.25e-04 - 7.9s
Epoch 282/300 - loss: 0.0247 - val_loss: 0.0275 - lr: 1.25e-04 - 7.9s
Epoch 283/300 - loss: 0.0247 - val_loss: 0.0275 - lr: 1.25e-04 - 7.8s
Epoch 284/300 - loss: 0.0249 - val_loss: 0.0273 - lr: 1.25e-04 - 7.9s
Epoch 285/300 - loss: 0.0246 - val_loss: 0.0274 - lr: 1.25e-04 - 7.8s
Epoch 286/300 - loss: 0.0247 - val_loss: 0.0273 - lr: 1.25e-04 - 7.9s
Epoch 287/300 - loss: 0.0245 - val_loss: 0.0277 - lr: 1.25e-04 - 7.9s
Epoch 288/300 - loss: 0.0247 - val_loss: 0.0276 - lr: 1.25e-04 - 7.8s
Epoch 289/300 - loss: 0.0251 - val_loss: 0.0272 - lr: 1.25e-04 - 7.9s
Epoch 290/300 - loss: 0.0248 - val_loss: 0.0276 - lr: 6.25e-05 - 7.8s
Epoch 291/300 - loss: 0.0244 - val_loss: 0.0272 - lr: 6.25e-05 - 7.8s
Epoch 292/300 - loss: 0.0244 - val_loss: 0.0274 - lr: 6.25e-05 - 7.9s
Epoch 293/300 - loss: 0.0243 - val_loss: 0.0274 - lr: 6.25e-05 - 7.9s
Epoch 294/300 - loss: 0.0242 - val_loss: 0.0273 - lr: 6.25e-05 - 7.9s
Epoch 295/300 - loss: 0.0242 - val_loss: 0.0271 - lr: 6.25e-05 - 7.9s
Epoch 296/300 - loss: 0.0242 - val_loss: 0.0272 - lr: 6.25e-05 - 7.9s
Epoch 297/300 - loss: 0.0240 - val_loss: 0.0271 - lr: 6.25e-05 - 7.9s
Epoch 298/300 - loss: 0.0240 - val_loss: 0.0270 - lr: 6.25e-05 - 7.9s
Epoch 299/300 - loss: 0.0243 - val_loss: 0.0271 - lr: 6.25e-05 - 7.9s
Epoch 300/300 - loss: 0.0242 - val_loss: 0.0275 - lr: 6.25e-05 - 7.9s
Training complete in 40.1m (2405s)
Best val_loss: 0.0270
Weights exported to models/dist_06_lstm128\weights.json
Loss history saved to models/dist_06_lstm128\loss_history.csv
