Config: GRU_HIDDEN=128 CELL=gru L1_WEIGHT=10.0 LR=0.0001 CLIP=0.3
Loading training data...
  trainingDry.wav: 4875 train, 1218 val windows
  training-10dBDry.wav: 4875 train, 1218 val windows
Total: 9750 train, 2436 val windows  sr=48000
Using device: cuda
Optimizer: lr=0.0001 clip=0.3
Epoch 1/300 - loss: 2.8276 (mae 0.0727 mrstft 2.1007) - val: 2.7349 (mae 0.0655 mrstft 2.0795) - lr: 1.00e-04 - 7.9s
Epoch 2/300 - loss: 2.6779 (mae 0.0633 mrstft 2.0448) - val: 2.5994 (mae 0.0586 mrstft 2.0132) - lr: 1.00e-04 - 7.1s
Epoch 3/300 - loss: 2.5353 (mae 0.0566 mrstft 1.9693) - val: 2.4503 (mae 0.0528 mrstft 1.9220) - lr: 1.00e-04 - 7.1s
Epoch 4/300 - loss: 2.3603 (mae 0.0521 mrstft 1.8390) - val: 2.2366 (mae 0.0509 mrstft 1.7275) - lr: 1.00e-04 - 7.3s
Epoch 5/300 - loss: 2.1671 (mae 0.0536 mrstft 1.6313) - val: 2.1067 (mae 0.0528 mrstft 1.5783) - lr: 1.00e-04 - 7.4s
Epoch 6/300 - loss: 2.1035 (mae 0.0553 mrstft 1.5509) - val: 2.0616 (mae 0.0541 mrstft 1.5206) - lr: 1.00e-04 - 7.0s
Epoch 7/300 - loss: 2.0591 (mae 0.0563 mrstft 1.4956) - val: 2.0222 (mae 0.0556 mrstft 1.4659) - lr: 1.00e-04 - 7.0s
Epoch 8/300 - loss: 2.0205 (mae 0.0573 mrstft 1.4477) - val: 1.9849 (mae 0.0558 mrstft 1.4264) - lr: 1.00e-04 - 7.0s
Epoch 9/300 - loss: 1.9915 (mae 0.0581 mrstft 1.4100) - val: 1.9868 (mae 0.0593 mrstft 1.3937) - lr: 1.00e-04 - 6.9s
Epoch 10/300 - loss: 1.9595 (mae 0.0590 mrstft 1.3697) - val: 1.9292 (mae 0.0580 mrstft 1.3492) - lr: 1.00e-04 - 7.0s
Epoch 11/300 - loss: 1.9245 (mae 0.0594 mrstft 1.3309) - val: 1.8852 (mae 0.0580 mrstft 1.3049) - lr: 1.00e-04 - 7.0s
Epoch 12/300 - loss: 1.8921 (mae 0.0601 mrstft 1.2907) - val: 1.8570 (mae 0.0584 mrstft 1.2725) - lr: 1.00e-04 - 7.0s
Epoch 13/300 - loss: 1.8674 (mae 0.0608 mrstft 1.2594) - val: 1.8387 (mae 0.0591 mrstft 1.2477) - lr: 1.00e-04 - 7.0s
Epoch 14/300 - loss: 1.8454 (mae 0.0611 mrstft 1.2346) - val: 1.8201 (mae 0.0591 mrstft 1.2287) - lr: 1.00e-04 - 7.2s
Epoch 15/300 - loss: 1.8192 (mae 0.0613 mrstft 1.2062) - val: 1.7880 (mae 0.0598 mrstft 1.1896) - lr: 1.00e-04 - 7.1s
Epoch 16/300 - loss: 1.7786 (mae 0.0618 mrstft 1.1603) - val: 1.7422 (mae 0.0601 mrstft 1.1412) - lr: 1.00e-04 - 7.1s
Epoch 17/300 - loss: 1.7295 (mae 0.0611 mrstft 1.1187) - val: 1.6923 (mae 0.0581 mrstft 1.1113) - lr: 1.00e-04 - 7.1s
Epoch 18/300 - loss: 1.6525 (mae 0.0576 mrstft 1.0763) - val: 1.5864 (mae 0.0530 mrstft 1.0567) - lr: 1.00e-04 - 7.1s
Epoch 19/300 - loss: 1.5352 (mae 0.0536 mrstft 0.9997) - val: 1.4611 (mae 0.0526 mrstft 0.9346) - lr: 1.00e-04 - 7.1s
Epoch 20/300 - loss: 1.4149 (mae 0.0530 mrstft 0.8852) - val: 1.3473 (mae 0.0497 mrstft 0.8503) - lr: 1.00e-04 - 7.1s
Epoch 21/300 - loss: 1.3231 (mae 0.0493 mrstft 0.8296) - val: 1.2736 (mae 0.0459 mrstft 0.8150) - lr: 1.00e-04 - 7.1s
Epoch 22/300 - loss: 1.2807 (mae 0.0474 mrstft 0.8072) - val: 1.2467 (mae 0.0447 mrstft 0.7999) - lr: 1.00e-04 - 7.0s
Epoch 23/300 - loss: 1.2529 (mae 0.0461 mrstft 0.7923) - val: 1.2465 (mae 0.0458 mrstft 0.7887) - lr: 1.00e-04 - 7.1s
Epoch 24/300 - loss: 1.2330 (mae 0.0452 mrstft 0.7807) - val: 1.2780 (mae 0.0494 mrstft 0.7835) - lr: 1.00e-04 - 6.9s
Epoch 25/300 - loss: 1.2095 (mae 0.0440 mrstft 0.7698) - val: 1.1738 (mae 0.0406 mrstft 0.7678) - lr: 1.00e-04 - 6.9s
Epoch 26/300 - loss: 1.1839 (mae 0.0426 mrstft 0.7583) - val: 1.1555 (mae 0.0400 mrstft 0.7557) - lr: 1.00e-04 - 7.0s
Epoch 27/300 - loss: 1.2691 (mae 0.0444 mrstft 0.8250) - val: 1.2931 (mae 0.0496 mrstft 0.7975) - lr: 1.00e-04 - 6.9s
Epoch 28/300 - loss: 1.1661 (mae 0.0421 mrstft 0.7454) - val: 1.1343 (mae 0.0398 mrstft 0.7368) - lr: 1.00e-04 - 6.9s
Epoch 29/300 - loss: 1.1454 (mae 0.0414 mrstft 0.7311) - val: 1.1238 (mae 0.0396 mrstft 0.7278) - lr: 1.00e-04 - 6.9s
Epoch 30/300 - loss: 1.1306 (mae 0.0407 mrstft 0.7233) - val: 1.1066 (mae 0.0384 mrstft 0.7226) - lr: 1.00e-04 - 6.9s
Epoch 31/300 - loss: 1.1242 (mae 0.0406 mrstft 0.7187) - val: 1.1027 (mae 0.0386 mrstft 0.7168) - lr: 1.00e-04 - 6.9s
Epoch 32/300 - loss: 1.1204 (mae 0.0406 mrstft 0.7141) - val: 1.0867 (mae 0.0376 mrstft 0.7111) - lr: 1.00e-04 - 7.2s
Epoch 33/300 - loss: 1.1074 (mae 0.0398 mrstft 0.7096) - val: 1.0858 (mae 0.0376 mrstft 0.7095) - lr: 1.00e-04 - 6.9s
Epoch 34/300 - loss: 1.0960 (mae 0.0400 mrstft 0.6960) - val: 1.1040 (mae 0.0382 mrstft 0.7224) - lr: 1.00e-04 - 6.8s - skipped 5
Epoch 35/300 - loss: 1.4536 (mae 0.0588 mrstft 0.8655) - val: 1.2336 (mae 0.0449 mrstft 0.7847) - lr: 1.00e-04 - 7.0s - skipped 5
Epoch 36/300 - loss: 1.1440 (mae 0.0416 mrstft 0.7276) - val: 1.2335 (mae 0.0513 mrstft 0.7205) - lr: 1.00e-04 - 6.9s
Epoch 37/300 - loss: 1.1371 (mae 0.0417 mrstft 0.7199) - val: 1.0832 (mae 0.0379 mrstft 0.7047) - lr: 1.00e-04 - 6.9s - skipped 1
Epoch 38/300 - loss: 1.0855 (mae 0.0385 mrstft 0.7005) - val: 1.0614 (mae 0.0365 mrstft 0.6963) - lr: 1.00e-04 - 7.0s
Epoch 39/300 - loss: 1.0812 (mae 0.0384 mrstft 0.6973) - val: 1.0770 (mae 0.0376 mrstft 0.7014) - lr: 1.00e-04 - 7.0s
Epoch 40/300 - loss: 1.0819 (mae 0.0386 mrstft 0.6955) - val: 1.0691 (mae 0.0372 mrstft 0.6967) - lr: 1.00e-04 - 7.0s
Epoch 41/300 - loss: 1.0653 (mae 0.0374 mrstft 0.6908) - val: 1.0480 (mae 0.0357 mrstft 0.6908) - lr: 1.00e-04 - 7.0s
Epoch 42/300 - loss: 1.0685 (mae 0.0379 mrstft 0.6897) - val: 1.0487 (mae 0.0358 mrstft 0.6907) - lr: 1.00e-04 - 7.0s
Epoch 43/300 - loss: 1.0546 (mae 0.0368 mrstft 0.6869) - val: 1.0618 (mae 0.0369 mrstft 0.6932) - lr: 1.00e-04 - 7.0s
Epoch 44/300 - loss: 1.0512 (mae 0.0367 mrstft 0.6839) - val: 1.0314 (mae 0.0349 mrstft 0.6828) - lr: 1.00e-04 - 7.0s
Epoch 45/300 - loss: 1.0524 (mae 0.0370 mrstft 0.6820) - val: 1.0291 (mae 0.0348 mrstft 0.6814) - lr: 1.00e-04 - 7.0s
Epoch 46/300 - loss: 1.0428 (mae 0.0365 mrstft 0.6783) - val: 1.0157 (mae 0.0342 mrstft 0.6740) - lr: 1.00e-04 - 7.0s
Epoch 47/300 - loss: 1.0309 (mae 0.0357 mrstft 0.6734) - val: 1.0193 (mae 0.0344 mrstft 0.6753) - lr: 1.00e-04 - 7.0s
Epoch 48/300 - loss: 1.0205 (mae 0.0351 mrstft 0.6691) - val: 1.0028 (mae 0.0338 mrstft 0.6647) - lr: 1.00e-04 - 7.1s
Epoch 49/300 - loss: 1.0254 (mae 0.0358 mrstft 0.6673) - val: 1.0004 (mae 0.0335 mrstft 0.6656) - lr: 1.00e-04 - 7.4s
Epoch 50/300 - loss: 1.0432 (mae 0.0372 mrstft 0.6708) - val: 0.9907 (mae 0.0329 mrstft 0.6618) - lr: 1.00e-04 - 6.9s
Epoch 51/300 - loss: 1.0188 (mae 0.0354 mrstft 0.6644) - val: 0.9877 (mae 0.0325 mrstft 0.6625) - lr: 1.00e-04 - 7.0s
Epoch 52/300 - loss: 1.0145 (mae 0.0352 mrstft 0.6628) - val: 0.9823 (mae 0.0324 mrstft 0.6584) - lr: 1.00e-04 - 6.8s
Epoch 53/300 - loss: 1.0136 (mae 0.0352 mrstft 0.6616) - val: 1.0064 (mae 0.0346 mrstft 0.6603) - lr: 1.00e-04 - 7.0s
Epoch 54/300 - loss: 1.0046 (mae 0.0348 mrstft 0.6563) - val: 0.9983 (mae 0.0342 mrstft 0.6564) - lr: 1.00e-04 - 7.0s
Epoch 55/300 - loss: 1.0104 (mae 0.0355 mrstft 0.6558) - val: 0.9690 (mae 0.0322 mrstft 0.6473) - lr: 1.00e-04 - 6.9s
Epoch 56/300 - loss: 1.0017 (mae 0.0347 mrstft 0.6544) - val: 0.9655 (mae 0.0320 mrstft 0.6458) - lr: 1.00e-04 - 7.0s
Epoch 57/300 - loss: 0.9890 (mae 0.0340 mrstft 0.6490) - val: 0.9613 (mae 0.0315 mrstft 0.6460) - lr: 1.00e-04 - 7.0s
Epoch 58/300 - loss: 0.9943 (mae 0.0344 mrstft 0.6502) - val: 0.9859 (mae 0.0333 mrstft 0.6530) - lr: 1.00e-04 - 6.9s
Epoch 59/300 - loss: 0.9938 (mae 0.0346 mrstft 0.6480) - val: 0.9685 (mae 0.0326 mrstft 0.6421) - lr: 1.00e-04 - 7.0s
Epoch 60/300 - loss: 0.9769 (mae 0.0336 mrstft 0.6406) - val: 0.9567 (mae 0.0317 mrstft 0.6392) - lr: 1.00e-04 - 7.0s
Epoch 61/300 - loss: 0.9699 (mae 0.0332 mrstft 0.6379) - val: 0.9563 (mae 0.0319 mrstft 0.6375) - lr: 1.00e-04 - 7.0s
Epoch 62/300 - loss: 0.9610 (mae 0.0327 mrstft 0.6344) - val: 0.9484 (mae 0.0313 mrstft 0.6353) - lr: 1.00e-04 - 6.9s
Epoch 63/300 - loss: 0.9544 (mae 0.0322 mrstft 0.6319) - val: 0.9381 (mae 0.0310 mrstft 0.6286) - lr: 1.00e-04 - 7.0s
Epoch 64/300 - loss: 0.9581 (mae 0.0328 mrstft 0.6303) - val: 0.9286 (mae 0.0303 mrstft 0.6253) - lr: 1.00e-04 - 7.1s
Epoch 65/300 - loss: 0.9509 (mae 0.0324 mrstft 0.6268) - val: 0.9744 (mae 0.0343 mrstft 0.6316) - lr: 1.00e-04 - 6.9s
Epoch 66/300 - loss: 0.9467 (mae 0.0321 mrstft 0.6253) - val: 0.9300 (mae 0.0310 mrstft 0.6200) - lr: 1.00e-04 - 7.1s
Epoch 67/300 - loss: 0.9402 (mae 0.0318 mrstft 0.6227) - val: 0.9220 (mae 0.0303 mrstft 0.6186) - lr: 1.00e-04 - 7.1s
Epoch 68/300 - loss: 0.9355 (mae 0.0315 mrstft 0.6203) - val: 0.9532 (mae 0.0334 mrstft 0.6187) - lr: 1.00e-04 - 7.0s
Epoch 69/300 - loss: 0.9443 (mae 0.0323 mrstft 0.6210) - val: 0.9471 (mae 0.0320 mrstft 0.6271) - lr: 1.00e-04 - 7.0s
Epoch 70/300 - loss: 0.9334 (mae 0.0316 mrstft 0.6174) - val: 0.9141 (mae 0.0304 mrstft 0.6105) - lr: 1.00e-04 - 7.0s
Epoch 71/300 - loss: 0.9293 (mae 0.0316 mrstft 0.6138) - val: 0.8970 (mae 0.0291 mrstft 0.6064) - lr: 1.00e-04 - 7.0s
Epoch 72/300 - loss: 0.9254 (mae 0.0314 mrstft 0.6115) - val: 0.9042 (mae 0.0294 mrstft 0.6097) - lr: 1.00e-04 - 7.0s
Epoch 73/300 - loss: 0.9218 (mae 0.0312 mrstft 0.6095) - val: 0.9289 (mae 0.0312 mrstft 0.6172) - lr: 1.00e-04 - 7.0s
Epoch 74/300 - loss: 0.9155 (mae 0.0310 mrstft 0.6059) - val: 0.8817 (mae 0.0283 mrstft 0.5991) - lr: 1.00e-04 - 7.0s
Epoch 75/300 - loss: 0.9049 (mae 0.0304 mrstft 0.6008) - val: 0.8808 (mae 0.0285 mrstft 0.5957) - lr: 1.00e-04 - 7.0s
Epoch 76/300 - loss: 0.8960 (mae 0.0300 mrstft 0.5964) - val: 0.8852 (mae 0.0288 mrstft 0.5967) - lr: 1.00e-04 - 7.0s
Epoch 77/300 - loss: 0.8910 (mae 0.0298 mrstft 0.5928) - val: 0.8701 (mae 0.0283 mrstft 0.5874) - lr: 1.00e-04 - 7.0s
Epoch 78/300 - loss: 0.8899 (mae 0.0300 mrstft 0.5902) - val: 0.8591 (mae 0.0275 mrstft 0.5841) - lr: 1.00e-04 - 6.9s
Epoch 79/300 - loss: 0.8840 (mae 0.0297 mrstft 0.5865) - val: 0.8569 (mae 0.0276 mrstft 0.5806) - lr: 1.00e-04 - 7.0s
Epoch 80/300 - loss: 0.8924 (mae 0.0305 mrstft 0.5879) - val: 0.9061 (mae 0.0315 mrstft 0.5911) - lr: 1.00e-04 - 7.0s
Epoch 81/300 - loss: 0.8861 (mae 0.0303 mrstft 0.5836) - val: 0.8576 (mae 0.0279 mrstft 0.5783) - lr: 1.00e-04 - 7.0s
Epoch 82/300 - loss: 0.8564 (mae 0.0286 mrstft 0.5705) - val: 0.8444 (mae 0.0273 mrstft 0.5716) - lr: 1.00e-04 - 7.0s
Epoch 83/300 - loss: 0.8547 (mae 0.0287 mrstft 0.5674) - val: 0.8285 (mae 0.0271 mrstft 0.5578) - lr: 1.00e-04 - 7.0s
Epoch 84/300 - loss: 0.8379 (mae 0.0281 mrstft 0.5567) - val: 0.8361 (mae 0.0279 mrstft 0.5571) - lr: 1.00e-04 - 6.9s
Epoch 85/300 - loss: 0.8384 (mae 0.0284 mrstft 0.5547) - val: 0.8164 (mae 0.0270 mrstft 0.5466) - lr: 1.00e-04 - 6.9s
Epoch 86/300 - loss: 0.8270 (mae 0.0281 mrstft 0.5464) - val: 0.8120 (mae 0.0268 mrstft 0.5435) - lr: 1.00e-04 - 7.0s
Epoch 87/300 - loss: 0.8175 (mae 0.0278 mrstft 0.5400) - val: 0.7939 (mae 0.0262 mrstft 0.5315) - lr: 1.00e-04 - 6.9s
Epoch 88/300 - loss: 0.8063 (mae 0.0273 mrstft 0.5328) - val: 0.7805 (mae 0.0255 mrstft 0.5259) - lr: 1.00e-04 - 6.9s
Epoch 89/300 - loss: 0.7974 (mae 0.0269 mrstft 0.5281) - val: 0.8080 (mae 0.0277 mrstft 0.5306) - lr: 1.00e-04 - 6.1s
Epoch 90/300 - loss: 0.7976 (mae 0.0270 mrstft 0.5274) - val: 0.7954 (mae 0.0263 mrstft 0.5329) - lr: 1.00e-04 - 6.8s
Epoch 91/300 - loss: 0.7910 (mae 0.0267 mrstft 0.5239) - val: 0.7764 (mae 0.0257 mrstft 0.5193) - lr: 1.00e-04 - 6.8s
Epoch 92/300 - loss: 0.7875 (mae 0.0266 mrstft 0.5212) - val: 0.7580 (mae 0.0244 mrstft 0.5139) - lr: 1.00e-04 - 6.8s
Epoch 93/300 - loss: 0.7767 (mae 0.0260 mrstft 0.5165) - val: 0.7915 (mae 0.0260 mrstft 0.5312) - lr: 1.00e-04 - 6.8s
Epoch 94/300 - loss: 0.7765 (mae 0.0261 mrstft 0.5160) - val: 0.8028 (mae 0.0274 mrstft 0.5292) - lr: 1.00e-04 - 6.9s
Epoch 95/300 - loss: 0.7757 (mae 0.0261 mrstft 0.5146) - val: 0.7440 (mae 0.0239 mrstft 0.5050) - lr: 1.00e-04 - 6.9s
Epoch 96/300 - loss: 0.7584 (mae 0.0251 mrstft 0.5076) - val: 0.7504 (mae 0.0239 mrstft 0.5110) - lr: 1.00e-04 - 7.0s
Epoch 97/300 - loss: 0.7619 (mae 0.0253 mrstft 0.5087) - val: 0.7615 (mae 0.0245 mrstft 0.5162) - lr: 1.00e-04 - 7.1s
Epoch 98/300 - loss: 0.7527 (mae 0.0249 mrstft 0.5041) - val: 0.7344 (mae 0.0233 mrstft 0.5010) - lr: 1.00e-04 - 7.0s
Epoch 99/300 - loss: 0.7457 (mae 0.0244 mrstft 0.5014) - val: 0.7355 (mae 0.0239 mrstft 0.4969) - lr: 1.00e-04 - 7.0s
Epoch 100/300 - loss: 0.7426 (mae 0.0242 mrstft 0.5004) - val: 0.7391 (mae 0.0238 mrstft 0.5016) - lr: 1.00e-04 - 6.9s
Epoch 101/300 - loss: 0.7437 (mae 0.0243 mrstft 0.5008) - val: 0.7180 (mae 0.0224 mrstft 0.4943) - lr: 1.00e-04 - 6.8s
Epoch 102/300 - loss: 0.7349 (mae 0.0238 mrstft 0.4966) - val: 0.7596 (mae 0.0246 mrstft 0.5134) - lr: 1.00e-04 - 6.9s
Epoch 103/300 - loss: 0.7327 (mae 0.0237 mrstft 0.4958) - val: 0.7093 (mae 0.0219 mrstft 0.4902) - lr: 1.00e-04 - 6.9s
Epoch 104/300 - loss: 0.7263 (mae 0.0232 mrstft 0.4941) - val: 0.7102 (mae 0.0218 mrstft 0.4920) - lr: 1.00e-04 - 7.0s
Epoch 105/300 - loss: 0.7187 (mae 0.0229 mrstft 0.4901) - val: 0.7019 (mae 0.0213 mrstft 0.4891) - lr: 1.00e-04 - 7.0s
Epoch 106/300 - loss: 0.7104 (mae 0.0224 mrstft 0.4867) - val: 0.6977 (mae 0.0214 mrstft 0.4839) - lr: 1.00e-04 - 7.0s
Epoch 107/300 - loss: 0.7071 (mae 0.0222 mrstft 0.4851) - val: 0.7037 (mae 0.0219 mrstft 0.4851) - lr: 1.00e-04 - 6.9s
Epoch 108/300 - loss: 0.7060 (mae 0.0221 mrstft 0.4850) - val: 0.6871 (mae 0.0204 mrstft 0.4832) - lr: 1.00e-04 - 7.0s
Epoch 109/300 - loss: 0.6990 (mae 0.0217 mrstft 0.4819) - val: 0.6821 (mae 0.0203 mrstft 0.4796) - lr: 1.00e-04 - 6.9s
Epoch 110/300 - loss: 0.6931 (mae 0.0213 mrstft 0.4801) - val: 0.6758 (mae 0.0198 mrstft 0.4775) - lr: 1.00e-04 - 6.8s
Epoch 111/300 - loss: 0.6842 (mae 0.0208 mrstft 0.4765) - val: 0.6684 (mae 0.0195 mrstft 0.4738) - lr: 1.00e-04 - 6.8s
Epoch 112/300 - loss: 0.6870 (mae 0.0209 mrstft 0.4778) - val: 0.6723 (mae 0.0196 mrstft 0.4760) - lr: 1.00e-04 - 6.8s
Epoch 113/300 - loss: 0.6804 (mae 0.0205 mrstft 0.4752) - val: 0.6753 (mae 0.0198 mrstft 0.4775) - lr: 1.00e-04 - 6.7s
Epoch 114/300 - loss: 0.6720 (mae 0.0200 mrstft 0.4722) - val: 0.6578 (mae 0.0187 mrstft 0.4712) - lr: 1.00e-04 - 6.9s
Epoch 115/300 - loss: 0.6674 (mae 0.0197 mrstft 0.4707) - val: 0.6539 (mae 0.0185 mrstft 0.4693) - lr: 1.00e-04 - 6.9s
Epoch 116/300 - loss: 0.6644 (mae 0.0195 mrstft 0.4691) - val: 0.6541 (mae 0.0186 mrstft 0.4682) - lr: 1.00e-04 - 6.9s
Epoch 117/300 - loss: 0.6572 (mae 0.0191 mrstft 0.4664) - val: 0.6647 (mae 0.0195 mrstft 0.4696) - lr: 1.00e-04 - 6.9s
Epoch 118/300 - loss: 0.6514 (mae 0.0187 mrstft 0.4640) - val: 0.6380 (mae 0.0177 mrstft 0.4614) - lr: 1.00e-04 - 6.8s
Epoch 119/300 - loss: 0.6479 (mae 0.0185 mrstft 0.4628) - val: 0.6313 (mae 0.0170 mrstft 0.4610) - lr: 1.00e-04 - 6.8s
Epoch 120/300 - loss: 0.6466 (mae 0.0185 mrstft 0.4617) - val: 0.6295 (mae 0.0170 mrstft 0.4596) - lr: 1.00e-04 - 6.7s
Epoch 121/300 - loss: 0.6427 (mae 0.0182 mrstft 0.4608) - val: 0.6246 (mae 0.0166 mrstft 0.4584) - lr: 1.00e-04 - 6.9s
Epoch 122/300 - loss: 0.6357 (mae 0.0178 mrstft 0.4582) - val: 0.6371 (mae 0.0178 mrstft 0.4592) - lr: 1.00e-04 - 6.9s
Epoch 123/300 - loss: 0.6323 (mae 0.0176 mrstft 0.4567) - val: 0.6254 (mae 0.0169 mrstft 0.4564) - lr: 1.00e-04 - 7.0s
Epoch 124/300 - loss: 0.6281 (mae 0.0173 mrstft 0.4546) - val: 0.6174 (mae 0.0160 mrstft 0.4575) - lr: 1.00e-04 - 6.9s
Epoch 125/300 - loss: 0.6266 (mae 0.0173 mrstft 0.4541) - val: 0.6259 (mae 0.0169 mrstft 0.4566) - lr: 1.00e-04 - 7.2s
Epoch 126/300 - loss: 0.6223 (mae 0.0170 mrstft 0.4525) - val: 0.6081 (mae 0.0157 mrstft 0.4511) - lr: 1.00e-04 - 7.5s
Epoch 127/300 - loss: 0.6194 (mae 0.0168 mrstft 0.4510) - val: 0.6244 (mae 0.0169 mrstft 0.4550) - lr: 1.00e-04 - 7.5s
Epoch 128/300 - loss: 0.6102 (mae 0.0162 mrstft 0.4479) - val: 0.6052 (mae 0.0154 mrstft 0.4516) - lr: 1.00e-04 - 7.4s
Epoch 129/300 - loss: 0.6092 (mae 0.0162 mrstft 0.4472) - val: 0.5940 (mae 0.0148 mrstft 0.4460) - lr: 1.00e-04 - 7.4s
Epoch 130/300 - loss: 0.6011 (mae 0.0157 mrstft 0.4441) - val: 0.5976 (mae 0.0153 mrstft 0.4450) - lr: 1.00e-04 - 7.4s
Epoch 131/300 - loss: 0.5960 (mae 0.0154 mrstft 0.4422) - val: 0.5906 (mae 0.0148 mrstft 0.4430) - lr: 1.00e-04 - 7.4s
Epoch 132/300 - loss: 0.5921 (mae 0.0152 mrstft 0.4402) - val: 0.5812 (mae 0.0140 mrstft 0.4416) - lr: 1.00e-04 - 7.4s
Epoch 133/300 - loss: 0.5861 (mae 0.0148 mrstft 0.4377) - val: 0.5759 (mae 0.0139 mrstft 0.4374) - lr: 1.00e-04 - 7.4s
Epoch 134/300 - loss: 0.5819 (mae 0.0146 mrstft 0.4360) - val: 0.5700 (mae 0.0135 mrstft 0.4346) - lr: 1.00e-04 - 7.3s
Epoch 135/300 - loss: 0.5766 (mae 0.0143 mrstft 0.4334) - val: 0.5701 (mae 0.0136 mrstft 0.4342) - lr: 1.00e-04 - 7.5s
Epoch 136/300 - loss: 0.5730 (mae 0.0141 mrstft 0.4319) - val: 0.5690 (mae 0.0134 mrstft 0.4345) - lr: 1.00e-04 - 7.5s
Epoch 137/300 - loss: 0.5701 (mae 0.0140 mrstft 0.4304) - val: 0.5819 (mae 0.0140 mrstft 0.4421) - lr: 1.00e-04 - 7.5s
Epoch 138/300 - loss: 0.5708 (mae 0.0141 mrstft 0.4298) - val: 0.5763 (mae 0.0144 mrstft 0.4325) - lr: 1.00e-04 - 7.4s
Epoch 139/300 - loss: 0.5645 (mae 0.0137 mrstft 0.4275) - val: 0.5527 (mae 0.0127 mrstft 0.4261) - lr: 1.00e-04 - 7.3s
Epoch 140/300 - loss: 0.5624 (mae 0.0136 mrstft 0.4265) - val: 0.5569 (mae 0.0128 mrstft 0.4292) - lr: 1.00e-04 - 7.5s
Epoch 141/300 - loss: 0.5559 (mae 0.0132 mrstft 0.4243) - val: 0.5448 (mae 0.0121 mrstft 0.4242) - lr: 1.00e-04 - 7.5s
Epoch 142/300 - loss: 0.5505 (mae 0.0129 mrstft 0.4216) - val: 0.5448 (mae 0.0122 mrstft 0.4226) - lr: 1.00e-04 - 7.4s
Epoch 143/300 - loss: 0.5500 (mae 0.0130 mrstft 0.4205) - val: 0.5546 (mae 0.0130 mrstft 0.4243) - lr: 1.00e-04 - 7.3s
Epoch 144/300 - loss: 0.5433 (mae 0.0125 mrstft 0.4180) - val: 0.5398 (mae 0.0120 mrstft 0.4194) - lr: 1.00e-04 - 7.4s
Epoch 145/300 - loss: 0.5410 (mae 0.0125 mrstft 0.4159) - val: 0.5322 (mae 0.0117 mrstft 0.4156) - lr: 1.00e-04 - 7.3s
Epoch 146/300 - loss: 0.5354 (mae 0.0122 mrstft 0.4136) - val: 0.5282 (mae 0.0113 mrstft 0.4155) - lr: 1.00e-04 - 7.3s
Epoch 147/300 - loss: 0.5297 (mae 0.0119 mrstft 0.4108) - val: 0.5263 (mae 0.0114 mrstft 0.4122) - lr: 1.00e-04 - 7.5s
Epoch 148/300 - loss: 0.5276 (mae 0.0118 mrstft 0.4097) - val: 0.5194 (mae 0.0109 mrstft 0.4101) - lr: 1.00e-04 - 7.4s
Epoch 149/300 - loss: 0.5273 (mae 0.0119 mrstft 0.4081) - val: 0.5189 (mae 0.0110 mrstft 0.4085) - lr: 1.00e-04 - 7.5s
Epoch 150/300 - loss: 0.5213 (mae 0.0115 mrstft 0.4058) - val: 0.5160 (mae 0.0107 mrstft 0.4092) - lr: 1.00e-04 - 7.5s
Epoch 151/300 - loss: 0.5149 (mae 0.0112 mrstft 0.4027) - val: 0.5139 (mae 0.0109 mrstft 0.4050) - lr: 1.00e-04 - 7.5s
Epoch 152/300 - loss: 0.5129 (mae 0.0112 mrstft 0.4012) - val: 0.5024 (mae 0.0102 mrstft 0.4001) - lr: 1.00e-04 - 7.4s
Epoch 153/300 - loss: 0.5123 (mae 0.0113 mrstft 0.3993) - val: 0.5032 (mae 0.0103 mrstft 0.4000) - lr: 1.00e-04 - 7.5s
Epoch 154/300 - loss: 0.5069 (mae 0.0110 mrstft 0.3972) - val: 0.5073 (mae 0.0108 mrstft 0.3992) - lr: 1.00e-04 - 7.3s
Epoch 155/300 - loss: 0.5024 (mae 0.0107 mrstft 0.3950) - val: 0.4974 (mae 0.0101 mrstft 0.3965) - lr: 1.00e-04 - 7.2s
Epoch 156/300 - loss: 0.4958 (mae 0.0104 mrstft 0.3921) - val: 0.4894 (mae 0.0096 mrstft 0.3930) - lr: 1.00e-04 - 7.3s
Epoch 157/300 - loss: 0.4970 (mae 0.0106 mrstft 0.3908) - val: 0.4931 (mae 0.0101 mrstft 0.3919) - lr: 1.00e-04 - 7.3s
Epoch 158/300 - loss: 0.4905 (mae 0.0102 mrstft 0.3886) - val: 0.4846 (mae 0.0094 mrstft 0.3910) - lr: 1.00e-04 - 7.3s
Epoch 159/300 - loss: 0.4874 (mae 0.0101 mrstft 0.3863) - val: 0.4797 (mae 0.0092 mrstft 0.3878) - lr: 1.00e-04 - 7.5s
Epoch 160/300 - loss: 0.4831 (mae 0.0099 mrstft 0.3842) - val: 0.4774 (mae 0.0091 mrstft 0.3860) - lr: 1.00e-04 - 7.4s
Epoch 161/300 - loss: 0.4783 (mae 0.0096 mrstft 0.3824) - val: 0.4754 (mae 0.0092 mrstft 0.3837) - lr: 1.00e-04 - 7.5s
Epoch 162/300 - loss: 0.4779 (mae 0.0097 mrstft 0.3806) - val: 0.4732 (mae 0.0089 mrstft 0.3841) - lr: 1.00e-04 - 7.7s
Epoch 163/300 - loss: 0.4749 (mae 0.0096 mrstft 0.3789) - val: 0.4706 (mae 0.0090 mrstft 0.3808) - lr: 1.00e-04 - 7.6s
Epoch 164/300 - loss: 0.4718 (mae 0.0095 mrstft 0.3772) - val: 0.4669 (mae 0.0089 mrstft 0.3782) - lr: 1.00e-04 - 7.4s
Epoch 165/300 - loss: 0.4685 (mae 0.0093 mrstft 0.3754) - val: 0.4684 (mae 0.0089 mrstft 0.3792) - lr: 1.00e-04 - 7.4s
Epoch 166/300 - loss: 0.4640 (mae 0.0091 mrstft 0.3730) - val: 0.4582 (mae 0.0084 mrstft 0.3745) - lr: 1.00e-04 - 7.4s
Epoch 167/300 - loss: 0.4617 (mae 0.0090 mrstft 0.3717) - val: 0.4564 (mae 0.0083 mrstft 0.3732) - lr: 1.00e-04 - 7.5s
Epoch 168/300 - loss: 0.4588 (mae 0.0089 mrstft 0.3697) - val: 0.4536 (mae 0.0082 mrstft 0.3719) - lr: 1.00e-04 - 7.5s
Epoch 169/300 - loss: 0.4571 (mae 0.0089 mrstft 0.3678) - val: 0.4542 (mae 0.0084 mrstft 0.3706) - lr: 1.00e-04 - 7.5s
Epoch 170/300 - loss: 0.4512 (mae 0.0085 mrstft 0.3661) - val: 0.4539 (mae 0.0085 mrstft 0.3694) - lr: 1.00e-04 - 7.6s
Epoch 171/300 - loss: 0.4474 (mae 0.0084 mrstft 0.3632) - val: 0.4442 (mae 0.0080 mrstft 0.3647) - lr: 1.00e-04 - 7.6s
Epoch 172/300 - loss: 0.4440 (mae 0.0083 mrstft 0.3611) - val: 0.4391 (mae 0.0076 mrstft 0.3634) - lr: 1.00e-04 - 7.4s
Epoch 173/300 - loss: 0.4425 (mae 0.0083 mrstft 0.3593) - val: 0.4408 (mae 0.0077 mrstft 0.3642) - lr: 1.00e-04 - 7.4s
Epoch 174/300 - loss: 0.4379 (mae 0.0081 mrstft 0.3569) - val: 0.4452 (mae 0.0084 mrstft 0.3611) - lr: 1.00e-04 - 7.4s
Epoch 175/300 - loss: 0.4366 (mae 0.0082 mrstft 0.3548) - val: 0.4310 (mae 0.0074 mrstft 0.3574) - lr: 1.00e-04 - 7.4s
Epoch 176/300 - loss: 0.4338 (mae 0.0080 mrstft 0.3538) - val: 0.4261 (mae 0.0071 mrstft 0.3551) - lr: 1.00e-04 - 7.4s
Epoch 177/300 - loss: 0.4293 (mae 0.0077 mrstft 0.3521) - val: 0.4365 (mae 0.0080 mrstft 0.3560) - lr: 1.00e-04 - 7.5s
Epoch 178/300 - loss: 0.4246 (mae 0.0075 mrstft 0.3494) - val: 0.4305 (mae 0.0079 mrstft 0.3518) - lr: 1.00e-04 - 7.6s
Epoch 179/300 - loss: 0.4225 (mae 0.0076 mrstft 0.3464) - val: 0.4247 (mae 0.0076 mrstft 0.3482) - lr: 1.00e-04 - 7.6s
Epoch 180/300 - loss: 0.4195 (mae 0.0075 mrstft 0.3443) - val: 0.4133 (mae 0.0067 mrstft 0.3459) - lr: 1.00e-04 - 7.5s
Epoch 181/300 - loss: 0.4189 (mae 0.0076 mrstft 0.3429) - val: 0.4150 (mae 0.0070 mrstft 0.3452) - lr: 1.00e-04 - 7.4s
Epoch 182/300 - loss: 0.4136 (mae 0.0074 mrstft 0.3400) - val: 0.4076 (mae 0.0067 mrstft 0.3407) - lr: 1.00e-04 - 7.4s
Epoch 183/300 - loss: 0.4076 (mae 0.0070 mrstft 0.3372) - val: 0.4071 (mae 0.0067 mrstft 0.3396) - lr: 1.00e-04 - 7.4s
Epoch 184/300 - loss: 0.4022 (mae 0.0068 mrstft 0.3347) - val: 0.4045 (mae 0.0066 mrstft 0.3383) - lr: 1.00e-04 - 7.4s
Epoch 185/300 - loss: 0.4032 (mae 0.0070 mrstft 0.3331) - val: 0.3987 (mae 0.0064 mrstft 0.3345) - lr: 1.00e-04 - 7.4s
Epoch 186/300 - loss: 0.4008 (mae 0.0070 mrstft 0.3311) - val: 0.4000 (mae 0.0067 mrstft 0.3335) - lr: 1.00e-04 - 7.4s
Epoch 187/300 - loss: 0.3982 (mae 0.0068 mrstft 0.3297) - val: 0.4067 (mae 0.0073 mrstft 0.3333) - lr: 1.00e-04 - 7.4s
Epoch 188/300 - loss: 0.3947 (mae 0.0066 mrstft 0.3291) - val: 0.4025 (mae 0.0066 mrstft 0.3367) - lr: 1.00e-04 - 7.5s
Epoch 189/300 - loss: 0.3919 (mae 0.0065 mrstft 0.3270) - val: 0.3885 (mae 0.0059 mrstft 0.3294) - lr: 1.00e-04 - 7.6s
Epoch 190/300 - loss: 0.3883 (mae 0.0064 mrstft 0.3248) - val: 0.3846 (mae 0.0060 mrstft 0.3250) - lr: 1.00e-04 - 7.4s
Epoch 191/300 - loss: 0.3850 (mae 0.0063 mrstft 0.3225) - val: 0.3817 (mae 0.0059 mrstft 0.3230) - lr: 1.00e-04 - 7.5s
Epoch 192/300 - loss: 0.3836 (mae 0.0062 mrstft 0.3213) - val: 0.3848 (mae 0.0058 mrstft 0.3267) - lr: 1.00e-04 - 7.6s
Epoch 193/300 - loss: 0.3836 (mae 0.0063 mrstft 0.3209) - val: 0.3808 (mae 0.0058 mrstft 0.3229) - lr: 1.00e-04 - 7.6s
Epoch 194/300 - loss: 0.3796 (mae 0.0061 mrstft 0.3189) - val: 0.3761 (mae 0.0056 mrstft 0.3202) - lr: 1.00e-04 - 7.4s
Epoch 195/300 - loss: 0.3771 (mae 0.0060 mrstft 0.3170) - val: 0.3945 (mae 0.0074 mrstft 0.3207) - lr: 1.00e-04 - 7.4s
Epoch 196/300 - loss: 0.3765 (mae 0.0060 mrstft 0.3161) - val: 0.3739 (mae 0.0056 mrstft 0.3179) - lr: 1.00e-04 - 7.3s
Epoch 197/300 - loss: 0.3719 (mae 0.0058 mrstft 0.3140) - val: 0.3809 (mae 0.0064 mrstft 0.3171) - lr: 1.00e-04 - 7.4s
Epoch 198/300 - loss: 0.3727 (mae 0.0060 mrstft 0.3129) - val: 0.3699 (mae 0.0054 mrstft 0.3157) - lr: 1.00e-04 - 7.4s
Epoch 199/300 - loss: 0.3715 (mae 0.0060 mrstft 0.3117) - val: 0.3678 (mae 0.0054 mrstft 0.3142) - lr: 1.00e-04 - 7.5s
Epoch 200/300 - loss: 0.3671 (mae 0.0057 mrstft 0.3103) - val: 0.3672 (mae 0.0055 mrstft 0.3126) - lr: 1.00e-04 - 7.5s
Epoch 201/300 - loss: 0.3658 (mae 0.0057 mrstft 0.3086) - val: 0.3649 (mae 0.0054 mrstft 0.3111) - lr: 1.00e-04 - 7.6s
Epoch 202/300 - loss: 0.3639 (mae 0.0056 mrstft 0.3075) - val: 0.3629 (mae 0.0053 mrstft 0.3103) - lr: 1.00e-04 - 7.6s
Epoch 203/300 - loss: 0.3654 (mae 0.0059 mrstft 0.3067) - val: 0.3656 (mae 0.0056 mrstft 0.3097) - lr: 1.00e-04 - 7.4s
Epoch 204/300 - loss: 0.3617 (mae 0.0056 mrstft 0.3057) - val: 0.3607 (mae 0.0051 mrstft 0.3092) - lr: 1.00e-04 - 7.4s
Epoch 205/300 - loss: 0.3590 (mae 0.0055 mrstft 0.3038) - val: 0.3573 (mae 0.0051 mrstft 0.3060) - lr: 1.00e-04 - 7.3s
Epoch 206/300 - loss: 0.3608 (mae 0.0057 mrstft 0.3036) - val: 0.3672 (mae 0.0061 mrstft 0.3064) - lr: 1.00e-04 - 7.6s
Epoch 207/300 - loss: 0.3573 (mae 0.0055 mrstft 0.3020) - val: 0.3612 (mae 0.0057 mrstft 0.3047) - lr: 1.00e-04 - 7.7s
Epoch 208/300 - loss: 0.3553 (mae 0.0054 mrstft 0.3013) - val: 0.3544 (mae 0.0051 mrstft 0.3037) - lr: 1.00e-04 - 7.6s
Epoch 209/300 - loss: 0.3570 (mae 0.0056 mrstft 0.3010) - val: 0.3643 (mae 0.0060 mrstft 0.3038) - lr: 1.00e-04 - 7.4s
Epoch 210/300 - loss: 0.3548 (mae 0.0054 mrstft 0.3006) - val: 0.3521 (mae 0.0050 mrstft 0.3020) - lr: 1.00e-04 - 7.4s
Epoch 211/300 - loss: 0.3518 (mae 0.0053 mrstft 0.2986) - val: 0.3522 (mae 0.0051 mrstft 0.3015) - lr: 1.00e-04 - 7.3s
Epoch 212/300 - loss: 0.3546 (mae 0.0057 mrstft 0.2980) - val: 0.3600 (mae 0.0059 mrstft 0.3009) - lr: 1.00e-04 - 7.4s
Epoch 213/300 - loss: 0.3503 (mae 0.0053 mrstft 0.2972) - val: 0.3608 (mae 0.0059 mrstft 0.3018) - lr: 1.00e-04 - 7.5s
Epoch 214/300 - loss: 0.3512 (mae 0.0054 mrstft 0.2970) - val: 0.3569 (mae 0.0057 mrstft 0.2996) - lr: 1.00e-04 - 7.4s
Epoch 215/300 - loss: 0.3478 (mae 0.0051 mrstft 0.2965) - val: 0.3467 (mae 0.0048 mrstft 0.2990) - lr: 1.00e-04 - 7.4s
Epoch 216/300 - loss: 0.3471 (mae 0.0052 mrstft 0.2955) - val: 0.3461 (mae 0.0049 mrstft 0.2975) - lr: 1.00e-04 - 6.8s
Epoch 217/300 - loss: 0.3452 (mae 0.0051 mrstft 0.2943) - val: 0.3438 (mae 0.0048 mrstft 0.2955) - lr: 1.00e-04 - 7.5s
Epoch 218/300 - loss: 0.3418 (mae 0.0049 mrstft 0.2923) - val: 0.3439 (mae 0.0047 mrstft 0.2974) - lr: 1.00e-04 - 7.5s
Epoch 219/300 - loss: 0.3419 (mae 0.0050 mrstft 0.2917) - val: 0.3436 (mae 0.0049 mrstft 0.2944) - lr: 1.00e-04 - 7.6s
Epoch 220/300 - loss: 0.3428 (mae 0.0052 mrstft 0.2909) - val: 0.3500 (mae 0.0054 mrstft 0.2957) - lr: 1.00e-04 - 7.6s
Epoch 221/300 - loss: 0.3410 (mae 0.0051 mrstft 0.2902) - val: 0.3438 (mae 0.0049 mrstft 0.2953) - lr: 1.00e-04 - 7.6s
Epoch 222/300 - loss: 0.3407 (mae 0.0050 mrstft 0.2905) - val: 0.3413 (mae 0.0047 mrstft 0.2938) - lr: 1.00e-04 - 7.3s
Epoch 223/300 - loss: 0.3399 (mae 0.0050 mrstft 0.2899) - val: 0.3406 (mae 0.0048 mrstft 0.2930) - lr: 1.00e-04 - 7.4s
Epoch 224/300 - loss: 0.3396 (mae 0.0051 mrstft 0.2890) - val: 0.3389 (mae 0.0047 mrstft 0.2922) - lr: 1.00e-04 - 7.4s
Epoch 225/300 - loss: 0.3370 (mae 0.0049 mrstft 0.2879) - val: 0.3377 (mae 0.0047 mrstft 0.2911) - lr: 1.00e-04 - 7.3s
Epoch 226/300 - loss: 0.3355 (mae 0.0049 mrstft 0.2869) - val: 0.3352 (mae 0.0046 mrstft 0.2895) - lr: 1.00e-04 - 7.5s
Epoch 227/300 - loss: 0.3359 (mae 0.0049 mrstft 0.2870) - val: 0.3391 (mae 0.0050 mrstft 0.2890) - lr: 1.00e-04 - 7.5s
Epoch 228/300 - loss: 0.3360 (mae 0.0049 mrstft 0.2868) - val: 0.3362 (mae 0.0046 mrstft 0.2905) - lr: 1.00e-04 - 7.5s
Epoch 229/300 - loss: 0.3329 (mae 0.0048 mrstft 0.2854) - val: 0.3363 (mae 0.0047 mrstft 0.2894) - lr: 1.00e-04 - 7.6s
Epoch 230/300 - loss: 0.3326 (mae 0.0048 mrstft 0.2849) - val: 0.3448 (mae 0.0056 mrstft 0.2891) - lr: 1.00e-04 - 7.5s
Epoch 231/300 - loss: 0.3335 (mae 0.0049 mrstft 0.2843) - val: 0.3468 (mae 0.0055 mrstft 0.2913) - lr: 1.00e-04 - 7.4s
Epoch 232/300 - loss: 0.3326 (mae 0.0049 mrstft 0.2840) - val: 0.3353 (mae 0.0049 mrstft 0.2863) - lr: 1.00e-04 - 7.4s
Epoch 233/300 - loss: 0.3322 (mae 0.0048 mrstft 0.2839) - val: 0.3331 (mae 0.0046 mrstft 0.2873) - lr: 1.00e-04 - 7.4s
Epoch 234/300 - loss: 0.3319 (mae 0.0049 mrstft 0.2832) - val: 0.3448 (mae 0.0048 mrstft 0.2967) - lr: 1.00e-04 - 7.4s
Epoch 235/300 - loss: 0.3314 (mae 0.0048 mrstft 0.2832) - val: 0.3291 (mae 0.0044 mrstft 0.2854) - lr: 1.00e-04 - 7.5s
Epoch 236/300 - loss: 0.3286 (mae 0.0047 mrstft 0.2817) - val: 0.3299 (mae 0.0044 mrstft 0.2855) - lr: 1.00e-04 - 7.6s
Epoch 237/300 - loss: 0.3290 (mae 0.0048 mrstft 0.2809) - val: 0.3290 (mae 0.0045 mrstft 0.2836) - lr: 1.00e-04 - 7.5s
Epoch 238/300 - loss: 0.3281 (mae 0.0048 mrstft 0.2804) - val: 0.3274 (mae 0.0044 mrstft 0.2831) - lr: 1.00e-04 - 7.6s
Epoch 239/300 - loss: 0.3260 (mae 0.0046 mrstft 0.2796) - val: 0.3256 (mae 0.0043 mrstft 0.2829) - lr: 1.00e-04 - 7.7s
Epoch 240/300 - loss: 0.3244 (mae 0.0046 mrstft 0.2787) - val: 0.3299 (mae 0.0047 mrstft 0.2830) - lr: 1.00e-04 - 7.6s
Epoch 241/300 - loss: 0.3275 (mae 0.0049 mrstft 0.2786) - val: 0.3372 (mae 0.0054 mrstft 0.2829) - lr: 1.00e-04 - 7.5s
Epoch 242/300 - loss: 0.3249 (mae 0.0047 mrstft 0.2781) - val: 0.3254 (mae 0.0044 mrstft 0.2817) - lr: 1.00e-04 - 7.5s
Epoch 243/300 - loss: 0.3253 (mae 0.0048 mrstft 0.2775) - val: 0.3212 (mae 0.0042 mrstft 0.2792) - lr: 1.00e-04 - 7.4s
Epoch 244/300 - loss: 0.3229 (mae 0.0046 mrstft 0.2773) - val: 0.3362 (mae 0.0054 mrstft 0.2817) - lr: 1.00e-04 - 7.3s
Epoch 245/300 - loss: 0.3229 (mae 0.0046 mrstft 0.2771) - val: 0.3223 (mae 0.0043 mrstft 0.2790) - lr: 1.00e-04 - 7.6s
Epoch 246/300 - loss: 0.3220 (mae 0.0045 mrstft 0.2766) - val: 0.3208 (mae 0.0043 mrstft 0.2783) - lr: 1.00e-04 - 7.6s
Epoch 247/300 - loss: 0.3226 (mae 0.0047 mrstft 0.2757) - val: 0.3232 (mae 0.0044 mrstft 0.2790) - lr: 1.00e-04 - 7.7s
Epoch 248/300 - loss: 0.3206 (mae 0.0046 mrstft 0.2748) - val: 0.3214 (mae 0.0042 mrstft 0.2793) - lr: 1.00e-04 - 7.5s
Epoch 249/300 - loss: 0.3199 (mae 0.0045 mrstft 0.2750) - val: 0.3194 (mae 0.0042 mrstft 0.2770) - lr: 1.00e-04 - 7.5s
Epoch 250/300 - loss: 0.3191 (mae 0.0045 mrstft 0.2744) - val: 0.3300 (mae 0.0051 mrstft 0.2793) - lr: 1.00e-04 - 7.4s
Epoch 251/300 - loss: 0.3187 (mae 0.0045 mrstft 0.2740) - val: 0.3207 (mae 0.0042 mrstft 0.2785) - lr: 1.00e-04 - 7.4s
Epoch 252/300 - loss: 0.3182 (mae 0.0044 mrstft 0.2739) - val: 0.3188 (mae 0.0043 mrstft 0.2763) - lr: 1.00e-04 - 7.4s
Epoch 253/300 - loss: 0.3174 (mae 0.0044 mrstft 0.2731) - val: 0.3280 (mae 0.0051 mrstft 0.2770) - lr: 1.00e-04 - 7.4s
Epoch 254/300 - loss: 0.3188 (mae 0.0046 mrstft 0.2729) - val: 0.3203 (mae 0.0045 mrstft 0.2751) - lr: 1.00e-04 - 7.5s
Epoch 255/300 - loss: 0.3173 (mae 0.0045 mrstft 0.2723) - val: 0.3249 (mae 0.0050 mrstft 0.2752) - lr: 1.00e-04 - 7.5s
Epoch 256/300 - loss: 0.3164 (mae 0.0044 mrstft 0.2721) - val: 0.3189 (mae 0.0045 mrstft 0.2740) - lr: 1.00e-04 - 7.6s
Epoch 257/300 - loss: 0.3164 (mae 0.0045 mrstft 0.2716) - val: 0.3136 (mae 0.0040 mrstft 0.2735) - lr: 1.00e-04 - 7.6s
Epoch 258/300 - loss: 0.3163 (mae 0.0045 mrstft 0.2717) - val: 0.3160 (mae 0.0042 mrstft 0.2745) - lr: 1.00e-04 - 7.5s
Epoch 259/300 - loss: 0.3145 (mae 0.0044 mrstft 0.2702) - val: 0.3153 (mae 0.0042 mrstft 0.2732) - lr: 1.00e-04 - 7.3s
Epoch 260/300 - loss: 0.3127 (mae 0.0043 mrstft 0.2699) - val: 0.3216 (mae 0.0048 mrstft 0.2732) - lr: 1.00e-04 - 7.6s
Epoch 261/300 - loss: 0.3128 (mae 0.0043 mrstft 0.2696) - val: 0.3170 (mae 0.0045 mrstft 0.2724) - lr: 1.00e-04 - 7.6s
Epoch 262/300 - loss: 0.3128 (mae 0.0043 mrstft 0.2694) - val: 0.3279 (mae 0.0053 mrstft 0.2747) - lr: 1.00e-04 - 7.6s
Epoch 263/300 - loss: 0.3126 (mae 0.0043 mrstft 0.2692) - val: 0.3169 (mae 0.0044 mrstft 0.2731) - lr: 1.00e-04 - 7.4s
Epoch 264/300 - loss: 0.3142 (mae 0.0045 mrstft 0.2689) - val: 0.3169 (mae 0.0044 mrstft 0.2726) - lr: 1.00e-04 - 7.4s
Epoch 265/300 - loss: 0.3132 (mae 0.0045 mrstft 0.2686) - val: 0.3188 (mae 0.0047 mrstft 0.2723) - lr: 1.00e-04 - 7.5s
Epoch 266/300 - loss: 0.3127 (mae 0.0044 mrstft 0.2688) - val: 0.3306 (mae 0.0055 mrstft 0.2757) - lr: 1.00e-04 - 7.5s
Epoch 267/300 - loss: 0.3142 (mae 0.0045 mrstft 0.2689) - val: 0.3139 (mae 0.0044 mrstft 0.2704) - lr: 1.00e-04 - 7.5s
Epoch 268/300 - loss: 0.3115 (mae 0.0044 mrstft 0.2678) - val: 0.3148 (mae 0.0043 mrstft 0.2717) - lr: 1.00e-04 - 7.5s
Epoch 269/300 - loss: 0.3105 (mae 0.0043 mrstft 0.2680) - val: 0.3104 (mae 0.0040 mrstft 0.2708) - lr: 1.00e-04 - 7.5s
Epoch 270/300 - loss: 0.3110 (mae 0.0043 mrstft 0.2680) - val: 0.3108 (mae 0.0041 mrstft 0.2697) - lr: 1.00e-04 - 7.4s
Epoch 271/300 - loss: 0.3115 (mae 0.0045 mrstft 0.2669) - val: 0.3219 (mae 0.0052 mrstft 0.2700) - lr: 1.00e-04 - 7.4s
Epoch 272/300 - loss: 0.3100 (mae 0.0044 mrstft 0.2663) - val: 0.3069 (mae 0.0039 mrstft 0.2681) - lr: 1.00e-04 - 7.6s
Epoch 273/300 - loss: 0.3092 (mae 0.0043 mrstft 0.2662) - val: 0.3094 (mae 0.0040 mrstft 0.2691) - lr: 1.00e-04 - 7.6s
Epoch 274/300 - loss: 0.3084 (mae 0.0043 mrstft 0.2653) - val: 0.3214 (mae 0.0051 mrstft 0.2706) - lr: 1.00e-04 - 7.6s
Epoch 275/300 - loss: 0.3094 (mae 0.0044 mrstft 0.2655) - val: 0.3132 (mae 0.0045 mrstft 0.2684) - lr: 1.00e-04 - 7.4s
Epoch 276/300 - loss: 0.3087 (mae 0.0043 mrstft 0.2654) - val: 0.3068 (mae 0.0040 mrstft 0.2672) - lr: 1.00e-04 - 7.6s
Epoch 277/300 - loss: 0.3087 (mae 0.0044 mrstft 0.2648) - val: 0.3082 (mae 0.0041 mrstft 0.2672) - lr: 1.00e-04 - 7.5s
Epoch 278/300 - loss: 0.3065 (mae 0.0042 mrstft 0.2642) - val: 0.3249 (mae 0.0055 mrstft 0.2697) - lr: 1.00e-04 - 7.4s
Epoch 279/300 - loss: 0.3053 (mae 0.0041 mrstft 0.2638) - val: 0.3056 (mae 0.0039 mrstft 0.2663) - lr: 1.00e-04 - 7.5s
Epoch 280/300 - loss: 0.3077 (mae 0.0043 mrstft 0.2645) - val: 0.3072 (mae 0.0041 mrstft 0.2666) - lr: 1.00e-04 - 7.6s
Epoch 281/300 - loss: 0.3045 (mae 0.0041 mrstft 0.2631) - val: 0.3051 (mae 0.0038 mrstft 0.2668) - lr: 1.00e-04 - 7.5s
Epoch 282/300 - loss: 0.3061 (mae 0.0043 mrstft 0.2629) - val: 0.3071 (mae 0.0042 mrstft 0.2655) - lr: 1.00e-04 - 7.6s
Epoch 283/300 - loss: 0.3045 (mae 0.0042 mrstft 0.2623) - val: 0.3064 (mae 0.0041 mrstft 0.2655) - lr: 1.00e-04 - 7.6s
Epoch 284/300 - loss: 0.3043 (mae 0.0041 mrstft 0.2628) - val: 0.3074 (mae 0.0042 mrstft 0.2657) - lr: 1.00e-04 - 7.6s
Epoch 285/300 - loss: 0.3041 (mae 0.0042 mrstft 0.2621) - val: 0.3059 (mae 0.0040 mrstft 0.2662) - lr: 1.00e-04 - 7.4s
Epoch 286/300 - loss: 0.3046 (mae 0.0042 mrstft 0.2625) - val: 0.3112 (mae 0.0045 mrstft 0.2661) - lr: 1.00e-04 - 7.3s
Epoch 287/300 - loss: 0.3048 (mae 0.0042 mrstft 0.2624) - val: 0.3046 (mae 0.0040 mrstft 0.2649) - lr: 1.00e-04 - 7.4s
Epoch 288/300 - loss: 0.3029 (mae 0.0041 mrstft 0.2619) - val: 0.3077 (mae 0.0042 mrstft 0.2656) - lr: 1.00e-04 - 7.4s
Epoch 289/300 - loss: 0.3048 (mae 0.0042 mrstft 0.2628) - val: 0.3159 (mae 0.0044 mrstft 0.2714) - lr: 1.00e-04 - 7.3s
Epoch 290/300 - loss: 0.3046 (mae 0.0042 mrstft 0.2624) - val: 0.3061 (mae 0.0041 mrstft 0.2647) - lr: 1.00e-04 - 7.5s
Epoch 291/300 - loss: 0.3023 (mae 0.0041 mrstft 0.2616) - val: 0.3066 (mae 0.0042 mrstft 0.2643) - lr: 1.00e-04 - 7.4s
Epoch 292/300 - loss: 0.3014 (mae 0.0041 mrstft 0.2605) - val: 0.3033 (mae 0.0040 mrstft 0.2633) - lr: 1.00e-04 - 7.5s
Epoch 293/300 - loss: 0.3007 (mae 0.0041 mrstft 0.2602) - val: 0.3059 (mae 0.0042 mrstft 0.2637) - lr: 1.00e-04 - 7.6s
Epoch 294/300 - loss: 0.3021 (mae 0.0042 mrstft 0.2605) - val: 0.3047 (mae 0.0042 mrstft 0.2626) - lr: 1.00e-04 - 7.7s
Epoch 295/300 - loss: 0.3018 (mae 0.0042 mrstft 0.2597) - val: 0.3059 (mae 0.0042 mrstft 0.2638) - lr: 1.00e-04 - 7.7s
Epoch 296/300 - loss: 0.3018 (mae 0.0043 mrstft 0.2593) - val: 0.3007 (mae 0.0038 mrstft 0.2623) - lr: 1.00e-04 - 7.5s
Epoch 297/300 - loss: 0.2997 (mae 0.0041 mrstft 0.2590) - val: 0.2993 (mae 0.0038 mrstft 0.2610) - lr: 1.00e-04 - 7.4s
Epoch 298/300 - loss: 0.2986 (mae 0.0040 mrstft 0.2586) - val: 0.3013 (mae 0.0040 mrstft 0.2614) - lr: 1.00e-04 - 7.4s
Epoch 299/300 - loss: 0.2994 (mae 0.0041 mrstft 0.2580) - val: 0.3032 (mae 0.0042 mrstft 0.2610) - lr: 1.00e-04 - 7.4s
Epoch 300/300 - loss: 0.2998 (mae 0.0042 mrstft 0.2582) - val: 0.3122 (mae 0.0049 mrstft 0.2631) - lr: 1.00e-04 - 7.5s
Training complete in 36.3m (2178s)
Best val_loss: 0.2993
Total batches skipped (bad gradients): 11
Weights exported to models/dist_12_gru128_l1x10\weights.json
Loss history saved to models/dist_12_gru128_l1x10\loss_history.csv
