Loading training data...
  20Hz (knob=0.000): 1523 windows
  60Hz (knob=0.159): 1523 windows
  100Hz (knob=0.233): 1523 windows
  125Hz (knob=0.265): 1523 windows
  250Hz (knob=0.366): 1523 windows
  500Hz (knob=0.466): 1523 windows
  800Hz (knob=0.534): 1523 windows
  1000Hz (knob=0.566): 1523 windows
  2000Hz (knob=0.667): 1523 windows
  4000Hz (knob=0.767): 1523 windows
  8000Hz (knob=0.867): 1523 windows
  12000Hz (knob=0.926): 1523 windows
  16000Hz (knob=0.968): 1523 windows
  20000Hz (knob=1.000): 1523 windows
Loading validation data...
  20Hz (knob=0.000): 234 windows
  60Hz (knob=0.159): 234 windows
  100Hz (knob=0.233): 234 windows
  125Hz (knob=0.265): 234 windows
  250Hz (knob=0.366): 234 windows
  500Hz (knob=0.466): 234 windows
  800Hz (knob=0.534): 234 windows
  1000Hz (knob=0.566): 234 windows
  2000Hz (knob=0.667): 234 windows
  4000Hz (knob=0.767): 234 windows
  8000Hz (knob=0.867): 234 windows
  12000Hz (knob=0.926): 234 windows
  16000Hz (knob=0.968): 234 windows
  20000Hz (knob=1.000): 234 windows
Train windows: 21322, Val windows: 3276, Sample rate: 48000
Using device: cuda
Epoch 1/300 - loss: 50.6728 - val_loss: 0.3406 - lr: 1.00e-03 - 7.8s
Epoch 2/300 - loss: 0.2764 - val_loss: 0.3523 - lr: 1.00e-03 - 7.5s
Epoch 3/300 - loss: 0.2622 - val_loss: 0.3211 - lr: 1.00e-03 - 7.4s
Epoch 4/300 - loss: 0.2458 - val_loss: 0.3168 - lr: 1.00e-03 - 7.6s
Epoch 5/300 - loss: 0.2304 - val_loss: 0.3294 - lr: 1.00e-03 - 8.3s
Epoch 6/300 - loss: 0.2174 - val_loss: 0.3099 - lr: 1.00e-03 - 8.2s
Epoch 7/300 - loss: 0.2135 - val_loss: 0.3209 - lr: 1.00e-03 - 8.2s
Epoch 8/300 - loss: 0.2070 - val_loss: 0.2990 - lr: 1.00e-03 - 7.7s
Epoch 9/300 - loss: 0.1996 - val_loss: 0.2889 - lr: 1.00e-03 - 7.5s
Epoch 10/300 - loss: 0.1736 - val_loss: 0.1583 - lr: 1.00e-03 - 7.4s
Epoch 11/300 - loss: 0.1095 - val_loss: 0.0403 - lr: 1.00e-03 - 7.4s
Epoch 12/300 - loss: 0.0646 - val_loss: 0.0141 - lr: 1.00e-03 - 7.4s
Epoch 13/300 - loss: 0.0509 - val_loss: 0.0101 - lr: 1.00e-03 - 7.4s
Epoch 14/300 - loss: 0.0352 - val_loss: 0.0108 - lr: 1.00e-03 - 7.7s
Epoch 15/300 - loss: 0.0298 - val_loss: 0.0060 - lr: 1.00e-03 - 7.5s
Epoch 16/300 - loss: 0.0280 - val_loss: 0.0235 - lr: 1.00e-03 - 7.6s
Epoch 17/300 - loss: 0.0241 - val_loss: 0.0090 - lr: 1.00e-03 - 7.5s
Epoch 18/300 - loss: 0.0219 - val_loss: 0.0125 - lr: 1.00e-03 - 7.6s
Epoch 19/300 - loss: 0.0247 - val_loss: 0.0033 - lr: 1.00e-03 - 7.5s
Epoch 20/300 - loss: 0.0198 - val_loss: 0.0286 - lr: 1.00e-03 - 7.5s
Epoch 21/300 - loss: 0.0190 - val_loss: 0.0095 - lr: 1.00e-03 - 7.6s
Epoch 22/300 - loss: 0.0175 - val_loss: 0.0051 - lr: 1.00e-03 - 7.8s
Epoch 23/300 - loss: 0.0178 - val_loss: 0.0036 - lr: 1.00e-03 - 7.5s
Epoch 24/300 - loss: 0.0168 - val_loss: 0.0045 - lr: 1.00e-03 - 8.0s
Epoch 25/300 - loss: 0.0138 - val_loss: 0.0051 - lr: 1.00e-03 - 7.8s
Epoch 26/300 - loss: 0.0176 - val_loss: 0.0025 - lr: 1.00e-03 - 7.5s
Epoch 27/300 - loss: 0.0154 - val_loss: 0.0048 - lr: 1.00e-03 - 7.5s
Epoch 28/300 - loss: 0.0141 - val_loss: 0.0067 - lr: 1.00e-03 - 7.4s
Epoch 29/300 - loss: 0.0174 - val_loss: 0.0019 - lr: 1.00e-03 - 7.4s
Epoch 30/300 - loss: 0.0184 - val_loss: 0.0069 - lr: 1.00e-03 - 7.4s
Epoch 31/300 - loss: 0.0135 - val_loss: 0.0070 - lr: 1.00e-03 - 7.4s
Epoch 32/300 - loss: 0.0141 - val_loss: 0.0022 - lr: 1.00e-03 - 7.4s
Epoch 33/300 - loss: 0.0142 - val_loss: 0.0020 - lr: 1.00e-03 - 7.5s
Epoch 34/300 - loss: 0.0125 - val_loss: 0.0024 - lr: 1.00e-03 - 7.5s
Epoch 35/300 - loss: 0.0145 - val_loss: 0.0029 - lr: 1.00e-03 - 7.4s
Epoch 36/300 - loss: 0.0142 - val_loss: 0.0053 - lr: 1.00e-03 - 7.4s
Epoch 37/300 - loss: 0.0152 - val_loss: 0.0096 - lr: 1.00e-03 - 7.5s
Epoch 38/300 - loss: 0.0181 - val_loss: 0.0095 - lr: 1.00e-03 - 7.5s
Epoch 39/300 - loss: 0.0136 - val_loss: 0.0045 - lr: 1.00e-03 - 8.3s
Epoch 40/300 - loss: 0.0115 - val_loss: 0.0012 - lr: 1.00e-03 - 8.3s
Epoch 41/300 - loss: 0.0143 - val_loss: 0.0055 - lr: 1.00e-03 - 8.4s
Epoch 42/300 - loss: 0.0119 - val_loss: 0.0011 - lr: 1.00e-03 - 8.1s
Epoch 43/300 - loss: 0.0098 - val_loss: 0.0024 - lr: 1.00e-03 - 7.4s
Epoch 44/300 - loss: 0.0108 - val_loss: 0.0007 - lr: 1.00e-03 - 7.5s
Epoch 45/300 - loss: 0.0127 - val_loss: 0.0098 - lr: 1.00e-03 - 7.6s
Epoch 46/300 - loss: 0.0086 - val_loss: 0.0014 - lr: 1.00e-03 - 7.5s
Epoch 47/300 - loss: 0.0123 - val_loss: 0.0008 - lr: 1.00e-03 - 7.9s
Epoch 48/300 - loss: 0.0098 - val_loss: 0.0013 - lr: 1.00e-03 - 7.6s
Epoch 49/300 - loss: 0.0139 - val_loss: 0.0053 - lr: 1.00e-03 - 7.5s
Epoch 50/300 - loss: 0.0109 - val_loss: 0.0029 - lr: 1.00e-03 - 7.5s
Epoch 51/300 - loss: 0.0105 - val_loss: 0.0016 - lr: 1.00e-03 - 7.5s
Epoch 52/300 - loss: 0.0100 - val_loss: 0.0050 - lr: 1.00e-03 - 7.5s
Epoch 53/300 - loss: 0.0146 - val_loss: 0.0012 - lr: 1.00e-03 - 7.5s
Epoch 54/300 - loss: 0.0089 - val_loss: 0.0013 - lr: 1.00e-03 - 7.4s
Epoch 55/300 - loss: 0.0122 - val_loss: 0.0016 - lr: 1.00e-03 - 7.5s
Epoch 56/300 - loss: 0.0094 - val_loss: 0.0017 - lr: 1.00e-03 - 7.4s
Epoch 57/300 - loss: 0.0085 - val_loss: 0.0018 - lr: 1.00e-03 - 7.7s
Epoch 58/300 - loss: 0.0091 - val_loss: 0.0022 - lr: 1.00e-03 - 8.4s
Epoch 59/300 - loss: 0.0110 - val_loss: 0.0046 - lr: 1.00e-03 - 8.3s
Epoch 60/300 - loss: 0.0096 - val_loss: 0.0009 - lr: 1.00e-03 - 8.3s
Epoch 61/300 - loss: 0.0098 - val_loss: 0.0005 - lr: 1.00e-03 - 8.2s
Epoch 62/300 - loss: 0.0094 - val_loss: 0.0013 - lr: 1.00e-03 - 8.2s
Epoch 63/300 - loss: 0.0075 - val_loss: 0.0007 - lr: 1.00e-03 - 8.2s
Epoch 64/300 - loss: 0.0111 - val_loss: 0.0007 - lr: 1.00e-03 - 8.2s
Epoch 65/300 - loss: 0.0077 - val_loss: 0.0011 - lr: 1.00e-03 - 8.4s
Epoch 66/300 - loss: 0.0085 - val_loss: 0.0017 - lr: 1.00e-03 - 8.2s
Epoch 67/300 - loss: 0.0086 - val_loss: 0.0004 - lr: 1.00e-03 - 8.2s
Epoch 68/300 - loss: 0.0108 - val_loss: 0.0028 - lr: 1.00e-03 - 8.4s
Epoch 69/300 - loss: 0.0083 - val_loss: 0.0005 - lr: 1.00e-03 - 8.5s
Epoch 70/300 - loss: 0.0080 - val_loss: 0.0027 - lr: 1.00e-03 - 8.2s
Epoch 71/300 - loss: 0.0078 - val_loss: 0.0011 - lr: 1.00e-03 - 7.6s
Epoch 72/300 - loss: 0.0101 - val_loss: 0.0006 - lr: 1.00e-03 - 7.4s
Epoch 73/300 - loss: 0.0118 - val_loss: 0.0268 - lr: 1.00e-03 - 7.6s
Epoch 74/300 - loss: 0.0097 - val_loss: 0.0006 - lr: 1.00e-03 - 7.4s
Epoch 75/300 - loss: 0.0097 - val_loss: 0.0007 - lr: 1.00e-03 - 7.4s
Epoch 76/300 - loss: 0.0084 - val_loss: 0.0021 - lr: 1.00e-03 - 7.4s
Epoch 77/300 - loss: 0.0083 - val_loss: 0.0032 - lr: 1.00e-03 - 7.4s
Epoch 78/300 - loss: 0.0069 - val_loss: 0.0015 - lr: 1.00e-03 - 7.5s
Epoch 79/300 - loss: 0.0094 - val_loss: 0.0041 - lr: 1.00e-03 - 7.6s
Epoch 80/300 - loss: 0.0082 - val_loss: 0.0027 - lr: 1.00e-03 - 7.6s
Epoch 81/300 - loss: 0.0072 - val_loss: 0.0004 - lr: 1.00e-03 - 7.7s
Epoch 82/300 - loss: 0.0085 - val_loss: 0.0037 - lr: 1.00e-03 - 7.5s
Epoch 83/300 - loss: 0.0086 - val_loss: 0.0017 - lr: 1.00e-03 - 7.7s
Epoch 84/300 - loss: 0.0074 - val_loss: 0.0011 - lr: 1.00e-03 - 7.7s
Epoch 85/300 - loss: 0.0090 - val_loss: 0.0037 - lr: 1.00e-03 - 7.4s
Epoch 86/300 - loss: 0.0077 - val_loss: 0.0019 - lr: 1.00e-03 - 7.4s
Epoch 87/300 - loss: 0.0103 - val_loss: 0.0035 - lr: 1.00e-03 - 8.0s
Epoch 88/300 - loss: 0.0060 - val_loss: 0.0003 - lr: 1.00e-03 - 7.4s
Epoch 89/300 - loss: 0.0081 - val_loss: 0.0011 - lr: 1.00e-03 - 8.1s
Epoch 90/300 - loss: 0.0083 - val_loss: 0.0010 - lr: 1.00e-03 - 7.6s
Epoch 91/300 - loss: 0.0072 - val_loss: 0.0025 - lr: 1.00e-03 - 7.6s
Epoch 92/300 - loss: 0.0068 - val_loss: 0.0007 - lr: 1.00e-03 - 7.6s
Epoch 93/300 - loss: 0.0066 - val_loss: 0.0005 - lr: 1.00e-03 - 7.6s
Epoch 94/300 - loss: 0.0080 - val_loss: 0.0009 - lr: 1.00e-03 - 7.6s
Epoch 95/300 - loss: 0.0083 - val_loss: 0.0004 - lr: 1.00e-03 - 7.5s
Epoch 96/300 - loss: 0.0083 - val_loss: 0.0014 - lr: 1.00e-03 - 7.4s
Epoch 97/300 - loss: 0.0099 - val_loss: 0.0008 - lr: 1.00e-03 - 7.4s
Epoch 98/300 - loss: 0.0076 - val_loss: 0.0007 - lr: 1.00e-03 - 7.8s
Epoch 99/300 - loss: 0.0077 - val_loss: 0.0005 - lr: 1.00e-03 - 8.2s
Epoch 100/300 - loss: 0.0077 - val_loss: 0.0004 - lr: 1.00e-03 - 7.5s
Epoch 101/300 - loss: 0.0070 - val_loss: 0.0013 - lr: 1.00e-03 - 7.4s
Epoch 102/300 - loss: 0.0096 - val_loss: 0.0010 - lr: 1.00e-03 - 7.5s
Epoch 103/300 - loss: 0.0068 - val_loss: 0.0009 - lr: 1.00e-03 - 7.7s
Epoch 104/300 - loss: 0.0069 - val_loss: 0.0010 - lr: 1.00e-03 - 7.5s
Epoch 105/300 - loss: 0.0066 - val_loss: 0.0050 - lr: 1.00e-03 - 7.4s
Epoch 106/300 - loss: 0.0098 - val_loss: 0.0081 - lr: 1.00e-03 - 7.4s
Epoch 107/300 - loss: 0.0067 - val_loss: 0.0010 - lr: 1.00e-03 - 7.4s
Epoch 108/300 - loss: 0.0068 - val_loss: 0.0011 - lr: 1.00e-03 - 7.7s
Epoch 109/300 - loss: 0.0103 - val_loss: 0.0020 - lr: 5.00e-04 - 8.4s
Epoch 110/300 - loss: 0.0020 - val_loss: 0.0003 - lr: 5.00e-04 - 8.2s
Epoch 111/300 - loss: 0.0027 - val_loss: 0.0002 - lr: 5.00e-04 - 8.3s
Epoch 112/300 - loss: 0.0021 - val_loss: 0.0003 - lr: 5.00e-04 - 8.2s
Epoch 113/300 - loss: 0.0020 - val_loss: 0.0003 - lr: 5.00e-04 - 8.3s
Epoch 114/300 - loss: 0.0029 - val_loss: 0.0031 - lr: 5.00e-04 - 8.0s
Epoch 115/300 - loss: 0.0022 - val_loss: 0.0003 - lr: 5.00e-04 - 8.2s
Epoch 116/300 - loss: 0.0023 - val_loss: 0.0004 - lr: 5.00e-04 - 7.5s
Epoch 117/300 - loss: 0.0019 - val_loss: 0.0005 - lr: 5.00e-04 - 7.5s
Epoch 118/300 - loss: 0.0023 - val_loss: 0.0003 - lr: 5.00e-04 - 7.4s
Epoch 119/300 - loss: 0.0019 - val_loss: 0.0006 - lr: 5.00e-04 - 7.5s
Epoch 120/300 - loss: 0.0027 - val_loss: 0.0003 - lr: 5.00e-04 - 7.4s
Epoch 121/300 - loss: 0.0023 - val_loss: 0.0003 - lr: 5.00e-04 - 7.4s
Epoch 122/300 - loss: 0.0020 - val_loss: 0.0004 - lr: 5.00e-04 - 7.5s
Epoch 123/300 - loss: 0.0020 - val_loss: 0.0004 - lr: 5.00e-04 - 8.1s
Epoch 124/300 - loss: 0.0019 - val_loss: 0.0003 - lr: 5.00e-04 - 8.2s
Epoch 125/300 - loss: 0.0022 - val_loss: 0.0003 - lr: 5.00e-04 - 7.8s
Epoch 126/300 - loss: 0.0024 - val_loss: 0.0009 - lr: 5.00e-04 - 7.4s
Epoch 127/300 - loss: 0.0025 - val_loss: 0.0003 - lr: 5.00e-04 - 7.4s
Epoch 128/300 - loss: 0.0022 - val_loss: 0.0003 - lr: 5.00e-04 - 7.4s
Epoch 129/300 - loss: 0.0023 - val_loss: 0.0003 - lr: 5.00e-04 - 7.6s
Epoch 130/300 - loss: 0.0021 - val_loss: 0.0005 - lr: 5.00e-04 - 7.6s
Epoch 131/300 - loss: 0.0023 - val_loss: 0.0004 - lr: 5.00e-04 - 7.4s
Epoch 132/300 - loss: 0.0022 - val_loss: 0.0003 - lr: 2.50e-04 - 7.4s
Epoch 133/300 - loss: 0.0009 - val_loss: 0.0002 - lr: 2.50e-04 - 8.1s
Epoch 134/300 - loss: 0.0009 - val_loss: 0.0002 - lr: 2.50e-04 - 8.1s
Epoch 135/300 - loss: 0.0009 - val_loss: 0.0002 - lr: 2.50e-04 - 8.2s
Epoch 136/300 - loss: 0.0009 - val_loss: 0.0003 - lr: 2.50e-04 - 8.2s
Epoch 137/300 - loss: 0.0011 - val_loss: 0.0002 - lr: 2.50e-04 - 8.2s
Epoch 138/300 - loss: 0.0009 - val_loss: 0.0003 - lr: 2.50e-04 - 7.8s
Epoch 139/300 - loss: 0.0010 - val_loss: 0.0003 - lr: 2.50e-04 - 7.3s
Epoch 140/300 - loss: 0.0011 - val_loss: 0.0003 - lr: 2.50e-04 - 7.4s
Epoch 141/300 - loss: 0.0010 - val_loss: 0.0002 - lr: 2.50e-04 - 7.4s
Epoch 142/300 - loss: 0.0010 - val_loss: 0.0003 - lr: 2.50e-04 - 7.3s
Epoch 143/300 - loss: 0.0011 - val_loss: 0.0002 - lr: 2.50e-04 - 7.9s
Epoch 144/300 - loss: 0.0009 - val_loss: 0.0002 - lr: 2.50e-04 - 8.3s
Epoch 145/300 - loss: 0.0010 - val_loss: 0.0003 - lr: 2.50e-04 - 8.1s
Epoch 146/300 - loss: 0.0012 - val_loss: 0.0003 - lr: 2.50e-04 - 8.5s
Epoch 147/300 - loss: 0.0010 - val_loss: 0.0003 - lr: 2.50e-04 - 8.2s
Epoch 148/300 - loss: 0.0010 - val_loss: 0.0004 - lr: 2.50e-04 - 8.5s
Epoch 149/300 - loss: 0.0011 - val_loss: 0.0003 - lr: 2.50e-04 - 8.1s
Epoch 150/300 - loss: 0.0010 - val_loss: 0.0003 - lr: 2.50e-04 - 8.4s
Epoch 151/300 - loss: 0.0011 - val_loss: 0.0003 - lr: 2.50e-04 - 8.0s
Epoch 152/300 - loss: 0.0010 - val_loss: 0.0002 - lr: 2.50e-04 - 7.3s
Epoch 153/300 - loss: 0.0009 - val_loss: 0.0003 - lr: 2.50e-04 - 7.4s
Epoch 154/300 - loss: 0.0012 - val_loss: 0.0004 - lr: 2.50e-04 - 7.4s
Epoch 155/300 - loss: 0.0011 - val_loss: 0.0003 - lr: 2.50e-04 - 7.4s
Epoch 156/300 - loss: 0.0008 - val_loss: 0.0003 - lr: 1.25e-04 - 7.7s
Epoch 157/300 - loss: 0.0006 - val_loss: 0.0002 - lr: 1.25e-04 - 7.6s
Epoch 158/300 - loss: 0.0006 - val_loss: 0.0003 - lr: 1.25e-04 - 7.6s
Epoch 159/300 - loss: 0.0006 - val_loss: 0.0002 - lr: 1.25e-04 - 7.6s
Epoch 160/300 - loss: 0.0006 - val_loss: 0.0002 - lr: 1.25e-04 - 7.4s
Epoch 161/300 - loss: 0.0006 - val_loss: 0.0002 - lr: 1.25e-04 - 7.5s
Epoch 162/300 - loss: 0.0006 - val_loss: 0.0002 - lr: 1.25e-04 - 7.4s
Epoch 163/300 - loss: 0.0006 - val_loss: 0.0002 - lr: 1.25e-04 - 7.4s
Epoch 164/300 - loss: 0.0007 - val_loss: 0.0004 - lr: 1.25e-04 - 7.4s
Epoch 165/300 - loss: 0.0006 - val_loss: 0.0002 - lr: 1.25e-04 - 7.4s
Epoch 166/300 - loss: 0.0006 - val_loss: 0.0003 - lr: 1.25e-04 - 7.3s
Epoch 167/300 - loss: 0.0007 - val_loss: 0.0002 - lr: 1.25e-04 - 7.5s
Epoch 168/300 - loss: 0.0006 - val_loss: 0.0002 - lr: 1.25e-04 - 7.4s
Epoch 169/300 - loss: 0.0006 - val_loss: 0.0002 - lr: 1.25e-04 - 7.9s
Epoch 170/300 - loss: 0.0007 - val_loss: 0.0002 - lr: 1.25e-04 - 8.2s
Epoch 171/300 - loss: 0.0006 - val_loss: 0.0002 - lr: 1.25e-04 - 8.2s
Epoch 172/300 - loss: 0.0005 - val_loss: 0.0002 - lr: 1.25e-04 - 8.3s
Epoch 173/300 - loss: 0.0006 - val_loss: 0.0003 - lr: 1.25e-04 - 8.1s
Epoch 174/300 - loss: 0.0006 - val_loss: 0.0002 - lr: 1.25e-04 - 7.4s
Epoch 175/300 - loss: 0.0006 - val_loss: 0.0002 - lr: 1.25e-04 - 7.4s
Epoch 176/300 - loss: 0.0006 - val_loss: 0.0002 - lr: 1.25e-04 - 7.4s
Epoch 177/300 - loss: 0.0007 - val_loss: 0.0002 - lr: 1.25e-04 - 7.7s
Epoch 178/300 - loss: 0.0006 - val_loss: 0.0002 - lr: 1.25e-04 - 7.4s
Epoch 179/300 - loss: 0.0006 - val_loss: 0.0002 - lr: 1.25e-04 - 7.4s
Epoch 180/300 - loss: 0.0006 - val_loss: 0.0002 - lr: 1.25e-04 - 7.5s
Epoch 181/300 - loss: 0.0006 - val_loss: 0.0002 - lr: 1.25e-04 - 7.4s
Epoch 182/300 - loss: 0.0006 - val_loss: 0.0002 - lr: 1.25e-04 - 7.4s
Epoch 183/300 - loss: 0.0006 - val_loss: 0.0003 - lr: 1.25e-04 - 7.5s
Epoch 184/300 - loss: 0.0006 - val_loss: 0.0003 - lr: 1.25e-04 - 7.4s
Epoch 185/300 - loss: 0.0007 - val_loss: 0.0003 - lr: 1.25e-04 - 7.4s
Epoch 186/300 - loss: 0.0005 - val_loss: 0.0002 - lr: 1.25e-04 - 7.5s
Epoch 187/300 - loss: 0.0006 - val_loss: 0.0003 - lr: 1.25e-04 - 7.4s
Epoch 188/300 - loss: 0.0006 - val_loss: 0.0002 - lr: 1.25e-04 - 7.4s
Epoch 189/300 - loss: 0.0006 - val_loss: 0.0002 - lr: 1.25e-04 - 7.4s
Epoch 190/300 - loss: 0.0006 - val_loss: 0.0002 - lr: 1.25e-04 - 7.4s
Epoch 191/300 - loss: 0.0006 - val_loss: 0.0003 - lr: 1.25e-04 - 8.1s
Epoch 192/300 - loss: 0.0006 - val_loss: 0.0003 - lr: 6.25e-05 - 8.3s
Epoch 193/300 - loss: 0.0005 - val_loss: 0.0002 - lr: 6.25e-05 - 8.5s
Epoch 194/300 - loss: 0.0004 - val_loss: 0.0002 - lr: 6.25e-05 - 8.5s
Epoch 195/300 - loss: 0.0005 - val_loss: 0.0002 - lr: 6.25e-05 - 8.3s
Epoch 196/300 - loss: 0.0005 - val_loss: 0.0003 - lr: 6.25e-05 - 8.2s
Epoch 197/300 - loss: 0.0005 - val_loss: 0.0002 - lr: 6.25e-05 - 8.2s
Epoch 198/300 - loss: 0.0004 - val_loss: 0.0002 - lr: 6.25e-05 - 8.2s
Epoch 199/300 - loss: 0.0005 - val_loss: 0.0002 - lr: 6.25e-05 - 7.6s
Epoch 200/300 - loss: 0.0005 - val_loss: 0.0002 - lr: 6.25e-05 - 7.4s
Epoch 201/300 - loss: 0.0005 - val_loss: 0.0002 - lr: 6.25e-05 - 7.5s
Epoch 202/300 - loss: 0.0005 - val_loss: 0.0003 - lr: 6.25e-05 - 7.7s
Epoch 203/300 - loss: 0.0005 - val_loss: 0.0002 - lr: 6.25e-05 - 7.5s
Epoch 204/300 - loss: 0.0005 - val_loss: 0.0003 - lr: 6.25e-05 - 7.7s
Epoch 205/300 - loss: 0.0005 - val_loss: 0.0002 - lr: 6.25e-05 - 7.7s
Epoch 206/300 - loss: 0.0004 - val_loss: 0.0002 - lr: 6.25e-05 - 7.4s
Epoch 207/300 - loss: 0.0005 - val_loss: 0.0002 - lr: 6.25e-05 - 7.5s
Epoch 208/300 - loss: 0.0005 - val_loss: 0.0002 - lr: 6.25e-05 - 7.4s
Epoch 209/300 - loss: 0.0005 - val_loss: 0.0002 - lr: 6.25e-05 - 7.4s
Epoch 210/300 - loss: 0.0005 - val_loss: 0.0003 - lr: 6.25e-05 - 7.4s
Epoch 211/300 - loss: 0.0005 - val_loss: 0.0002 - lr: 6.25e-05 - 7.4s
Early stopping: val_loss has not improved for 40 epochs.
Training complete in 27.1m (1626s)
Best val_loss: 0.0002 — loading best weights for export
Model saved to ref/13_moog_warmup256\weights.json
Loss history saved to ref/13_moog_warmup256\loss_history.csv
