Loading training data...
  trainingDry.wav: 4875 train, 1218 val windows
  training-10dBDry.wav: 4875 train, 1218 val windows
Total: 9750 train, 2436 val windows  sr=48000
Using device: cuda
Epoch 1/300 - loss: 2.1005 (mae 0.0701 mrstft 2.0303) - val: 1.9144 (mae 0.0544 mrstft 1.8600) - lr: 3.00e-04 - 5.2s
Epoch 2/300 - loss: 1.6639 (mae 0.0564 mrstft 1.6075) - val: 1.4578 (mae 0.0610 mrstft 1.3968) - lr: 3.00e-04 - 4.4s
Epoch 3/300 - loss: 1.3653 (mae 0.0685 mrstft 1.2969) - val: 1.2881 (mae 0.0755 mrstft 1.2126) - lr: 3.00e-04 - 4.3s
Epoch 4/300 - loss: 1.2626 (mae 0.0812 mrstft 1.1814) - val: 1.2374 (mae 0.0830 mrstft 1.1543) - lr: 3.00e-04 - 4.3s
Epoch 5/300 - loss: 1.2224 (mae 0.0893 mrstft 1.1331) - val: 1.2052 (mae 0.0932 mrstft 1.1120) - lr: 3.00e-04 - 4.3s
Epoch 6/300 - loss: 1.1905 (mae 0.1008 mrstft 1.0897) - val: 1.1758 (mae 0.0995 mrstft 1.0763) - lr: 3.00e-04 - 4.3s
Epoch 7/300 - loss: 1.1562 (mae 0.1046 mrstft 1.0516) - val: 1.1356 (mae 0.1009 mrstft 1.0347) - lr: 3.00e-04 - 4.4s
Epoch 8/300 - loss: 1.1096 (mae 0.1050 mrstft 1.0046) - val: 1.0720 (mae 0.1006 mrstft 0.9715) - lr: 3.00e-04 - 4.3s
Epoch 9/300 - loss: 0.9840 (mae 0.0960 mrstft 0.8880) - val: 0.9135 (mae 0.0800 mrstft 0.8335) - lr: 3.00e-04 - 4.3s
Epoch 10/300 - loss: 0.8983 (mae 0.0761 mrstft 0.8222) - val: 0.8872 (mae 0.0688 mrstft 0.8184) - lr: 3.00e-04 - 4.3s
Epoch 11/300 - loss: 0.8625 (mae 0.0661 mrstft 0.7964) - val: 0.8542 (mae 0.0639 mrstft 0.7903) - lr: 3.00e-04 - 4.3s
Epoch 12/300 - loss: 0.8267 (mae 0.0590 mrstft 0.7677) - val: 0.7995 (mae 0.0525 mrstft 0.7470) - lr: 3.00e-04 - 4.3s
Epoch 13/300 - loss: 0.7992 (mae 0.0546 mrstft 0.7446) - val: 0.7820 (mae 0.0509 mrstft 0.7311) - lr: 3.00e-04 - 4.1s
Epoch 14/300 - loss: 0.7826 (mae 0.0528 mrstft 0.7298) - val: 0.7779 (mae 0.0541 mrstft 0.7238) - lr: 3.00e-04 - 3.9s
Epoch 15/300 - loss: 0.7677 (mae 0.0524 mrstft 0.7153) - val: 0.7627 (mae 0.0565 mrstft 0.7062) - lr: 3.00e-04 - 3.8s
Epoch 16/300 - loss: 0.7534 (mae 0.0521 mrstft 0.7013) - val: 0.7479 (mae 0.0498 mrstft 0.6981) - lr: 3.00e-04 - 4.0s
Epoch 17/300 - loss: 0.7437 (mae 0.0515 mrstft 0.6922) - val: 0.7392 (mae 0.0543 mrstft 0.6850) - lr: 3.00e-04 - 3.9s
Epoch 18/300 - loss: 0.7310 (mae 0.0498 mrstft 0.6812) - val: 0.7186 (mae 0.0462 mrstft 0.6724) - lr: 3.00e-04 - 3.9s
Epoch 19/300 - loss: 0.7213 (mae 0.0484 mrstft 0.6729) - val: 0.7095 (mae 0.0445 mrstft 0.6651) - lr: 3.00e-04 - 3.9s
Epoch 20/300 - loss: 0.7095 (mae 0.0455 mrstft 0.6640) - val: 0.7061 (mae 0.0431 mrstft 0.6629) - lr: 3.00e-04 - 3.8s
Epoch 21/300 - loss: 0.6938 (mae 0.0432 mrstft 0.6506) - val: 0.6709 (mae 0.0406 mrstft 0.6303) - lr: 3.00e-04 - 3.9s
Epoch 22/300 - loss: 0.6579 (mae 0.0407 mrstft 0.6171) - val: 0.6409 (mae 0.0381 mrstft 0.6028) - lr: 3.00e-04 - 3.9s
Epoch 23/300 - loss: 0.6200 (mae 0.0387 mrstft 0.5813) - val: 0.6051 (mae 0.0391 mrstft 0.5660) - lr: 3.00e-04 - 3.9s
Epoch 24/300 - loss: 0.5935 (mae 0.0383 mrstft 0.5552) - val: 0.5843 (mae 0.0368 mrstft 0.5475) - lr: 3.00e-04 - 3.9s
Epoch 25/300 - loss: 0.5707 (mae 0.0372 mrstft 0.5335) - val: 0.5504 (mae 0.0341 mrstft 0.5163) - lr: 3.00e-04 - 3.9s
Epoch 26/300 - loss: 0.5497 (mae 0.0363 mrstft 0.5135) - val: 0.5425 (mae 0.0331 mrstft 0.5094) - lr: 3.00e-04 - 3.8s
Epoch 27/300 - loss: 0.5333 (mae 0.0347 mrstft 0.4985) - val: 0.5183 (mae 0.0326 mrstft 0.4857) - lr: 3.00e-04 - 3.9s
Epoch 28/300 - loss: 0.5261 (mae 0.0345 mrstft 0.4916) - val: 0.5115 (mae 0.0315 mrstft 0.4799) - lr: 3.00e-04 - 3.9s
Epoch 29/300 - loss: 0.5109 (mae 0.0335 mrstft 0.4774) - val: 0.5040 (mae 0.0317 mrstft 0.4723) - lr: 3.00e-04 - 3.9s
Epoch 30/300 - loss: 0.5014 (mae 0.0334 mrstft 0.4680) - val: 0.4917 (mae 0.0319 mrstft 0.4598) - lr: 3.00e-04 - 3.9s
Epoch 31/300 - loss: 0.5013 (mae 0.0340 mrstft 0.4673) - val: 0.4875 (mae 0.0315 mrstft 0.4559) - lr: 3.00e-04 - 3.8s
Epoch 32/300 - loss: 0.4924 (mae 0.0334 mrstft 0.4591) - val: 0.5000 (mae 0.0313 mrstft 0.4687) - lr: 3.00e-04 - 3.9s
Epoch 33/300 - loss: 0.4846 (mae 0.0331 mrstft 0.4515) - val: 0.4793 (mae 0.0321 mrstft 0.4473) - lr: 3.00e-04 - 3.8s
Epoch 34/300 - loss: 0.4759 (mae 0.0332 mrstft 0.4426) - val: 0.4696 (mae 0.0309 mrstft 0.4387) - lr: 3.00e-04 - 3.9s
Epoch 35/300 - loss: 0.4662 (mae 0.0332 mrstft 0.4329) - val: 0.4625 (mae 0.0311 mrstft 0.4314) - lr: 3.00e-04 - 3.9s
Epoch 36/300 - loss: 0.4656 (mae 0.0334 mrstft 0.4322) - val: 0.4739 (mae 0.0371 mrstft 0.4368) - lr: 3.00e-04 - 3.9s
Epoch 37/300 - loss: 0.4566 (mae 0.0333 mrstft 0.4233) - val: 0.4572 (mae 0.0314 mrstft 0.4258) - lr: 3.00e-04 - 3.9s
Epoch 38/300 - loss: 0.4553 (mae 0.0332 mrstft 0.4221) - val: 0.4423 (mae 0.0306 mrstft 0.4117) - lr: 3.00e-04 - 3.8s
Epoch 39/300 - loss: 0.4507 (mae 0.0329 mrstft 0.4178) - val: 0.4365 (mae 0.0305 mrstft 0.4060) - lr: 3.00e-04 - 3.9s
Epoch 40/300 - loss: 0.4405 (mae 0.0330 mrstft 0.4074) - val: 0.4372 (mae 0.0334 mrstft 0.4038) - lr: 3.00e-04 - 3.9s
Epoch 41/300 - loss: 0.4339 (mae 0.0332 mrstft 0.4007) - val: 0.4287 (mae 0.0299 mrstft 0.3988) - lr: 3.00e-04 - 3.9s
Epoch 42/300 - loss: 0.4288 (mae 0.0325 mrstft 0.3963) - val: 0.4198 (mae 0.0303 mrstft 0.3895) - lr: 3.00e-04 - 3.9s
Epoch 43/300 - loss: 0.4266 (mae 0.0325 mrstft 0.3941) - val: 0.4188 (mae 0.0317 mrstft 0.3871) - lr: 3.00e-04 - 3.8s
Epoch 44/300 - loss: 0.4223 (mae 0.0323 mrstft 0.3900) - val: 0.4473 (mae 0.0325 mrstft 0.4148) - lr: 3.00e-04 - 3.9s
Epoch 45/300 - loss: 0.4167 (mae 0.0322 mrstft 0.3844) - val: 0.4095 (mae 0.0299 mrstft 0.3795) - lr: 3.00e-04 - 3.9s
Epoch 46/300 - loss: 0.4168 (mae 0.0324 mrstft 0.3843) - val: 0.4103 (mae 0.0304 mrstft 0.3799) - lr: 3.00e-04 - 3.9s
Epoch 47/300 - loss: 0.4095 (mae 0.0322 mrstft 0.3773) - val: 0.4043 (mae 0.0305 mrstft 0.3738) - lr: 3.00e-04 - 3.9s
Epoch 48/300 - loss: 0.4091 (mae 0.0321 mrstft 0.3770) - val: 0.4003 (mae 0.0298 mrstft 0.3705) - lr: 3.00e-04 - 3.9s
Epoch 49/300 - loss: 0.4023 (mae 0.0319 mrstft 0.3705) - val: 0.3980 (mae 0.0293 mrstft 0.3687) - lr: 3.00e-04 - 3.9s
Epoch 50/300 - loss: 0.3994 (mae 0.0315 mrstft 0.3678) - val: 0.3960 (mae 0.0310 mrstft 0.3649) - lr: 3.00e-04 - 3.8s
Epoch 51/300 - loss: 0.3983 (mae 0.0312 mrstft 0.3670) - val: 0.3967 (mae 0.0302 mrstft 0.3665) - lr: 3.00e-04 - 3.9s
Epoch 52/300 - loss: 0.3953 (mae 0.0314 mrstft 0.3640) - val: 0.3950 (mae 0.0292 mrstft 0.3658) - lr: 3.00e-04 - 3.9s
Epoch 53/300 - loss: 0.3988 (mae 0.0313 mrstft 0.3675) - val: 0.3871 (mae 0.0291 mrstft 0.3581) - lr: 3.00e-04 - 3.9s
Epoch 54/300 - loss: 0.3938 (mae 0.0312 mrstft 0.3626) - val: 0.4069 (mae 0.0307 mrstft 0.3761) - lr: 3.00e-04 - 3.9s
Epoch 55/300 - loss: 0.3896 (mae 0.0316 mrstft 0.3579) - val: 0.3912 (mae 0.0292 mrstft 0.3620) - lr: 3.00e-04 - 3.8s
Epoch 56/300 - loss: 0.3873 (mae 0.0305 mrstft 0.3567) - val: 0.3800 (mae 0.0279 mrstft 0.3521) - lr: 3.00e-04 - 3.8s
Epoch 57/300 - loss: 0.3841 (mae 0.0307 mrstft 0.3533) - val: 0.3780 (mae 0.0285 mrstft 0.3496) - lr: 3.00e-04 - 3.9s
Epoch 58/300 - loss: 0.3815 (mae 0.0303 mrstft 0.3513) - val: 0.3803 (mae 0.0290 mrstft 0.3513) - lr: 3.00e-04 - 3.9s
Epoch 59/300 - loss: 0.3841 (mae 0.0301 mrstft 0.3540) - val: 0.4112 (mae 0.0290 mrstft 0.3823) - lr: 3.00e-04 - 3.9s
Epoch 60/300 - loss: 0.3789 (mae 0.0299 mrstft 0.3490) - val: 0.3880 (mae 0.0280 mrstft 0.3600) - lr: 3.00e-04 - 3.8s
Epoch 61/300 - loss: 0.3817 (mae 0.0301 mrstft 0.3516) - val: 0.3808 (mae 0.0334 mrstft 0.3474) - lr: 3.00e-04 - 3.8s
Epoch 62/300 - loss: 0.3745 (mae 0.0298 mrstft 0.3446) - val: 0.3781 (mae 0.0284 mrstft 0.3497) - lr: 3.00e-04 - 3.8s
Epoch 63/300 - loss: 0.3772 (mae 0.0296 mrstft 0.3475) - val: 0.3724 (mae 0.0277 mrstft 0.3447) - lr: 3.00e-04 - 4.0s
Epoch 64/300 - loss: 0.3736 (mae 0.0297 mrstft 0.3439) - val: 0.3781 (mae 0.0311 mrstft 0.3470) - lr: 3.00e-04 - 3.9s
Epoch 65/300 - loss: 0.3761 (mae 0.0298 mrstft 0.3463) - val: 0.3792 (mae 0.0341 mrstft 0.3451) - lr: 3.00e-04 - 3.9s
Epoch 66/300 - loss: 0.3792 (mae 0.0293 mrstft 0.3499) - val: 0.3704 (mae 0.0279 mrstft 0.3425) - lr: 3.00e-04 - 3.8s
Epoch 67/300 - loss: 0.3688 (mae 0.0297 mrstft 0.3391) - val: 0.3717 (mae 0.0292 mrstft 0.3425) - lr: 3.00e-04 - 3.9s
Epoch 68/300 - loss: 0.3684 (mae 0.0292 mrstft 0.3392) - val: 0.3659 (mae 0.0276 mrstft 0.3383) - lr: 3.00e-04 - 3.9s
Epoch 69/300 - loss: 0.3684 (mae 0.0293 mrstft 0.3390) - val: 0.3838 (mae 0.0281 mrstft 0.3557) - lr: 3.00e-04 - 3.9s
Epoch 70/300 - loss: 0.3655 (mae 0.0287 mrstft 0.3368) - val: 0.3658 (mae 0.0269 mrstft 0.3388) - lr: 3.00e-04 - 3.9s
Epoch 71/300 - loss: 0.3670 (mae 0.0291 mrstft 0.3379) - val: 0.3604 (mae 0.0274 mrstft 0.3330) - lr: 3.00e-04 - 3.9s
Epoch 72/300 - loss: 0.3651 (mae 0.0291 mrstft 0.3360) - val: 0.3745 (mae 0.0298 mrstft 0.3447) - lr: 3.00e-04 - 3.9s
Epoch 73/300 - loss: 0.3628 (mae 0.0287 mrstft 0.3341) - val: 0.3613 (mae 0.0280 mrstft 0.3333) - lr: 3.00e-04 - 3.9s
Epoch 74/300 - loss: 0.3605 (mae 0.0286 mrstft 0.3318) - val: 0.3603 (mae 0.0269 mrstft 0.3333) - lr: 3.00e-04 - 3.9s
Epoch 75/300 - loss: 0.3614 (mae 0.0288 mrstft 0.3326) - val: 0.3559 (mae 0.0273 mrstft 0.3286) - lr: 3.00e-04 - 3.9s
Epoch 76/300 - loss: 0.3637 (mae 0.0304 mrstft 0.3333) - val: 0.3866 (mae 0.0281 mrstft 0.3585) - lr: 3.00e-04 - 3.9s
Epoch 77/300 - loss: 0.3597 (mae 0.0288 mrstft 0.3309) - val: 0.3653 (mae 0.0279 mrstft 0.3374) - lr: 3.00e-04 - 3.9s
Epoch 78/300 - loss: 0.3581 (mae 0.0285 mrstft 0.3295) - val: 0.3707 (mae 0.0282 mrstft 0.3425) - lr: 3.00e-04 - 3.8s
Epoch 79/300 - loss: 0.3618 (mae 0.0286 mrstft 0.3332) - val: 0.3643 (mae 0.0263 mrstft 0.3380) - lr: 3.00e-04 - 3.8s
Epoch 80/300 - loss: 0.3582 (mae 0.0290 mrstft 0.3292) - val: 0.3594 (mae 0.0279 mrstft 0.3316) - lr: 3.00e-04 - 3.9s
Epoch 81/300 - loss: 0.3571 (mae 0.0289 mrstft 0.3282) - val: 0.3539 (mae 0.0272 mrstft 0.3267) - lr: 3.00e-04 - 3.9s
Epoch 82/300 - loss: 0.3539 (mae 0.0285 mrstft 0.3254) - val: 0.3576 (mae 0.0267 mrstft 0.3309) - lr: 3.00e-04 - 3.9s
Epoch 83/300 - loss: 0.3559 (mae 0.0291 mrstft 0.3269) - val: 0.3558 (mae 0.0266 mrstft 0.3293) - lr: 3.00e-04 - 3.9s
Epoch 84/300 - loss: 0.3538 (mae 0.0281 mrstft 0.3257) - val: 0.3568 (mae 0.0275 mrstft 0.3294) - lr: 3.00e-04 - 3.9s
Epoch 85/300 - loss: 0.3519 (mae 0.0283 mrstft 0.3236) - val: 0.3567 (mae 0.0267 mrstft 0.3300) - lr: 3.00e-04 - 3.8s
Epoch 86/300 - loss: 0.3514 (mae 0.0282 mrstft 0.3232) - val: 0.3488 (mae 0.0263 mrstft 0.3224) - lr: 3.00e-04 - 3.9s
Epoch 87/300 - loss: 0.3505 (mae 0.0283 mrstft 0.3222) - val: 0.3843 (mae 0.0264 mrstft 0.3579) - lr: 3.00e-04 - 3.9s
Epoch 88/300 - loss: 0.3538 (mae 0.0281 mrstft 0.3257) - val: 0.3541 (mae 0.0268 mrstft 0.3273) - lr: 3.00e-04 - 3.9s
Epoch 89/300 - loss: 0.3502 (mae 0.0277 mrstft 0.3225) - val: 0.3466 (mae 0.0259 mrstft 0.3207) - lr: 3.00e-04 - 3.9s
Epoch 90/300 - loss: 0.3535 (mae 0.0281 mrstft 0.3253) - val: 0.3636 (mae 0.0259 mrstft 0.3377) - lr: 3.00e-04 - 3.8s
Epoch 91/300 - loss: 0.3487 (mae 0.0276 mrstft 0.3211) - val: 0.3450 (mae 0.0261 mrstft 0.3189) - lr: 3.00e-04 - 3.9s
Epoch 92/300 - loss: 0.3490 (mae 0.0286 mrstft 0.3204) - val: 0.3540 (mae 0.0266 mrstft 0.3274) - lr: 3.00e-04 - 3.9s
Epoch 93/300 - loss: 0.3495 (mae 0.0287 mrstft 0.3207) - val: 0.3446 (mae 0.0266 mrstft 0.3180) - lr: 3.00e-04 - 3.9s
Epoch 94/300 - loss: 0.3466 (mae 0.0280 mrstft 0.3187) - val: 0.3464 (mae 0.0261 mrstft 0.3203) - lr: 3.00e-04 - 4.0s
Epoch 95/300 - loss: 0.3452 (mae 0.0278 mrstft 0.3174) - val: 0.3466 (mae 0.0261 mrstft 0.3205) - lr: 3.00e-04 - 3.9s
Epoch 96/300 - loss: 0.3475 (mae 0.0280 mrstft 0.3195) - val: 0.3699 (mae 0.0275 mrstft 0.3424) - lr: 3.00e-04 - 3.9s
Epoch 97/300 - loss: 0.3468 (mae 0.0286 mrstft 0.3182) - val: 0.3548 (mae 0.0306 mrstft 0.3242) - lr: 3.00e-04 - 3.9s
Epoch 98/300 - loss: 0.3453 (mae 0.0276 mrstft 0.3177) - val: 0.3448 (mae 0.0263 mrstft 0.3185) - lr: 3.00e-04 - 3.9s
Epoch 99/300 - loss: 0.3473 (mae 0.0278 mrstft 0.3195) - val: 0.3394 (mae 0.0259 mrstft 0.3135) - lr: 3.00e-04 - 3.9s
Epoch 100/300 - loss: 0.3436 (mae 0.0276 mrstft 0.3160) - val: 0.3512 (mae 0.0260 mrstft 0.3251) - lr: 3.00e-04 - 3.9s
Epoch 101/300 - loss: 0.3431 (mae 0.0275 mrstft 0.3155) - val: 0.3399 (mae 0.0258 mrstft 0.3140) - lr: 3.00e-04 - 3.9s
Epoch 102/300 - loss: 0.3414 (mae 0.0276 mrstft 0.3138) - val: 0.3499 (mae 0.0264 mrstft 0.3235) - lr: 3.00e-04 - 3.9s
Epoch 103/300 - loss: 0.3423 (mae 0.0277 mrstft 0.3146) - val: 0.3434 (mae 0.0255 mrstft 0.3179) - lr: 3.00e-04 - 3.9s
Epoch 104/300 - loss: 0.3411 (mae 0.0270 mrstft 0.3141) - val: 0.3414 (mae 0.0255 mrstft 0.3159) - lr: 3.00e-04 - 3.9s
Epoch 105/300 - loss: 0.3383 (mae 0.0277 mrstft 0.3107) - val: 0.3441 (mae 0.0274 mrstft 0.3167) - lr: 3.00e-04 - 3.9s
Epoch 106/300 - loss: 0.3401 (mae 0.0273 mrstft 0.3129) - val: 0.3389 (mae 0.0254 mrstft 0.3136) - lr: 3.00e-04 - 3.9s
Epoch 107/300 - loss: 0.3423 (mae 0.0270 mrstft 0.3153) - val: 0.3385 (mae 0.0263 mrstft 0.3122) - lr: 3.00e-04 - 3.9s
Epoch 108/300 - loss: 0.3385 (mae 0.0272 mrstft 0.3113) - val: 0.3418 (mae 0.0253 mrstft 0.3166) - lr: 3.00e-04 - 3.9s
Epoch 109/300 - loss: 0.3405 (mae 0.0272 mrstft 0.3133) - val: 0.3407 (mae 0.0254 mrstft 0.3153) - lr: 3.00e-04 - 3.9s
Epoch 110/300 - loss: 0.3392 (mae 0.0272 mrstft 0.3120) - val: 0.3427 (mae 0.0248 mrstft 0.3179) - lr: 3.00e-04 - 4.0s
Epoch 111/300 - loss: 0.3400 (mae 0.0272 mrstft 0.3128) - val: 0.3496 (mae 0.0274 mrstft 0.3222) - lr: 3.00e-04 - 3.9s
Epoch 112/300 - loss: 0.3414 (mae 0.0268 mrstft 0.3147) - val: 0.3553 (mae 0.0303 mrstft 0.3250) - lr: 3.00e-04 - 3.9s
Epoch 113/300 - loss: 0.3407 (mae 0.0273 mrstft 0.3134) - val: 0.3348 (mae 0.0265 mrstft 0.3083) - lr: 3.00e-04 - 3.9s
Epoch 114/300 - loss: 0.3366 (mae 0.0272 mrstft 0.3094) - val: 0.3398 (mae 0.0265 mrstft 0.3134) - lr: 3.00e-04 - 3.9s
Epoch 115/300 - loss: 0.3344 (mae 0.0268 mrstft 0.3076) - val: 0.3332 (mae 0.0250 mrstft 0.3081) - lr: 3.00e-04 - 4.0s
Epoch 116/300 - loss: 0.3362 (mae 0.0267 mrstft 0.3095) - val: 0.3323 (mae 0.0252 mrstft 0.3071) - lr: 3.00e-04 - 3.9s
Epoch 117/300 - loss: 0.3340 (mae 0.0261 mrstft 0.3079) - val: 0.3434 (mae 0.0248 mrstft 0.3186) - lr: 3.00e-04 - 3.9s
Epoch 118/300 - loss: 0.3341 (mae 0.0264 mrstft 0.3077) - val: 0.3367 (mae 0.0255 mrstft 0.3113) - lr: 3.00e-04 - 3.9s
Epoch 119/300 - loss: 0.3376 (mae 0.0271 mrstft 0.3106) - val: 0.3315 (mae 0.0253 mrstft 0.3062) - lr: 3.00e-04 - 3.9s
Epoch 120/300 - loss: 0.3323 (mae 0.0270 mrstft 0.3053) - val: 0.3315 (mae 0.0263 mrstft 0.3053) - lr: 3.00e-04 - 3.9s
Epoch 121/300 - loss: 0.3399 (mae 0.0263 mrstft 0.3136) - val: 0.3420 (mae 0.0251 mrstft 0.3168) - lr: 3.00e-04 - 3.9s
Epoch 122/300 - loss: 0.3338 (mae 0.0268 mrstft 0.3069) - val: 0.3302 (mae 0.0244 mrstft 0.3057) - lr: 3.00e-04 - 3.9s
Epoch 123/300 - loss: 0.3315 (mae 0.0261 mrstft 0.3055) - val: 0.3350 (mae 0.0243 mrstft 0.3107) - lr: 3.00e-04 - 3.9s
Epoch 124/300 - loss: 0.3327 (mae 0.0260 mrstft 0.3067) - val: 0.3341 (mae 0.0250 mrstft 0.3091) - lr: 3.00e-04 - 3.9s
Epoch 125/300 - loss: 0.3337 (mae 0.0261 mrstft 0.3076) - val: 0.3345 (mae 0.0247 mrstft 0.3098) - lr: 3.00e-04 - 3.9s
Epoch 126/300 - loss: 0.3304 (mae 0.0262 mrstft 0.3042) - val: 0.3346 (mae 0.0247 mrstft 0.3099) - lr: 3.00e-04 - 3.9s
Epoch 127/300 - loss: 0.3322 (mae 0.0261 mrstft 0.3061) - val: 0.3455 (mae 0.0257 mrstft 0.3199) - lr: 3.00e-04 - 3.9s
Epoch 128/300 - loss: 0.3315 (mae 0.0263 mrstft 0.3052) - val: 0.3418 (mae 0.0250 mrstft 0.3168) - lr: 3.00e-04 - 3.9s
Epoch 129/300 - loss: 0.3321 (mae 0.0257 mrstft 0.3064) - val: 0.3300 (mae 0.0245 mrstft 0.3055) - lr: 3.00e-04 - 3.9s
Epoch 130/300 - loss: 0.3353 (mae 0.0256 mrstft 0.3097) - val: 0.3422 (mae 0.0244 mrstft 0.3179) - lr: 3.00e-04 - 3.9s
Epoch 131/300 - loss: 0.3313 (mae 0.0261 mrstft 0.3052) - val: 0.3310 (mae 0.0244 mrstft 0.3067) - lr: 3.00e-04 - 3.9s
Epoch 132/300 - loss: 0.3293 (mae 0.0258 mrstft 0.3035) - val: 0.3292 (mae 0.0262 mrstft 0.3029) - lr: 3.00e-04 - 3.9s
Epoch 133/300 - loss: 0.3298 (mae 0.0260 mrstft 0.3039) - val: 0.3284 (mae 0.0242 mrstft 0.3042) - lr: 3.00e-04 - 3.9s
Epoch 134/300 - loss: 0.3297 (mae 0.0258 mrstft 0.3039) - val: 0.3378 (mae 0.0260 mrstft 0.3118) - lr: 3.00e-04 - 3.9s
Epoch 135/300 - loss: 0.3322 (mae 0.0260 mrstft 0.3062) - val: 0.3306 (mae 0.0244 mrstft 0.3062) - lr: 3.00e-04 - 3.9s
Epoch 136/300 - loss: 0.3306 (mae 0.0257 mrstft 0.3049) - val: 0.3472 (mae 0.0244 mrstft 0.3228) - lr: 3.00e-04 - 3.9s
Epoch 137/300 - loss: 0.3331 (mae 0.0262 mrstft 0.3069) - val: 0.3264 (mae 0.0242 mrstft 0.3022) - lr: 3.00e-04 - 3.9s
Epoch 138/300 - loss: 0.3271 (mae 0.0262 mrstft 0.3009) - val: 0.3270 (mae 0.0240 mrstft 0.3029) - lr: 3.00e-04 - 3.9s
Epoch 139/300 - loss: 0.3270 (mae 0.0254 mrstft 0.3016) - val: 0.3259 (mae 0.0239 mrstft 0.3020) - lr: 3.00e-04 - 3.9s
Epoch 140/300 - loss: 0.3295 (mae 0.0265 mrstft 0.3030) - val: 0.3270 (mae 0.0248 mrstft 0.3022) - lr: 3.00e-04 - 3.9s
Epoch 141/300 - loss: 0.3275 (mae 0.0254 mrstft 0.3022) - val: 0.3307 (mae 0.0244 mrstft 0.3062) - lr: 3.00e-04 - 3.9s
Epoch 142/300 - loss: 0.3266 (mae 0.0255 mrstft 0.3010) - val: 0.3274 (mae 0.0256 mrstft 0.3018) - lr: 3.00e-04 - 3.8s
Epoch 143/300 - loss: 0.3287 (mae 0.0263 mrstft 0.3024) - val: 0.3309 (mae 0.0258 mrstft 0.3051) - lr: 3.00e-04 - 3.8s
Epoch 144/300 - loss: 0.3247 (mae 0.0255 mrstft 0.2992) - val: 0.3226 (mae 0.0240 mrstft 0.2986) - lr: 3.00e-04 - 3.9s
Epoch 145/300 - loss: 0.3250 (mae 0.0256 mrstft 0.2995) - val: 0.3244 (mae 0.0249 mrstft 0.2996) - lr: 3.00e-04 - 3.9s
Epoch 146/300 - loss: 0.3297 (mae 0.0253 mrstft 0.3044) - val: 0.3289 (mae 0.0240 mrstft 0.3049) - lr: 3.00e-04 - 3.9s
Epoch 147/300 - loss: 0.3253 (mae 0.0253 mrstft 0.3001) - val: 0.3368 (mae 0.0260 mrstft 0.3108) - lr: 3.00e-04 - 3.9s
Epoch 148/300 - loss: 0.3267 (mae 0.0252 mrstft 0.3016) - val: 0.3213 (mae 0.0239 mrstft 0.2974) - lr: 3.00e-04 - 3.8s
Epoch 149/300 - loss: 0.3232 (mae 0.0253 mrstft 0.2978) - val: 0.3259 (mae 0.0235 mrstft 0.3024) - lr: 3.00e-04 - 3.8s
Epoch 150/300 - loss: 0.3264 (mae 0.0247 mrstft 0.3018) - val: 0.3214 (mae 0.0233 mrstft 0.2981) - lr: 3.00e-04 - 3.9s
Epoch 151/300 - loss: 0.3233 (mae 0.0251 mrstft 0.2983) - val: 0.3252 (mae 0.0247 mrstft 0.3005) - lr: 3.00e-04 - 3.9s
Epoch 152/300 - loss: 0.3258 (mae 0.0251 mrstft 0.3007) - val: 0.3218 (mae 0.0237 mrstft 0.2981) - lr: 3.00e-04 - 3.9s
Epoch 153/300 - loss: 0.3281 (mae 0.0249 mrstft 0.3032) - val: 0.3307 (mae 0.0233 mrstft 0.3073) - lr: 3.00e-04 - 3.8s
Epoch 154/300 - loss: 0.3243 (mae 0.0248 mrstft 0.2995) - val: 0.3283 (mae 0.0268 mrstft 0.3015) - lr: 3.00e-04 - 3.8s
Epoch 155/300 - loss: 0.3221 (mae 0.0249 mrstft 0.2972) - val: 0.3221 (mae 0.0236 mrstft 0.2985) - lr: 3.00e-04 - 3.8s
Epoch 156/300 - loss: 0.3223 (mae 0.0252 mrstft 0.2971) - val: 0.3224 (mae 0.0240 mrstft 0.2984) - lr: 3.00e-04 - 3.9s
Epoch 157/300 - loss: 0.3225 (mae 0.0250 mrstft 0.2975) - val: 0.3230 (mae 0.0253 mrstft 0.2977) - lr: 3.00e-04 - 3.9s
Epoch 158/300 - loss: 0.3232 (mae 0.0248 mrstft 0.2984) - val: 0.3285 (mae 0.0241 mrstft 0.3044) - lr: 3.00e-04 - 3.9s
Epoch 159/300 - loss: 0.3234 (mae 0.0246 mrstft 0.2988) - val: 0.3295 (mae 0.0238 mrstft 0.3057) - lr: 3.00e-04 - 3.8s
Epoch 160/300 - loss: 0.3216 (mae 0.0246 mrstft 0.2970) - val: 0.3189 (mae 0.0229 mrstft 0.2960) - lr: 3.00e-04 - 3.9s
Epoch 161/300 - loss: 0.3234 (mae 0.0242 mrstft 0.2992) - val: 0.3219 (mae 0.0249 mrstft 0.2970) - lr: 3.00e-04 - 3.9s
Epoch 162/300 - loss: 0.3230 (mae 0.0245 mrstft 0.2985) - val: 0.3286 (mae 0.0231 mrstft 0.3055) - lr: 3.00e-04 - 3.9s
Epoch 163/300 - loss: 0.3213 (mae 0.0243 mrstft 0.2969) - val: 0.3250 (mae 0.0236 mrstft 0.3014) - lr: 3.00e-04 - 3.9s
Epoch 164/300 - loss: 0.3202 (mae 0.0241 mrstft 0.2961) - val: 0.3204 (mae 0.0234 mrstft 0.2970) - lr: 3.00e-04 - 3.8s
Epoch 165/300 - loss: 0.3206 (mae 0.0245 mrstft 0.2962) - val: 0.3235 (mae 0.0235 mrstft 0.3000) - lr: 3.00e-04 - 3.8s
Epoch 166/300 - loss: 0.3233 (mae 0.0245 mrstft 0.2988) - val: 0.3301 (mae 0.0226 mrstft 0.3075) - lr: 3.00e-04 - 3.8s
Epoch 167/300 - loss: 0.3209 (mae 0.0242 mrstft 0.2967) - val: 0.3174 (mae 0.0227 mrstft 0.2946) - lr: 3.00e-04 - 3.9s
Epoch 168/300 - loss: 0.3226 (mae 0.0241 mrstft 0.2985) - val: 0.3188 (mae 0.0228 mrstft 0.2961) - lr: 3.00e-04 - 4.0s
Epoch 169/300 - loss: 0.3202 (mae 0.0243 mrstft 0.2959) - val: 0.3148 (mae 0.0225 mrstft 0.2923) - lr: 3.00e-04 - 3.9s
Epoch 170/300 - loss: 0.3196 (mae 0.0252 mrstft 0.2944) - val: 0.3200 (mae 0.0231 mrstft 0.2969) - lr: 3.00e-04 - 3.9s
Epoch 171/300 - loss: 0.3201 (mae 0.0247 mrstft 0.2954) - val: 0.3293 (mae 0.0239 mrstft 0.3054) - lr: 3.00e-04 - 3.8s
Epoch 172/300 - loss: 0.3181 (mae 0.0242 mrstft 0.2939) - val: 0.3193 (mae 0.0229 mrstft 0.2963) - lr: 3.00e-04 - 3.8s
Epoch 173/300 - loss: 0.3206 (mae 0.0249 mrstft 0.2957) - val: 0.3205 (mae 0.0234 mrstft 0.2971) - lr: 3.00e-04 - 3.9s
Epoch 174/300 - loss: 0.3197 (mae 0.0242 mrstft 0.2955) - val: 0.3192 (mae 0.0236 mrstft 0.2955) - lr: 3.00e-04 - 3.9s
Epoch 175/300 - loss: 0.3189 (mae 0.0236 mrstft 0.2953) - val: 0.3231 (mae 0.0268 mrstft 0.2963) - lr: 3.00e-04 - 3.9s
Epoch 176/300 - loss: 0.3192 (mae 0.0240 mrstft 0.2952) - val: 0.3230 (mae 0.0221 mrstft 0.3009) - lr: 3.00e-04 - 3.8s
Epoch 177/300 - loss: 0.3195 (mae 0.0233 mrstft 0.2962) - val: 0.3226 (mae 0.0223 mrstft 0.3003) - lr: 3.00e-04 - 3.8s
Epoch 178/300 - loss: 0.3188 (mae 0.0237 mrstft 0.2950) - val: 0.3199 (mae 0.0244 mrstft 0.2956) - lr: 3.00e-04 - 3.8s
Epoch 179/300 - loss: 0.3171 (mae 0.0234 mrstft 0.2938) - val: 0.3297 (mae 0.0217 mrstft 0.3080) - lr: 3.00e-04 - 3.9s
Epoch 180/300 - loss: 0.3163 (mae 0.0230 mrstft 0.2933) - val: 0.3178 (mae 0.0225 mrstft 0.2952) - lr: 3.00e-04 - 3.9s
Epoch 181/300 - loss: 0.3164 (mae 0.0230 mrstft 0.2934) - val: 0.3196 (mae 0.0221 mrstft 0.2975) - lr: 3.00e-04 - 3.9s
Epoch 182/300 - loss: 0.3172 (mae 0.0233 mrstft 0.2939) - val: 0.3144 (mae 0.0231 mrstft 0.2913) - lr: 3.00e-04 - 3.8s
Epoch 183/300 - loss: 0.3160 (mae 0.0237 mrstft 0.2923) - val: 0.3217 (mae 0.0231 mrstft 0.2986) - lr: 3.00e-04 - 3.9s
Epoch 184/300 - loss: 0.3171 (mae 0.0235 mrstft 0.2936) - val: 0.3345 (mae 0.0257 mrstft 0.3087) - lr: 3.00e-04 - 3.9s
Epoch 185/300 - loss: 0.3204 (mae 0.0231 mrstft 0.2973) - val: 0.3170 (mae 0.0225 mrstft 0.2945) - lr: 3.00e-04 - 3.9s
Epoch 186/300 - loss: 0.3169 (mae 0.0231 mrstft 0.2938) - val: 0.3181 (mae 0.0214 mrstft 0.2967) - lr: 3.00e-04 - 3.9s
Epoch 187/300 - loss: 0.3192 (mae 0.0249 mrstft 0.2943) - val: 0.3262 (mae 0.0238 mrstft 0.3023) - lr: 3.00e-04 - 3.9s
Epoch 188/300 - loss: 0.3150 (mae 0.0231 mrstft 0.2919) - val: 0.3216 (mae 0.0212 mrstft 0.3004) - lr: 3.00e-04 - 3.9s
Epoch 189/300 - loss: 0.3165 (mae 0.0228 mrstft 0.2936) - val: 0.3170 (mae 0.0213 mrstft 0.2957) - lr: 3.00e-04 - 3.9s
Epoch 190/300 - loss: 0.3163 (mae 0.0224 mrstft 0.2939) - val: 0.3162 (mae 0.0217 mrstft 0.2944) - lr: 3.00e-04 - 3.9s
Epoch 191/300 - loss: 0.3145 (mae 0.0226 mrstft 0.2919) - val: 0.3190 (mae 0.0211 mrstft 0.2979) - lr: 3.00e-04 - 3.9s
Epoch 192/300 - loss: 0.3160 (mae 0.0224 mrstft 0.2936) - val: 0.3170 (mae 0.0212 mrstft 0.2957) - lr: 3.00e-04 - 3.9s
Epoch 193/300 - loss: 0.3163 (mae 0.0224 mrstft 0.2939) - val: 0.3179 (mae 0.0219 mrstft 0.2960) - lr: 3.00e-04 - 3.9s
Epoch 194/300 - loss: 0.3156 (mae 0.0227 mrstft 0.2930) - val: 0.3299 (mae 0.0246 mrstft 0.3053) - lr: 3.00e-04 - 3.9s
Epoch 195/300 - loss: 0.3160 (mae 0.0230 mrstft 0.2931) - val: 0.3184 (mae 0.0215 mrstft 0.2969) - lr: 3.00e-04 - 3.8s
Epoch 196/300 - loss: 0.3145 (mae 0.0228 mrstft 0.2917) - val: 0.3199 (mae 0.0261 mrstft 0.2938) - lr: 3.00e-04 - 3.9s
Epoch 197/300 - loss: 0.3137 (mae 0.0226 mrstft 0.2911) - val: 0.3174 (mae 0.0212 mrstft 0.2962) - lr: 3.00e-04 - 3.9s
Epoch 198/300 - loss: 0.3148 (mae 0.0232 mrstft 0.2916) - val: 0.3218 (mae 0.0210 mrstft 0.3008) - lr: 3.00e-04 - 3.9s
Epoch 199/300 - loss: 0.3137 (mae 0.0224 mrstft 0.2914) - val: 0.3139 (mae 0.0206 mrstft 0.2933) - lr: 3.00e-04 - 3.9s
Epoch 200/300 - loss: 0.3126 (mae 0.0223 mrstft 0.2903) - val: 0.3156 (mae 0.0216 mrstft 0.2940) - lr: 3.00e-04 - 3.9s
Epoch 201/300 - loss: 0.3137 (mae 0.0222 mrstft 0.2915) - val: 0.3138 (mae 0.0216 mrstft 0.2922) - lr: 3.00e-04 - 3.9s
Epoch 202/300 - loss: 0.3132 (mae 0.0220 mrstft 0.2912) - val: 0.3125 (mae 0.0204 mrstft 0.2921) - lr: 3.00e-04 - 3.9s
Epoch 203/300 - loss: 0.3149 (mae 0.0220 mrstft 0.2928) - val: 0.3117 (mae 0.0208 mrstft 0.2909) - lr: 3.00e-04 - 3.9s
Epoch 204/300 - loss: 0.3149 (mae 0.0219 mrstft 0.2931) - val: 0.3138 (mae 0.0204 mrstft 0.2934) - lr: 3.00e-04 - 3.9s
Epoch 205/300 - loss: 0.3130 (mae 0.0221 mrstft 0.2909) - val: 0.3231 (mae 0.0211 mrstft 0.3020) - lr: 3.00e-04 - 3.8s
Epoch 206/300 - loss: 0.3136 (mae 0.0216 mrstft 0.2920) - val: 0.3146 (mae 0.0215 mrstft 0.2930) - lr: 3.00e-04 - 3.8s
Epoch 207/300 - loss: 0.3121 (mae 0.0222 mrstft 0.2899) - val: 0.3110 (mae 0.0200 mrstft 0.2910) - lr: 3.00e-04 - 3.8s
Epoch 208/300 - loss: 0.3110 (mae 0.0214 mrstft 0.2896) - val: 0.3141 (mae 0.0209 mrstft 0.2932) - lr: 3.00e-04 - 3.9s
Epoch 209/300 - loss: 0.3111 (mae 0.0214 mrstft 0.2897) - val: 0.3114 (mae 0.0212 mrstft 0.2902) - lr: 3.00e-04 - 3.9s
Epoch 210/300 - loss: 0.3111 (mae 0.0210 mrstft 0.2901) - val: 0.3153 (mae 0.0208 mrstft 0.2945) - lr: 3.00e-04 - 3.9s
Epoch 211/300 - loss: 0.3100 (mae 0.0215 mrstft 0.2885) - val: 0.3148 (mae 0.0211 mrstft 0.2937) - lr: 3.00e-04 - 3.8s
Epoch 212/300 - loss: 0.3108 (mae 0.0216 mrstft 0.2892) - val: 0.3123 (mae 0.0199 mrstft 0.2924) - lr: 3.00e-04 - 3.8s
Epoch 213/300 - loss: 0.3104 (mae 0.0215 mrstft 0.2889) - val: 0.3128 (mae 0.0198 mrstft 0.2931) - lr: 3.00e-04 - 3.8s
Epoch 214/300 - loss: 0.3123 (mae 0.0210 mrstft 0.2912) - val: 0.3178 (mae 0.0196 mrstft 0.2982) - lr: 3.00e-04 - 3.9s
Epoch 215/300 - loss: 0.3099 (mae 0.0208 mrstft 0.2891) - val: 0.3178 (mae 0.0216 mrstft 0.2962) - lr: 3.00e-04 - 3.9s
Epoch 216/300 - loss: 0.3097 (mae 0.0212 mrstft 0.2885) - val: 0.3158 (mae 0.0219 mrstft 0.2939) - lr: 3.00e-04 - 3.9s
Epoch 217/300 - loss: 0.3102 (mae 0.0212 mrstft 0.2890) - val: 0.3096 (mae 0.0198 mrstft 0.2898) - lr: 3.00e-04 - 3.8s
Epoch 218/300 - loss: 0.3093 (mae 0.0206 mrstft 0.2887) - val: 0.3095 (mae 0.0195 mrstft 0.2900) - lr: 3.00e-04 - 3.9s
Epoch 219/300 - loss: 0.3106 (mae 0.0212 mrstft 0.2894) - val: 0.3081 (mae 0.0194 mrstft 0.2887) - lr: 3.00e-04 - 3.9s
Epoch 220/300 - loss: 0.3106 (mae 0.0205 mrstft 0.2901) - val: 0.3124 (mae 0.0189 mrstft 0.2935) - lr: 3.00e-04 - 3.9s
Epoch 221/300 - loss: 0.3088 (mae 0.0202 mrstft 0.2886) - val: 0.3198 (mae 0.0203 mrstft 0.2996) - lr: 3.00e-04 - 3.9s
Epoch 222/300 - loss: 0.3099 (mae 0.0202 mrstft 0.2897) - val: 0.3112 (mae 0.0191 mrstft 0.2921) - lr: 3.00e-04 - 3.9s
Epoch 223/300 - loss: 0.3100 (mae 0.0212 mrstft 0.2888) - val: 0.3129 (mae 0.0215 mrstft 0.2914) - lr: 3.00e-04 - 3.8s
Epoch 224/300 - loss: 0.3086 (mae 0.0213 mrstft 0.2873) - val: 0.3111 (mae 0.0194 mrstft 0.2917) - lr: 3.00e-04 - 3.8s
Epoch 225/300 - loss: 0.3098 (mae 0.0207 mrstft 0.2891) - val: 0.3084 (mae 0.0190 mrstft 0.2894) - lr: 3.00e-04 - 3.9s
Epoch 226/300 - loss: 0.3089 (mae 0.0197 mrstft 0.2893) - val: 0.3056 (mae 0.0184 mrstft 0.2872) - lr: 3.00e-04 - 3.9s
Epoch 227/300 - loss: 0.3085 (mae 0.0198 mrstft 0.2887) - val: 0.3140 (mae 0.0204 mrstft 0.2936) - lr: 3.00e-04 - 3.9s
Epoch 228/300 - loss: 0.3094 (mae 0.0199 mrstft 0.2895) - val: 0.3117 (mae 0.0193 mrstft 0.2924) - lr: 3.00e-04 - 3.9s
Epoch 229/300 - loss: 0.3070 (mae 0.0194 mrstft 0.2876) - val: 0.3294 (mae 0.0182 mrstft 0.3112) - lr: 3.00e-04 - 3.8s
Epoch 230/300 - loss: 0.3127 (mae 0.0196 mrstft 0.2931) - val: 0.3247 (mae 0.0181 mrstft 0.3067) - lr: 3.00e-04 - 3.9s
Epoch 231/300 - loss: 0.3079 (mae 0.0195 mrstft 0.2884) - val: 0.3065 (mae 0.0188 mrstft 0.2876) - lr: 3.00e-04 - 3.9s
Epoch 232/300 - loss: 0.3068 (mae 0.0194 mrstft 0.2874) - val: 0.3103 (mae 0.0181 mrstft 0.2921) - lr: 3.00e-04 - 3.9s
Epoch 233/300 - loss: 0.3068 (mae 0.0193 mrstft 0.2875) - val: 0.3040 (mae 0.0181 mrstft 0.2859) - lr: 3.00e-04 - 3.9s
Epoch 234/300 - loss: 0.3076 (mae 0.0190 mrstft 0.2887) - val: 0.3050 (mae 0.0176 mrstft 0.2874) - lr: 3.00e-04 - 3.9s
Epoch 235/300 - loss: 0.3058 (mae 0.0189 mrstft 0.2869) - val: 0.3060 (mae 0.0176 mrstft 0.2885) - lr: 3.00e-04 - 3.8s
Epoch 236/300 - loss: 0.3086 (mae 0.0191 mrstft 0.2894) - val: 0.3122 (mae 0.0182 mrstft 0.2939) - lr: 3.00e-04 - 3.8s
Epoch 237/300 - loss: 0.3074 (mae 0.0192 mrstft 0.2882) - val: 0.3049 (mae 0.0190 mrstft 0.2859) - lr: 3.00e-04 - 3.9s
Epoch 238/300 - loss: 0.3068 (mae 0.0191 mrstft 0.2877) - val: 0.3061 (mae 0.0183 mrstft 0.2878) - lr: 3.00e-04 - 3.9s
Epoch 239/300 - loss: 0.3057 (mae 0.0186 mrstft 0.2871) - val: 0.3092 (mae 0.0170 mrstft 0.2922) - lr: 3.00e-04 - 3.9s
Epoch 240/300 - loss: 0.3063 (mae 0.0187 mrstft 0.2877) - val: 0.3070 (mae 0.0175 mrstft 0.2895) - lr: 3.00e-04 - 3.9s
Epoch 241/300 - loss: 0.3031 (mae 0.0185 mrstft 0.2846) - val: 0.3160 (mae 0.0178 mrstft 0.2982) - lr: 3.00e-04 - 3.9s
Epoch 242/300 - loss: 0.3053 (mae 0.0184 mrstft 0.2869) - val: 0.3048 (mae 0.0185 mrstft 0.2863) - lr: 3.00e-04 - 3.8s
Epoch 243/300 - loss: 0.3044 (mae 0.0181 mrstft 0.2863) - val: 0.3108 (mae 0.0181 mrstft 0.2926) - lr: 3.00e-04 - 3.9s
Epoch 244/300 - loss: 0.3054 (mae 0.0187 mrstft 0.2866) - val: 0.3067 (mae 0.0182 mrstft 0.2885) - lr: 3.00e-04 - 3.9s
Epoch 245/300 - loss: 0.3048 (mae 0.0178 mrstft 0.2871) - val: 0.3134 (mae 0.0213 mrstft 0.2921) - lr: 3.00e-04 - 3.9s
Epoch 246/300 - loss: 0.3060 (mae 0.0181 mrstft 0.2879) - val: 0.3123 (mae 0.0178 mrstft 0.2945) - lr: 3.00e-04 - 3.9s
Epoch 247/300 - loss: 0.3030 (mae 0.0178 mrstft 0.2853) - val: 0.3074 (mae 0.0166 mrstft 0.2908) - lr: 3.00e-04 - 3.8s
Epoch 248/300 - loss: 0.3033 (mae 0.0178 mrstft 0.2854) - val: 0.3105 (mae 0.0175 mrstft 0.2929) - lr: 3.00e-04 - 3.9s
Epoch 249/300 - loss: 0.3037 (mae 0.0178 mrstft 0.2859) - val: 0.3036 (mae 0.0164 mrstft 0.2872) - lr: 3.00e-04 - 3.9s
Epoch 250/300 - loss: 0.3030 (mae 0.0174 mrstft 0.2856) - val: 0.3044 (mae 0.0162 mrstft 0.2882) - lr: 3.00e-04 - 3.9s
Epoch 251/300 - loss: 0.3031 (mae 0.0174 mrstft 0.2857) - val: 0.3043 (mae 0.0161 mrstft 0.2882) - lr: 3.00e-04 - 3.9s
Epoch 252/300 - loss: 0.3028 (mae 0.0177 mrstft 0.2852) - val: 0.3111 (mae 0.0217 mrstft 0.2895) - lr: 3.00e-04 - 3.9s
Epoch 253/300 - loss: 0.3022 (mae 0.0176 mrstft 0.2846) - val: 0.3066 (mae 0.0160 mrstft 0.2906) - lr: 3.00e-04 - 3.9s
Epoch 254/300 - loss: 0.3027 (mae 0.0175 mrstft 0.2852) - val: 0.3108 (mae 0.0220 mrstft 0.2888) - lr: 3.00e-04 - 3.9s
Epoch 255/300 - loss: 0.3020 (mae 0.0175 mrstft 0.2845) - val: 0.3080 (mae 0.0165 mrstft 0.2916) - lr: 3.00e-04 - 3.9s
Epoch 256/300 - loss: 0.3026 (mae 0.0173 mrstft 0.2853) - val: 0.3077 (mae 0.0186 mrstft 0.2892) - lr: 3.00e-04 - 3.9s
Epoch 257/300 - loss: 0.3008 (mae 0.0172 mrstft 0.2836) - val: 0.3010 (mae 0.0153 mrstft 0.2856) - lr: 3.00e-04 - 3.9s
Epoch 258/300 - loss: 0.3002 (mae 0.0168 mrstft 0.2834) - val: 0.3007 (mae 0.0151 mrstft 0.2857) - lr: 3.00e-04 - 3.9s
Epoch 259/300 - loss: 0.3020 (mae 0.0162 mrstft 0.2858) - val: 0.3101 (mae 0.0167 mrstft 0.2934) - lr: 3.00e-04 - 3.8s
Epoch 260/300 - loss: 0.3038 (mae 0.0163 mrstft 0.2875) - val: 0.3105 (mae 0.0152 mrstft 0.2952) - lr: 3.00e-04 - 3.9s
Epoch 261/300 - loss: 0.3010 (mae 0.0157 mrstft 0.2854) - val: 0.3005 (mae 0.0147 mrstft 0.2858) - lr: 3.00e-04 - 4.0s
Epoch 262/300 - loss: 0.2993 (mae 0.0156 mrstft 0.2837) - val: 0.3016 (mae 0.0154 mrstft 0.2862) - lr: 3.00e-04 - 3.9s
Epoch 263/300 - loss: 0.2994 (mae 0.0155 mrstft 0.2839) - val: 0.2978 (mae 0.0148 mrstft 0.2829) - lr: 3.00e-04 - 3.8s
Epoch 264/300 - loss: 0.3014 (mae 0.0154 mrstft 0.2860) - val: 0.2990 (mae 0.0141 mrstft 0.2849) - lr: 3.00e-04 - 3.8s
Epoch 265/300 - loss: 0.2983 (mae 0.0153 mrstft 0.2829) - val: 0.2970 (mae 0.0143 mrstft 0.2827) - lr: 3.00e-04 - 3.8s
Epoch 266/300 - loss: 0.2984 (mae 0.0155 mrstft 0.2829) - val: 0.2989 (mae 0.0156 mrstft 0.2832) - lr: 3.00e-04 - 3.9s
Epoch 267/300 - loss: 0.2977 (mae 0.0149 mrstft 0.2828) - val: 0.2976 (mae 0.0138 mrstft 0.2838) - lr: 3.00e-04 - 3.9s
Epoch 268/300 - loss: 0.2982 (mae 0.0157 mrstft 0.2825) - val: 0.3061 (mae 0.0164 mrstft 0.2897) - lr: 3.00e-04 - 3.9s
Epoch 269/300 - loss: 0.2989 (mae 0.0148 mrstft 0.2842) - val: 0.2977 (mae 0.0144 mrstft 0.2833) - lr: 3.00e-04 - 3.8s
Epoch 270/300 - loss: 0.2971 (mae 0.0147 mrstft 0.2824) - val: 0.2988 (mae 0.0140 mrstft 0.2849) - lr: 3.00e-04 - 3.8s
Epoch 271/300 - loss: 0.2974 (mae 0.0148 mrstft 0.2826) - val: 0.2952 (mae 0.0135 mrstft 0.2817) - lr: 3.00e-04 - 3.8s
Epoch 272/300 - loss: 0.2959 (mae 0.0139 mrstft 0.2821) - val: 0.3040 (mae 0.0136 mrstft 0.2904) - lr: 3.00e-04 - 4.0s
Epoch 273/300 - loss: 0.2965 (mae 0.0135 mrstft 0.2830) - val: 0.2949 (mae 0.0126 mrstft 0.2823) - lr: 3.00e-04 - 3.9s
Epoch 274/300 - loss: 0.2959 (mae 0.0136 mrstft 0.2823) - val: 0.3124 (mae 0.0130 mrstft 0.2994) - lr: 3.00e-04 - 3.9s
Epoch 275/300 - loss: 0.2976 (mae 0.0140 mrstft 0.2836) - val: 0.2983 (mae 0.0139 mrstft 0.2844) - lr: 3.00e-04 - 3.9s
Epoch 276/300 - loss: 0.2945 (mae 0.0129 mrstft 0.2815) - val: 0.2974 (mae 0.0122 mrstft 0.2852) - lr: 3.00e-04 - 3.8s
Epoch 277/300 - loss: 0.2947 (mae 0.0132 mrstft 0.2815) - val: 0.2974 (mae 0.0144 mrstft 0.2830) - lr: 3.00e-04 - 3.9s
Epoch 278/300 - loss: 0.2948 (mae 0.0131 mrstft 0.2817) - val: 0.2969 (mae 0.0114 mrstft 0.2856) - lr: 3.00e-04 - 3.9s
Epoch 279/300 - loss: 0.2924 (mae 0.0124 mrstft 0.2801) - val: 0.2985 (mae 0.0154 mrstft 0.2832) - lr: 3.00e-04 - 3.9s
Epoch 280/300 - loss: 0.2929 (mae 0.0119 mrstft 0.2809) - val: 0.2960 (mae 0.0118 mrstft 0.2842) - lr: 3.00e-04 - 3.9s
Epoch 281/300 - loss: 0.2928 (mae 0.0118 mrstft 0.2810) - val: 0.3015 (mae 0.0117 mrstft 0.2898) - lr: 3.00e-04 - 3.9s
Epoch 282/300 - loss: 0.2928 (mae 0.0120 mrstft 0.2807) - val: 0.2992 (mae 0.0119 mrstft 0.2873) - lr: 3.00e-04 - 3.8s
Epoch 283/300 - loss: 0.2914 (mae 0.0112 mrstft 0.2802) - val: 0.2994 (mae 0.0108 mrstft 0.2886) - lr: 3.00e-04 - 3.9s
Epoch 284/300 - loss: 0.2908 (mae 0.0114 mrstft 0.2794) - val: 0.2929 (mae 0.0100 mrstft 0.2829) - lr: 3.00e-04 - 3.9s
Epoch 285/300 - loss: 0.2903 (mae 0.0105 mrstft 0.2798) - val: 0.2925 (mae 0.0094 mrstft 0.2830) - lr: 3.00e-04 - 3.9s
Epoch 286/300 - loss: 0.2912 (mae 0.0105 mrstft 0.2807) - val: 0.3003 (mae 0.0098 mrstft 0.2905) - lr: 3.00e-04 - 3.9s
Epoch 287/300 - loss: 0.2886 (mae 0.0104 mrstft 0.2783) - val: 0.2970 (mae 0.0101 mrstft 0.2869) - lr: 3.00e-04 - 3.9s
Epoch 288/300 - loss: 0.2888 (mae 0.0096 mrstft 0.2792) - val: 0.2925 (mae 0.0101 mrstft 0.2823) - lr: 3.00e-04 - 3.8s
Epoch 289/300 - loss: 0.2874 (mae 0.0098 mrstft 0.2776) - val: 0.2883 (mae 0.0092 mrstft 0.2791) - lr: 3.00e-04 - 3.9s
Epoch 290/300 - loss: 0.2862 (mae 0.0092 mrstft 0.2770) - val: 0.2882 (mae 0.0087 mrstft 0.2795) - lr: 3.00e-04 - 3.9s
Epoch 291/300 - loss: 0.2841 (mae 0.0085 mrstft 0.2756) - val: 0.2819 (mae 0.0076 mrstft 0.2743) - lr: 3.00e-04 - 3.9s
Epoch 292/300 - loss: 0.2823 (mae 0.0082 mrstft 0.2741) - val: 0.2846 (mae 0.0086 mrstft 0.2759) - lr: 3.00e-04 - 3.9s
Epoch 293/300 - loss: 0.2778 (mae 0.0076 mrstft 0.2703) - val: 0.2806 (mae 0.0079 mrstft 0.2727) - lr: 3.00e-04 - 3.8s
Epoch 294/300 - loss: 0.2750 (mae 0.0074 mrstft 0.2676) - val: 0.2729 (mae 0.0071 mrstft 0.2658) - lr: 3.00e-04 - 3.9s
Epoch 295/300 - loss: 0.2724 (mae 0.0070 mrstft 0.2654) - val: 0.2731 (mae 0.0073 mrstft 0.2658) - lr: 3.00e-04 - 3.9s
Epoch 296/300 - loss: 0.2694 (mae 0.0074 mrstft 0.2619) - val: 0.2777 (mae 0.0130 mrstft 0.2647) - lr: 3.00e-04 - 3.9s
Epoch 297/300 - loss: 0.2655 (mae 0.0065 mrstft 0.2590) - val: 0.2642 (mae 0.0057 mrstft 0.2585) - lr: 3.00e-04 - 3.9s
Epoch 298/300 - loss: 0.2661 (mae 0.0066 mrstft 0.2594) - val: 0.2663 (mae 0.0059 mrstft 0.2604) - lr: 3.00e-04 - 4.0s
Epoch 299/300 - loss: 0.2632 (mae 0.0063 mrstft 0.2569) - val: 0.2679 (mae 0.0074 mrstft 0.2605) - lr: 3.00e-04 - 4.0s
Epoch 300/300 - loss: 0.2630 (mae 0.0065 mrstft 0.2565) - val: 0.2781 (mae 0.0064 mrstft 0.2717) - lr: 3.00e-04 - 3.9s
Training complete in 19.5m (1170s)
Best val_loss: 0.2642
Weights exported to models/dist_11_gru64\weights.json
Loss history saved to models/dist_11_gru64\loss_history.csv
