Loading LFO training data...
  testSound_mono_lfo_1hz_100-10khz.wav: 1523 windows
  testSound_mono_lfo_2hz_100-10khz.wav: 1523 windows
  testSound_mono_lfo_fast_100-10khz.wav: 1523 windows
  testSound_mono_lfo_10hz_100-10khz.wav: 1523 windows
  testSound_mono_lfo_20hz_100-10khz.wav: 1523 windows
Loading validation data...
  100Hz (knob=0.000): 234 windows
  125Hz (knob=0.042): 234 windows
  250Hz (knob=0.173): 234 windows
  500Hz (knob=0.304): 234 windows
  800Hz (knob=0.392): 234 windows
  1000Hz (knob=0.435): 234 windows
  2000Hz (knob=0.565): 234 windows
  4000Hz (knob=0.696): 234 windows
  8000Hz (knob=0.827): 234 windows
  12000Hz (knob=0.904): 234 windows
  16000Hz (knob=0.958): 234 windows
  20000Hz (knob=1.000): 234 windows
Loading variable validation data...
  bench_mono_lfo_fast_100-10khz.wav: 234 windows
Train windows: 7615, Val windows: 3042, Sample rate: 48000
Using device: cuda
Epoch 1/300 - loss: 40.7188 - val_loss: 0.3642 - lr: 1.00e-03 - 5.0s
Epoch 2/300 - loss: 0.3623 - val_loss: 0.3838 - lr: 1.00e-03 - 4.5s
Epoch 3/300 - loss: 0.3339 - val_loss: 0.3515 - lr: 1.00e-03 - 4.5s
Epoch 4/300 - loss: 0.3357 - val_loss: 0.3160 - lr: 1.00e-03 - 4.5s
Epoch 5/300 - loss: 0.3379 - val_loss: 0.3371 - lr: 1.00e-03 - 4.5s
Epoch 6/300 - loss: 0.3262 - val_loss: 0.2895 - lr: 1.00e-03 - 4.5s
Epoch 7/300 - loss: 0.2928 - val_loss: 0.2771 - lr: 1.00e-03 - 4.5s
Epoch 8/300 - loss: 0.1943 - val_loss: 0.2149 - lr: 1.00e-03 - 4.5s
Epoch 9/300 - loss: 0.1396 - val_loss: 0.1518 - lr: 1.00e-03 - 4.5s
Epoch 10/300 - loss: 0.0987 - val_loss: 0.1132 - lr: 1.00e-03 - 4.5s
Epoch 11/300 - loss: 0.0746 - val_loss: 0.0910 - lr: 1.00e-03 - 4.5s
Epoch 12/300 - loss: 0.0505 - val_loss: 0.0846 - lr: 1.00e-03 - 4.5s
Epoch 13/300 - loss: 0.0355 - val_loss: 0.0730 - lr: 1.00e-03 - 4.5s
Epoch 14/300 - loss: 0.0532 - val_loss: 0.0734 - lr: 1.00e-03 - 4.5s
Epoch 15/300 - loss: 0.0418 - val_loss: 0.0792 - lr: 1.00e-03 - 4.5s
Epoch 16/300 - loss: 0.0459 - val_loss: 0.0709 - lr: 1.00e-03 - 4.6s
Epoch 17/300 - loss: 0.0386 - val_loss: 0.0659 - lr: 1.00e-03 - 4.5s
Epoch 18/300 - loss: 0.0261 - val_loss: 0.0693 - lr: 1.00e-03 - 4.5s
Epoch 19/300 - loss: 0.0305 - val_loss: 0.0604 - lr: 1.00e-03 - 4.5s
Epoch 20/300 - loss: 0.0434 - val_loss: 0.0642 - lr: 1.00e-03 - 4.5s
Epoch 21/300 - loss: 0.0342 - val_loss: 0.0682 - lr: 1.00e-03 - 4.5s
Epoch 22/300 - loss: 0.0273 - val_loss: 0.0568 - lr: 1.00e-03 - 4.5s
Epoch 23/300 - loss: 0.0255 - val_loss: 0.0595 - lr: 1.00e-03 - 4.5s
Epoch 24/300 - loss: 0.0375 - val_loss: 0.0819 - lr: 1.00e-03 - 4.5s
Epoch 25/300 - loss: 0.0368 - val_loss: 0.0594 - lr: 1.00e-03 - 4.6s
Epoch 26/300 - loss: 0.0229 - val_loss: 0.0606 - lr: 1.00e-03 - 4.5s
Epoch 27/300 - loss: 0.0255 - val_loss: 0.0568 - lr: 1.00e-03 - 4.5s
Epoch 28/300 - loss: 0.0251 - val_loss: 0.0565 - lr: 1.00e-03 - 4.5s
Epoch 29/300 - loss: 0.0210 - val_loss: 0.0515 - lr: 1.00e-03 - 4.6s
Epoch 30/300 - loss: 0.0223 - val_loss: 0.0577 - lr: 1.00e-03 - 4.6s
Epoch 31/300 - loss: 0.0207 - val_loss: 0.0559 - lr: 1.00e-03 - 4.6s
Epoch 32/300 - loss: 0.0257 - val_loss: 0.0762 - lr: 1.00e-03 - 4.5s
Epoch 33/300 - loss: 0.0239 - val_loss: 0.0486 - lr: 1.00e-03 - 4.5s
Epoch 34/300 - loss: 0.0169 - val_loss: 0.0490 - lr: 1.00e-03 - 4.6s
Epoch 35/300 - loss: 0.0201 - val_loss: 0.0517 - lr: 1.00e-03 - 4.5s
Epoch 36/300 - loss: 0.0303 - val_loss: 0.0519 - lr: 1.00e-03 - 4.5s
Epoch 37/300 - loss: 0.0146 - val_loss: 0.0501 - lr: 1.00e-03 - 4.5s
Epoch 38/300 - loss: 0.0120 - val_loss: 0.0457 - lr: 1.00e-03 - 4.5s
Epoch 39/300 - loss: 0.0196 - val_loss: 0.0465 - lr: 1.00e-03 - 4.5s
Epoch 40/300 - loss: 0.0200 - val_loss: 0.0629 - lr: 1.00e-03 - 4.5s
Epoch 41/300 - loss: 0.0220 - val_loss: 0.0470 - lr: 1.00e-03 - 4.5s
Epoch 42/300 - loss: 0.0209 - val_loss: 0.0561 - lr: 1.00e-03 - 4.5s
Epoch 43/300 - loss: 0.0153 - val_loss: 0.0476 - lr: 1.00e-03 - 4.6s
Epoch 44/300 - loss: 0.0235 - val_loss: 0.0496 - lr: 1.00e-03 - 4.5s
Epoch 45/300 - loss: 0.0198 - val_loss: 0.0486 - lr: 1.00e-03 - 4.5s
Epoch 46/300 - loss: 0.0144 - val_loss: 0.0481 - lr: 1.00e-03 - 4.5s
Epoch 47/300 - loss: 0.0216 - val_loss: 0.0628 - lr: 1.00e-03 - 4.5s
Epoch 48/300 - loss: 0.0304 - val_loss: 0.0544 - lr: 1.00e-03 - 4.6s
Epoch 49/300 - loss: 0.0184 - val_loss: 0.0461 - lr: 1.00e-03 - 4.5s
Epoch 50/300 - loss: 0.0157 - val_loss: 0.0425 - lr: 1.00e-03 - 4.5s
Epoch 51/300 - loss: 0.0176 - val_loss: 0.0468 - lr: 1.00e-03 - 4.6s
Epoch 52/300 - loss: 0.0104 - val_loss: 0.0479 - lr: 1.00e-03 - 4.6s
Epoch 53/300 - loss: 0.0169 - val_loss: 0.0443 - lr: 1.00e-03 - 4.6s
Epoch 54/300 - loss: 0.0192 - val_loss: 0.0464 - lr: 1.00e-03 - 4.6s
Epoch 55/300 - loss: 0.0132 - val_loss: 0.0424 - lr: 1.00e-03 - 4.6s
Epoch 56/300 - loss: 0.0153 - val_loss: 0.0483 - lr: 1.00e-03 - 4.7s
Epoch 57/300 - loss: 0.0126 - val_loss: 0.0436 - lr: 1.00e-03 - 4.5s
Epoch 58/300 - loss: 0.0116 - val_loss: 0.0397 - lr: 1.00e-03 - 4.6s
Epoch 59/300 - loss: 0.0128 - val_loss: 0.0470 - lr: 1.00e-03 - 4.5s
Epoch 60/300 - loss: 0.0190 - val_loss: 0.0475 - lr: 1.00e-03 - 4.6s
Epoch 61/300 - loss: 0.0110 - val_loss: 0.0414 - lr: 1.00e-03 - 4.6s
Epoch 62/300 - loss: 0.0116 - val_loss: 0.0414 - lr: 1.00e-03 - 4.6s
Epoch 63/300 - loss: 0.0093 - val_loss: 0.0413 - lr: 1.00e-03 - 4.5s
Epoch 64/300 - loss: 0.0127 - val_loss: 0.0434 - lr: 1.00e-03 - 4.6s
Epoch 65/300 - loss: 0.0122 - val_loss: 0.0411 - lr: 1.00e-03 - 4.6s
Epoch 66/300 - loss: 0.0134 - val_loss: 0.0486 - lr: 1.00e-03 - 4.6s
Epoch 67/300 - loss: 0.0137 - val_loss: 0.0411 - lr: 1.00e-03 - 4.6s
Epoch 68/300 - loss: 0.0153 - val_loss: 0.0576 - lr: 1.00e-03 - 4.5s
Epoch 69/300 - loss: 0.0154 - val_loss: 0.0460 - lr: 1.00e-03 - 4.6s
Epoch 70/300 - loss: 0.0160 - val_loss: 0.0400 - lr: 1.00e-03 - 4.5s
Epoch 71/300 - loss: 0.0119 - val_loss: 0.0386 - lr: 1.00e-03 - 4.6s
Epoch 72/300 - loss: 0.0084 - val_loss: 0.0379 - lr: 1.00e-03 - 4.5s
Epoch 73/300 - loss: 0.0171 - val_loss: 0.0429 - lr: 1.00e-03 - 4.6s
Epoch 74/300 - loss: 0.0137 - val_loss: 0.0484 - lr: 1.00e-03 - 4.6s
Epoch 75/300 - loss: 0.0123 - val_loss: 0.0419 - lr: 1.00e-03 - 4.5s
Epoch 76/300 - loss: 0.0104 - val_loss: 0.0485 - lr: 1.00e-03 - 4.5s
Epoch 77/300 - loss: 0.0139 - val_loss: 0.0392 - lr: 1.00e-03 - 4.5s
Epoch 78/300 - loss: 0.0089 - val_loss: 0.0392 - lr: 1.00e-03 - 4.6s
Epoch 79/300 - loss: 0.0096 - val_loss: 0.0392 - lr: 1.00e-03 - 4.5s
Epoch 80/300 - loss: 0.0088 - val_loss: 0.0362 - lr: 1.00e-03 - 4.6s
Epoch 81/300 - loss: 0.0071 - val_loss: 0.0380 - lr: 1.00e-03 - 4.5s
Epoch 82/300 - loss: 0.0074 - val_loss: 0.0378 - lr: 1.00e-03 - 4.6s
Epoch 83/300 - loss: 0.0180 - val_loss: 0.0462 - lr: 1.00e-03 - 4.6s
Epoch 84/300 - loss: 0.0068 - val_loss: 0.0378 - lr: 1.00e-03 - 4.5s
Epoch 85/300 - loss: 0.0117 - val_loss: 0.0373 - lr: 1.00e-03 - 4.6s
Epoch 86/300 - loss: 0.0101 - val_loss: 0.0388 - lr: 1.00e-03 - 4.5s
Epoch 87/300 - loss: 0.0131 - val_loss: 0.0381 - lr: 1.00e-03 - 4.6s
Epoch 88/300 - loss: 0.0118 - val_loss: 0.0380 - lr: 1.00e-03 - 4.5s
Epoch 89/300 - loss: 0.0137 - val_loss: 0.0392 - lr: 1.00e-03 - 4.5s
Epoch 90/300 - loss: 0.0126 - val_loss: 0.0409 - lr: 1.00e-03 - 4.5s
Epoch 91/300 - loss: 0.0149 - val_loss: 0.0437 - lr: 1.00e-03 - 4.6s
Epoch 92/300 - loss: 0.0107 - val_loss: 0.0380 - lr: 1.00e-03 - 4.6s
Epoch 93/300 - loss: 0.0080 - val_loss: 0.0422 - lr: 1.00e-03 - 4.5s
Epoch 94/300 - loss: 0.0066 - val_loss: 0.0367 - lr: 1.00e-03 - 4.5s
Epoch 95/300 - loss: 0.0072 - val_loss: 0.0368 - lr: 1.00e-03 - 4.5s
Epoch 96/300 - loss: 0.0099 - val_loss: 0.0379 - lr: 1.00e-03 - 4.5s
Epoch 97/300 - loss: 0.0092 - val_loss: 0.0399 - lr: 1.00e-03 - 4.5s
Epoch 98/300 - loss: 0.0129 - val_loss: 0.0372 - lr: 1.00e-03 - 4.6s
Epoch 99/300 - loss: 0.0084 - val_loss: 0.0417 - lr: 1.00e-03 - 4.5s
Epoch 100/300 - loss: 0.0088 - val_loss: 0.0397 - lr: 1.00e-03 - 4.6s
Epoch 101/300 - loss: 0.0104 - val_loss: 0.0376 - lr: 5.00e-04 - 4.6s
Epoch 102/300 - loss: 0.0025 - val_loss: 0.0358 - lr: 5.00e-04 - 4.6s
Epoch 103/300 - loss: 0.0024 - val_loss: 0.0349 - lr: 5.00e-04 - 4.6s
Epoch 104/300 - loss: 0.0035 - val_loss: 0.0367 - lr: 5.00e-04 - 4.6s
Epoch 105/300 - loss: 0.0033 - val_loss: 0.0339 - lr: 5.00e-04 - 4.6s
Epoch 106/300 - loss: 0.0020 - val_loss: 0.0342 - lr: 5.00e-04 - 4.6s
Epoch 107/300 - loss: 0.0028 - val_loss: 0.0346 - lr: 5.00e-04 - 4.6s
Epoch 108/300 - loss: 0.0029 - val_loss: 0.0343 - lr: 5.00e-04 - 4.6s
Epoch 109/300 - loss: 0.0034 - val_loss: 0.0368 - lr: 5.00e-04 - 4.6s
Epoch 110/300 - loss: 0.0027 - val_loss: 0.0341 - lr: 5.00e-04 - 4.6s
Epoch 111/300 - loss: 0.0029 - val_loss: 0.0356 - lr: 5.00e-04 - 4.6s
Epoch 112/300 - loss: 0.0029 - val_loss: 0.0342 - lr: 5.00e-04 - 4.6s
Epoch 113/300 - loss: 0.0036 - val_loss: 0.0368 - lr: 5.00e-04 - 4.5s
Epoch 114/300 - loss: 0.0031 - val_loss: 0.0358 - lr: 5.00e-04 - 4.6s
Epoch 115/300 - loss: 0.0041 - val_loss: 0.0387 - lr: 5.00e-04 - 4.5s
Epoch 116/300 - loss: 0.0028 - val_loss: 0.0359 - lr: 5.00e-04 - 4.5s
Epoch 117/300 - loss: 0.0037 - val_loss: 0.0356 - lr: 5.00e-04 - 4.5s
Epoch 118/300 - loss: 0.0036 - val_loss: 0.0394 - lr: 5.00e-04 - 4.3s
Epoch 119/300 - loss: 0.0049 - val_loss: 0.0348 - lr: 5.00e-04 - 4.3s
Epoch 120/300 - loss: 0.0023 - val_loss: 0.0353 - lr: 5.00e-04 - 4.1s
Epoch 121/300 - loss: 0.0034 - val_loss: 0.0360 - lr: 5.00e-04 - 4.4s
Epoch 122/300 - loss: 0.0027 - val_loss: 0.0366 - lr: 5.00e-04 - 4.6s
Epoch 123/300 - loss: 0.0029 - val_loss: 0.0349 - lr: 5.00e-04 - 4.5s
Epoch 124/300 - loss: 0.0024 - val_loss: 0.0350 - lr: 5.00e-04 - 4.5s
Epoch 125/300 - loss: 0.0036 - val_loss: 0.0368 - lr: 5.00e-04 - 4.5s
Epoch 126/300 - loss: 0.0040 - val_loss: 0.0371 - lr: 2.50e-04 - 4.5s
Epoch 127/300 - loss: 0.0017 - val_loss: 0.0361 - lr: 2.50e-04 - 4.5s
Epoch 128/300 - loss: 0.0008 - val_loss: 0.0349 - lr: 2.50e-04 - 4.5s
Epoch 129/300 - loss: 0.0011 - val_loss: 0.0344 - lr: 2.50e-04 - 4.5s
Epoch 130/300 - loss: 0.0008 - val_loss: 0.0341 - lr: 2.50e-04 - 4.5s
Epoch 131/300 - loss: 0.0008 - val_loss: 0.0341 - lr: 2.50e-04 - 4.5s
Epoch 132/300 - loss: 0.0009 - val_loss: 0.0338 - lr: 2.50e-04 - 4.5s
Epoch 133/300 - loss: 0.0010 - val_loss: 0.0337 - lr: 2.50e-04 - 4.5s
Epoch 134/300 - loss: 0.0008 - val_loss: 0.0337 - lr: 2.50e-04 - 4.5s
Epoch 135/300 - loss: 0.0009 - val_loss: 0.0333 - lr: 2.50e-04 - 4.5s
Epoch 136/300 - loss: 0.0010 - val_loss: 0.0338 - lr: 2.50e-04 - 4.5s
Epoch 137/300 - loss: 0.0011 - val_loss: 0.0333 - lr: 2.50e-04 - 4.5s
Epoch 138/300 - loss: 0.0011 - val_loss: 0.0336 - lr: 2.50e-04 - 4.5s
Epoch 139/300 - loss: 0.0009 - val_loss: 0.0336 - lr: 2.50e-04 - 4.5s
Epoch 140/300 - loss: 0.0009 - val_loss: 0.0340 - lr: 2.50e-04 - 4.5s
Epoch 141/300 - loss: 0.0009 - val_loss: 0.0330 - lr: 2.50e-04 - 4.5s
Epoch 142/300 - loss: 0.0009 - val_loss: 0.0329 - lr: 2.50e-04 - 4.5s
Epoch 143/300 - loss: 0.0010 - val_loss: 0.0334 - lr: 2.50e-04 - 4.5s
Epoch 144/300 - loss: 0.0009 - val_loss: 0.0328 - lr: 2.50e-04 - 4.5s
Epoch 145/300 - loss: 0.0008 - val_loss: 0.0329 - lr: 2.50e-04 - 4.5s
Epoch 146/300 - loss: 0.0011 - val_loss: 0.0330 - lr: 2.50e-04 - 4.5s
Epoch 147/300 - loss: 0.0008 - val_loss: 0.0331 - lr: 2.50e-04 - 4.5s
Epoch 148/300 - loss: 0.0011 - val_loss: 0.0336 - lr: 2.50e-04 - 4.5s
Epoch 149/300 - loss: 0.0008 - val_loss: 0.0337 - lr: 2.50e-04 - 4.5s
Epoch 150/300 - loss: 0.0007 - val_loss: 0.0328 - lr: 2.50e-04 - 4.5s
Epoch 151/300 - loss: 0.0017 - val_loss: 0.0333 - lr: 2.50e-04 - 4.5s
Epoch 152/300 - loss: 0.0016 - val_loss: 0.0336 - lr: 2.50e-04 - 4.5s
Epoch 153/300 - loss: 0.0009 - val_loss: 0.0335 - lr: 2.50e-04 - 4.5s
Epoch 154/300 - loss: 0.0009 - val_loss: 0.0326 - lr: 2.50e-04 - 4.5s
Epoch 155/300 - loss: 0.0010 - val_loss: 0.0324 - lr: 2.50e-04 - 4.5s
Epoch 156/300 - loss: 0.0011 - val_loss: 0.0341 - lr: 2.50e-04 - 4.5s
Epoch 157/300 - loss: 0.0013 - val_loss: 0.0336 - lr: 2.50e-04 - 4.5s
Epoch 158/300 - loss: 0.0011 - val_loss: 0.0330 - lr: 2.50e-04 - 4.5s
Epoch 159/300 - loss: 0.0008 - val_loss: 0.0329 - lr: 2.50e-04 - 4.5s
Epoch 160/300 - loss: 0.0007 - val_loss: 0.0326 - lr: 2.50e-04 - 4.5s
Epoch 161/300 - loss: 0.0010 - val_loss: 0.0330 - lr: 2.50e-04 - 4.5s
Epoch 162/300 - loss: 0.0013 - val_loss: 0.0319 - lr: 2.50e-04 - 4.5s
Epoch 163/300 - loss: 0.0013 - val_loss: 0.0329 - lr: 2.50e-04 - 4.6s
Epoch 164/300 - loss: 0.0010 - val_loss: 0.0323 - lr: 2.50e-04 - 4.5s
Epoch 165/300 - loss: 0.0007 - val_loss: 0.0329 - lr: 2.50e-04 - 4.5s
Epoch 166/300 - loss: 0.0010 - val_loss: 0.0324 - lr: 2.50e-04 - 4.5s
Epoch 167/300 - loss: 0.0009 - val_loss: 0.0324 - lr: 2.50e-04 - 4.5s
Epoch 168/300 - loss: 0.0012 - val_loss: 0.0320 - lr: 2.50e-04 - 4.5s
Epoch 169/300 - loss: 0.0011 - val_loss: 0.0331 - lr: 2.50e-04 - 4.5s
Epoch 170/300 - loss: 0.0015 - val_loss: 0.0331 - lr: 2.50e-04 - 4.5s
Epoch 171/300 - loss: 0.0009 - val_loss: 0.0326 - lr: 2.50e-04 - 4.5s
Epoch 172/300 - loss: 0.0009 - val_loss: 0.0328 - lr: 2.50e-04 - 4.5s
Epoch 173/300 - loss: 0.0008 - val_loss: 0.0323 - lr: 2.50e-04 - 4.5s
Epoch 174/300 - loss: 0.0009 - val_loss: 0.0322 - lr: 2.50e-04 - 4.5s
Epoch 175/300 - loss: 0.0010 - val_loss: 0.0325 - lr: 2.50e-04 - 4.5s
Epoch 176/300 - loss: 0.0008 - val_loss: 0.0324 - lr: 2.50e-04 - 4.5s
Epoch 177/300 - loss: 0.0012 - val_loss: 0.0330 - lr: 2.50e-04 - 4.5s
Epoch 178/300 - loss: 0.0010 - val_loss: 0.0325 - lr: 2.50e-04 - 4.5s
Epoch 179/300 - loss: 0.0011 - val_loss: 0.0323 - lr: 2.50e-04 - 4.5s
Epoch 180/300 - loss: 0.0010 - val_loss: 0.0326 - lr: 2.50e-04 - 4.5s
Epoch 181/300 - loss: 0.0010 - val_loss: 0.0317 - lr: 2.50e-04 - 4.5s
Epoch 182/300 - loss: 0.0016 - val_loss: 0.0324 - lr: 2.50e-04 - 4.5s
Epoch 183/300 - loss: 0.0012 - val_loss: 0.0323 - lr: 2.50e-04 - 4.5s
Epoch 184/300 - loss: 0.0010 - val_loss: 0.0329 - lr: 2.50e-04 - 4.5s
Epoch 185/300 - loss: 0.0013 - val_loss: 0.0329 - lr: 2.50e-04 - 4.5s
Epoch 186/300 - loss: 0.0010 - val_loss: 0.0328 - lr: 2.50e-04 - 4.5s
Epoch 187/300 - loss: 0.0013 - val_loss: 0.0329 - lr: 2.50e-04 - 4.5s
Epoch 188/300 - loss: 0.0011 - val_loss: 0.0322 - lr: 2.50e-04 - 4.5s
Epoch 189/300 - loss: 0.0012 - val_loss: 0.0325 - lr: 2.50e-04 - 4.5s
Epoch 190/300 - loss: 0.0010 - val_loss: 0.0323 - lr: 2.50e-04 - 4.5s
Epoch 191/300 - loss: 0.0010 - val_loss: 0.0326 - lr: 2.50e-04 - 4.5s
Epoch 192/300 - loss: 0.0012 - val_loss: 0.0321 - lr: 2.50e-04 - 4.5s
Epoch 193/300 - loss: 0.0010 - val_loss: 0.0326 - lr: 2.50e-04 - 4.5s
Epoch 194/300 - loss: 0.0006 - val_loss: 0.0319 - lr: 2.50e-04 - 4.5s
Epoch 195/300 - loss: 0.0011 - val_loss: 0.0324 - lr: 2.50e-04 - 4.5s
Epoch 196/300 - loss: 0.0011 - val_loss: 0.0327 - lr: 2.50e-04 - 4.5s
Epoch 197/300 - loss: 0.0011 - val_loss: 0.0320 - lr: 2.50e-04 - 4.5s
Epoch 198/300 - loss: 0.0008 - val_loss: 0.0325 - lr: 2.50e-04 - 4.5s
Epoch 199/300 - loss: 0.0011 - val_loss: 0.0324 - lr: 2.50e-04 - 4.5s
Epoch 200/300 - loss: 0.0010 - val_loss: 0.0323 - lr: 2.50e-04 - 4.5s
Epoch 201/300 - loss: 0.0011 - val_loss: 0.0323 - lr: 2.50e-04 - 4.5s
Epoch 202/300 - loss: 0.0009 - val_loss: 0.0328 - lr: 1.25e-04 - 4.5s
Epoch 203/300 - loss: 0.0004 - val_loss: 0.0322 - lr: 1.25e-04 - 4.5s
Epoch 204/300 - loss: 0.0003 - val_loss: 0.0318 - lr: 1.25e-04 - 4.5s
Epoch 205/300 - loss: 0.0004 - val_loss: 0.0314 - lr: 1.25e-04 - 4.5s
Epoch 206/300 - loss: 0.0002 - val_loss: 0.0315 - lr: 1.25e-04 - 4.5s
Epoch 207/300 - loss: 0.0005 - val_loss: 0.0316 - lr: 1.25e-04 - 4.5s
Epoch 208/300 - loss: 0.0002 - val_loss: 0.0315 - lr: 1.25e-04 - 4.5s
Epoch 209/300 - loss: 0.0005 - val_loss: 0.0317 - lr: 1.25e-04 - 4.5s
Epoch 210/300 - loss: 0.0004 - val_loss: 0.0313 - lr: 1.25e-04 - 4.5s
Epoch 211/300 - loss: 0.0002 - val_loss: 0.0312 - lr: 1.25e-04 - 4.5s
Epoch 212/300 - loss: 0.0003 - val_loss: 0.0315 - lr: 1.25e-04 - 4.5s
Epoch 213/300 - loss: 0.0004 - val_loss: 0.0310 - lr: 1.25e-04 - 4.5s
Epoch 214/300 - loss: 0.0003 - val_loss: 0.0311 - lr: 1.25e-04 - 4.5s
Epoch 215/300 - loss: 0.0005 - val_loss: 0.0313 - lr: 1.25e-04 - 4.5s
Epoch 216/300 - loss: 0.0004 - val_loss: 0.0309 - lr: 1.25e-04 - 4.5s
Epoch 217/300 - loss: 0.0003 - val_loss: 0.0311 - lr: 1.25e-04 - 4.7s
Epoch 218/300 - loss: 0.0003 - val_loss: 0.0307 - lr: 1.25e-04 - 4.6s
Epoch 219/300 - loss: 0.0005 - val_loss: 0.0310 - lr: 1.25e-04 - 4.6s
Epoch 220/300 - loss: 0.0005 - val_loss: 0.0312 - lr: 1.25e-04 - 4.6s
Epoch 221/300 - loss: 0.0004 - val_loss: 0.0308 - lr: 1.25e-04 - 4.6s
Epoch 222/300 - loss: 0.0004 - val_loss: 0.0307 - lr: 1.25e-04 - 4.6s
Epoch 223/300 - loss: 0.0005 - val_loss: 0.0305 - lr: 1.25e-04 - 4.6s
Epoch 224/300 - loss: 0.0004 - val_loss: 0.0305 - lr: 1.25e-04 - 4.5s
Epoch 225/300 - loss: 0.0004 - val_loss: 0.0308 - lr: 1.25e-04 - 4.5s
Epoch 226/300 - loss: 0.0004 - val_loss: 0.0306 - lr: 1.25e-04 - 4.5s
Epoch 227/300 - loss: 0.0006 - val_loss: 0.0305 - lr: 1.25e-04 - 4.6s
Epoch 228/300 - loss: 0.0006 - val_loss: 0.0311 - lr: 1.25e-04 - 4.5s
Epoch 229/300 - loss: 0.0004 - val_loss: 0.0306 - lr: 1.25e-04 - 4.5s
Epoch 230/300 - loss: 0.0004 - val_loss: 0.0310 - lr: 1.25e-04 - 4.5s
Epoch 231/300 - loss: 0.0004 - val_loss: 0.0305 - lr: 1.25e-04 - 4.5s
Epoch 232/300 - loss: 0.0003 - val_loss: 0.0311 - lr: 1.25e-04 - 4.6s
Epoch 233/300 - loss: 0.0004 - val_loss: 0.0306 - lr: 1.25e-04 - 4.5s
Epoch 234/300 - loss: 0.0004 - val_loss: 0.0307 - lr: 1.25e-04 - 4.5s
Epoch 235/300 - loss: 0.0005 - val_loss: 0.0304 - lr: 1.25e-04 - 4.5s
Epoch 236/300 - loss: 0.0002 - val_loss: 0.0302 - lr: 1.25e-04 - 4.5s
Epoch 237/300 - loss: 0.0005 - val_loss: 0.0306 - lr: 1.25e-04 - 4.5s
Epoch 238/300 - loss: 0.0004 - val_loss: 0.0305 - lr: 1.25e-04 - 4.5s
Epoch 239/300 - loss: 0.0004 - val_loss: 0.0301 - lr: 1.25e-04 - 4.6s
Epoch 240/300 - loss: 0.0003 - val_loss: 0.0304 - lr: 1.25e-04 - 4.6s
Epoch 241/300 - loss: 0.0006 - val_loss: 0.0301 - lr: 1.25e-04 - 4.5s
Epoch 242/300 - loss: 0.0004 - val_loss: 0.0306 - lr: 1.25e-04 - 4.5s
Epoch 243/300 - loss: 0.0004 - val_loss: 0.0306 - lr: 1.25e-04 - 4.5s
Epoch 244/300 - loss: 0.0008 - val_loss: 0.0307 - lr: 1.25e-04 - 4.6s
Epoch 245/300 - loss: 0.0004 - val_loss: 0.0304 - lr: 1.25e-04 - 4.6s
Epoch 246/300 - loss: 0.0006 - val_loss: 0.0308 - lr: 1.25e-04 - 4.6s
Epoch 247/300 - loss: 0.0004 - val_loss: 0.0304 - lr: 1.25e-04 - 4.5s
Epoch 248/300 - loss: 0.0005 - val_loss: 0.0304 - lr: 1.25e-04 - 4.5s
Epoch 249/300 - loss: 0.0005 - val_loss: 0.0302 - lr: 1.25e-04 - 4.6s
Epoch 250/300 - loss: 0.0005 - val_loss: 0.0304 - lr: 1.25e-04 - 4.6s
Epoch 251/300 - loss: 0.0004 - val_loss: 0.0300 - lr: 1.25e-04 - 4.6s
Epoch 252/300 - loss: 0.0003 - val_loss: 0.0303 - lr: 1.25e-04 - 4.5s
Epoch 253/300 - loss: 0.0004 - val_loss: 0.0301 - lr: 1.25e-04 - 4.6s
Epoch 254/300 - loss: 0.0006 - val_loss: 0.0304 - lr: 1.25e-04 - 4.5s
Epoch 255/300 - loss: 0.0004 - val_loss: 0.0303 - lr: 1.25e-04 - 4.6s
Epoch 256/300 - loss: 0.0005 - val_loss: 0.0301 - lr: 1.25e-04 - 4.7s
Epoch 257/300 - loss: 0.0005 - val_loss: 0.0304 - lr: 1.25e-04 - 4.7s
Epoch 258/300 - loss: 0.0003 - val_loss: 0.0302 - lr: 1.25e-04 - 4.6s
Epoch 259/300 - loss: 0.0002 - val_loss: 0.0300 - lr: 1.25e-04 - 4.6s
Epoch 260/300 - loss: 0.0004 - val_loss: 0.0300 - lr: 1.25e-04 - 4.6s
Epoch 261/300 - loss: 0.0005 - val_loss: 0.0304 - lr: 1.25e-04 - 4.7s
Epoch 262/300 - loss: 0.0005 - val_loss: 0.0297 - lr: 1.25e-04 - 4.7s
Epoch 263/300 - loss: 0.0003 - val_loss: 0.0299 - lr: 1.25e-04 - 4.7s
Epoch 264/300 - loss: 0.0005 - val_loss: 0.0299 - lr: 1.25e-04 - 4.7s
Epoch 265/300 - loss: 0.0004 - val_loss: 0.0298 - lr: 1.25e-04 - 4.7s
Epoch 266/300 - loss: 0.0004 - val_loss: 0.0302 - lr: 1.25e-04 - 4.7s
Epoch 267/300 - loss: 0.0004 - val_loss: 0.0298 - lr: 1.25e-04 - 4.7s
Epoch 268/300 - loss: 0.0003 - val_loss: 0.0300 - lr: 1.25e-04 - 4.7s
Epoch 269/300 - loss: 0.0006 - val_loss: 0.0298 - lr: 1.25e-04 - 4.7s
Epoch 270/300 - loss: 0.0004 - val_loss: 0.0303 - lr: 1.25e-04 - 4.7s
Epoch 271/300 - loss: 0.0003 - val_loss: 0.0296 - lr: 1.25e-04 - 4.7s
Epoch 272/300 - loss: 0.0003 - val_loss: 0.0298 - lr: 1.25e-04 - 4.7s
Epoch 273/300 - loss: 0.0009 - val_loss: 0.0294 - lr: 1.25e-04 - 4.7s
Epoch 274/300 - loss: 0.0005 - val_loss: 0.0298 - lr: 1.25e-04 - 4.7s
Epoch 275/300 - loss: 0.0003 - val_loss: 0.0299 - lr: 1.25e-04 - 4.7s
Epoch 276/300 - loss: 0.0004 - val_loss: 0.0298 - lr: 1.25e-04 - 4.7s
Epoch 277/300 - loss: 0.0003 - val_loss: 0.0294 - lr: 1.25e-04 - 4.7s
Epoch 278/300 - loss: 0.0004 - val_loss: 0.0298 - lr: 1.25e-04 - 4.7s
Epoch 279/300 - loss: 0.0003 - val_loss: 0.0298 - lr: 1.25e-04 - 4.7s
Epoch 280/300 - loss: 0.0003 - val_loss: 0.0300 - lr: 1.25e-04 - 4.7s
Epoch 281/300 - loss: 0.0004 - val_loss: 0.0295 - lr: 1.25e-04 - 4.7s
Epoch 282/300 - loss: 0.0004 - val_loss: 0.0293 - lr: 1.25e-04 - 4.7s
Epoch 283/300 - loss: 0.0005 - val_loss: 0.0300 - lr: 1.25e-04 - 4.7s
Epoch 284/300 - loss: 0.0002 - val_loss: 0.0299 - lr: 1.25e-04 - 4.7s
Epoch 285/300 - loss: 0.0006 - val_loss: 0.0303 - lr: 1.25e-04 - 4.7s
Epoch 286/300 - loss: 0.0004 - val_loss: 0.0299 - lr: 1.25e-04 - 4.7s
Epoch 287/300 - loss: 0.0004 - val_loss: 0.0296 - lr: 1.25e-04 - 4.7s
Epoch 288/300 - loss: 0.0005 - val_loss: 0.0298 - lr: 1.25e-04 - 4.7s
Epoch 289/300 - loss: 0.0003 - val_loss: 0.0296 - lr: 1.25e-04 - 4.6s
Epoch 290/300 - loss: 0.0005 - val_loss: 0.0298 - lr: 1.25e-04 - 4.7s
Epoch 291/300 - loss: 0.0007 - val_loss: 0.0299 - lr: 1.25e-04 - 4.6s
Epoch 292/300 - loss: 0.0004 - val_loss: 0.0295 - lr: 1.25e-04 - 4.7s
Epoch 293/300 - loss: 0.0002 - val_loss: 0.0297 - lr: 1.25e-04 - 4.7s
Epoch 294/300 - loss: 0.0002 - val_loss: 0.0295 - lr: 1.25e-04 - 4.7s
Epoch 295/300 - loss: 0.0004 - val_loss: 0.0295 - lr: 1.25e-04 - 4.7s
Epoch 296/300 - loss: 0.0005 - val_loss: 0.0302 - lr: 1.25e-04 - 4.7s
Epoch 297/300 - loss: 0.0004 - val_loss: 0.0295 - lr: 1.25e-04 - 4.7s
Epoch 298/300 - loss: 0.0003 - val_loss: 0.0292 - lr: 1.25e-04 - 4.7s
Epoch 299/300 - loss: 0.0003 - val_loss: 0.0292 - lr: 1.25e-04 - 4.7s
Epoch 300/300 - loss: 0.0006 - val_loss: 0.0294 - lr: 1.25e-04 - 4.7s
Training complete in 22.8m (1367s)
Best val_loss: 0.0292 -- loading best weights for export
Model saved to models/24_moog_lfo_only_128u_w256\weights.json
Loss history saved to models/24_moog_lfo_only_128u_w256\loss_history.csv
