Loading training data...
  trainingDry.wav: 4875 train, 1218 val windows
  training-10dBDry.wav: 4875 train, 1218 val windows
Total: 9750 train, 2436 val windows  sr=48000
Using device: cuda
Epoch 1/300 - loss: 2.0539 (mae 0.0742 mrstft 1.9797) - val: 1.8057 (mae 0.0664 mrstft 1.7393) - lr: 3.00e-04 - 6.4s
Epoch 2/300 - loss: 1.5121 (mae 0.0661 mrstft 1.4461) - val: 1.3549 (mae 0.0743 mrstft 1.2806) - lr: 3.00e-04 - 5.7s
Epoch 3/300 - loss: 1.2776 (mae 0.0773 mrstft 1.2004) - val: 1.2363 (mae 0.0842 mrstft 1.1521) - lr: 3.00e-04 - 5.6s
Epoch 4/300 - loss: 1.2193 (mae 0.0898 mrstft 1.1295) - val: 1.1963 (mae 0.0890 mrstft 1.1072) - lr: 3.00e-04 - 5.6s
Epoch 5/300 - loss: 1.1338 (mae 0.1054 mrstft 1.0284) - val: 1.0114 (mae 0.1161 mrstft 0.8953) - lr: 3.00e-04 - 5.6s
Epoch 6/300 - loss: 0.9127 (mae 0.0848 mrstft 0.8279) - val: 0.8537 (mae 0.0652 mrstft 0.7885) - lr: 3.00e-04 - 5.6s
Epoch 7/300 - loss: 0.8780 (mae 0.0808 mrstft 0.7973) - val: 0.8321 (mae 0.0653 mrstft 0.7668) - lr: 3.00e-04 - 5.6s
Epoch 8/300 - loss: 0.8159 (mae 0.0625 mrstft 0.7533) - val: 0.7986 (mae 0.0571 mrstft 0.7415) - lr: 3.00e-04 - 5.6s
Epoch 9/300 - loss: 0.7987 (mae 0.0611 mrstft 0.7376) - val: 0.7740 (mae 0.0526 mrstft 0.7213) - lr: 3.00e-04 - 5.7s
Epoch 10/300 - loss: 0.7524 (mae 0.0552 mrstft 0.6971) - val: 0.7287 (mae 0.0494 mrstft 0.6793) - lr: 3.00e-04 - 5.6s
Epoch 11/300 - loss: 0.7265 (mae 0.0524 mrstft 0.6742) - val: 0.7079 (mae 0.0461 mrstft 0.6618) - lr: 3.00e-04 - 5.6s
Epoch 12/300 - loss: 0.6961 (mae 0.0466 mrstft 0.6495) - val: 0.6747 (mae 0.0417 mrstft 0.6330) - lr: 3.00e-04 - 5.6s
Epoch 13/300 - loss: 0.6678 (mae 0.0433 mrstft 0.6245) - val: 0.6666 (mae 0.0417 mrstft 0.6249) - lr: 3.00e-04 - 5.6s
Epoch 14/300 - loss: 0.6464 (mae 0.0428 mrstft 0.6035) - val: 0.6365 (mae 0.0411 mrstft 0.5954) - lr: 3.00e-04 - 5.6s
Epoch 15/300 - loss: 0.6155 (mae 0.0428 mrstft 0.5727) - val: 0.5868 (mae 0.0413 mrstft 0.5454) - lr: 3.00e-04 - 5.6s
Epoch 16/300 - loss: 0.5941 (mae 0.0430 mrstft 0.5511) - val: 0.5774 (mae 0.0402 mrstft 0.5372) - lr: 3.00e-04 - 5.7s
Epoch 17/300 - loss: 0.5777 (mae 0.0419 mrstft 0.5358) - val: 0.5818 (mae 0.0393 mrstft 0.5424) - lr: 3.00e-04 - 5.6s
Epoch 18/300 - loss: 0.5745 (mae 0.0419 mrstft 0.5327) - val: 0.5561 (mae 0.0383 mrstft 0.5178) - lr: 3.00e-04 - 5.6s
Epoch 19/300 - loss: 0.5528 (mae 0.0403 mrstft 0.5125) - val: 0.5379 (mae 0.0376 mrstft 0.5003) - lr: 3.00e-04 - 5.6s
Epoch 20/300 - loss: 0.5482 (mae 0.0401 mrstft 0.5082) - val: 0.5303 (mae 0.0369 mrstft 0.4934) - lr: 3.00e-04 - 5.6s
Epoch 21/300 - loss: 0.5352 (mae 0.0396 mrstft 0.4956) - val: 0.5329 (mae 0.0371 mrstft 0.4958) - lr: 3.00e-04 - 5.6s
Epoch 22/300 - loss: 0.5245 (mae 0.0389 mrstft 0.4856) - val: 0.5184 (mae 0.0384 mrstft 0.4800) - lr: 3.00e-04 - 5.6s
Epoch 23/300 - loss: 0.5155 (mae 0.0395 mrstft 0.4760) - val: 0.5245 (mae 0.0415 mrstft 0.4830) - lr: 3.00e-04 - 5.6s
Epoch 24/300 - loss: 0.5127 (mae 0.0396 mrstft 0.4731) - val: 0.5488 (mae 0.0417 mrstft 0.5071) - lr: 3.00e-04 - 5.7s
Epoch 25/300 - loss: 0.5187 (mae 0.0402 mrstft 0.4784) - val: 0.4926 (mae 0.0364 mrstft 0.4562) - lr: 3.00e-04 - 5.6s
Epoch 26/300 - loss: 0.5037 (mae 0.0397 mrstft 0.4641) - val: 0.4897 (mae 0.0379 mrstft 0.4519) - lr: 3.00e-04 - 5.6s
Epoch 27/300 - loss: 0.4961 (mae 0.0399 mrstft 0.4561) - val: 0.4998 (mae 0.0413 mrstft 0.4586) - lr: 3.00e-04 - 5.6s
Epoch 28/300 - loss: 0.4871 (mae 0.0405 mrstft 0.4466) - val: 0.4885 (mae 0.0371 mrstft 0.4514) - lr: 3.00e-04 - 5.6s
Epoch 29/300 - loss: 0.4837 (mae 0.0401 mrstft 0.4436) - val: 0.4740 (mae 0.0376 mrstft 0.4364) - lr: 3.00e-04 - 5.6s
Epoch 30/300 - loss: 0.4800 (mae 0.0411 mrstft 0.4389) - val: 0.4682 (mae 0.0388 mrstft 0.4294) - lr: 3.00e-04 - 5.6s
Epoch 31/300 - loss: 0.4757 (mae 0.0406 mrstft 0.4352) - val: 0.4801 (mae 0.0402 mrstft 0.4399) - lr: 3.00e-04 - 5.6s
Epoch 32/300 - loss: 0.4681 (mae 0.0404 mrstft 0.4277) - val: 0.4784 (mae 0.0395 mrstft 0.4388) - lr: 3.00e-04 - 5.6s
Epoch 33/300 - loss: 0.4692 (mae 0.0414 mrstft 0.4278) - val: 0.4663 (mae 0.0381 mrstft 0.4281) - lr: 3.00e-04 - 5.6s
Epoch 34/300 - loss: 0.4641 (mae 0.0409 mrstft 0.4232) - val: 0.4832 (mae 0.0442 mrstft 0.4390) - lr: 3.00e-04 - 5.7s
Epoch 35/300 - loss: 0.4653 (mae 0.0421 mrstft 0.4233) - val: 0.4520 (mae 0.0391 mrstft 0.4129) - lr: 3.00e-04 - 5.6s
Epoch 36/300 - loss: 0.4598 (mae 0.0414 mrstft 0.4184) - val: 0.4641 (mae 0.0381 mrstft 0.4260) - lr: 3.00e-04 - 5.6s
Epoch 37/300 - loss: 0.4524 (mae 0.0412 mrstft 0.4112) - val: 0.4813 (mae 0.0403 mrstft 0.4410) - lr: 3.00e-04 - 5.6s
Epoch 38/300 - loss: 0.4556 (mae 0.0417 mrstft 0.4139) - val: 0.4518 (mae 0.0412 mrstft 0.4106) - lr: 3.00e-04 - 5.6s
Epoch 39/300 - loss: 0.4464 (mae 0.0413 mrstft 0.4051) - val: 0.4435 (mae 0.0399 mrstft 0.4035) - lr: 3.00e-04 - 5.6s
Epoch 40/300 - loss: 0.4511 (mae 0.0421 mrstft 0.4090) - val: 0.4603 (mae 0.0405 mrstft 0.4198) - lr: 3.00e-04 - 5.6s
Epoch 41/300 - loss: 0.4485 (mae 0.0424 mrstft 0.4061) - val: 0.4391 (mae 0.0397 mrstft 0.3994) - lr: 3.00e-04 - 5.6s
Epoch 42/300 - loss: 0.4416 (mae 0.0422 mrstft 0.3993) - val: 0.4343 (mae 0.0401 mrstft 0.3942) - lr: 3.00e-04 - 5.6s
Epoch 43/300 - loss: 0.4407 (mae 0.0422 mrstft 0.3985) - val: 0.4321 (mae 0.0399 mrstft 0.3923) - lr: 3.00e-04 - 5.6s
Epoch 44/300 - loss: 0.4417 (mae 0.0429 mrstft 0.3988) - val: 0.4459 (mae 0.0403 mrstft 0.4056) - lr: 3.00e-04 - 5.6s
Epoch 45/300 - loss: 0.4321 (mae 0.0423 mrstft 0.3899) - val: 0.4286 (mae 0.0433 mrstft 0.3852) - lr: 3.00e-04 - 5.7s
Epoch 46/300 - loss: 0.4375 (mae 0.0431 mrstft 0.3945) - val: 0.4549 (mae 0.0426 mrstft 0.4123) - lr: 3.00e-04 - 5.6s
Epoch 47/300 - loss: 0.4344 (mae 0.0427 mrstft 0.3918) - val: 0.4506 (mae 0.0434 mrstft 0.4073) - lr: 3.00e-04 - 5.6s
Epoch 48/300 - loss: 0.4324 (mae 0.0428 mrstft 0.3897) - val: 0.4234 (mae 0.0405 mrstft 0.3829) - lr: 3.00e-04 - 5.6s
Epoch 49/300 - loss: 0.4280 (mae 0.0434 mrstft 0.3846) - val: 0.4197 (mae 0.0433 mrstft 0.3764) - lr: 3.00e-04 - 5.6s
Epoch 50/300 - loss: 0.4270 (mae 0.0440 mrstft 0.3830) - val: 0.4179 (mae 0.0425 mrstft 0.3755) - lr: 3.00e-04 - 5.6s
Epoch 51/300 - loss: 0.4221 (mae 0.0443 mrstft 0.3777) - val: 0.4190 (mae 0.0456 mrstft 0.3734) - lr: 3.00e-04 - 5.6s
Epoch 52/300 - loss: 0.4213 (mae 0.0445 mrstft 0.3768) - val: 0.4143 (mae 0.0428 mrstft 0.3715) - lr: 3.00e-04 - 5.7s
Epoch 53/300 - loss: 0.4211 (mae 0.0441 mrstft 0.3770) - val: 0.4095 (mae 0.0426 mrstft 0.3669) - lr: 3.00e-04 - 5.6s
Epoch 54/300 - loss: 0.4205 (mae 0.0451 mrstft 0.3754) - val: 0.4151 (mae 0.0438 mrstft 0.3713) - lr: 3.00e-04 - 5.6s
Epoch 55/300 - loss: 0.4208 (mae 0.0449 mrstft 0.3759) - val: 0.4122 (mae 0.0450 mrstft 0.3672) - lr: 3.00e-04 - 5.6s
Epoch 56/300 - loss: 0.4146 (mae 0.0452 mrstft 0.3694) - val: 0.4104 (mae 0.0432 mrstft 0.3672) - lr: 3.00e-04 - 5.6s
Epoch 57/300 - loss: 0.4155 (mae 0.0453 mrstft 0.3702) - val: 0.4173 (mae 0.0448 mrstft 0.3725) - lr: 3.00e-04 - 5.6s
Epoch 58/300 - loss: 0.4119 (mae 0.0458 mrstft 0.3662) - val: 0.4311 (mae 0.0437 mrstft 0.3874) - lr: 3.00e-04 - 5.6s
Epoch 59/300 - loss: 0.4104 (mae 0.0467 mrstft 0.3637) - val: 0.4059 (mae 0.0442 mrstft 0.3617) - lr: 3.00e-04 - 5.6s
Epoch 60/300 - loss: 0.4071 (mae 0.0470 mrstft 0.3601) - val: 0.4031 (mae 0.0464 mrstft 0.3567) - lr: 3.00e-04 - 5.7s
Epoch 61/300 - loss: 0.4099 (mae 0.0473 mrstft 0.3626) - val: 0.4237 (mae 0.0457 mrstft 0.3780) - lr: 3.00e-04 - 5.6s
Epoch 62/300 - loss: 0.4040 (mae 0.0468 mrstft 0.3572) - val: 0.3983 (mae 0.0450 mrstft 0.3533) - lr: 3.00e-04 - 5.6s
Epoch 63/300 - loss: 0.4050 (mae 0.0468 mrstft 0.3582) - val: 0.4140 (mae 0.0465 mrstft 0.3675) - lr: 3.00e-04 - 5.6s
Epoch 64/300 - loss: 0.4021 (mae 0.0473 mrstft 0.3548) - val: 0.4044 (mae 0.0448 mrstft 0.3596) - lr: 3.00e-04 - 5.6s
Epoch 65/300 - loss: 0.4014 (mae 0.0473 mrstft 0.3540) - val: 0.3991 (mae 0.0452 mrstft 0.3539) - lr: 3.00e-04 - 5.6s
Epoch 66/300 - loss: 0.4001 (mae 0.0479 mrstft 0.3521) - val: 0.4002 (mae 0.0472 mrstft 0.3530) - lr: 3.00e-04 - 5.6s
Epoch 67/300 - loss: 0.3995 (mae 0.0480 mrstft 0.3515) - val: 0.3976 (mae 0.0457 mrstft 0.3520) - lr: 3.00e-04 - 5.7s
Epoch 68/300 - loss: 0.3980 (mae 0.0481 mrstft 0.3499) - val: 0.3945 (mae 0.0451 mrstft 0.3495) - lr: 3.00e-04 - 5.6s
Epoch 69/300 - loss: 0.3969 (mae 0.0479 mrstft 0.3490) - val: 0.3917 (mae 0.0454 mrstft 0.3463) - lr: 3.00e-04 - 5.6s
Epoch 70/300 - loss: 0.3963 (mae 0.0481 mrstft 0.3482) - val: 0.4079 (mae 0.0460 mrstft 0.3619) - lr: 3.00e-04 - 5.6s
Epoch 71/300 - loss: 0.3929 (mae 0.0482 mrstft 0.3448) - val: 0.3909 (mae 0.0465 mrstft 0.3444) - lr: 3.00e-04 - 5.6s
Epoch 72/300 - loss: 0.3898 (mae 0.0487 mrstft 0.3411) - val: 0.3864 (mae 0.0460 mrstft 0.3403) - lr: 3.00e-04 - 5.6s
Epoch 73/300 - loss: 0.3909 (mae 0.0490 mrstft 0.3419) - val: 0.3953 (mae 0.0480 mrstft 0.3473) - lr: 3.00e-04 - 5.6s
Epoch 74/300 - loss: 0.3906 (mae 0.0486 mrstft 0.3420) - val: 0.3872 (mae 0.0466 mrstft 0.3406) - lr: 3.00e-04 - 5.7s
Epoch 75/300 - loss: 0.3887 (mae 0.0485 mrstft 0.3402) - val: 0.3850 (mae 0.0475 mrstft 0.3375) - lr: 3.00e-04 - 5.6s
Epoch 76/300 - loss: 0.3876 (mae 0.0489 mrstft 0.3387) - val: 0.3775 (mae 0.0464 mrstft 0.3311) - lr: 3.00e-04 - 5.6s
Epoch 77/300 - loss: 0.3858 (mae 0.0486 mrstft 0.3372) - val: 0.3797 (mae 0.0469 mrstft 0.3328) - lr: 3.00e-04 - 5.6s
Epoch 78/300 - loss: 0.3823 (mae 0.0489 mrstft 0.3334) - val: 0.3864 (mae 0.0491 mrstft 0.3373) - lr: 3.00e-04 - 5.7s
Epoch 79/300 - loss: 0.3851 (mae 0.0494 mrstft 0.3358) - val: 0.3914 (mae 0.0468 mrstft 0.3446) - lr: 3.00e-04 - 5.6s
Epoch 80/300 - loss: 0.3840 (mae 0.0488 mrstft 0.3352) - val: 0.3820 (mae 0.0469 mrstft 0.3351) - lr: 3.00e-04 - 5.6s
Epoch 81/300 - loss: 0.3820 (mae 0.0494 mrstft 0.3326) - val: 0.3840 (mae 0.0489 mrstft 0.3351) - lr: 3.00e-04 - 5.6s
Epoch 82/300 - loss: 0.3806 (mae 0.0494 mrstft 0.3312) - val: 0.3774 (mae 0.0470 mrstft 0.3304) - lr: 3.00e-04 - 5.6s
Epoch 83/300 - loss: 0.3789 (mae 0.0490 mrstft 0.3299) - val: 0.3800 (mae 0.0472 mrstft 0.3328) - lr: 3.00e-04 - 5.6s
Epoch 84/300 - loss: 0.3816 (mae 0.0490 mrstft 0.3326) - val: 0.3794 (mae 0.0473 mrstft 0.3321) - lr: 3.00e-04 - 5.6s
Epoch 85/300 - loss: 0.3803 (mae 0.0493 mrstft 0.3310) - val: 0.3817 (mae 0.0480 mrstft 0.3337) - lr: 3.00e-04 - 5.7s
Epoch 86/300 - loss: 0.3788 (mae 0.0497 mrstft 0.3291) - val: 0.3759 (mae 0.0478 mrstft 0.3281) - lr: 3.00e-04 - 5.6s
Epoch 87/300 - loss: 0.3744 (mae 0.0497 mrstft 0.3247) - val: 0.3726 (mae 0.0483 mrstft 0.3243) - lr: 3.00e-04 - 5.6s
Epoch 88/300 - loss: 0.3803 (mae 0.0493 mrstft 0.3310) - val: 0.3696 (mae 0.0469 mrstft 0.3227) - lr: 3.00e-04 - 5.7s
Epoch 89/300 - loss: 0.3794 (mae 0.0494 mrstft 0.3300) - val: 0.3669 (mae 0.0473 mrstft 0.3196) - lr: 3.00e-04 - 5.6s
Epoch 90/300 - loss: 0.3774 (mae 0.0494 mrstft 0.3280) - val: 0.3755 (mae 0.0475 mrstft 0.3279) - lr: 3.00e-04 - 5.6s
Epoch 91/300 - loss: 0.3735 (mae 0.0492 mrstft 0.3243) - val: 0.3921 (mae 0.0478 mrstft 0.3444) - lr: 3.00e-04 - 5.6s
Epoch 92/300 - loss: 0.3758 (mae 0.0491 mrstft 0.3267) - val: 0.3668 (mae 0.0475 mrstft 0.3193) - lr: 3.00e-04 - 5.6s
Epoch 93/300 - loss: 0.3736 (mae 0.0492 mrstft 0.3244) - val: 0.3795 (mae 0.0473 mrstft 0.3322) - lr: 3.00e-04 - 5.6s
Epoch 94/300 - loss: 0.3729 (mae 0.0495 mrstft 0.3234) - val: 0.3682 (mae 0.0476 mrstft 0.3205) - lr: 3.00e-04 - 5.6s
Epoch 95/300 - loss: 0.3696 (mae 0.0492 mrstft 0.3204) - val: 0.3729 (mae 0.0495 mrstft 0.3234) - lr: 3.00e-04 - 5.6s
Epoch 96/300 - loss: 0.3739 (mae 0.0498 mrstft 0.3241) - val: 0.3863 (mae 0.0491 mrstft 0.3372) - lr: 3.00e-04 - 5.6s
Epoch 97/300 - loss: 0.3731 (mae 0.0494 mrstft 0.3237) - val: 0.3665 (mae 0.0471 mrstft 0.3195) - lr: 3.00e-04 - 5.6s
Epoch 98/300 - loss: 0.3675 (mae 0.0492 mrstft 0.3183) - val: 0.3714 (mae 0.0483 mrstft 0.3231) - lr: 3.00e-04 - 5.6s
Epoch 99/300 - loss: 0.3704 (mae 0.0496 mrstft 0.3208) - val: 0.3679 (mae 0.0482 mrstft 0.3197) - lr: 3.00e-04 - 5.6s
Epoch 100/300 - loss: 0.3679 (mae 0.0493 mrstft 0.3186) - val: 0.3646 (mae 0.0469 mrstft 0.3177) - lr: 3.00e-04 - 5.6s
Epoch 101/300 - loss: 0.3711 (mae 0.0489 mrstft 0.3223) - val: 0.3609 (mae 0.0470 mrstft 0.3140) - lr: 3.00e-04 - 5.6s
Epoch 102/300 - loss: 0.3677 (mae 0.0495 mrstft 0.3182) - val: 0.3650 (mae 0.0476 mrstft 0.3174) - lr: 3.00e-04 - 5.6s
Epoch 103/300 - loss: 0.3671 (mae 0.0505 mrstft 0.3166) - val: 0.3666 (mae 0.0483 mrstft 0.3182) - lr: 3.00e-04 - 5.6s
Epoch 104/300 - loss: 0.3666 (mae 0.0504 mrstft 0.3162) - val: 0.3637 (mae 0.0481 mrstft 0.3156) - lr: 3.00e-04 - 5.6s
Epoch 105/300 - loss: 0.3668 (mae 0.0495 mrstft 0.3173) - val: 0.3689 (mae 0.0473 mrstft 0.3217) - lr: 3.00e-04 - 5.6s
Epoch 106/300 - loss: 0.3659 (mae 0.0493 mrstft 0.3165) - val: 0.3660 (mae 0.0490 mrstft 0.3170) - lr: 3.00e-04 - 5.6s
Epoch 107/300 - loss: 0.3663 (mae 0.0495 mrstft 0.3168) - val: 0.3708 (mae 0.0500 mrstft 0.3207) - lr: 3.00e-04 - 5.6s
Epoch 108/300 - loss: 0.3634 (mae 0.0492 mrstft 0.3142) - val: 0.3712 (mae 0.0474 mrstft 0.3238) - lr: 3.00e-04 - 5.6s
Epoch 109/300 - loss: 0.3641 (mae 0.0492 mrstft 0.3149) - val: 0.3675 (mae 0.0475 mrstft 0.3199) - lr: 3.00e-04 - 5.6s
Epoch 110/300 - loss: 0.3633 (mae 0.0490 mrstft 0.3143) - val: 0.3584 (mae 0.0470 mrstft 0.3113) - lr: 3.00e-04 - 5.6s
Epoch 111/300 - loss: 0.3610 (mae 0.0492 mrstft 0.3118) - val: 0.3608 (mae 0.0491 mrstft 0.3117) - lr: 3.00e-04 - 5.6s
Epoch 112/300 - loss: 0.3595 (mae 0.0495 mrstft 0.3101) - val: 0.3643 (mae 0.0474 mrstft 0.3169) - lr: 3.00e-04 - 5.6s
Epoch 113/300 - loss: 0.3594 (mae 0.0491 mrstft 0.3103) - val: 0.3579 (mae 0.0479 mrstft 0.3100) - lr: 3.00e-04 - 5.6s
Epoch 114/300 - loss: 0.3646 (mae 0.0491 mrstft 0.3155) - val: 0.3592 (mae 0.0474 mrstft 0.3118) - lr: 3.00e-04 - 5.6s
Epoch 115/300 - loss: 0.3601 (mae 0.0497 mrstft 0.3104) - val: 0.3656 (mae 0.0484 mrstft 0.3172) - lr: 3.00e-04 - 5.6s
Epoch 116/300 - loss: 0.3583 (mae 0.0500 mrstft 0.3083) - val: 0.3550 (mae 0.0482 mrstft 0.3068) - lr: 3.00e-04 - 5.6s
Epoch 117/300 - loss: 0.3582 (mae 0.0498 mrstft 0.3084) - val: 0.3583 (mae 0.0481 mrstft 0.3102) - lr: 3.00e-04 - 5.6s
Epoch 118/300 - loss: 0.3579 (mae 0.0494 mrstft 0.3085) - val: 0.3568 (mae 0.0481 mrstft 0.3087) - lr: 3.00e-04 - 5.6s
Epoch 119/300 - loss: 0.3582 (mae 0.0496 mrstft 0.3086) - val: 0.3608 (mae 0.0482 mrstft 0.3126) - lr: 3.00e-04 - 5.6s
Epoch 120/300 - loss: 0.3575 (mae 0.0497 mrstft 0.3078) - val: 0.3589 (mae 0.0492 mrstft 0.3097) - lr: 3.00e-04 - 5.6s
Epoch 121/300 - loss: 0.3570 (mae 0.0498 mrstft 0.3073) - val: 0.3698 (mae 0.0501 mrstft 0.3196) - lr: 3.00e-04 - 5.6s
Epoch 122/300 - loss: 0.3568 (mae 0.0492 mrstft 0.3076) - val: 0.3611 (mae 0.0481 mrstft 0.3129) - lr: 3.00e-04 - 5.6s
Epoch 123/300 - loss: 0.3564 (mae 0.0500 mrstft 0.3065) - val: 0.3519 (mae 0.0473 mrstft 0.3046) - lr: 3.00e-04 - 5.6s
Epoch 124/300 - loss: 0.3578 (mae 0.0493 mrstft 0.3085) - val: 0.3635 (mae 0.0472 mrstft 0.3164) - lr: 3.00e-04 - 5.6s
Epoch 125/300 - loss: 0.3596 (mae 0.0493 mrstft 0.3103) - val: 0.3604 (mae 0.0474 mrstft 0.3130) - lr: 3.00e-04 - 5.6s
Epoch 126/300 - loss: 0.3540 (mae 0.0495 mrstft 0.3045) - val: 0.3521 (mae 0.0477 mrstft 0.3043) - lr: 3.00e-04 - 5.6s
Epoch 127/300 - loss: 0.3559 (mae 0.0493 mrstft 0.3066) - val: 0.3544 (mae 0.0468 mrstft 0.3075) - lr: 3.00e-04 - 5.6s
Epoch 128/300 - loss: 0.3540 (mae 0.0492 mrstft 0.3049) - val: 0.3531 (mae 0.0480 mrstft 0.3051) - lr: 3.00e-04 - 5.6s
Epoch 129/300 - loss: 0.3542 (mae 0.0496 mrstft 0.3046) - val: 0.3504 (mae 0.0482 mrstft 0.3022) - lr: 3.00e-04 - 5.6s
Epoch 130/300 - loss: 0.3529 (mae 0.0498 mrstft 0.3032) - val: 0.3497 (mae 0.0470 mrstft 0.3027) - lr: 3.00e-04 - 5.6s
Epoch 131/300 - loss: 0.3528 (mae 0.0496 mrstft 0.3033) - val: 0.3538 (mae 0.0480 mrstft 0.3058) - lr: 3.00e-04 - 5.6s
Epoch 132/300 - loss: 0.3543 (mae 0.0491 mrstft 0.3053) - val: 0.3476 (mae 0.0475 mrstft 0.3001) - lr: 3.00e-04 - 5.6s
Epoch 133/300 - loss: 0.3518 (mae 0.0491 mrstft 0.3027) - val: 0.3491 (mae 0.0476 mrstft 0.3015) - lr: 3.00e-04 - 5.6s
Epoch 134/300 - loss: 0.3500 (mae 0.0491 mrstft 0.3009) - val: 0.3494 (mae 0.0470 mrstft 0.3024) - lr: 3.00e-04 - 5.6s
Epoch 135/300 - loss: 0.3507 (mae 0.0492 mrstft 0.3015) - val: 0.3484 (mae 0.0478 mrstft 0.3005) - lr: 3.00e-04 - 5.6s
Epoch 136/300 - loss: 0.3564 (mae 0.0486 mrstft 0.3078) - val: 0.3589 (mae 0.0470 mrstft 0.3119) - lr: 3.00e-04 - 5.6s
Epoch 137/300 - loss: 0.3492 (mae 0.0489 mrstft 0.3003) - val: 0.3607 (mae 0.0489 mrstft 0.3118) - lr: 3.00e-04 - 5.6s
Epoch 138/300 - loss: 0.3494 (mae 0.0490 mrstft 0.3004) - val: 0.3518 (mae 0.0506 mrstft 0.3013) - lr: 3.00e-04 - 5.6s
Epoch 139/300 - loss: 0.3501 (mae 0.0492 mrstft 0.3009) - val: 0.3481 (mae 0.0480 mrstft 0.3001) - lr: 3.00e-04 - 5.6s
Epoch 140/300 - loss: 0.3490 (mae 0.0488 mrstft 0.3002) - val: 0.3454 (mae 0.0471 mrstft 0.2983) - lr: 3.00e-04 - 5.6s
Epoch 141/300 - loss: 0.3491 (mae 0.0489 mrstft 0.3002) - val: 0.3434 (mae 0.0465 mrstft 0.2969) - lr: 3.00e-04 - 5.6s
Epoch 142/300 - loss: 0.3470 (mae 0.0485 mrstft 0.2985) - val: 0.3504 (mae 0.0507 mrstft 0.2997) - lr: 3.00e-04 - 5.6s
Epoch 143/300 - loss: 0.3472 (mae 0.0493 mrstft 0.2979) - val: 0.3622 (mae 0.0472 mrstft 0.3150) - lr: 3.00e-04 - 5.6s
Epoch 144/300 - loss: 0.3513 (mae 0.0491 mrstft 0.3023) - val: 0.3502 (mae 0.0472 mrstft 0.3030) - lr: 3.00e-04 - 5.6s
Epoch 145/300 - loss: 0.3451 (mae 0.0488 mrstft 0.2963) - val: 0.3494 (mae 0.0496 mrstft 0.2998) - lr: 3.00e-04 - 5.6s
Epoch 146/300 - loss: 0.3468 (mae 0.0490 mrstft 0.2978) - val: 0.3488 (mae 0.0484 mrstft 0.3003) - lr: 3.00e-04 - 5.6s
Epoch 147/300 - loss: 0.3496 (mae 0.0485 mrstft 0.3011) - val: 0.3501 (mae 0.0468 mrstft 0.3033) - lr: 3.00e-04 - 5.7s
Epoch 148/300 - loss: 0.3467 (mae 0.0489 mrstft 0.2978) - val: 0.3452 (mae 0.0466 mrstft 0.2986) - lr: 3.00e-04 - 5.6s
Epoch 149/300 - loss: 0.3482 (mae 0.0492 mrstft 0.2990) - val: 0.3499 (mae 0.0480 mrstft 0.3019) - lr: 3.00e-04 - 5.6s
Epoch 150/300 - loss: 0.3449 (mae 0.0488 mrstft 0.2960) - val: 0.3446 (mae 0.0483 mrstft 0.2963) - lr: 3.00e-04 - 5.6s
Epoch 151/300 - loss: 0.3470 (mae 0.0487 mrstft 0.2983) - val: 0.3477 (mae 0.0466 mrstft 0.3011) - lr: 3.00e-04 - 5.6s
Epoch 152/300 - loss: 0.3447 (mae 0.0485 mrstft 0.2962) - val: 0.3504 (mae 0.0472 mrstft 0.3031) - lr: 3.00e-04 - 5.6s
Epoch 153/300 - loss: 0.3461 (mae 0.0487 mrstft 0.2974) - val: 0.3454 (mae 0.0468 mrstft 0.2986) - lr: 3.00e-04 - 5.6s
Epoch 154/300 - loss: 0.3424 (mae 0.0485 mrstft 0.2940) - val: 0.3413 (mae 0.0476 mrstft 0.2937) - lr: 3.00e-04 - 5.6s
Epoch 155/300 - loss: 0.3426 (mae 0.0490 mrstft 0.2936) - val: 0.3439 (mae 0.0473 mrstft 0.2966) - lr: 3.00e-04 - 5.6s
Epoch 156/300 - loss: 0.3449 (mae 0.0491 mrstft 0.2959) - val: 0.3527 (mae 0.0490 mrstft 0.3037) - lr: 3.00e-04 - 5.6s
Epoch 157/300 - loss: 0.3431 (mae 0.0484 mrstft 0.2946) - val: 0.3419 (mae 0.0468 mrstft 0.2952) - lr: 3.00e-04 - 5.6s
Epoch 158/300 - loss: 0.3441 (mae 0.0482 mrstft 0.2958) - val: 0.3405 (mae 0.0474 mrstft 0.2932) - lr: 3.00e-04 - 5.6s
Epoch 159/300 - loss: 0.3416 (mae 0.0488 mrstft 0.2928) - val: 0.3382 (mae 0.0470 mrstft 0.2912) - lr: 3.00e-04 - 5.6s
Epoch 160/300 - loss: 0.3403 (mae 0.0485 mrstft 0.2918) - val: 0.3381 (mae 0.0470 mrstft 0.2911) - lr: 3.00e-04 - 5.6s
Epoch 161/300 - loss: 0.3389 (mae 0.0485 mrstft 0.2904) - val: 0.3444 (mae 0.0481 mrstft 0.2963) - lr: 3.00e-04 - 5.6s
Epoch 162/300 - loss: 0.3416 (mae 0.0491 mrstft 0.2925) - val: 0.3511 (mae 0.0491 mrstft 0.3020) - lr: 3.00e-04 - 5.6s
Epoch 163/300 - loss: 0.3404 (mae 0.0492 mrstft 0.2912) - val: 0.3372 (mae 0.0468 mrstft 0.2904) - lr: 3.00e-04 - 5.6s
Epoch 164/300 - loss: 0.3400 (mae 0.0489 mrstft 0.2911) - val: 0.3472 (mae 0.0488 mrstft 0.2983) - lr: 3.00e-04 - 5.6s
Epoch 165/300 - loss: 0.3397 (mae 0.0487 mrstft 0.2910) - val: 0.3414 (mae 0.0469 mrstft 0.2945) - lr: 3.00e-04 - 5.6s
Epoch 166/300 - loss: 0.3411 (mae 0.0488 mrstft 0.2923) - val: 0.3404 (mae 0.0479 mrstft 0.2925) - lr: 3.00e-04 - 5.6s
Epoch 167/300 - loss: 0.3397 (mae 0.0484 mrstft 0.2913) - val: 0.3373 (mae 0.0472 mrstft 0.2901) - lr: 3.00e-04 - 5.6s
Epoch 168/300 - loss: 0.3389 (mae 0.0488 mrstft 0.2901) - val: 0.3401 (mae 0.0475 mrstft 0.2926) - lr: 3.00e-04 - 5.6s
Epoch 169/300 - loss: 0.3409 (mae 0.0483 mrstft 0.2926) - val: 0.3437 (mae 0.0465 mrstft 0.2972) - lr: 3.00e-04 - 5.6s
Epoch 170/300 - loss: 0.3400 (mae 0.0486 mrstft 0.2914) - val: 0.3394 (mae 0.0479 mrstft 0.2914) - lr: 3.00e-04 - 5.6s
Epoch 171/300 - loss: 0.3372 (mae 0.0483 mrstft 0.2889) - val: 0.3382 (mae 0.0469 mrstft 0.2914) - lr: 3.00e-04 - 5.6s
Epoch 172/300 - loss: 0.3376 (mae 0.0483 mrstft 0.2893) - val: 0.3397 (mae 0.0465 mrstft 0.2932) - lr: 3.00e-04 - 5.6s
Epoch 173/300 - loss: 0.3390 (mae 0.0485 mrstft 0.2905) - val: 0.3374 (mae 0.0466 mrstft 0.2908) - lr: 3.00e-04 - 5.6s
Epoch 174/300 - loss: 0.3373 (mae 0.0486 mrstft 0.2887) - val: 0.3424 (mae 0.0497 mrstft 0.2928) - lr: 3.00e-04 - 5.6s
Epoch 175/300 - loss: 0.3368 (mae 0.0483 mrstft 0.2885) - val: 0.3366 (mae 0.0461 mrstft 0.2905) - lr: 3.00e-04 - 5.6s
Epoch 176/300 - loss: 0.3379 (mae 0.0484 mrstft 0.2895) - val: 0.3375 (mae 0.0485 mrstft 0.2890) - lr: 3.00e-04 - 5.6s
Epoch 177/300 - loss: 0.3355 (mae 0.0483 mrstft 0.2872) - val: 0.3371 (mae 0.0461 mrstft 0.2910) - lr: 3.00e-04 - 5.6s
Epoch 178/300 - loss: 0.3377 (mae 0.0480 mrstft 0.2897) - val: 0.3388 (mae 0.0467 mrstft 0.2921) - lr: 3.00e-04 - 5.6s
Epoch 179/300 - loss: 0.3379 (mae 0.0485 mrstft 0.2894) - val: 0.3357 (mae 0.0472 mrstft 0.2885) - lr: 3.00e-04 - 5.6s
Epoch 180/300 - loss: 0.3347 (mae 0.0478 mrstft 0.2869) - val: 0.3353 (mae 0.0466 mrstft 0.2886) - lr: 3.00e-04 - 5.6s
Epoch 181/300 - loss: 0.3353 (mae 0.0482 mrstft 0.2871) - val: 0.3388 (mae 0.0464 mrstft 0.2924) - lr: 3.00e-04 - 5.6s
Epoch 182/300 - loss: 0.3360 (mae 0.0485 mrstft 0.2875) - val: 0.3374 (mae 0.0466 mrstft 0.2907) - lr: 3.00e-04 - 5.6s
Epoch 183/300 - loss: 0.3342 (mae 0.0479 mrstft 0.2863) - val: 0.3365 (mae 0.0466 mrstft 0.2899) - lr: 3.00e-04 - 5.6s
Epoch 184/300 - loss: 0.3340 (mae 0.0476 mrstft 0.2864) - val: 0.3406 (mae 0.0468 mrstft 0.2937) - lr: 3.00e-04 - 5.6s
Epoch 185/300 - loss: 0.3353 (mae 0.0481 mrstft 0.2873) - val: 0.3363 (mae 0.0485 mrstft 0.2879) - lr: 3.00e-04 - 5.6s
Epoch 186/300 - loss: 0.3350 (mae 0.0485 mrstft 0.2865) - val: 0.3363 (mae 0.0479 mrstft 0.2884) - lr: 3.00e-04 - 5.6s
Epoch 187/300 - loss: 0.3325 (mae 0.0481 mrstft 0.2844) - val: 0.3362 (mae 0.0472 mrstft 0.2889) - lr: 3.00e-04 - 5.6s
Epoch 188/300 - loss: 0.3324 (mae 0.0478 mrstft 0.2846) - val: 0.3302 (mae 0.0462 mrstft 0.2840) - lr: 3.00e-04 - 5.6s
Epoch 189/300 - loss: 0.3314 (mae 0.0479 mrstft 0.2835) - val: 0.3325 (mae 0.0455 mrstft 0.2869) - lr: 3.00e-04 - 5.6s
Epoch 190/300 - loss: 0.3335 (mae 0.0477 mrstft 0.2857) - val: 0.3389 (mae 0.0473 mrstft 0.2916) - lr: 3.00e-04 - 5.6s
Epoch 191/300 - loss: 0.3336 (mae 0.0477 mrstft 0.2859) - val: 0.3328 (mae 0.0455 mrstft 0.2873) - lr: 3.00e-04 - 5.6s
Epoch 192/300 - loss: 0.3328 (mae 0.0476 mrstft 0.2853) - val: 0.3295 (mae 0.0460 mrstft 0.2835) - lr: 3.00e-04 - 5.6s
Epoch 193/300 - loss: 0.3370 (mae 0.0481 mrstft 0.2889) - val: 0.3460 (mae 0.0460 mrstft 0.3001) - lr: 3.00e-04 - 5.6s
Epoch 194/300 - loss: 0.3337 (mae 0.0476 mrstft 0.2861) - val: 0.3290 (mae 0.0458 mrstft 0.2833) - lr: 3.00e-04 - 5.6s
Epoch 195/300 - loss: 0.3319 (mae 0.0481 mrstft 0.2839) - val: 0.3380 (mae 0.0457 mrstft 0.2923) - lr: 3.00e-04 - 5.6s
Epoch 196/300 - loss: 0.3326 (mae 0.0475 mrstft 0.2851) - val: 0.3311 (mae 0.0456 mrstft 0.2854) - lr: 3.00e-04 - 5.6s
Epoch 197/300 - loss: 0.3327 (mae 0.0475 mrstft 0.2852) - val: 0.3341 (mae 0.0461 mrstft 0.2881) - lr: 3.00e-04 - 5.6s
Epoch 198/300 - loss: 0.3303 (mae 0.0474 mrstft 0.2829) - val: 0.3312 (mae 0.0457 mrstft 0.2855) - lr: 3.00e-04 - 5.6s
Epoch 199/300 - loss: 0.3301 (mae 0.0476 mrstft 0.2825) - val: 0.3287 (mae 0.0455 mrstft 0.2832) - lr: 3.00e-04 - 5.6s
Epoch 200/300 - loss: 0.3328 (mae 0.0476 mrstft 0.2852) - val: 0.3333 (mae 0.0453 mrstft 0.2880) - lr: 3.00e-04 - 5.6s
Epoch 201/300 - loss: 0.3320 (mae 0.0474 mrstft 0.2846) - val: 0.3344 (mae 0.0458 mrstft 0.2887) - lr: 3.00e-04 - 5.6s
Epoch 202/300 - loss: 0.3303 (mae 0.0474 mrstft 0.2829) - val: 0.3362 (mae 0.0461 mrstft 0.2901) - lr: 3.00e-04 - 5.6s
Epoch 203/300 - loss: 0.3311 (mae 0.0475 mrstft 0.2836) - val: 0.3343 (mae 0.0458 mrstft 0.2884) - lr: 3.00e-04 - 5.6s
Epoch 204/300 - loss: 0.3298 (mae 0.0473 mrstft 0.2826) - val: 0.3294 (mae 0.0457 mrstft 0.2837) - lr: 3.00e-04 - 5.6s
Epoch 205/300 - loss: 0.3289 (mae 0.0472 mrstft 0.2817) - val: 0.3308 (mae 0.0453 mrstft 0.2856) - lr: 3.00e-04 - 5.6s
Epoch 206/300 - loss: 0.3291 (mae 0.0475 mrstft 0.2815) - val: 0.3254 (mae 0.0456 mrstft 0.2797) - lr: 3.00e-04 - 5.6s
Epoch 207/300 - loss: 0.3312 (mae 0.0472 mrstft 0.2840) - val: 0.3320 (mae 0.0460 mrstft 0.2860) - lr: 3.00e-04 - 5.6s
Epoch 208/300 - loss: 0.3310 (mae 0.0470 mrstft 0.2839) - val: 0.3292 (mae 0.0455 mrstft 0.2837) - lr: 3.00e-04 - 5.6s
Epoch 209/300 - loss: 0.3293 (mae 0.0472 mrstft 0.2821) - val: 0.3396 (mae 0.0469 mrstft 0.2927) - lr: 3.00e-04 - 5.6s
Epoch 210/300 - loss: 0.3308 (mae 0.0476 mrstft 0.2832) - val: 0.3332 (mae 0.0459 mrstft 0.2873) - lr: 3.00e-04 - 5.6s
Epoch 211/300 - loss: 0.3295 (mae 0.0477 mrstft 0.2819) - val: 0.3319 (mae 0.0458 mrstft 0.2860) - lr: 3.00e-04 - 5.6s
Epoch 212/300 - loss: 0.3307 (mae 0.0469 mrstft 0.2838) - val: 0.3309 (mae 0.0463 mrstft 0.2846) - lr: 3.00e-04 - 5.6s
Epoch 213/300 - loss: 0.3279 (mae 0.0467 mrstft 0.2812) - val: 0.3270 (mae 0.0453 mrstft 0.2817) - lr: 3.00e-04 - 5.6s
Epoch 214/300 - loss: 0.3311 (mae 0.0479 mrstft 0.2833) - val: 0.3279 (mae 0.0464 mrstft 0.2815) - lr: 3.00e-04 - 5.6s
Epoch 215/300 - loss: 0.3285 (mae 0.0472 mrstft 0.2813) - val: 0.3331 (mae 0.0448 mrstft 0.2883) - lr: 3.00e-04 - 5.6s
Epoch 216/300 - loss: 0.3291 (mae 0.0469 mrstft 0.2822) - val: 0.3343 (mae 0.0462 mrstft 0.2881) - lr: 3.00e-04 - 5.6s
Epoch 217/300 - loss: 0.3308 (mae 0.0472 mrstft 0.2836) - val: 0.3326 (mae 0.0456 mrstft 0.2871) - lr: 3.00e-04 - 5.6s
Epoch 218/300 - loss: 0.3280 (mae 0.0469 mrstft 0.2811) - val: 0.3302 (mae 0.0459 mrstft 0.2843) - lr: 3.00e-04 - 5.6s
Epoch 219/300 - loss: 0.3283 (mae 0.0469 mrstft 0.2814) - val: 0.3273 (mae 0.0451 mrstft 0.2822) - lr: 3.00e-04 - 5.6s
Epoch 220/300 - loss: 0.3273 (mae 0.0464 mrstft 0.2809) - val: 0.3295 (mae 0.0451 mrstft 0.2844) - lr: 3.00e-04 - 5.6s
Epoch 221/300 - loss: 0.3274 (mae 0.0468 mrstft 0.2805) - val: 0.3325 (mae 0.0472 mrstft 0.2854) - lr: 3.00e-04 - 5.6s
Epoch 222/300 - loss: 0.3271 (mae 0.0467 mrstft 0.2804) - val: 0.3259 (mae 0.0453 mrstft 0.2806) - lr: 3.00e-04 - 5.6s
Epoch 223/300 - loss: 0.3265 (mae 0.0466 mrstft 0.2799) - val: 0.3270 (mae 0.0445 mrstft 0.2824) - lr: 3.00e-04 - 5.6s
Epoch 224/300 - loss: 0.3272 (mae 0.0465 mrstft 0.2807) - val: 0.3275 (mae 0.0444 mrstft 0.2831) - lr: 3.00e-04 - 5.6s
Epoch 225/300 - loss: 0.3284 (mae 0.0464 mrstft 0.2821) - val: 0.3270 (mae 0.0448 mrstft 0.2822) - lr: 3.00e-04 - 5.6s
Epoch 226/300 - loss: 0.3275 (mae 0.0460 mrstft 0.2814) - val: 0.3307 (mae 0.0458 mrstft 0.2848) - lr: 3.00e-04 - 5.6s
Epoch 227/300 - loss: 0.3257 (mae 0.0462 mrstft 0.2794) - val: 0.3306 (mae 0.0446 mrstft 0.2861) - lr: 1.50e-04 - 5.6s
Epoch 228/300 - loss: 0.3226 (mae 0.0462 mrstft 0.2764) - val: 0.3214 (mae 0.0446 mrstft 0.2767) - lr: 1.50e-04 - 5.6s
Epoch 229/300 - loss: 0.3218 (mae 0.0464 mrstft 0.2754) - val: 0.3209 (mae 0.0447 mrstft 0.2763) - lr: 1.50e-04 - 5.6s
Epoch 230/300 - loss: 0.3219 (mae 0.0467 mrstft 0.2752) - val: 0.3238 (mae 0.0459 mrstft 0.2778) - lr: 1.50e-04 - 5.6s
Epoch 231/300 - loss: 0.3224 (mae 0.0465 mrstft 0.2759) - val: 0.3225 (mae 0.0446 mrstft 0.2779) - lr: 1.50e-04 - 5.6s
Epoch 232/300 - loss: 0.3209 (mae 0.0464 mrstft 0.2745) - val: 0.3216 (mae 0.0451 mrstft 0.2765) - lr: 1.50e-04 - 5.6s
Epoch 233/300 - loss: 0.3217 (mae 0.0468 mrstft 0.2749) - val: 0.3209 (mae 0.0449 mrstft 0.2760) - lr: 1.50e-04 - 5.6s
Epoch 234/300 - loss: 0.3204 (mae 0.0463 mrstft 0.2741) - val: 0.3214 (mae 0.0448 mrstft 0.2766) - lr: 1.50e-04 - 5.6s
Epoch 235/300 - loss: 0.3202 (mae 0.0462 mrstft 0.2740) - val: 0.3222 (mae 0.0452 mrstft 0.2769) - lr: 1.50e-04 - 5.6s
Epoch 236/300 - loss: 0.3203 (mae 0.0463 mrstft 0.2740) - val: 0.3205 (mae 0.0447 mrstft 0.2758) - lr: 1.50e-04 - 5.6s
Epoch 237/300 - loss: 0.3202 (mae 0.0464 mrstft 0.2738) - val: 0.3265 (mae 0.0470 mrstft 0.2795) - lr: 1.50e-04 - 5.6s
Epoch 238/300 - loss: 0.3202 (mae 0.0462 mrstft 0.2740) - val: 0.3220 (mae 0.0447 mrstft 0.2773) - lr: 1.50e-04 - 5.6s
Epoch 239/300 - loss: 0.3202 (mae 0.0462 mrstft 0.2740) - val: 0.3212 (mae 0.0452 mrstft 0.2761) - lr: 1.50e-04 - 5.6s
Epoch 240/300 - loss: 0.3202 (mae 0.0462 mrstft 0.2740) - val: 0.3200 (mae 0.0445 mrstft 0.2755) - lr: 1.50e-04 - 5.6s
Epoch 241/300 - loss: 0.3197 (mae 0.0460 mrstft 0.2737) - val: 0.3214 (mae 0.0452 mrstft 0.2762) - lr: 1.50e-04 - 5.6s
Epoch 242/300 - loss: 0.3190 (mae 0.0461 mrstft 0.2729) - val: 0.3212 (mae 0.0453 mrstft 0.2759) - lr: 1.50e-04 - 5.6s
Epoch 243/300 - loss: 0.3191 (mae 0.0462 mrstft 0.2729) - val: 0.3199 (mae 0.0447 mrstft 0.2752) - lr: 1.50e-04 - 5.6s
Epoch 244/300 - loss: 0.3191 (mae 0.0460 mrstft 0.2731) - val: 0.3214 (mae 0.0449 mrstft 0.2765) - lr: 1.50e-04 - 5.6s
Epoch 245/300 - loss: 0.3192 (mae 0.0462 mrstft 0.2730) - val: 0.3187 (mae 0.0447 mrstft 0.2739) - lr: 1.50e-04 - 5.6s
Epoch 246/300 - loss: 0.3192 (mae 0.0462 mrstft 0.2729) - val: 0.3246 (mae 0.0444 mrstft 0.2802) - lr: 1.50e-04 - 5.6s
Epoch 247/300 - loss: 0.3199 (mae 0.0461 mrstft 0.2738) - val: 0.3220 (mae 0.0444 mrstft 0.2776) - lr: 1.50e-04 - 5.6s
Epoch 248/300 - loss: 0.3193 (mae 0.0460 mrstft 0.2733) - val: 0.3197 (mae 0.0445 mrstft 0.2752) - lr: 1.50e-04 - 5.6s
Epoch 249/300 - loss: 0.3195 (mae 0.0458 mrstft 0.2736) - val: 0.3208 (mae 0.0447 mrstft 0.2761) - lr: 1.50e-04 - 5.6s
Epoch 250/300 - loss: 0.3180 (mae 0.0457 mrstft 0.2723) - val: 0.3210 (mae 0.0452 mrstft 0.2759) - lr: 1.50e-04 - 5.6s
Epoch 251/300 - loss: 0.3192 (mae 0.0461 mrstft 0.2731) - val: 0.3220 (mae 0.0448 mrstft 0.2772) - lr: 1.50e-04 - 5.6s
Epoch 252/300 - loss: 0.3190 (mae 0.0459 mrstft 0.2731) - val: 0.3193 (mae 0.0445 mrstft 0.2748) - lr: 1.50e-04 - 5.6s
Epoch 253/300 - loss: 0.3183 (mae 0.0456 mrstft 0.2727) - val: 0.3194 (mae 0.0439 mrstft 0.2755) - lr: 1.50e-04 - 5.6s
Epoch 254/300 - loss: 0.3183 (mae 0.0458 mrstft 0.2725) - val: 0.3193 (mae 0.0449 mrstft 0.2744) - lr: 1.50e-04 - 5.6s
Epoch 255/300 - loss: 0.3185 (mae 0.0460 mrstft 0.2726) - val: 0.3194 (mae 0.0444 mrstft 0.2750) - lr: 1.50e-04 - 5.6s
Epoch 256/300 - loss: 0.3184 (mae 0.0459 mrstft 0.2725) - val: 0.3208 (mae 0.0448 mrstft 0.2761) - lr: 1.50e-04 - 5.6s
Epoch 257/300 - loss: 0.3181 (mae 0.0455 mrstft 0.2726) - val: 0.3189 (mae 0.0439 mrstft 0.2750) - lr: 1.50e-04 - 5.6s
Epoch 258/300 - loss: 0.3178 (mae 0.0456 mrstft 0.2721) - val: 0.3177 (mae 0.0442 mrstft 0.2735) - lr: 1.50e-04 - 5.6s
Epoch 259/300 - loss: 0.3183 (mae 0.0458 mrstft 0.2725) - val: 0.3216 (mae 0.0441 mrstft 0.2775) - lr: 1.50e-04 - 5.6s
Epoch 260/300 - loss: 0.3178 (mae 0.0454 mrstft 0.2724) - val: 0.3187 (mae 0.0442 mrstft 0.2745) - lr: 1.50e-04 - 5.6s
Epoch 261/300 - loss: 0.3175 (mae 0.0454 mrstft 0.2721) - val: 0.3175 (mae 0.0438 mrstft 0.2737) - lr: 1.50e-04 - 5.6s
Epoch 262/300 - loss: 0.3173 (mae 0.0454 mrstft 0.2719) - val: 0.3178 (mae 0.0437 mrstft 0.2741) - lr: 1.50e-04 - 5.6s
Epoch 263/300 - loss: 0.3171 (mae 0.0456 mrstft 0.2715) - val: 0.3183 (mae 0.0443 mrstft 0.2740) - lr: 1.50e-04 - 5.6s
Epoch 264/300 - loss: 0.3187 (mae 0.0455 mrstft 0.2732) - val: 0.3186 (mae 0.0439 mrstft 0.2746) - lr: 1.50e-04 - 5.6s
Epoch 265/300 - loss: 0.3168 (mae 0.0455 mrstft 0.2713) - val: 0.3188 (mae 0.0449 mrstft 0.2739) - lr: 1.50e-04 - 5.6s
Epoch 266/300 - loss: 0.3166 (mae 0.0456 mrstft 0.2710) - val: 0.3195 (mae 0.0442 mrstft 0.2753) - lr: 1.50e-04 - 5.6s
Epoch 267/300 - loss: 0.3171 (mae 0.0457 mrstft 0.2715) - val: 0.3196 (mae 0.0441 mrstft 0.2755) - lr: 1.50e-04 - 5.6s
Epoch 268/300 - loss: 0.3175 (mae 0.0457 mrstft 0.2718) - val: 0.3206 (mae 0.0445 mrstft 0.2762) - lr: 1.50e-04 - 5.6s
Epoch 269/300 - loss: 0.3170 (mae 0.0455 mrstft 0.2715) - val: 0.3203 (mae 0.0444 mrstft 0.2759) - lr: 1.50e-04 - 5.6s
Epoch 270/300 - loss: 0.3170 (mae 0.0455 mrstft 0.2715) - val: 0.3207 (mae 0.0442 mrstft 0.2765) - lr: 1.50e-04 - 5.6s
Epoch 271/300 - loss: 0.3161 (mae 0.0451 mrstft 0.2710) - val: 0.3177 (mae 0.0443 mrstft 0.2735) - lr: 1.50e-04 - 5.6s
Epoch 272/300 - loss: 0.3173 (mae 0.0453 mrstft 0.2720) - val: 0.3176 (mae 0.0438 mrstft 0.2738) - lr: 1.50e-04 - 5.6s
Epoch 273/300 - loss: 0.3168 (mae 0.0453 mrstft 0.2715) - val: 0.3169 (mae 0.0436 mrstft 0.2733) - lr: 1.50e-04 - 5.6s
Epoch 274/300 - loss: 0.3165 (mae 0.0451 mrstft 0.2714) - val: 0.3177 (mae 0.0435 mrstft 0.2741) - lr: 1.50e-04 - 5.6s
Epoch 275/300 - loss: 0.3165 (mae 0.0453 mrstft 0.2712) - val: 0.3186 (mae 0.0441 mrstft 0.2745) - lr: 1.50e-04 - 5.6s
Epoch 276/300 - loss: 0.3160 (mae 0.0452 mrstft 0.2708) - val: 0.3202 (mae 0.0452 mrstft 0.2749) - lr: 1.50e-04 - 5.6s
Epoch 277/300 - loss: 0.3162 (mae 0.0454 mrstft 0.2708) - val: 0.3171 (mae 0.0439 mrstft 0.2732) - lr: 1.50e-04 - 5.6s
Epoch 278/300 - loss: 0.3159 (mae 0.0454 mrstft 0.2705) - val: 0.3169 (mae 0.0433 mrstft 0.2736) - lr: 1.50e-04 - 5.6s
Epoch 279/300 - loss: 0.3152 (mae 0.0451 mrstft 0.2701) - val: 0.3174 (mae 0.0444 mrstft 0.2731) - lr: 1.50e-04 - 5.6s
Epoch 280/300 - loss: 0.3159 (mae 0.0455 mrstft 0.2704) - val: 0.3167 (mae 0.0436 mrstft 0.2731) - lr: 1.50e-04 - 5.6s
Epoch 281/300 - loss: 0.3162 (mae 0.0451 mrstft 0.2711) - val: 0.3180 (mae 0.0433 mrstft 0.2748) - lr: 1.50e-04 - 5.6s
Epoch 282/300 - loss: 0.3157 (mae 0.0450 mrstft 0.2707) - val: 0.3190 (mae 0.0439 mrstft 0.2750) - lr: 1.50e-04 - 5.6s
Epoch 283/300 - loss: 0.3153 (mae 0.0448 mrstft 0.2705) - val: 0.3179 (mae 0.0443 mrstft 0.2736) - lr: 1.50e-04 - 5.6s
Epoch 284/300 - loss: 0.3155 (mae 0.0449 mrstft 0.2706) - val: 0.3202 (mae 0.0440 mrstft 0.2762) - lr: 1.50e-04 - 5.6s
Epoch 285/300 - loss: 0.3158 (mae 0.0450 mrstft 0.2708) - val: 0.3179 (mae 0.0441 mrstft 0.2737) - lr: 1.50e-04 - 5.6s
Epoch 286/300 - loss: 0.3157 (mae 0.0453 mrstft 0.2704) - val: 0.3177 (mae 0.0440 mrstft 0.2737) - lr: 1.50e-04 - 5.6s
Epoch 287/300 - loss: 0.3155 (mae 0.0450 mrstft 0.2705) - val: 0.3168 (mae 0.0436 mrstft 0.2732) - lr: 1.50e-04 - 5.6s
Epoch 288/300 - loss: 0.3152 (mae 0.0450 mrstft 0.2702) - val: 0.3161 (mae 0.0432 mrstft 0.2730) - lr: 1.50e-04 - 5.6s
Epoch 289/300 - loss: 0.3150 (mae 0.0452 mrstft 0.2698) - val: 0.3166 (mae 0.0442 mrstft 0.2724) - lr: 1.50e-04 - 5.6s
Epoch 290/300 - loss: 0.3150 (mae 0.0448 mrstft 0.2702) - val: 0.3191 (mae 0.0439 mrstft 0.2752) - lr: 1.50e-04 - 5.6s
Epoch 291/300 - loss: 0.3147 (mae 0.0443 mrstft 0.2704) - val: 0.3148 (mae 0.0427 mrstft 0.2720) - lr: 1.50e-04 - 5.6s
Epoch 292/300 - loss: 0.3164 (mae 0.0451 mrstft 0.2713) - val: 0.3181 (mae 0.0432 mrstft 0.2749) - lr: 1.50e-04 - 5.6s
Epoch 293/300 - loss: 0.3150 (mae 0.0445 mrstft 0.2705) - val: 0.3153 (mae 0.0431 mrstft 0.2723) - lr: 1.50e-04 - 5.6s
Epoch 294/300 - loss: 0.3142 (mae 0.0446 mrstft 0.2696) - val: 0.3154 (mae 0.0432 mrstft 0.2722) - lr: 1.50e-04 - 5.6s
Epoch 295/300 - loss: 0.3145 (mae 0.0446 mrstft 0.2700) - val: 0.3171 (mae 0.0434 mrstft 0.2737) - lr: 1.50e-04 - 5.6s
Epoch 296/300 - loss: 0.3141 (mae 0.0447 mrstft 0.2693) - val: 0.3151 (mae 0.0430 mrstft 0.2721) - lr: 1.50e-04 - 5.6s
Epoch 297/300 - loss: 0.3140 (mae 0.0447 mrstft 0.2692) - val: 0.3157 (mae 0.0429 mrstft 0.2728) - lr: 1.50e-04 - 5.6s
Epoch 298/300 - loss: 0.3150 (mae 0.0445 mrstft 0.2705) - val: 0.3151 (mae 0.0426 mrstft 0.2725) - lr: 1.50e-04 - 5.6s
Epoch 299/300 - loss: 0.3145 (mae 0.0444 mrstft 0.2700) - val: 0.3180 (mae 0.0420 mrstft 0.2759) - lr: 1.50e-04 - 5.6s
Epoch 300/300 - loss: 0.3137 (mae 0.0439 mrstft 0.2698) - val: 0.3144 (mae 0.0425 mrstft 0.2719) - lr: 1.50e-04 - 5.6s
Training complete in 28.0m (1677s)
Best val_loss: 0.3144
Weights exported to models/dist_12_gru128\weights.json
Loss history saved to models/dist_12_gru128\loss_history.csv
