Loading training data...
  100Hz (knob=0.000): 1523 windows
  125Hz (knob=0.042): 1523 windows
  250Hz (knob=0.173): 1523 windows
  500Hz (knob=0.304): 1523 windows
  800Hz (knob=0.392): 1523 windows
  1000Hz (knob=0.435): 1523 windows
  2000Hz (knob=0.565): 1523 windows
  4000Hz (knob=0.696): 1523 windows
  8000Hz (knob=0.827): 1523 windows
  12000Hz (knob=0.904): 1523 windows
  16000Hz (knob=0.958): 1523 windows
  20000Hz (knob=1.000): 1523 windows
Loading validation data...
  100Hz (knob=0.000): 234 windows
  125Hz (knob=0.042): 234 windows
  250Hz (knob=0.173): 234 windows
  500Hz (knob=0.304): 234 windows
  800Hz (knob=0.392): 234 windows
  1000Hz (knob=0.435): 234 windows
  2000Hz (knob=0.565): 234 windows
  4000Hz (knob=0.696): 234 windows
  8000Hz (knob=0.827): 234 windows
  12000Hz (knob=0.904): 234 windows
  16000Hz (knob=0.958): 234 windows
  20000Hz (knob=1.000): 234 windows
Train windows: 18276, Val windows: 2808, Sample rate: 48000
Using device: cuda
Epoch 1/300 - loss: 39.2246 - val_loss: 0.3813 - lr: 1.00e-03 - 10.3s
Epoch 2/300 - loss: 0.2869 - val_loss: 0.3715 - lr: 1.00e-03 - 10.0s
Epoch 3/300 - loss: 0.2669 - val_loss: 0.3361 - lr: 1.00e-03 - 9.9s
Epoch 4/300 - loss: 0.2061 - val_loss: 0.0693 - lr: 1.00e-03 - 9.9s
Epoch 5/300 - loss: 0.1125 - val_loss: 0.0282 - lr: 1.00e-03 - 10.0s
Epoch 6/300 - loss: 0.0613 - val_loss: 0.0339 - lr: 1.00e-03 - 10.0s
Epoch 7/300 - loss: 0.0606 - val_loss: 0.0086 - lr: 1.00e-03 - 9.9s
Epoch 8/300 - loss: 0.0399 - val_loss: 0.0138 - lr: 1.00e-03 - 9.9s
Epoch 9/300 - loss: 0.0414 - val_loss: 0.0096 - lr: 1.00e-03 - 10.0s
Epoch 10/300 - loss: 0.0334 - val_loss: 0.0330 - lr: 1.00e-03 - 10.0s
Epoch 11/300 - loss: 0.0369 - val_loss: 0.0030 - lr: 1.00e-03 - 10.0s
Epoch 12/300 - loss: 0.0296 - val_loss: 0.0034 - lr: 1.00e-03 - 10.0s
Epoch 13/300 - loss: 0.0213 - val_loss: 0.0045 - lr: 1.00e-03 - 10.0s
Epoch 14/300 - loss: 0.0242 - val_loss: 0.0045 - lr: 1.00e-03 - 9.9s
Epoch 15/300 - loss: 0.0235 - val_loss: 0.0137 - lr: 1.00e-03 - 9.9s
Epoch 16/300 - loss: 0.0231 - val_loss: 0.0185 - lr: 1.00e-03 - 10.2s
Epoch 17/300 - loss: 0.0229 - val_loss: 0.0012 - lr: 1.00e-03 - 10.5s
Epoch 18/300 - loss: 0.0182 - val_loss: 0.0027 - lr: 1.00e-03 - 10.8s
Epoch 19/300 - loss: 0.0204 - val_loss: 0.0078 - lr: 1.00e-03 - 11.2s
Epoch 20/300 - loss: 0.0158 - val_loss: 0.0028 - lr: 1.00e-03 - 10.9s
Epoch 21/300 - loss: 0.0194 - val_loss: 0.0023 - lr: 1.00e-03 - 11.2s
Epoch 22/300 - loss: 0.0143 - val_loss: 0.0047 - lr: 1.00e-03 - 11.1s
Epoch 23/300 - loss: 0.0242 - val_loss: 0.0016 - lr: 1.00e-03 - 11.1s
Epoch 24/300 - loss: 0.0151 - val_loss: 0.0237 - lr: 1.00e-03 - 11.1s
Epoch 25/300 - loss: 0.0201 - val_loss: 0.0020 - lr: 1.00e-03 - 11.1s
Epoch 26/300 - loss: 0.0152 - val_loss: 0.0007 - lr: 1.00e-03 - 11.1s
Epoch 27/300 - loss: 0.0172 - val_loss: 0.0010 - lr: 1.00e-03 - 11.2s
Epoch 28/300 - loss: 0.0132 - val_loss: 0.0020 - lr: 1.00e-03 - 11.1s
Epoch 29/300 - loss: 0.0128 - val_loss: 0.0050 - lr: 1.00e-03 - 11.1s
Epoch 30/300 - loss: 0.0130 - val_loss: 0.0076 - lr: 1.00e-03 - 11.2s
Epoch 31/300 - loss: 0.0236 - val_loss: 0.0004 - lr: 1.00e-03 - 11.2s
Epoch 32/300 - loss: 0.0155 - val_loss: 0.0013 - lr: 1.00e-03 - 11.2s
Epoch 33/300 - loss: 0.0153 - val_loss: 0.0051 - lr: 1.00e-03 - 11.2s
Epoch 34/300 - loss: 0.0138 - val_loss: 0.0009 - lr: 1.00e-03 - 11.2s
Epoch 35/300 - loss: 0.0097 - val_loss: 0.0006 - lr: 1.00e-03 - 11.2s
Epoch 36/300 - loss: 0.0165 - val_loss: 0.0078 - lr: 1.00e-03 - 11.2s
Epoch 37/300 - loss: 0.0169 - val_loss: 0.0034 - lr: 1.00e-03 - 11.2s
Epoch 38/300 - loss: 0.0142 - val_loss: 0.0009 - lr: 1.00e-03 - 11.1s
Epoch 39/300 - loss: 0.0112 - val_loss: 0.0006 - lr: 1.00e-03 - 11.1s
Epoch 40/300 - loss: 0.0131 - val_loss: 0.0007 - lr: 1.00e-03 - 11.2s
Epoch 41/300 - loss: 0.0128 - val_loss: 0.0051 - lr: 1.00e-03 - 11.2s
Epoch 42/300 - loss: 0.0109 - val_loss: 0.0017 - lr: 1.00e-03 - 11.2s
Epoch 43/300 - loss: 0.0129 - val_loss: 0.0006 - lr: 1.00e-03 - 11.2s
Epoch 44/300 - loss: 0.0114 - val_loss: 0.0010 - lr: 1.00e-03 - 11.2s
Epoch 45/300 - loss: 0.0114 - val_loss: 0.0022 - lr: 1.00e-03 - 11.2s
Epoch 46/300 - loss: 0.0097 - val_loss: 0.0014 - lr: 1.00e-03 - 11.2s
Epoch 47/300 - loss: 0.0095 - val_loss: 0.0007 - lr: 1.00e-03 - 11.2s
Epoch 48/300 - loss: 0.0190 - val_loss: 0.0003 - lr: 1.00e-03 - 11.2s
Epoch 49/300 - loss: 0.0101 - val_loss: 0.0011 - lr: 1.00e-03 - 11.7s
Epoch 50/300 - loss: 0.0112 - val_loss: 0.0018 - lr: 1.00e-03 - 11.5s
Epoch 51/300 - loss: 0.0166 - val_loss: 0.0011 - lr: 1.00e-03 - 11.8s
Epoch 52/300 - loss: 0.0096 - val_loss: 0.0003 - lr: 1.00e-03 - 12.1s
Epoch 53/300 - loss: 0.0100 - val_loss: 0.0005 - lr: 1.00e-03 - 12.0s
Epoch 54/300 - loss: 0.0090 - val_loss: 0.0003 - lr: 1.00e-03 - 11.9s
Epoch 55/300 - loss: 0.0103 - val_loss: 0.0010 - lr: 1.00e-03 - 11.2s
Epoch 56/300 - loss: 0.0112 - val_loss: 0.0005 - lr: 1.00e-03 - 11.3s
Epoch 57/300 - loss: 0.0083 - val_loss: 0.0004 - lr: 1.00e-03 - 11.1s
Epoch 58/300 - loss: 0.0112 - val_loss: 0.0004 - lr: 1.00e-03 - 11.1s
Epoch 59/300 - loss: 0.0077 - val_loss: 0.0003 - lr: 1.00e-03 - 11.2s
Epoch 60/300 - loss: 0.0108 - val_loss: 0.0008 - lr: 1.00e-03 - 11.1s
Epoch 61/300 - loss: 0.0119 - val_loss: 0.0011 - lr: 1.00e-03 - 11.1s
Epoch 62/300 - loss: 0.0100 - val_loss: 0.0003 - lr: 1.00e-03 - 11.2s
Epoch 63/300 - loss: 0.0082 - val_loss: 0.0005 - lr: 1.00e-03 - 11.2s
Epoch 64/300 - loss: 0.0100 - val_loss: 0.0006 - lr: 1.00e-03 - 11.1s
Epoch 65/300 - loss: 0.0084 - val_loss: 0.0006 - lr: 1.00e-03 - 11.2s
Epoch 66/300 - loss: 0.0116 - val_loss: 0.0004 - lr: 1.00e-03 - 11.1s
Epoch 67/300 - loss: 0.0091 - val_loss: 0.0004 - lr: 1.00e-03 - 11.2s
Epoch 68/300 - loss: 0.0108 - val_loss: 0.0006 - lr: 1.00e-03 - 11.8s
Epoch 69/300 - loss: 0.0121 - val_loss: 0.0003 - lr: 1.00e-03 - 12.0s
Epoch 70/300 - loss: 0.0086 - val_loss: 0.0002 - lr: 1.00e-03 - 11.3s
Epoch 71/300 - loss: 0.0094 - val_loss: 0.0006 - lr: 1.00e-03 - 11.2s
Epoch 72/300 - loss: 0.0113 - val_loss: 0.0004 - lr: 1.00e-03 - 11.2s
Epoch 73/300 - loss: 0.0087 - val_loss: 0.0003 - lr: 1.00e-03 - 11.2s
Epoch 74/300 - loss: 0.0097 - val_loss: 0.0002 - lr: 1.00e-03 - 11.2s
Epoch 75/300 - loss: 0.0097 - val_loss: 0.0010 - lr: 1.00e-03 - 11.2s
Epoch 76/300 - loss: 0.0134 - val_loss: 0.0016 - lr: 1.00e-03 - 10.6s
Epoch 77/300 - loss: 0.0073 - val_loss: 0.0003 - lr: 1.00e-03 - 10.4s
Epoch 78/300 - loss: 0.0097 - val_loss: 0.0002 - lr: 1.00e-03 - 10.4s
Epoch 79/300 - loss: 0.0062 - val_loss: 0.0012 - lr: 1.00e-03 - 10.5s
Epoch 80/300 - loss: 0.0098 - val_loss: 0.0006 - lr: 1.00e-03 - 10.4s
Epoch 81/300 - loss: 0.0086 - val_loss: 0.0024 - lr: 1.00e-03 - 10.5s
Epoch 82/300 - loss: 0.0112 - val_loss: 0.0012 - lr: 1.00e-03 - 10.4s
Epoch 83/300 - loss: 0.0086 - val_loss: 0.0006 - lr: 1.00e-03 - 10.5s
Epoch 84/300 - loss: 0.0087 - val_loss: 0.0002 - lr: 1.00e-03 - 10.4s
Epoch 85/300 - loss: 0.0079 - val_loss: 0.0004 - lr: 1.00e-03 - 10.4s
Epoch 86/300 - loss: 0.0080 - val_loss: 0.0006 - lr: 1.00e-03 - 10.4s
Epoch 87/300 - loss: 0.0106 - val_loss: 0.0011 - lr: 1.00e-03 - 10.4s
Epoch 88/300 - loss: 0.0081 - val_loss: 0.0008 - lr: 1.00e-03 - 10.5s
Epoch 89/300 - loss: 0.0093 - val_loss: 0.0004 - lr: 1.00e-03 - 10.4s
Epoch 90/300 - loss: 0.0102 - val_loss: 0.0018 - lr: 1.00e-03 - 11.2s
Epoch 91/300 - loss: 0.0079 - val_loss: 0.0005 - lr: 5.00e-04 - 11.4s
Epoch 92/300 - loss: 0.0024 - val_loss: 0.0002 - lr: 5.00e-04 - 11.4s
Epoch 93/300 - loss: 0.0021 - val_loss: 0.0001 - lr: 5.00e-04 - 11.4s
Epoch 94/300 - loss: 0.0032 - val_loss: 0.0003 - lr: 5.00e-04 - 11.3s
Epoch 95/300 - loss: 0.0023 - val_loss: 0.0003 - lr: 5.00e-04 - 11.4s
Epoch 96/300 - loss: 0.0017 - val_loss: 0.0001 - lr: 5.00e-04 - 11.4s
Epoch 97/300 - loss: 0.0022 - val_loss: 0.0002 - lr: 5.00e-04 - 11.4s
Epoch 98/300 - loss: 0.0031 - val_loss: 0.0008 - lr: 5.00e-04 - 11.5s
Epoch 99/300 - loss: 0.0021 - val_loss: 0.0002 - lr: 5.00e-04 - 11.5s
Epoch 100/300 - loss: 0.0027 - val_loss: 0.0001 - lr: 5.00e-04 - 11.4s
Epoch 101/300 - loss: 0.0028 - val_loss: 0.0002 - lr: 5.00e-04 - 11.4s
Epoch 102/300 - loss: 0.0022 - val_loss: 0.0002 - lr: 5.00e-04 - 11.3s
Epoch 103/300 - loss: 0.0023 - val_loss: 0.0002 - lr: 5.00e-04 - 11.4s
Epoch 104/300 - loss: 0.0020 - val_loss: 0.0002 - lr: 5.00e-04 - 11.4s
Epoch 105/300 - loss: 0.0023 - val_loss: 0.0003 - lr: 5.00e-04 - 11.5s
Epoch 106/300 - loss: 0.0021 - val_loss: 0.0002 - lr: 5.00e-04 - 11.4s
Epoch 107/300 - loss: 0.0022 - val_loss: 0.0001 - lr: 5.00e-04 - 11.6s
Epoch 108/300 - loss: 0.0029 - val_loss: 0.0004 - lr: 5.00e-04 - 11.5s
Epoch 109/300 - loss: 0.0021 - val_loss: 0.0002 - lr: 5.00e-04 - 11.5s
Epoch 110/300 - loss: 0.0024 - val_loss: 0.0010 - lr: 5.00e-04 - 11.6s
Epoch 111/300 - loss: 0.0021 - val_loss: 0.0001 - lr: 5.00e-04 - 11.5s
Epoch 112/300 - loss: 0.0022 - val_loss: 0.0001 - lr: 5.00e-04 - 11.6s
Epoch 113/300 - loss: 0.0025 - val_loss: 0.0001 - lr: 5.00e-04 - 11.5s
Epoch 114/300 - loss: 0.0019 - val_loss: 0.0002 - lr: 5.00e-04 - 11.5s
Epoch 115/300 - loss: 0.0022 - val_loss: 0.0003 - lr: 5.00e-04 - 11.4s
Epoch 116/300 - loss: 0.0026 - val_loss: 0.0001 - lr: 5.00e-04 - 11.5s
Epoch 117/300 - loss: 0.0024 - val_loss: 0.0004 - lr: 2.50e-04 - 11.5s
Epoch 118/300 - loss: 0.0007 - val_loss: 0.0001 - lr: 2.50e-04 - 11.5s
Epoch 119/300 - loss: 0.0007 - val_loss: 0.0002 - lr: 2.50e-04 - 11.5s
Epoch 120/300 - loss: 0.0007 - val_loss: 0.0001 - lr: 2.50e-04 - 11.6s
Epoch 121/300 - loss: 0.0008 - val_loss: 0.0001 - lr: 2.50e-04 - 11.7s
Epoch 122/300 - loss: 0.0008 - val_loss: 0.0001 - lr: 2.50e-04 - 11.5s
Epoch 123/300 - loss: 0.0008 - val_loss: 0.0001 - lr: 2.50e-04 - 11.6s
Epoch 124/300 - loss: 0.0010 - val_loss: 0.0001 - lr: 2.50e-04 - 11.7s
Epoch 125/300 - loss: 0.0009 - val_loss: 0.0001 - lr: 2.50e-04 - 11.4s
Epoch 126/300 - loss: 0.0008 - val_loss: 0.0001 - lr: 2.50e-04 - 11.3s
Epoch 127/300 - loss: 0.0010 - val_loss: 0.0001 - lr: 2.50e-04 - 11.4s
Epoch 128/300 - loss: 0.0008 - val_loss: 0.0001 - lr: 2.50e-04 - 11.4s
Epoch 129/300 - loss: 0.0006 - val_loss: 0.0001 - lr: 2.50e-04 - 11.5s
Epoch 130/300 - loss: 0.0007 - val_loss: 0.0001 - lr: 2.50e-04 - 11.5s
Epoch 131/300 - loss: 0.0008 - val_loss: 0.0001 - lr: 2.50e-04 - 11.5s
Epoch 132/300 - loss: 0.0009 - val_loss: 0.0001 - lr: 2.50e-04 - 11.6s
Epoch 133/300 - loss: 0.0008 - val_loss: 0.0001 - lr: 2.50e-04 - 11.6s
Epoch 134/300 - loss: 0.0008 - val_loss: 0.0001 - lr: 2.50e-04 - 11.4s
Epoch 135/300 - loss: 0.0007 - val_loss: 0.0002 - lr: 2.50e-04 - 11.5s
Epoch 136/300 - loss: 0.0009 - val_loss: 0.0001 - lr: 2.50e-04 - 11.6s
Epoch 137/300 - loss: 0.0009 - val_loss: 0.0001 - lr: 2.50e-04 - 11.4s
Epoch 138/300 - loss: 0.0007 - val_loss: 0.0001 - lr: 2.50e-04 - 11.5s
Epoch 139/300 - loss: 0.0011 - val_loss: 0.0011 - lr: 2.50e-04 - 11.3s
Epoch 140/300 - loss: 0.0008 - val_loss: 0.0001 - lr: 2.50e-04 - 11.3s
Epoch 141/300 - loss: 0.0009 - val_loss: 0.0001 - lr: 2.50e-04 - 11.3s
Epoch 142/300 - loss: 0.0007 - val_loss: 0.0001 - lr: 2.50e-04 - 11.4s
Epoch 143/300 - loss: 0.0009 - val_loss: 0.0001 - lr: 2.50e-04 - 11.3s
Epoch 144/300 - loss: 0.0009 - val_loss: 0.0001 - lr: 2.50e-04 - 11.3s
Epoch 145/300 - loss: 0.0010 - val_loss: 0.0001 - lr: 2.50e-04 - 11.3s
Epoch 146/300 - loss: 0.0008 - val_loss: 0.0001 - lr: 2.50e-04 - 11.3s
Epoch 147/300 - loss: 0.0009 - val_loss: 0.0001 - lr: 2.50e-04 - 11.3s
Epoch 148/300 - loss: 0.0007 - val_loss: 0.0001 - lr: 2.50e-04 - 11.3s
Epoch 149/300 - loss: 0.0009 - val_loss: 0.0001 - lr: 2.50e-04 - 11.3s
Epoch 150/300 - loss: 0.0007 - val_loss: 0.0001 - lr: 2.50e-04 - 11.3s
Epoch 151/300 - loss: 0.0008 - val_loss: 0.0002 - lr: 2.50e-04 - 11.4s
Epoch 152/300 - loss: 0.0008 - val_loss: 0.0001 - lr: 2.50e-04 - 11.4s
Epoch 153/300 - loss: 0.0008 - val_loss: 0.0002 - lr: 2.50e-04 - 11.6s
Epoch 154/300 - loss: 0.0007 - val_loss: 0.0001 - lr: 2.50e-04 - 11.7s
Epoch 155/300 - loss: 0.0008 - val_loss: 0.0001 - lr: 2.50e-04 - 11.7s
Epoch 156/300 - loss: 0.0008 - val_loss: 0.0001 - lr: 2.50e-04 - 11.4s
Epoch 157/300 - loss: 0.0008 - val_loss: 0.0001 - lr: 2.50e-04 - 11.6s
Epoch 158/300 - loss: 0.0007 - val_loss: 0.0001 - lr: 2.50e-04 - 11.7s
Epoch 159/300 - loss: 0.0008 - val_loss: 0.0001 - lr: 2.50e-04 - 11.6s
Epoch 160/300 - loss: 0.0008 - val_loss: 0.0001 - lr: 2.50e-04 - 11.5s
Epoch 161/300 - loss: 0.0007 - val_loss: 0.0001 - lr: 2.50e-04 - 11.6s
Epoch 162/300 - loss: 0.0006 - val_loss: 0.0001 - lr: 2.50e-04 - 11.5s
Epoch 163/300 - loss: 0.0007 - val_loss: 0.0001 - lr: 2.50e-04 - 11.5s
Epoch 164/300 - loss: 0.0008 - val_loss: 0.0001 - lr: 2.50e-04 - 11.5s
Epoch 165/300 - loss: 0.0008 - val_loss: 0.0001 - lr: 2.50e-04 - 11.5s
Epoch 166/300 - loss: 0.0007 - val_loss: 0.0002 - lr: 2.50e-04 - 11.4s
Epoch 167/300 - loss: 0.0007 - val_loss: 0.0001 - lr: 2.50e-04 - 11.6s
Epoch 168/300 - loss: 0.0008 - val_loss: 0.0001 - lr: 2.50e-04 - 11.7s
Epoch 169/300 - loss: 0.0007 - val_loss: 0.0001 - lr: 2.50e-04 - 11.7s
Epoch 170/300 - loss: 0.0007 - val_loss: 0.0001 - lr: 2.50e-04 - 11.7s
Epoch 171/300 - loss: 0.0009 - val_loss: 0.0001 - lr: 2.50e-04 - 11.7s
Epoch 172/300 - loss: 0.0008 - val_loss: 0.0001 - lr: 2.50e-04 - 11.8s
Epoch 173/300 - loss: 0.0008 - val_loss: 0.0001 - lr: 2.50e-04 - 11.5s
Epoch 174/300 - loss: 0.0007 - val_loss: 0.0001 - lr: 2.50e-04 - 11.6s
Epoch 175/300 - loss: 0.0011 - val_loss: 0.0001 - lr: 2.50e-04 - 11.8s
Epoch 176/300 - loss: 0.0008 - val_loss: 0.0001 - lr: 2.50e-04 - 11.6s
Epoch 177/300 - loss: 0.0007 - val_loss: 0.0001 - lr: 2.50e-04 - 11.8s
Epoch 178/300 - loss: 0.0006 - val_loss: 0.0001 - lr: 2.50e-04 - 11.7s
Epoch 179/300 - loss: 0.0011 - val_loss: 0.0001 - lr: 2.50e-04 - 12.1s
Epoch 180/300 - loss: 0.0006 - val_loss: 0.0001 - lr: 2.50e-04 - 11.7s
Epoch 181/300 - loss: 0.0008 - val_loss: 0.0001 - lr: 2.50e-04 - 11.8s
Epoch 182/300 - loss: 0.0007 - val_loss: 0.0001 - lr: 2.50e-04 - 11.8s
Epoch 183/300 - loss: 0.0008 - val_loss: 0.0001 - lr: 2.50e-04 - 11.8s
Epoch 184/300 - loss: 0.0008 - val_loss: 0.0001 - lr: 2.50e-04 - 11.8s
Epoch 185/300 - loss: 0.0010 - val_loss: 0.0001 - lr: 1.25e-04 - 11.7s
Epoch 186/300 - loss: 0.0002 - val_loss: 0.0001 - lr: 1.25e-04 - 11.5s
Epoch 187/300 - loss: 0.0002 - val_loss: 0.0001 - lr: 1.25e-04 - 11.7s
Epoch 188/300 - loss: 0.0002 - val_loss: 0.0001 - lr: 1.25e-04 - 12.0s
Epoch 189/300 - loss: 0.0003 - val_loss: 0.0001 - lr: 1.25e-04 - 11.6s
Epoch 190/300 - loss: 0.0003 - val_loss: 0.0001 - lr: 1.25e-04 - 11.9s
Epoch 191/300 - loss: 0.0003 - val_loss: 0.0001 - lr: 1.25e-04 - 11.7s
Epoch 192/300 - loss: 0.0003 - val_loss: 0.0001 - lr: 1.25e-04 - 11.9s
Epoch 193/300 - loss: 0.0003 - val_loss: 0.0001 - lr: 1.25e-04 - 12.0s
Epoch 194/300 - loss: 0.0003 - val_loss: 0.0001 - lr: 1.25e-04 - 12.0s
Epoch 195/300 - loss: 0.0003 - val_loss: 0.0001 - lr: 1.25e-04 - 12.1s
Epoch 196/300 - loss: 0.0003 - val_loss: 0.0001 - lr: 1.25e-04 - 12.3s
Epoch 197/300 - loss: 0.0003 - val_loss: 0.0001 - lr: 1.25e-04 - 12.2s
Epoch 198/300 - loss: 0.0003 - val_loss: 0.0001 - lr: 1.25e-04 - 11.9s
Epoch 199/300 - loss: 0.0004 - val_loss: 0.0001 - lr: 1.25e-04 - 12.0s
Epoch 200/300 - loss: 0.0003 - val_loss: 0.0001 - lr: 1.25e-04 - 11.8s
Epoch 201/300 - loss: 0.0003 - val_loss: 0.0001 - lr: 1.25e-04 - 11.9s
Epoch 202/300 - loss: 0.0004 - val_loss: 0.0001 - lr: 1.25e-04 - 11.7s
Epoch 203/300 - loss: 0.0002 - val_loss: 0.0001 - lr: 1.25e-04 - 11.7s
Epoch 204/300 - loss: 0.0004 - val_loss: 0.0001 - lr: 1.25e-04 - 12.0s
Epoch 205/300 - loss: 0.0002 - val_loss: 0.0001 - lr: 1.25e-04 - 11.9s
Epoch 206/300 - loss: 0.0003 - val_loss: 0.0001 - lr: 1.25e-04 - 11.9s
Epoch 207/300 - loss: 0.0003 - val_loss: 0.0001 - lr: 1.25e-04 - 11.6s
Epoch 208/300 - loss: 0.0004 - val_loss: 0.0001 - lr: 1.25e-04 - 11.8s
Epoch 209/300 - loss: 0.0003 - val_loss: 0.0001 - lr: 1.25e-04 - 11.9s
Epoch 210/300 - loss: 0.0003 - val_loss: 0.0001 - lr: 1.25e-04 - 12.3s
Epoch 211/300 - loss: 0.0004 - val_loss: 0.0001 - lr: 1.25e-04 - 12.5s
Epoch 212/300 - loss: 0.0003 - val_loss: 0.0001 - lr: 1.25e-04 - 12.2s
Epoch 213/300 - loss: 0.0003 - val_loss: 0.0001 - lr: 1.25e-04 - 12.5s
Epoch 214/300 - loss: 0.0003 - val_loss: 0.0001 - lr: 6.25e-05 - 12.2s
Epoch 215/300 - loss: 0.0001 - val_loss: 0.0001 - lr: 6.25e-05 - 11.9s
Epoch 216/300 - loss: 0.0001 - val_loss: 0.0001 - lr: 6.25e-05 - 12.1s
Epoch 217/300 - loss: 0.0001 - val_loss: 0.0001 - lr: 6.25e-05 - 12.2s
Epoch 218/300 - loss: 0.0001 - val_loss: 0.0001 - lr: 6.25e-05 - 12.0s
Epoch 219/300 - loss: 0.0002 - val_loss: 0.0001 - lr: 6.25e-05 - 12.6s
Epoch 220/300 - loss: 0.0002 - val_loss: 0.0001 - lr: 6.25e-05 - 12.0s
Epoch 221/300 - loss: 0.0002 - val_loss: 0.0001 - lr: 6.25e-05 - 11.6s
Epoch 222/300 - loss: 0.0001 - val_loss: 0.0001 - lr: 6.25e-05 - 11.3s
Epoch 223/300 - loss: 0.0002 - val_loss: 0.0001 - lr: 6.25e-05 - 11.2s
Epoch 224/300 - loss: 0.0002 - val_loss: 0.0001 - lr: 6.25e-05 - 10.7s
Epoch 225/300 - loss: 0.0002 - val_loss: 0.0001 - lr: 6.25e-05 - 10.2s
Epoch 226/300 - loss: 0.0002 - val_loss: 0.0001 - lr: 6.25e-05 - 10.8s
Epoch 227/300 - loss: 0.0002 - val_loss: 0.0001 - lr: 6.25e-05 - 10.8s
Epoch 228/300 - loss: 0.0001 - val_loss: 0.0001 - lr: 6.25e-05 - 10.7s
Epoch 229/300 - loss: 0.0002 - val_loss: 0.0001 - lr: 6.25e-05 - 10.8s
Epoch 230/300 - loss: 0.0002 - val_loss: 0.0001 - lr: 6.25e-05 - 10.8s
Epoch 231/300 - loss: 0.0001 - val_loss: 0.0001 - lr: 6.25e-05 - 10.7s
Epoch 232/300 - loss: 0.0002 - val_loss: 0.0001 - lr: 6.25e-05 - 10.8s
Epoch 233/300 - loss: 0.0001 - val_loss: 0.0001 - lr: 6.25e-05 - 10.7s
Epoch 234/300 - loss: 0.0002 - val_loss: 0.0001 - lr: 6.25e-05 - 10.8s
Epoch 235/300 - loss: 0.0001 - val_loss: 0.0001 - lr: 6.25e-05 - 10.7s
Epoch 236/300 - loss: 0.0001 - val_loss: 0.0001 - lr: 6.25e-05 - 11.8s
Epoch 237/300 - loss: 0.0002 - val_loss: 0.0001 - lr: 6.25e-05 - 11.7s
Epoch 238/300 - loss: 0.0002 - val_loss: 0.0001 - lr: 3.13e-05 - 11.7s
Epoch 239/300 - loss: 0.0001 - val_loss: 0.0001 - lr: 3.13e-05 - 11.8s
Epoch 240/300 - loss: 0.0001 - val_loss: 0.0001 - lr: 3.13e-05 - 11.8s
Epoch 241/300 - loss: 0.0001 - val_loss: 0.0001 - lr: 3.13e-05 - 11.7s
Epoch 242/300 - loss: 0.0001 - val_loss: 0.0001 - lr: 3.13e-05 - 11.8s
Epoch 243/300 - loss: 0.0001 - val_loss: 0.0001 - lr: 3.13e-05 - 11.8s
Epoch 244/300 - loss: 0.0001 - val_loss: 0.0001 - lr: 3.13e-05 - 11.8s
Epoch 245/300 - loss: 0.0001 - val_loss: 0.0001 - lr: 3.13e-05 - 11.7s
Epoch 246/300 - loss: 0.0002 - val_loss: 0.0001 - lr: 3.13e-05 - 11.8s
Epoch 247/300 - loss: 0.0001 - val_loss: 0.0001 - lr: 3.13e-05 - 11.9s
Epoch 248/300 - loss: 0.0001 - val_loss: 0.0001 - lr: 3.13e-05 - 11.8s
Epoch 249/300 - loss: 0.0001 - val_loss: 0.0001 - lr: 3.13e-05 - 11.8s
Epoch 250/300 - loss: 0.0001 - val_loss: 0.0001 - lr: 3.13e-05 - 11.8s
Epoch 251/300 - loss: 0.0001 - val_loss: 0.0001 - lr: 3.13e-05 - 11.8s
Epoch 252/300 - loss: 0.0001 - val_loss: 0.0001 - lr: 3.13e-05 - 11.7s
Epoch 253/300 - loss: 0.0001 - val_loss: 0.0001 - lr: 3.13e-05 - 11.9s
Epoch 254/300 - loss: 0.0001 - val_loss: 0.0001 - lr: 3.13e-05 - 11.8s
Epoch 255/300 - loss: 0.0001 - val_loss: 0.0001 - lr: 3.13e-05 - 11.7s
Epoch 256/300 - loss: 0.0001 - val_loss: 0.0001 - lr: 3.13e-05 - 11.8s
Epoch 257/300 - loss: 0.0001 - val_loss: 0.0001 - lr: 3.13e-05 - 11.7s
Epoch 258/300 - loss: 0.0001 - val_loss: 0.0001 - lr: 3.13e-05 - 11.7s
Epoch 259/300 - loss: 0.0001 - val_loss: 0.0001 - lr: 3.13e-05 - 11.7s
Epoch 260/300 - loss: 0.0001 - val_loss: 0.0001 - lr: 1.56e-05 - 11.7s
Epoch 261/300 - loss: 0.0001 - val_loss: 0.0001 - lr: 1.56e-05 - 11.8s
Epoch 262/300 - loss: 0.0001 - val_loss: 0.0001 - lr: 1.56e-05 - 11.7s
Epoch 263/300 - loss: 0.0001 - val_loss: 0.0001 - lr: 1.56e-05 - 11.8s
Epoch 264/300 - loss: 0.0001 - val_loss: 0.0001 - lr: 1.56e-05 - 11.8s
Epoch 265/300 - loss: 0.0001 - val_loss: 0.0001 - lr: 1.56e-05 - 11.9s
Epoch 266/300 - loss: 0.0001 - val_loss: 0.0001 - lr: 1.56e-05 - 11.8s
Epoch 267/300 - loss: 0.0001 - val_loss: 0.0001 - lr: 1.56e-05 - 11.8s
Epoch 268/300 - loss: 0.0001 - val_loss: 0.0001 - lr: 1.56e-05 - 11.8s
Epoch 269/300 - loss: 0.0001 - val_loss: 0.0001 - lr: 1.56e-05 - 11.8s
Epoch 270/300 - loss: 0.0001 - val_loss: 0.0001 - lr: 1.56e-05 - 11.8s
Epoch 271/300 - loss: 0.0001 - val_loss: 0.0001 - lr: 1.56e-05 - 11.8s
Epoch 272/300 - loss: 0.0001 - val_loss: 0.0001 - lr: 1.56e-05 - 11.8s
Epoch 273/300 - loss: 0.0001 - val_loss: 0.0001 - lr: 1.56e-05 - 11.8s
Epoch 274/300 - loss: 0.0001 - val_loss: 0.0001 - lr: 1.56e-05 - 11.8s
Epoch 275/300 - loss: 0.0001 - val_loss: 0.0001 - lr: 1.56e-05 - 11.8s
Epoch 276/300 - loss: 0.0001 - val_loss: 0.0001 - lr: 1.56e-05 - 11.8s
Epoch 277/300 - loss: 0.0001 - val_loss: 0.0001 - lr: 1.56e-05 - 11.7s
Epoch 278/300 - loss: 0.0001 - val_loss: 0.0001 - lr: 1.56e-05 - 11.8s
Epoch 279/300 - loss: 0.0001 - val_loss: 0.0001 - lr: 1.56e-05 - 11.8s
Early stopping: val_loss has not improved for 40 epochs.
Training complete in 52.9m (3176s)
Best val_loss: 0.0001 — loading best weights for export
Model saved to ref/19_moog_100-20k_128u_w256\weights.json
Loss history saved to ref/19_moog_100-20k_128u_w256\loss_history.csv
