Loading static training data...
  100Hz (knob=0.000): 1523 windows
  125Hz (knob=0.042): 1523 windows
  250Hz (knob=0.173): 1523 windows
  500Hz (knob=0.304): 1523 windows
  800Hz (knob=0.392): 1523 windows
  1000Hz (knob=0.435): 1523 windows
  2000Hz (knob=0.565): 1523 windows
  4000Hz (knob=0.696): 1523 windows
  8000Hz (knob=0.827): 1523 windows
  12000Hz (knob=0.904): 1523 windows
  16000Hz (knob=0.958): 1523 windows
  20000Hz (knob=1.000): 1523 windows
Loading variable training data...
  testSound_mono_lfo_1hz_100-10khz.wav: 1523 windows
  testSound_mono_lfo_2hz_100-10khz.wav: 1523 windows
  testSound_mono_lfo_fast_100-10khz.wav: 1523 windows
  testSound_mono_lfo_10hz_100-10khz.wav: 1523 windows
  testSound_mono_lfo_20hz_100-10khz.wav: 1523 windows
Loading validation data...
  100Hz (knob=0.000): 234 windows
  125Hz (knob=0.042): 234 windows
  250Hz (knob=0.173): 234 windows
  500Hz (knob=0.304): 234 windows
  800Hz (knob=0.392): 234 windows
  1000Hz (knob=0.435): 234 windows
  2000Hz (knob=0.565): 234 windows
  4000Hz (knob=0.696): 234 windows
  8000Hz (knob=0.827): 234 windows
  12000Hz (knob=0.904): 234 windows
  16000Hz (knob=0.958): 234 windows
  20000Hz (knob=1.000): 234 windows
Loading variable validation data...
  bench_mono_lfo_1hz_100-10khz.wav: 234 windows
  bench_mono_lfo_2hz_100-10khz.wav: 234 windows
  bench_mono_lfo_fast_100-10khz.wav: 234 windows
  bench_mono_lfo_10hz_100-10khz.wav: 234 windows
  bench_mono_lfo_20hz_100-10khz.wav: 234 windows
Train windows: 25891, Val windows: 3978, Sample rate: 48000
Using device: cuda
Epoch 1/300 - loss: 23.9341 - val_loss: 0.3623 - lr: 1.00e-03 - 14.7s
Epoch 2/300 - loss: 0.3032 - val_loss: 0.3399 - lr: 1.00e-03 - 14.1s
Epoch 3/300 - loss: 0.2691 - val_loss: 0.2412 - lr: 1.00e-03 - 14.1s
Epoch 4/300 - loss: 0.1472 - val_loss: 0.0485 - lr: 1.00e-03 - 14.2s
Epoch 5/300 - loss: 0.0965 - val_loss: 0.0169 - lr: 1.00e-03 - 14.1s
Epoch 6/300 - loss: 0.0522 - val_loss: 0.0112 - lr: 1.00e-03 - 13.9s
Epoch 7/300 - loss: 0.0406 - val_loss: 0.0464 - lr: 1.00e-03 - 13.9s
Epoch 8/300 - loss: 0.0335 - val_loss: 0.0315 - lr: 1.00e-03 - 13.8s
Epoch 9/300 - loss: 0.0307 - val_loss: 0.0194 - lr: 1.00e-03 - 13.9s
Epoch 10/300 - loss: 0.0259 - val_loss: 0.0040 - lr: 1.00e-03 - 13.9s
Epoch 11/300 - loss: 0.0257 - val_loss: 0.0075 - lr: 1.00e-03 - 13.9s
Epoch 12/300 - loss: 0.0223 - val_loss: 0.0019 - lr: 1.00e-03 - 13.9s
Epoch 13/300 - loss: 0.0214 - val_loss: 0.0014 - lr: 1.00e-03 - 13.9s
Epoch 14/300 - loss: 0.0229 - val_loss: 0.0048 - lr: 1.00e-03 - 13.8s
Epoch 15/300 - loss: 0.0162 - val_loss: 0.0006 - lr: 1.00e-03 - 13.9s
Epoch 16/300 - loss: 0.0169 - val_loss: 0.0033 - lr: 1.00e-03 - 13.9s
Epoch 17/300 - loss: 0.0193 - val_loss: 0.0006 - lr: 1.00e-03 - 13.8s
Epoch 18/300 - loss: 0.0203 - val_loss: 0.0053 - lr: 1.00e-03 - 13.8s
Epoch 19/300 - loss: 0.0177 - val_loss: 0.0010 - lr: 1.00e-03 - 14.0s
Epoch 20/300 - loss: 0.0149 - val_loss: 0.0048 - lr: 1.00e-03 - 13.9s
Epoch 21/300 - loss: 0.0171 - val_loss: 0.0014 - lr: 1.00e-03 - 13.9s
Epoch 22/300 - loss: 0.0149 - val_loss: 0.0015 - lr: 1.00e-03 - 13.9s
Epoch 23/300 - loss: 0.0140 - val_loss: 0.0008 - lr: 1.00e-03 - 13.9s
Epoch 24/300 - loss: 0.0129 - val_loss: 0.0038 - lr: 1.00e-03 - 13.8s
Epoch 25/300 - loss: 0.0159 - val_loss: 0.0252 - lr: 1.00e-03 - 13.9s
Epoch 26/300 - loss: 0.0133 - val_loss: 0.0014 - lr: 1.00e-03 - 13.9s
Epoch 27/300 - loss: 0.0152 - val_loss: 0.0097 - lr: 1.00e-03 - 13.9s
Epoch 28/300 - loss: 0.0155 - val_loss: 0.0004 - lr: 1.00e-03 - 13.9s
Epoch 29/300 - loss: 0.0117 - val_loss: 0.0085 - lr: 1.00e-03 - 13.9s
Epoch 30/300 - loss: 0.0143 - val_loss: 0.0051 - lr: 1.00e-03 - 13.9s
Epoch 31/300 - loss: 0.0124 - val_loss: 0.0027 - lr: 1.00e-03 - 13.8s
Epoch 32/300 - loss: 0.0124 - val_loss: 0.0068 - lr: 1.00e-03 - 13.9s
Epoch 33/300 - loss: 0.0102 - val_loss: 0.0008 - lr: 1.00e-03 - 13.9s
Epoch 34/300 - loss: 0.0099 - val_loss: 0.0009 - lr: 1.00e-03 - 13.9s
Epoch 35/300 - loss: 0.0109 - val_loss: 0.0056 - lr: 1.00e-03 - 13.9s
Epoch 36/300 - loss: 0.0127 - val_loss: 0.0012 - lr: 1.00e-03 - 13.9s
Epoch 37/300 - loss: 0.0102 - val_loss: 0.0003 - lr: 1.00e-03 - 13.8s
Epoch 38/300 - loss: 0.0106 - val_loss: 0.0006 - lr: 1.00e-03 - 13.9s
Epoch 39/300 - loss: 0.0120 - val_loss: 0.0066 - lr: 1.00e-03 - 13.9s
Epoch 40/300 - loss: 0.0093 - val_loss: 0.0007 - lr: 1.00e-03 - 13.8s
Epoch 41/300 - loss: 0.0100 - val_loss: 0.0006 - lr: 1.00e-03 - 13.9s
Epoch 42/300 - loss: 0.0077 - val_loss: 0.0013 - lr: 1.00e-03 - 13.9s
Epoch 43/300 - loss: 0.0114 - val_loss: 0.0092 - lr: 1.00e-03 - 14.1s
Epoch 44/300 - loss: 0.0116 - val_loss: 0.0007 - lr: 1.00e-03 - 14.7s
Epoch 45/300 - loss: 0.0085 - val_loss: 0.0005 - lr: 1.00e-03 - 14.3s
Epoch 46/300 - loss: 0.0092 - val_loss: 0.0057 - lr: 1.00e-03 - 14.3s
Epoch 47/300 - loss: 0.0098 - val_loss: 0.0009 - lr: 1.00e-03 - 14.2s
Epoch 48/300 - loss: 0.0096 - val_loss: 0.0044 - lr: 1.00e-03 - 14.3s
Epoch 49/300 - loss: 0.0108 - val_loss: 0.0003 - lr: 1.00e-03 - 14.2s
Epoch 50/300 - loss: 0.0114 - val_loss: 0.0002 - lr: 1.00e-03 - 14.2s
Epoch 51/300 - loss: 0.0105 - val_loss: 0.0003 - lr: 1.00e-03 - 14.3s
Epoch 52/300 - loss: 0.0071 - val_loss: 0.0003 - lr: 1.00e-03 - 14.2s
Epoch 53/300 - loss: 0.0073 - val_loss: 0.0032 - lr: 1.00e-03 - 14.3s
Epoch 54/300 - loss: 0.0092 - val_loss: 0.0006 - lr: 1.00e-03 - 14.3s
Epoch 55/300 - loss: 0.0075 - val_loss: 0.0005 - lr: 1.00e-03 - 14.3s
Epoch 56/300 - loss: 0.0100 - val_loss: 0.0004 - lr: 1.00e-03 - 14.3s
Epoch 57/300 - loss: 0.0075 - val_loss: 0.0005 - lr: 1.00e-03 - 14.2s
Epoch 58/300 - loss: 0.0075 - val_loss: 0.0002 - lr: 1.00e-03 - 14.3s
Epoch 59/300 - loss: 0.0074 - val_loss: 0.0003 - lr: 1.00e-03 - 14.2s
Epoch 60/300 - loss: 0.0079 - val_loss: 0.0009 - lr: 1.00e-03 - 14.2s
Epoch 61/300 - loss: 0.0071 - val_loss: 0.0004 - lr: 1.00e-03 - 14.2s
Epoch 62/300 - loss: 0.0078 - val_loss: 0.0004 - lr: 1.00e-03 - 14.3s
Epoch 63/300 - loss: 0.0092 - val_loss: 0.0004 - lr: 1.00e-03 - 14.3s
Epoch 64/300 - loss: 0.0088 - val_loss: 0.0002 - lr: 1.00e-03 - 14.3s
Epoch 65/300 - loss: 0.0077 - val_loss: 0.0012 - lr: 1.00e-03 - 14.3s
Epoch 66/300 - loss: 0.0074 - val_loss: 0.0018 - lr: 1.00e-03 - 14.3s
Epoch 67/300 - loss: 0.0083 - val_loss: 0.0010 - lr: 1.00e-03 - 14.2s
Epoch 68/300 - loss: 0.0075 - val_loss: 0.0005 - lr: 1.00e-03 - 14.3s
Epoch 69/300 - loss: 0.0076 - val_loss: 0.0003 - lr: 1.00e-03 - 14.3s
Epoch 70/300 - loss: 0.0072 - val_loss: 0.0070 - lr: 1.00e-03 - 14.3s
Epoch 71/300 - loss: 0.0096 - val_loss: 0.0005 - lr: 1.00e-03 - 14.3s
Epoch 72/300 - loss: 0.0084 - val_loss: 0.0008 - lr: 1.00e-03 - 14.2s
Epoch 73/300 - loss: 0.0075 - val_loss: 0.0006 - lr: 1.00e-03 - 14.3s
Epoch 74/300 - loss: 0.0074 - val_loss: 0.0002 - lr: 1.00e-03 - 14.3s
Epoch 75/300 - loss: 0.0079 - val_loss: 0.0003 - lr: 1.00e-03 - 14.3s
Epoch 76/300 - loss: 0.0070 - val_loss: 0.0003 - lr: 1.00e-03 - 14.3s
Epoch 77/300 - loss: 0.0068 - val_loss: 0.0002 - lr: 1.00e-03 - 14.3s
Epoch 78/300 - loss: 0.0077 - val_loss: 0.0007 - lr: 1.00e-03 - 14.3s
Epoch 79/300 - loss: 0.0070 - val_loss: 0.0012 - lr: 1.00e-03 - 14.3s
Epoch 80/300 - loss: 0.0070 - val_loss: 0.0003 - lr: 1.00e-03 - 14.2s
Epoch 81/300 - loss: 0.0058 - val_loss: 0.0007 - lr: 1.00e-03 - 14.3s
Epoch 82/300 - loss: 0.0076 - val_loss: 0.0003 - lr: 1.00e-03 - 14.3s
Epoch 83/300 - loss: 0.0070 - val_loss: 0.0007 - lr: 1.00e-03 - 14.3s
Epoch 84/300 - loss: 0.0067 - val_loss: 0.0004 - lr: 1.00e-03 - 14.3s
Epoch 85/300 - loss: 0.0067 - val_loss: 0.0174 - lr: 5.00e-04 - 14.3s
Epoch 86/300 - loss: 0.0028 - val_loss: 0.0005 - lr: 5.00e-04 - 14.3s
Epoch 87/300 - loss: 0.0020 - val_loss: 0.0001 - lr: 5.00e-04 - 14.3s
Epoch 88/300 - loss: 0.0017 - val_loss: 0.0002 - lr: 5.00e-04 - 14.3s
Epoch 89/300 - loss: 0.0014 - val_loss: 0.0002 - lr: 5.00e-04 - 14.2s
Epoch 90/300 - loss: 0.0017 - val_loss: 0.0006 - lr: 5.00e-04 - 14.3s
Epoch 91/300 - loss: 0.0016 - val_loss: 0.0001 - lr: 5.00e-04 - 14.2s
Epoch 92/300 - loss: 0.0028 - val_loss: 0.0003 - lr: 5.00e-04 - 14.2s
Epoch 93/300 - loss: 0.0022 - val_loss: 0.0002 - lr: 5.00e-04 - 14.3s
Epoch 94/300 - loss: 0.0023 - val_loss: 0.0001 - lr: 5.00e-04 - 14.3s
Epoch 95/300 - loss: 0.0016 - val_loss: 0.0001 - lr: 5.00e-04 - 14.3s
Epoch 96/300 - loss: 0.0019 - val_loss: 0.0002 - lr: 5.00e-04 - 14.3s
Epoch 97/300 - loss: 0.0028 - val_loss: 0.0001 - lr: 5.00e-04 - 14.2s
Epoch 98/300 - loss: 0.0018 - val_loss: 0.0001 - lr: 5.00e-04 - 14.3s
Epoch 99/300 - loss: 0.0020 - val_loss: 0.0002 - lr: 5.00e-04 - 14.2s
Epoch 100/300 - loss: 0.0020 - val_loss: 0.0002 - lr: 5.00e-04 - 14.3s
Epoch 101/300 - loss: 0.0022 - val_loss: 0.0003 - lr: 5.00e-04 - 14.3s
Epoch 102/300 - loss: 0.0021 - val_loss: 0.0001 - lr: 5.00e-04 - 14.3s
Epoch 103/300 - loss: 0.0016 - val_loss: 0.0001 - lr: 5.00e-04 - 14.3s
Epoch 104/300 - loss: 0.0023 - val_loss: 0.0001 - lr: 5.00e-04 - 14.3s
Epoch 105/300 - loss: 0.0019 - val_loss: 0.0002 - lr: 5.00e-04 - 14.2s
Epoch 106/300 - loss: 0.0016 - val_loss: 0.0001 - lr: 5.00e-04 - 14.3s
Epoch 107/300 - loss: 0.0022 - val_loss: 0.0003 - lr: 5.00e-04 - 14.2s
Epoch 108/300 - loss: 0.0021 - val_loss: 0.0001 - lr: 5.00e-04 - 14.2s
Epoch 109/300 - loss: 0.0020 - val_loss: 0.0001 - lr: 5.00e-04 - 14.3s
Epoch 110/300 - loss: 0.0019 - val_loss: 0.0002 - lr: 5.00e-04 - 14.2s
Epoch 111/300 - loss: 0.0015 - val_loss: 0.0001 - lr: 5.00e-04 - 14.3s
Epoch 112/300 - loss: 0.0018 - val_loss: 0.0003 - lr: 5.00e-04 - 14.3s
Epoch 113/300 - loss: 0.0017 - val_loss: 0.0006 - lr: 5.00e-04 - 14.3s
Epoch 114/300 - loss: 0.0016 - val_loss: 0.0002 - lr: 5.00e-04 - 14.2s
Epoch 115/300 - loss: 0.0020 - val_loss: 0.0001 - lr: 5.00e-04 - 14.3s
Epoch 116/300 - loss: 0.0021 - val_loss: 0.0005 - lr: 5.00e-04 - 14.3s
Epoch 117/300 - loss: 0.0019 - val_loss: 0.0002 - lr: 5.00e-04 - 14.2s
Epoch 118/300 - loss: 0.0018 - val_loss: 0.0004 - lr: 5.00e-04 - 14.3s
Epoch 119/300 - loss: 0.0015 - val_loss: 0.0002 - lr: 5.00e-04 - 14.2s
Epoch 120/300 - loss: 0.0014 - val_loss: 0.0001 - lr: 5.00e-04 - 14.3s
Epoch 121/300 - loss: 0.0018 - val_loss: 0.0005 - lr: 5.00e-04 - 14.1s
Epoch 122/300 - loss: 0.0014 - val_loss: 0.0002 - lr: 5.00e-04 - 13.0s
Epoch 123/300 - loss: 0.0015 - val_loss: 0.0001 - lr: 5.00e-04 - 13.0s
Epoch 124/300 - loss: 0.0019 - val_loss: 0.0001 - lr: 5.00e-04 - 12.9s
Epoch 125/300 - loss: 0.0016 - val_loss: 0.0014 - lr: 5.00e-04 - 13.4s
Epoch 126/300 - loss: 0.0020 - val_loss: 0.0001 - lr: 5.00e-04 - 13.7s
Epoch 127/300 - loss: 0.0024 - val_loss: 0.0009 - lr: 5.00e-04 - 14.2s
Epoch 128/300 - loss: 0.0017 - val_loss: 0.0001 - lr: 5.00e-04 - 13.8s
Epoch 129/300 - loss: 0.0016 - val_loss: 0.0005 - lr: 5.00e-04 - 13.9s
Epoch 130/300 - loss: 0.0017 - val_loss: 0.0001 - lr: 5.00e-04 - 13.9s
Epoch 131/300 - loss: 0.0013 - val_loss: 0.0004 - lr: 5.00e-04 - 13.8s
Epoch 132/300 - loss: 0.0014 - val_loss: 0.0002 - lr: 5.00e-04 - 13.9s
Epoch 133/300 - loss: 0.0021 - val_loss: 0.0001 - lr: 5.00e-04 - 13.8s
Epoch 134/300 - loss: 0.0014 - val_loss: 0.0001 - lr: 5.00e-04 - 13.8s
Epoch 135/300 - loss: 0.0019 - val_loss: 0.0001 - lr: 5.00e-04 - 13.9s
Epoch 136/300 - loss: 0.0015 - val_loss: 0.0001 - lr: 5.00e-04 - 13.9s
Epoch 137/300 - loss: 0.0015 - val_loss: 0.0001 - lr: 5.00e-04 - 13.9s
Epoch 138/300 - loss: 0.0014 - val_loss: 0.0001 - lr: 5.00e-04 - 13.9s
Epoch 139/300 - loss: 0.0021 - val_loss: 0.0001 - lr: 5.00e-04 - 13.9s
Epoch 140/300 - loss: 0.0017 - val_loss: 0.0001 - lr: 5.00e-04 - 14.1s
Epoch 141/300 - loss: 0.0018 - val_loss: 0.0001 - lr: 5.00e-04 - 13.2s
Epoch 142/300 - loss: 0.0017 - val_loss: 0.0034 - lr: 5.00e-04 - 13.0s
Epoch 143/300 - loss: 0.0015 - val_loss: 0.0001 - lr: 5.00e-04 - 13.0s
Epoch 144/300 - loss: 0.0013 - val_loss: 0.0005 - lr: 5.00e-04 - 13.0s
Epoch 145/300 - loss: 0.0017 - val_loss: 0.0001 - lr: 5.00e-04 - 13.0s
Epoch 146/300 - loss: 0.0016 - val_loss: 0.0001 - lr: 5.00e-04 - 13.0s
Epoch 147/300 - loss: 0.0017 - val_loss: 0.0001 - lr: 5.00e-04 - 13.0s
Epoch 148/300 - loss: 0.0019 - val_loss: 0.0001 - lr: 5.00e-04 - 13.0s
Epoch 149/300 - loss: 0.0018 - val_loss: 0.0001 - lr: 5.00e-04 - 13.0s
Epoch 150/300 - loss: 0.0015 - val_loss: 0.0001 - lr: 5.00e-04 - 13.0s
Epoch 151/300 - loss: 0.0019 - val_loss: 0.0001 - lr: 5.00e-04 - 13.0s
Epoch 152/300 - loss: 0.0013 - val_loss: 0.0012 - lr: 5.00e-04 - 13.0s
Epoch 153/300 - loss: 0.0018 - val_loss: 0.0001 - lr: 5.00e-04 - 13.0s
Epoch 154/300 - loss: 0.0016 - val_loss: 0.0001 - lr: 5.00e-04 - 13.0s
Epoch 155/300 - loss: 0.0016 - val_loss: 0.0002 - lr: 5.00e-04 - 13.0s
Epoch 156/300 - loss: 0.0018 - val_loss: 0.0002 - lr: 5.00e-04 - 13.0s
Epoch 157/300 - loss: 0.0017 - val_loss: 0.0004 - lr: 5.00e-04 - 13.0s
Epoch 158/300 - loss: 0.0019 - val_loss: 0.0012 - lr: 2.50e-04 - 13.0s
Epoch 159/300 - loss: 0.0009 - val_loss: 0.0001 - lr: 2.50e-04 - 13.0s
Epoch 160/300 - loss: 0.0005 - val_loss: 0.0001 - lr: 2.50e-04 - 13.0s
Epoch 161/300 - loss: 0.0005 - val_loss: 0.0001 - lr: 2.50e-04 - 13.0s
Epoch 162/300 - loss: 0.0005 - val_loss: 0.0001 - lr: 2.50e-04 - 13.0s
Epoch 163/300 - loss: 0.0006 - val_loss: 0.0001 - lr: 2.50e-04 - 13.0s
Epoch 164/300 - loss: 0.0005 - val_loss: 0.0001 - lr: 2.50e-04 - 13.0s
Epoch 165/300 - loss: 0.0005 - val_loss: 0.0001 - lr: 2.50e-04 - 13.0s
Epoch 166/300 - loss: 0.0006 - val_loss: 0.0002 - lr: 2.50e-04 - 13.0s
Epoch 167/300 - loss: 0.0006 - val_loss: 0.0001 - lr: 2.50e-04 - 13.0s
Epoch 168/300 - loss: 0.0007 - val_loss: 0.0001 - lr: 2.50e-04 - 13.0s
Epoch 169/300 - loss: 0.0006 - val_loss: 0.0001 - lr: 2.50e-04 - 13.0s
Epoch 170/300 - loss: 0.0005 - val_loss: 0.0001 - lr: 2.50e-04 - 13.0s
Epoch 171/300 - loss: 0.0005 - val_loss: 0.0001 - lr: 2.50e-04 - 13.0s
Epoch 172/300 - loss: 0.0004 - val_loss: 0.0001 - lr: 2.50e-04 - 13.0s
Epoch 173/300 - loss: 0.0006 - val_loss: 0.0001 - lr: 2.50e-04 - 13.0s
Epoch 174/300 - loss: 0.0007 - val_loss: 0.0001 - lr: 2.50e-04 - 13.0s
Epoch 175/300 - loss: 0.0006 - val_loss: 0.0001 - lr: 2.50e-04 - 13.0s
Epoch 176/300 - loss: 0.0007 - val_loss: 0.0001 - lr: 2.50e-04 - 13.0s
Epoch 177/300 - loss: 0.0006 - val_loss: 0.0001 - lr: 2.50e-04 - 13.0s
Epoch 178/300 - loss: 0.0005 - val_loss: 0.0001 - lr: 2.50e-04 - 13.0s
Epoch 179/300 - loss: 0.0004 - val_loss: 0.0001 - lr: 2.50e-04 - 13.0s
Epoch 180/300 - loss: 0.0006 - val_loss: 0.0001 - lr: 2.50e-04 - 13.0s
Epoch 181/300 - loss: 0.0005 - val_loss: 0.0001 - lr: 2.50e-04 - 13.0s
Epoch 182/300 - loss: 0.0005 - val_loss: 0.0001 - lr: 2.50e-04 - 13.0s
Epoch 183/300 - loss: 0.0005 - val_loss: 0.0001 - lr: 2.50e-04 - 13.0s
Epoch 184/300 - loss: 0.0005 - val_loss: 0.0001 - lr: 2.50e-04 - 13.0s
Epoch 185/300 - loss: 0.0005 - val_loss: 0.0001 - lr: 2.50e-04 - 13.0s
Epoch 186/300 - loss: 0.0006 - val_loss: 0.0001 - lr: 2.50e-04 - 13.0s
Epoch 187/300 - loss: 0.0004 - val_loss: 0.0001 - lr: 2.50e-04 - 13.0s
Epoch 188/300 - loss: 0.0007 - val_loss: 0.0001 - lr: 2.50e-04 - 13.0s
Epoch 189/300 - loss: 0.0005 - val_loss: 0.0001 - lr: 2.50e-04 - 13.0s
Epoch 190/300 - loss: 0.0006 - val_loss: 0.0001 - lr: 2.50e-04 - 13.0s
Epoch 191/300 - loss: 0.0005 - val_loss: 0.0001 - lr: 2.50e-04 - 13.0s
Epoch 192/300 - loss: 0.0004 - val_loss: 0.0001 - lr: 2.50e-04 - 13.0s
Epoch 193/300 - loss: 0.0007 - val_loss: 0.0001 - lr: 2.50e-04 - 13.0s
Epoch 194/300 - loss: 0.0004 - val_loss: 0.0001 - lr: 2.50e-04 - 13.0s
Epoch 195/300 - loss: 0.0006 - val_loss: 0.0001 - lr: 2.50e-04 - 13.0s
Epoch 196/300 - loss: 0.0006 - val_loss: 0.0001 - lr: 2.50e-04 - 13.0s
Epoch 197/300 - loss: 0.0006 - val_loss: 0.0001 - lr: 2.50e-04 - 13.0s
Epoch 198/300 - loss: 0.0006 - val_loss: 0.0001 - lr: 2.50e-04 - 13.0s
Epoch 199/300 - loss: 0.0006 - val_loss: 0.0002 - lr: 1.25e-04 - 13.0s
Epoch 200/300 - loss: 0.0002 - val_loss: 0.0000 - lr: 1.25e-04 - 13.0s
Epoch 201/300 - loss: 0.0001 - val_loss: 0.0001 - lr: 1.25e-04 - 13.0s
Epoch 202/300 - loss: 0.0002 - val_loss: 0.0000 - lr: 1.25e-04 - 13.0s
Epoch 203/300 - loss: 0.0002 - val_loss: 0.0000 - lr: 1.25e-04 - 13.0s
Epoch 204/300 - loss: 0.0002 - val_loss: 0.0000 - lr: 1.25e-04 - 13.0s
Epoch 205/300 - loss: 0.0002 - val_loss: 0.0001 - lr: 1.25e-04 - 13.0s
Epoch 206/300 - loss: 0.0002 - val_loss: 0.0000 - lr: 1.25e-04 - 13.0s
Epoch 207/300 - loss: 0.0003 - val_loss: 0.0001 - lr: 1.25e-04 - 13.0s
Epoch 208/300 - loss: 0.0002 - val_loss: 0.0001 - lr: 1.25e-04 - 13.0s
Epoch 209/300 - loss: 0.0002 - val_loss: 0.0001 - lr: 1.25e-04 - 13.0s
Epoch 210/300 - loss: 0.0002 - val_loss: 0.0001 - lr: 1.25e-04 - 13.0s
Epoch 211/300 - loss: 0.0002 - val_loss: 0.0000 - lr: 1.25e-04 - 13.0s
Epoch 212/300 - loss: 0.0001 - val_loss: 0.0000 - lr: 1.25e-04 - 13.0s
Epoch 213/300 - loss: 0.0003 - val_loss: 0.0001 - lr: 1.25e-04 - 13.0s
Epoch 214/300 - loss: 0.0002 - val_loss: 0.0001 - lr: 1.25e-04 - 13.0s
Epoch 215/300 - loss: 0.0002 - val_loss: 0.0000 - lr: 1.25e-04 - 13.0s
Epoch 216/300 - loss: 0.0002 - val_loss: 0.0000 - lr: 1.25e-04 - 13.0s
Epoch 217/300 - loss: 0.0002 - val_loss: 0.0000 - lr: 1.25e-04 - 13.0s
Epoch 218/300 - loss: 0.0002 - val_loss: 0.0001 - lr: 1.25e-04 - 13.0s
Epoch 219/300 - loss: 0.0002 - val_loss: 0.0001 - lr: 1.25e-04 - 13.0s
Epoch 220/300 - loss: 0.0002 - val_loss: 0.0000 - lr: 1.25e-04 - 13.0s
Epoch 221/300 - loss: 0.0002 - val_loss: 0.0000 - lr: 1.25e-04 - 13.0s
Epoch 222/300 - loss: 0.0001 - val_loss: 0.0001 - lr: 1.25e-04 - 13.0s
Epoch 223/300 - loss: 0.0002 - val_loss: 0.0000 - lr: 1.25e-04 - 13.0s
Epoch 224/300 - loss: 0.0002 - val_loss: 0.0000 - lr: 1.25e-04 - 13.0s
Epoch 225/300 - loss: 0.0002 - val_loss: 0.0001 - lr: 1.25e-04 - 13.0s
Epoch 226/300 - loss: 0.0002 - val_loss: 0.0001 - lr: 1.25e-04 - 13.0s
Epoch 227/300 - loss: 0.0003 - val_loss: 0.0001 - lr: 1.25e-04 - 13.0s
Epoch 228/300 - loss: 0.0003 - val_loss: 0.0001 - lr: 1.25e-04 - 13.0s
Epoch 229/300 - loss: 0.0002 - val_loss: 0.0000 - lr: 1.25e-04 - 13.0s
Epoch 230/300 - loss: 0.0002 - val_loss: 0.0001 - lr: 1.25e-04 - 13.0s
Epoch 231/300 - loss: 0.0002 - val_loss: 0.0000 - lr: 1.25e-04 - 13.0s
Epoch 232/300 - loss: 0.0002 - val_loss: 0.0000 - lr: 1.25e-04 - 13.0s
Epoch 233/300 - loss: 0.0002 - val_loss: 0.0001 - lr: 1.25e-04 - 13.0s
Epoch 234/300 - loss: 0.0002 - val_loss: 0.0001 - lr: 1.25e-04 - 13.0s
Epoch 235/300 - loss: 0.0002 - val_loss: 0.0001 - lr: 1.25e-04 - 13.0s
Epoch 236/300 - loss: 0.0002 - val_loss: 0.0000 - lr: 1.25e-04 - 13.0s
Epoch 237/300 - loss: 0.0002 - val_loss: 0.0000 - lr: 1.25e-04 - 13.0s
Epoch 238/300 - loss: 0.0002 - val_loss: 0.0000 - lr: 1.25e-04 - 13.0s
Epoch 239/300 - loss: 0.0003 - val_loss: 0.0001 - lr: 1.25e-04 - 13.0s
Epoch 240/300 - loss: 0.0002 - val_loss: 0.0000 - lr: 1.25e-04 - 13.0s
Epoch 241/300 - loss: 0.0001 - val_loss: 0.0000 - lr: 1.25e-04 - 13.0s
Epoch 242/300 - loss: 0.0002 - val_loss: 0.0001 - lr: 1.25e-04 - 13.0s
Epoch 243/300 - loss: 0.0003 - val_loss: 0.0000 - lr: 1.25e-04 - 13.0s
Epoch 244/300 - loss: 0.0002 - val_loss: 0.0001 - lr: 1.25e-04 - 13.0s
Epoch 245/300 - loss: 0.0002 - val_loss: 0.0000 - lr: 1.25e-04 - 13.0s
Epoch 246/300 - loss: 0.0002 - val_loss: 0.0001 - lr: 1.25e-04 - 13.0s
Epoch 247/300 - loss: 0.0003 - val_loss: 0.0000 - lr: 1.25e-04 - 13.0s
Epoch 248/300 - loss: 0.0002 - val_loss: 0.0000 - lr: 1.25e-04 - 13.0s
Epoch 249/300 - loss: 0.0003 - val_loss: 0.0001 - lr: 1.25e-04 - 13.0s
Epoch 250/300 - loss: 0.0002 - val_loss: 0.0001 - lr: 1.25e-04 - 13.0s
Epoch 251/300 - loss: 0.0002 - val_loss: 0.0001 - lr: 1.25e-04 - 13.0s
Epoch 252/300 - loss: 0.0002 - val_loss: 0.0000 - lr: 1.25e-04 - 13.0s
Epoch 253/300 - loss: 0.0002 - val_loss: 0.0001 - lr: 1.25e-04 - 13.0s
Epoch 254/300 - loss: 0.0002 - val_loss: 0.0001 - lr: 1.25e-04 - 13.0s
Epoch 255/300 - loss: 0.0003 - val_loss: 0.0000 - lr: 1.25e-04 - 13.0s
Epoch 256/300 - loss: 0.0002 - val_loss: 0.0000 - lr: 1.25e-04 - 13.0s
Epoch 257/300 - loss: 0.0002 - val_loss: 0.0001 - lr: 1.25e-04 - 13.1s
Epoch 258/300 - loss: 0.0002 - val_loss: 0.0000 - lr: 1.25e-04 - 13.1s
Epoch 259/300 - loss: 0.0001 - val_loss: 0.0000 - lr: 6.25e-05 - 13.0s
Epoch 260/300 - loss: 0.0001 - val_loss: 0.0000 - lr: 6.25e-05 - 13.0s
Epoch 261/300 - loss: 0.0001 - val_loss: 0.0000 - lr: 6.25e-05 - 13.0s
Epoch 262/300 - loss: 0.0001 - val_loss: 0.0000 - lr: 6.25e-05 - 13.0s
Epoch 263/300 - loss: 0.0001 - val_loss: 0.0000 - lr: 6.25e-05 - 13.0s
Epoch 264/300 - loss: 0.0001 - val_loss: 0.0000 - lr: 6.25e-05 - 13.0s
Epoch 265/300 - loss: 0.0001 - val_loss: 0.0001 - lr: 6.25e-05 - 13.0s
Epoch 266/300 - loss: 0.0001 - val_loss: 0.0000 - lr: 6.25e-05 - 13.0s
Epoch 267/300 - loss: 0.0001 - val_loss: 0.0000 - lr: 6.25e-05 - 13.0s
Epoch 268/300 - loss: 0.0001 - val_loss: 0.0000 - lr: 6.25e-05 - 13.0s
Epoch 269/300 - loss: 0.0001 - val_loss: 0.0000 - lr: 6.25e-05 - 13.0s
Epoch 270/300 - loss: 0.0001 - val_loss: 0.0000 - lr: 6.25e-05 - 13.0s
Epoch 271/300 - loss: 0.0001 - val_loss: 0.0000 - lr: 6.25e-05 - 13.0s
Epoch 272/300 - loss: 0.0001 - val_loss: 0.0000 - lr: 6.25e-05 - 13.0s
Epoch 273/300 - loss: 0.0001 - val_loss: 0.0000 - lr: 6.25e-05 - 13.0s
Epoch 274/300 - loss: 0.0001 - val_loss: 0.0000 - lr: 6.25e-05 - 13.0s
Epoch 275/300 - loss: 0.0001 - val_loss: 0.0000 - lr: 6.25e-05 - 13.0s
Epoch 276/300 - loss: 0.0001 - val_loss: 0.0000 - lr: 6.25e-05 - 13.0s
Epoch 277/300 - loss: 0.0001 - val_loss: 0.0000 - lr: 6.25e-05 - 13.0s
Epoch 278/300 - loss: 0.0002 - val_loss: 0.0000 - lr: 6.25e-05 - 13.0s
Epoch 279/300 - loss: 0.0001 - val_loss: 0.0000 - lr: 6.25e-05 - 13.0s
Epoch 280/300 - loss: 0.0001 - val_loss: 0.0000 - lr: 6.25e-05 - 13.0s
Epoch 281/300 - loss: 0.0001 - val_loss: 0.0000 - lr: 6.25e-05 - 13.0s
Epoch 282/300 - loss: 0.0001 - val_loss: 0.0000 - lr: 6.25e-05 - 13.0s
Epoch 283/300 - loss: 0.0001 - val_loss: 0.0000 - lr: 6.25e-05 - 13.0s
Epoch 284/300 - loss: 0.0001 - val_loss: 0.0001 - lr: 6.25e-05 - 13.0s
Epoch 285/300 - loss: 0.0001 - val_loss: 0.0000 - lr: 3.13e-05 - 13.0s
Epoch 286/300 - loss: 0.0000 - val_loss: 0.0000 - lr: 3.13e-05 - 13.0s
Epoch 287/300 - loss: 0.0000 - val_loss: 0.0000 - lr: 3.13e-05 - 13.0s
Epoch 288/300 - loss: 0.0001 - val_loss: 0.0000 - lr: 3.13e-05 - 13.0s
Epoch 289/300 - loss: 0.0000 - val_loss: 0.0000 - lr: 3.13e-05 - 13.0s
Epoch 290/300 - loss: 0.0001 - val_loss: 0.0000 - lr: 3.13e-05 - 13.0s
Epoch 291/300 - loss: 0.0001 - val_loss: 0.0000 - lr: 3.13e-05 - 13.0s
Epoch 292/300 - loss: 0.0000 - val_loss: 0.0000 - lr: 3.13e-05 - 13.0s
Epoch 293/300 - loss: 0.0001 - val_loss: 0.0000 - lr: 3.13e-05 - 13.0s
Epoch 294/300 - loss: 0.0000 - val_loss: 0.0000 - lr: 3.13e-05 - 13.0s
Epoch 295/300 - loss: 0.0001 - val_loss: 0.0000 - lr: 3.13e-05 - 13.0s
Epoch 296/300 - loss: 0.0001 - val_loss: 0.0000 - lr: 3.13e-05 - 13.0s
Epoch 297/300 - loss: 0.0001 - val_loss: 0.0000 - lr: 3.13e-05 - 13.0s
Epoch 298/300 - loss: 0.0001 - val_loss: 0.0000 - lr: 3.13e-05 - 13.0s
Epoch 299/300 - loss: 0.0001 - val_loss: 0.0000 - lr: 3.13e-05 - 13.0s
Epoch 300/300 - loss: 0.0000 - val_loss: 0.0000 - lr: 3.13e-05 - 13.0s
Training complete in 67.6m (4054s)
Best val_loss: 0.0000 — loading best weights for export
Model saved to models/27_moog_variable_allrates_128u_w256\weights.json
Loss history saved to models/27_moog_variable_allrates_128u_w256\loss_history.csv
