Loading static training data...
  100Hz (knob=0.000): 1523 windows
  125Hz (knob=0.042): 1523 windows
  250Hz (knob=0.173): 1523 windows
  500Hz (knob=0.304): 1523 windows
  800Hz (knob=0.392): 1523 windows
  1000Hz (knob=0.435): 1523 windows
  2000Hz (knob=0.565): 1523 windows
  4000Hz (knob=0.696): 1523 windows
  8000Hz (knob=0.827): 1523 windows
  12000Hz (knob=0.904): 1523 windows
  16000Hz (knob=0.958): 1523 windows
  20000Hz (knob=1.000): 1523 windows
Loading variable training data...
  testSound_mono_lfo_fast_100-10khz.wav: 1523 windows
Loading validation data...
  100Hz (knob=0.000): 234 windows
  125Hz (knob=0.042): 234 windows
  250Hz (knob=0.173): 234 windows
  500Hz (knob=0.304): 234 windows
  800Hz (knob=0.392): 234 windows
  1000Hz (knob=0.435): 234 windows
  2000Hz (knob=0.565): 234 windows
  4000Hz (knob=0.696): 234 windows
  8000Hz (knob=0.827): 234 windows
  12000Hz (knob=0.904): 234 windows
  16000Hz (knob=0.958): 234 windows
  20000Hz (knob=1.000): 234 windows
Loading variable validation data...
  bench_mono_lfo_fast_100-10khz.wav: 234 windows
Train windows: 19799, Val windows: 3042, Sample rate: 48000
Using device: cuda
Epoch 1/300 - loss: 38.3638 - val_loss: 0.3939 - lr: 1.00e-03 - 11.1s
Epoch 2/300 - loss: 0.2919 - val_loss: 0.3672 - lr: 1.00e-03 - 10.8s
Epoch 3/300 - loss: 0.2838 - val_loss: 0.3572 - lr: 1.00e-03 - 10.8s
Epoch 4/300 - loss: 0.2414 - val_loss: 0.1492 - lr: 1.00e-03 - 10.8s
Epoch 5/300 - loss: 0.1355 - val_loss: 0.0585 - lr: 1.00e-03 - 10.8s
Epoch 6/300 - loss: 0.0815 - val_loss: 0.0184 - lr: 1.00e-03 - 10.9s
Epoch 7/300 - loss: 0.0521 - val_loss: 0.0334 - lr: 1.00e-03 - 10.8s
Epoch 8/300 - loss: 0.0557 - val_loss: 0.0108 - lr: 1.00e-03 - 10.9s
Epoch 9/300 - loss: 0.0369 - val_loss: 0.0173 - lr: 1.00e-03 - 10.9s
Epoch 10/300 - loss: 0.0269 - val_loss: 0.0033 - lr: 1.00e-03 - 10.8s
Epoch 11/300 - loss: 0.0308 - val_loss: 0.0036 - lr: 1.00e-03 - 9.9s
Epoch 12/300 - loss: 0.0226 - val_loss: 0.0061 - lr: 1.00e-03 - 10.0s
Epoch 13/300 - loss: 0.0290 - val_loss: 0.0047 - lr: 1.00e-03 - 9.9s
Epoch 14/300 - loss: 0.0211 - val_loss: 0.0074 - lr: 1.00e-03 - 10.0s
Epoch 15/300 - loss: 0.0223 - val_loss: 0.0133 - lr: 1.00e-03 - 9.9s
Epoch 16/300 - loss: 0.0208 - val_loss: 0.0016 - lr: 1.00e-03 - 10.0s
Epoch 17/300 - loss: 0.0216 - val_loss: 0.0012 - lr: 1.00e-03 - 9.9s
Epoch 18/300 - loss: 0.0200 - val_loss: 0.0026 - lr: 1.00e-03 - 10.0s
Epoch 19/300 - loss: 0.0194 - val_loss: 0.0009 - lr: 1.00e-03 - 9.9s
Epoch 20/300 - loss: 0.0182 - val_loss: 0.0011 - lr: 1.00e-03 - 10.0s
Epoch 21/300 - loss: 0.0163 - val_loss: 0.0147 - lr: 1.00e-03 - 10.0s
Epoch 22/300 - loss: 0.0169 - val_loss: 0.0013 - lr: 1.00e-03 - 10.3s
Epoch 23/300 - loss: 0.0196 - val_loss: 0.0053 - lr: 1.00e-03 - 10.9s
Epoch 24/300 - loss: 0.0144 - val_loss: 0.0007 - lr: 1.00e-03 - 10.9s
Epoch 25/300 - loss: 0.0163 - val_loss: 0.0007 - lr: 1.00e-03 - 10.5s
Epoch 26/300 - loss: 0.0174 - val_loss: 0.0029 - lr: 1.00e-03 - 10.0s
Epoch 27/300 - loss: 0.0176 - val_loss: 0.0056 - lr: 1.00e-03 - 9.9s
Epoch 28/300 - loss: 0.0139 - val_loss: 0.0009 - lr: 1.00e-03 - 9.9s
Epoch 29/300 - loss: 0.0134 - val_loss: 0.0005 - lr: 1.00e-03 - 9.9s
Epoch 30/300 - loss: 0.0121 - val_loss: 0.0008 - lr: 1.00e-03 - 9.9s
Epoch 31/300 - loss: 0.0174 - val_loss: 0.0286 - lr: 1.00e-03 - 9.9s
Epoch 32/300 - loss: 0.0133 - val_loss: 0.0012 - lr: 1.00e-03 - 10.0s
Epoch 33/300 - loss: 0.0123 - val_loss: 0.0024 - lr: 1.00e-03 - 9.9s
Epoch 34/300 - loss: 0.0200 - val_loss: 0.0017 - lr: 1.00e-03 - 9.9s
Epoch 35/300 - loss: 0.0168 - val_loss: 0.0052 - lr: 1.00e-03 - 9.9s
Epoch 36/300 - loss: 0.0143 - val_loss: 0.0006 - lr: 1.00e-03 - 9.9s
Epoch 37/300 - loss: 0.0132 - val_loss: 0.0015 - lr: 1.00e-03 - 9.9s
Epoch 38/300 - loss: 0.0094 - val_loss: 0.0016 - lr: 1.00e-03 - 9.9s
Epoch 39/300 - loss: 0.0098 - val_loss: 0.0004 - lr: 1.00e-03 - 9.9s
Epoch 40/300 - loss: 0.0112 - val_loss: 0.0032 - lr: 1.00e-03 - 10.4s
Epoch 41/300 - loss: 0.0126 - val_loss: 0.0011 - lr: 1.00e-03 - 10.6s
Epoch 42/300 - loss: 0.0127 - val_loss: 0.0006 - lr: 1.00e-03 - 10.5s
Epoch 43/300 - loss: 0.0104 - val_loss: 0.0068 - lr: 1.00e-03 - 10.5s
Epoch 44/300 - loss: 0.0137 - val_loss: 0.0008 - lr: 1.00e-03 - 10.5s
Epoch 45/300 - loss: 0.0116 - val_loss: 0.0003 - lr: 1.00e-03 - 10.5s
Epoch 46/300 - loss: 0.0136 - val_loss: 0.0013 - lr: 1.00e-03 - 10.5s
Epoch 47/300 - loss: 0.0097 - val_loss: 0.0009 - lr: 1.00e-03 - 10.6s
Epoch 48/300 - loss: 0.0099 - val_loss: 0.0007 - lr: 1.00e-03 - 10.5s
Epoch 49/300 - loss: 0.0118 - val_loss: 0.0004 - lr: 1.00e-03 - 10.5s
Epoch 50/300 - loss: 0.0128 - val_loss: 0.0028 - lr: 1.00e-03 - 10.5s
Epoch 51/300 - loss: 0.0093 - val_loss: 0.0013 - lr: 1.00e-03 - 10.5s
Epoch 52/300 - loss: 0.0080 - val_loss: 0.0005 - lr: 1.00e-03 - 10.6s
Epoch 53/300 - loss: 0.0120 - val_loss: 0.0005 - lr: 1.00e-03 - 10.5s
Epoch 54/300 - loss: 0.0097 - val_loss: 0.0049 - lr: 1.00e-03 - 10.6s
Epoch 55/300 - loss: 0.0089 - val_loss: 0.0016 - lr: 1.00e-03 - 10.6s
Epoch 56/300 - loss: 0.0122 - val_loss: 0.0003 - lr: 1.00e-03 - 10.5s
Epoch 57/300 - loss: 0.0086 - val_loss: 0.0023 - lr: 1.00e-03 - 10.5s
Epoch 58/300 - loss: 0.0091 - val_loss: 0.0019 - lr: 1.00e-03 - 10.5s
Epoch 59/300 - loss: 0.0073 - val_loss: 0.0004 - lr: 1.00e-03 - 10.5s
Epoch 60/300 - loss: 0.0079 - val_loss: 0.0006 - lr: 1.00e-03 - 10.6s
Epoch 61/300 - loss: 0.0112 - val_loss: 0.0019 - lr: 1.00e-03 - 10.6s
Epoch 62/300 - loss: 0.0081 - val_loss: 0.0024 - lr: 1.00e-03 - 10.5s
Epoch 63/300 - loss: 0.0103 - val_loss: 0.0005 - lr: 1.00e-03 - 10.6s
Epoch 64/300 - loss: 0.0116 - val_loss: 0.0008 - lr: 1.00e-03 - 10.5s
Epoch 65/300 - loss: 0.0107 - val_loss: 0.0018 - lr: 1.00e-03 - 10.8s
Epoch 66/300 - loss: 0.0121 - val_loss: 0.0007 - lr: 5.00e-04 - 10.6s
Epoch 67/300 - loss: 0.0025 - val_loss: 0.0001 - lr: 5.00e-04 - 10.6s
Epoch 68/300 - loss: 0.0021 - val_loss: 0.0002 - lr: 5.00e-04 - 10.6s
Epoch 69/300 - loss: 0.0022 - val_loss: 0.0004 - lr: 5.00e-04 - 10.5s
Epoch 70/300 - loss: 0.0027 - val_loss: 0.0002 - lr: 5.00e-04 - 10.5s
Epoch 71/300 - loss: 0.0028 - val_loss: 0.0002 - lr: 5.00e-04 - 10.5s
Epoch 72/300 - loss: 0.0022 - val_loss: 0.0004 - lr: 5.00e-04 - 10.5s
Epoch 73/300 - loss: 0.0020 - val_loss: 0.0001 - lr: 5.00e-04 - 10.6s
Epoch 74/300 - loss: 0.0020 - val_loss: 0.0007 - lr: 5.00e-04 - 10.6s
Epoch 75/300 - loss: 0.0023 - val_loss: 0.0002 - lr: 5.00e-04 - 10.5s
Epoch 76/300 - loss: 0.0025 - val_loss: 0.0003 - lr: 5.00e-04 - 10.7s
Epoch 77/300 - loss: 0.0037 - val_loss: 0.0001 - lr: 5.00e-04 - 10.6s
Epoch 78/300 - loss: 0.0022 - val_loss: 0.0004 - lr: 5.00e-04 - 10.6s
Epoch 79/300 - loss: 0.0024 - val_loss: 0.0008 - lr: 5.00e-04 - 10.6s
Epoch 80/300 - loss: 0.0024 - val_loss: 0.0002 - lr: 5.00e-04 - 10.6s
Epoch 81/300 - loss: 0.0024 - val_loss: 0.0003 - lr: 5.00e-04 - 10.7s
Epoch 82/300 - loss: 0.0032 - val_loss: 0.0008 - lr: 5.00e-04 - 10.7s
Epoch 83/300 - loss: 0.0025 - val_loss: 0.0001 - lr: 5.00e-04 - 10.6s
Epoch 84/300 - loss: 0.0024 - val_loss: 0.0003 - lr: 5.00e-04 - 10.6s
Epoch 85/300 - loss: 0.0027 - val_loss: 0.0002 - lr: 5.00e-04 - 10.5s
Epoch 86/300 - loss: 0.0027 - val_loss: 0.0002 - lr: 5.00e-04 - 10.6s
Epoch 87/300 - loss: 0.0027 - val_loss: 0.0001 - lr: 5.00e-04 - 10.6s
Epoch 88/300 - loss: 0.0027 - val_loss: 0.0012 - lr: 5.00e-04 - 10.6s
Epoch 89/300 - loss: 0.0028 - val_loss: 0.0007 - lr: 5.00e-04 - 10.5s
Epoch 90/300 - loss: 0.0029 - val_loss: 0.0002 - lr: 5.00e-04 - 10.6s
Epoch 91/300 - loss: 0.0021 - val_loss: 0.0001 - lr: 5.00e-04 - 10.5s
Epoch 92/300 - loss: 0.0024 - val_loss: 0.0002 - lr: 5.00e-04 - 10.6s
Epoch 93/300 - loss: 0.0021 - val_loss: 0.0001 - lr: 5.00e-04 - 10.5s
Epoch 94/300 - loss: 0.0023 - val_loss: 0.0002 - lr: 5.00e-04 - 10.6s
Epoch 95/300 - loss: 0.0023 - val_loss: 0.0012 - lr: 5.00e-04 - 10.6s
Epoch 96/300 - loss: 0.0027 - val_loss: 0.0002 - lr: 5.00e-04 - 10.5s
Epoch 97/300 - loss: 0.0017 - val_loss: 0.0002 - lr: 5.00e-04 - 10.5s
Epoch 98/300 - loss: 0.0024 - val_loss: 0.0002 - lr: 5.00e-04 - 10.5s
Epoch 99/300 - loss: 0.0027 - val_loss: 0.0001 - lr: 5.00e-04 - 10.7s
Epoch 100/300 - loss: 0.0026 - val_loss: 0.0002 - lr: 5.00e-04 - 10.7s
Epoch 101/300 - loss: 0.0032 - val_loss: 0.0004 - lr: 5.00e-04 - 10.5s
Epoch 102/300 - loss: 0.0024 - val_loss: 0.0002 - lr: 5.00e-04 - 10.1s
Epoch 103/300 - loss: 0.0022 - val_loss: 0.0002 - lr: 5.00e-04 - 10.0s
Epoch 104/300 - loss: 0.0022 - val_loss: 0.0002 - lr: 2.50e-04 - 9.9s
Epoch 105/300 - loss: 0.0006 - val_loss: 0.0001 - lr: 2.50e-04 - 9.9s
Epoch 106/300 - loss: 0.0007 - val_loss: 0.0001 - lr: 2.50e-04 - 9.9s
Epoch 107/300 - loss: 0.0010 - val_loss: 0.0001 - lr: 2.50e-04 - 9.9s
Epoch 108/300 - loss: 0.0008 - val_loss: 0.0001 - lr: 2.50e-04 - 9.9s
Epoch 109/300 - loss: 0.0008 - val_loss: 0.0001 - lr: 2.50e-04 - 9.9s
Epoch 110/300 - loss: 0.0006 - val_loss: 0.0001 - lr: 2.50e-04 - 10.1s
Epoch 111/300 - loss: 0.0008 - val_loss: 0.0001 - lr: 2.50e-04 - 10.5s
Epoch 112/300 - loss: 0.0008 - val_loss: 0.0001 - lr: 2.50e-04 - 10.5s
Epoch 113/300 - loss: 0.0007 - val_loss: 0.0001 - lr: 2.50e-04 - 10.6s
Epoch 114/300 - loss: 0.0009 - val_loss: 0.0005 - lr: 2.50e-04 - 10.6s
Epoch 115/300 - loss: 0.0007 - val_loss: 0.0001 - lr: 2.50e-04 - 10.6s
Epoch 116/300 - loss: 0.0008 - val_loss: 0.0001 - lr: 2.50e-04 - 10.5s
Epoch 117/300 - loss: 0.0007 - val_loss: 0.0001 - lr: 2.50e-04 - 10.6s
Epoch 118/300 - loss: 0.0009 - val_loss: 0.0001 - lr: 2.50e-04 - 10.5s
Epoch 119/300 - loss: 0.0006 - val_loss: 0.0001 - lr: 2.50e-04 - 10.7s
Epoch 120/300 - loss: 0.0008 - val_loss: 0.0001 - lr: 2.50e-04 - 10.8s
Epoch 121/300 - loss: 0.0008 - val_loss: 0.0001 - lr: 2.50e-04 - 10.3s
Epoch 122/300 - loss: 0.0010 - val_loss: 0.0002 - lr: 2.50e-04 - 9.9s
Epoch 123/300 - loss: 0.0008 - val_loss: 0.0001 - lr: 2.50e-04 - 10.0s
Epoch 124/300 - loss: 0.0007 - val_loss: 0.0001 - lr: 2.50e-04 - 9.9s
Epoch 125/300 - loss: 0.0009 - val_loss: 0.0001 - lr: 2.50e-04 - 10.0s
Epoch 126/300 - loss: 0.0008 - val_loss: 0.0001 - lr: 2.50e-04 - 9.9s
Epoch 127/300 - loss: 0.0010 - val_loss: 0.0001 - lr: 2.50e-04 - 10.0s
Epoch 128/300 - loss: 0.0007 - val_loss: 0.0001 - lr: 2.50e-04 - 9.9s
Epoch 129/300 - loss: 0.0007 - val_loss: 0.0001 - lr: 2.50e-04 - 10.0s
Epoch 130/300 - loss: 0.0007 - val_loss: 0.0001 - lr: 2.50e-04 - 9.9s
Epoch 131/300 - loss: 0.0008 - val_loss: 0.0001 - lr: 2.50e-04 - 10.0s
Epoch 132/300 - loss: 0.0006 - val_loss: 0.0001 - lr: 2.50e-04 - 9.9s
Epoch 133/300 - loss: 0.0007 - val_loss: 0.0002 - lr: 2.50e-04 - 10.0s
Epoch 134/300 - loss: 0.0008 - val_loss: 0.0001 - lr: 2.50e-04 - 9.9s
Epoch 135/300 - loss: 0.0008 - val_loss: 0.0001 - lr: 2.50e-04 - 10.0s
Epoch 136/300 - loss: 0.0007 - val_loss: 0.0001 - lr: 1.25e-04 - 9.9s
Epoch 137/300 - loss: 0.0003 - val_loss: 0.0001 - lr: 1.25e-04 - 10.0s
Epoch 138/300 - loss: 0.0003 - val_loss: 0.0001 - lr: 1.25e-04 - 9.9s
Epoch 139/300 - loss: 0.0003 - val_loss: 0.0001 - lr: 1.25e-04 - 10.0s
Epoch 140/300 - loss: 0.0003 - val_loss: 0.0001 - lr: 1.25e-04 - 9.9s
Epoch 141/300 - loss: 0.0003 - val_loss: 0.0001 - lr: 1.25e-04 - 10.0s
Epoch 142/300 - loss: 0.0003 - val_loss: 0.0001 - lr: 1.25e-04 - 9.9s
Epoch 143/300 - loss: 0.0003 - val_loss: 0.0001 - lr: 1.25e-04 - 10.0s
Epoch 144/300 - loss: 0.0003 - val_loss: 0.0001 - lr: 1.25e-04 - 9.9s
Epoch 145/300 - loss: 0.0003 - val_loss: 0.0001 - lr: 1.25e-04 - 10.0s
Epoch 146/300 - loss: 0.0003 - val_loss: 0.0001 - lr: 1.25e-04 - 9.9s
Epoch 147/300 - loss: 0.0004 - val_loss: 0.0001 - lr: 1.25e-04 - 9.9s
Epoch 148/300 - loss: 0.0003 - val_loss: 0.0001 - lr: 1.25e-04 - 9.9s
Epoch 149/300 - loss: 0.0003 - val_loss: 0.0001 - lr: 1.25e-04 - 10.0s
Epoch 150/300 - loss: 0.0003 - val_loss: 0.0001 - lr: 1.25e-04 - 9.9s
Epoch 151/300 - loss: 0.0003 - val_loss: 0.0001 - lr: 1.25e-04 - 10.0s
Epoch 152/300 - loss: 0.0003 - val_loss: 0.0001 - lr: 1.25e-04 - 9.9s
Epoch 153/300 - loss: 0.0003 - val_loss: 0.0001 - lr: 1.25e-04 - 10.0s
Epoch 154/300 - loss: 0.0004 - val_loss: 0.0001 - lr: 1.25e-04 - 9.9s
Epoch 155/300 - loss: 0.0003 - val_loss: 0.0001 - lr: 1.25e-04 - 10.0s
Epoch 156/300 - loss: 0.0003 - val_loss: 0.0001 - lr: 1.25e-04 - 9.9s
Epoch 157/300 - loss: 0.0004 - val_loss: 0.0001 - lr: 1.25e-04 - 10.0s
Epoch 158/300 - loss: 0.0003 - val_loss: 0.0001 - lr: 1.25e-04 - 9.9s
Epoch 159/300 - loss: 0.0003 - val_loss: 0.0001 - lr: 1.25e-04 - 9.9s
Epoch 160/300 - loss: 0.0004 - val_loss: 0.0001 - lr: 1.25e-04 - 9.9s
Epoch 161/300 - loss: 0.0003 - val_loss: 0.0001 - lr: 1.25e-04 - 9.9s
Epoch 162/300 - loss: 0.0005 - val_loss: 0.0001 - lr: 1.25e-04 - 9.9s
Epoch 163/300 - loss: 0.0004 - val_loss: 0.0001 - lr: 1.25e-04 - 9.9s
Epoch 164/300 - loss: 0.0003 - val_loss: 0.0001 - lr: 1.25e-04 - 9.9s
Epoch 165/300 - loss: 0.0004 - val_loss: 0.0001 - lr: 1.25e-04 - 10.0s
Epoch 166/300 - loss: 0.0003 - val_loss: 0.0001 - lr: 1.25e-04 - 9.9s
Epoch 167/300 - loss: 0.0004 - val_loss: 0.0001 - lr: 1.25e-04 - 10.0s
Epoch 168/300 - loss: 0.0003 - val_loss: 0.0001 - lr: 1.25e-04 - 9.9s
Epoch 169/300 - loss: 0.0003 - val_loss: 0.0001 - lr: 6.25e-05 - 10.0s
Epoch 170/300 - loss: 0.0001 - val_loss: 0.0001 - lr: 6.25e-05 - 9.9s
Epoch 171/300 - loss: 0.0001 - val_loss: 0.0001 - lr: 6.25e-05 - 10.0s
Epoch 172/300 - loss: 0.0002 - val_loss: 0.0001 - lr: 6.25e-05 - 9.9s
Epoch 173/300 - loss: 0.0001 - val_loss: 0.0001 - lr: 6.25e-05 - 10.0s
Epoch 174/300 - loss: 0.0002 - val_loss: 0.0001 - lr: 6.25e-05 - 9.9s
Epoch 175/300 - loss: 0.0001 - val_loss: 0.0001 - lr: 6.25e-05 - 10.0s
Epoch 176/300 - loss: 0.0002 - val_loss: 0.0001 - lr: 6.25e-05 - 9.9s
Epoch 177/300 - loss: 0.0002 - val_loss: 0.0001 - lr: 6.25e-05 - 9.9s
Epoch 178/300 - loss: 0.0002 - val_loss: 0.0001 - lr: 6.25e-05 - 9.9s
Epoch 179/300 - loss: 0.0002 - val_loss: 0.0001 - lr: 6.25e-05 - 9.9s
Epoch 180/300 - loss: 0.0002 - val_loss: 0.0001 - lr: 6.25e-05 - 9.9s
Epoch 181/300 - loss: 0.0002 - val_loss: 0.0001 - lr: 6.25e-05 - 9.9s
Epoch 182/300 - loss: 0.0001 - val_loss: 0.0001 - lr: 6.25e-05 - 9.9s
Epoch 183/300 - loss: 0.0001 - val_loss: 0.0001 - lr: 6.25e-05 - 9.9s
Epoch 184/300 - loss: 0.0001 - val_loss: 0.0001 - lr: 6.25e-05 - 9.9s
Epoch 185/300 - loss: 0.0002 - val_loss: 0.0001 - lr: 6.25e-05 - 9.9s
Epoch 186/300 - loss: 0.0002 - val_loss: 0.0001 - lr: 6.25e-05 - 9.9s
Epoch 187/300 - loss: 0.0002 - val_loss: 0.0001 - lr: 6.25e-05 - 9.9s
Epoch 188/300 - loss: 0.0001 - val_loss: 0.0001 - lr: 6.25e-05 - 9.9s
Epoch 189/300 - loss: 0.0001 - val_loss: 0.0001 - lr: 6.25e-05 - 9.9s
Epoch 190/300 - loss: 0.0002 - val_loss: 0.0001 - lr: 6.25e-05 - 9.9s
Epoch 191/300 - loss: 0.0001 - val_loss: 0.0001 - lr: 6.25e-05 - 9.9s
Epoch 192/300 - loss: 0.0001 - val_loss: 0.0001 - lr: 6.25e-05 - 9.9s
Epoch 193/300 - loss: 0.0002 - val_loss: 0.0001 - lr: 6.25e-05 - 9.9s
Epoch 194/300 - loss: 0.0002 - val_loss: 0.0001 - lr: 6.25e-05 - 9.9s
Epoch 195/300 - loss: 0.0002 - val_loss: 0.0001 - lr: 6.25e-05 - 9.9s
Epoch 196/300 - loss: 0.0002 - val_loss: 0.0001 - lr: 6.25e-05 - 9.9s
Epoch 197/300 - loss: 0.0002 - val_loss: 0.0001 - lr: 6.25e-05 - 9.9s
Epoch 198/300 - loss: 0.0001 - val_loss: 0.0001 - lr: 6.25e-05 - 9.9s
Epoch 199/300 - loss: 0.0002 - val_loss: 0.0001 - lr: 3.13e-05 - 9.9s
Epoch 200/300 - loss: 0.0001 - val_loss: 0.0001 - lr: 3.13e-05 - 9.9s
Epoch 201/300 - loss: 0.0001 - val_loss: 0.0001 - lr: 3.13e-05 - 9.9s
Epoch 202/300 - loss: 0.0001 - val_loss: 0.0001 - lr: 3.13e-05 - 9.9s
Epoch 203/300 - loss: 0.0001 - val_loss: 0.0001 - lr: 3.13e-05 - 9.9s
Epoch 204/300 - loss: 0.0001 - val_loss: 0.0001 - lr: 3.13e-05 - 10.0s
Epoch 205/300 - loss: 0.0001 - val_loss: 0.0001 - lr: 3.13e-05 - 9.9s
Epoch 206/300 - loss: 0.0001 - val_loss: 0.0001 - lr: 3.13e-05 - 10.0s
Epoch 207/300 - loss: 0.0001 - val_loss: 0.0001 - lr: 3.13e-05 - 9.9s
Epoch 208/300 - loss: 0.0001 - val_loss: 0.0001 - lr: 3.13e-05 - 9.9s
Epoch 209/300 - loss: 0.0001 - val_loss: 0.0001 - lr: 3.13e-05 - 9.9s
Epoch 210/300 - loss: 0.0001 - val_loss: 0.0001 - lr: 3.13e-05 - 9.9s
Epoch 211/300 - loss: 0.0001 - val_loss: 0.0001 - lr: 3.13e-05 - 9.9s
Epoch 212/300 - loss: 0.0001 - val_loss: 0.0001 - lr: 3.13e-05 - 9.9s
Epoch 213/300 - loss: 0.0001 - val_loss: 0.0001 - lr: 3.13e-05 - 9.9s
Epoch 214/300 - loss: 0.0001 - val_loss: 0.0001 - lr: 3.13e-05 - 9.9s
Epoch 215/300 - loss: 0.0001 - val_loss: 0.0001 - lr: 3.13e-05 - 9.9s
Epoch 216/300 - loss: 0.0001 - val_loss: 0.0001 - lr: 3.13e-05 - 10.0s
Epoch 217/300 - loss: 0.0001 - val_loss: 0.0001 - lr: 3.13e-05 - 9.9s
Epoch 218/300 - loss: 0.0001 - val_loss: 0.0001 - lr: 3.13e-05 - 10.0s
Early stopping: val_loss has not improved for 40 epochs.
Training complete in 37.1m (2225s)
Best val_loss: 0.0001 — loading best weights for export
Model saved to models/23_moog_variable_128u_w256\weights.json
Loss history saved to models/23_moog_variable_128u_w256\loss_history.csv
