Loading training data...
  distortionGigaTestAudio.wav: 4800 train, 1199 val windows
  distortionGigaTestAudio-10dB.wav: 4800 train, 1199 val windows
Total: 9600 train, 2398 val windows  sr=48000
Using device: cuda
Epoch 1/300 - loss: 0.4892 - val_loss: 0.3109 - lr: 1.00e-03 - 6.0s
Epoch 2/300 - loss: 0.2342 - val_loss: 0.1620 - lr: 1.00e-03 - 5.2s
Epoch 3/300 - loss: 0.1132 - val_loss: 0.1123 - lr: 1.00e-03 - 5.2s
Epoch 4/300 - loss: 0.0831 - val_loss: 0.0722 - lr: 1.00e-03 - 5.2s
Epoch 5/300 - loss: 0.0658 - val_loss: 0.0595 - lr: 1.00e-03 - 5.2s
Epoch 6/300 - loss: 0.0576 - val_loss: 0.0521 - lr: 1.00e-03 - 5.2s
Epoch 7/300 - loss: 0.0514 - val_loss: 0.0520 - lr: 1.00e-03 - 5.1s
Epoch 8/300 - loss: 0.0490 - val_loss: 0.0477 - lr: 1.00e-03 - 5.2s
Epoch 9/300 - loss: 0.0470 - val_loss: 0.0450 - lr: 1.00e-03 - 5.1s
Epoch 10/300 - loss: 0.0449 - val_loss: 0.0486 - lr: 1.00e-03 - 5.1s
Epoch 11/300 - loss: 0.0442 - val_loss: 0.0432 - lr: 1.00e-03 - 5.1s
Epoch 12/300 - loss: 0.0424 - val_loss: 0.0439 - lr: 1.00e-03 - 5.1s
Epoch 13/300 - loss: 0.0422 - val_loss: 0.0427 - lr: 1.00e-03 - 5.1s
Epoch 14/300 - loss: 0.0424 - val_loss: 0.0439 - lr: 1.00e-03 - 5.1s
Epoch 15/300 - loss: 0.0409 - val_loss: 0.0414 - lr: 1.00e-03 - 5.1s
Epoch 16/300 - loss: 0.0402 - val_loss: 0.0429 - lr: 1.00e-03 - 5.1s
Epoch 17/300 - loss: 0.0385 - val_loss: 0.0388 - lr: 1.00e-03 - 5.1s
Epoch 18/300 - loss: 0.0441 - val_loss: 0.0380 - lr: 1.00e-03 - 5.1s
Epoch 19/300 - loss: 0.0383 - val_loss: 0.0378 - lr: 1.00e-03 - 5.1s
Epoch 20/300 - loss: 0.0378 - val_loss: 0.0371 - lr: 1.00e-03 - 5.1s
Epoch 21/300 - loss: 0.0372 - val_loss: 0.0375 - lr: 1.00e-03 - 5.1s
Epoch 22/300 - loss: 0.0375 - val_loss: 0.0361 - lr: 1.00e-03 - 5.1s
Epoch 23/300 - loss: 0.0372 - val_loss: 0.0383 - lr: 1.00e-03 - 5.1s
Epoch 24/300 - loss: 0.0364 - val_loss: 0.0363 - lr: 1.00e-03 - 5.1s
Epoch 25/300 - loss: 0.0364 - val_loss: 0.0394 - lr: 1.00e-03 - 5.1s
Epoch 26/300 - loss: 0.0354 - val_loss: 0.0357 - lr: 1.00e-03 - 5.1s
Epoch 27/300 - loss: 0.0367 - val_loss: 0.0348 - lr: 1.00e-03 - 5.1s
Epoch 28/300 - loss: 0.0345 - val_loss: 0.0343 - lr: 1.00e-03 - 5.1s
Epoch 29/300 - loss: 0.0347 - val_loss: 0.0341 - lr: 1.00e-03 - 5.1s
Epoch 30/300 - loss: 0.0346 - val_loss: 0.0352 - lr: 1.00e-03 - 5.1s
Epoch 31/300 - loss: 0.0337 - val_loss: 0.0370 - lr: 1.00e-03 - 5.1s
Epoch 32/300 - loss: 0.0341 - val_loss: 0.0352 - lr: 1.00e-03 - 5.1s
Epoch 33/300 - loss: 0.0342 - val_loss: 0.0333 - lr: 1.00e-03 - 5.1s
Epoch 34/300 - loss: 0.0337 - val_loss: 0.0331 - lr: 1.00e-03 - 5.1s
Epoch 35/300 - loss: 0.0333 - val_loss: 0.0335 - lr: 1.00e-03 - 5.1s
Epoch 36/300 - loss: 0.0334 - val_loss: 0.0360 - lr: 1.00e-03 - 5.1s
Epoch 37/300 - loss: 0.0339 - val_loss: 0.0350 - lr: 1.00e-03 - 5.1s
Epoch 38/300 - loss: 0.0332 - val_loss: 0.0328 - lr: 1.00e-03 - 5.1s
Epoch 39/300 - loss: 0.0329 - val_loss: 0.0320 - lr: 1.00e-03 - 5.1s
Epoch 40/300 - loss: 0.0330 - val_loss: 0.0322 - lr: 1.00e-03 - 5.1s
Epoch 41/300 - loss: 0.0322 - val_loss: 0.0316 - lr: 1.00e-03 - 5.1s
Epoch 42/300 - loss: 0.0328 - val_loss: 0.0336 - lr: 1.00e-03 - 5.1s
Epoch 43/300 - loss: 0.0325 - val_loss: 0.0329 - lr: 1.00e-03 - 5.2s
Epoch 44/300 - loss: 0.0319 - val_loss: 0.0313 - lr: 1.00e-03 - 5.3s
Epoch 45/300 - loss: 0.0309 - val_loss: 0.0309 - lr: 1.00e-03 - 5.2s
Epoch 46/300 - loss: 0.0314 - val_loss: 0.0313 - lr: 1.00e-03 - 5.3s
Epoch 47/300 - loss: 0.0310 - val_loss: 0.0337 - lr: 1.00e-03 - 5.2s
Epoch 48/300 - loss: 0.0317 - val_loss: 0.0325 - lr: 1.00e-03 - 5.2s
Epoch 49/300 - loss: 0.0317 - val_loss: 0.0321 - lr: 1.00e-03 - 5.3s
Epoch 50/300 - loss: 0.0314 - val_loss: 0.0303 - lr: 1.00e-03 - 5.3s
Epoch 51/300 - loss: 0.0307 - val_loss: 0.0322 - lr: 1.00e-03 - 5.3s
Epoch 52/300 - loss: 0.0307 - val_loss: 0.0303 - lr: 1.00e-03 - 5.3s
Epoch 53/300 - loss: 0.0307 - val_loss: 0.0329 - lr: 1.00e-03 - 5.2s
Epoch 54/300 - loss: 0.0298 - val_loss: 0.0316 - lr: 1.00e-03 - 5.2s
Epoch 55/300 - loss: 0.0299 - val_loss: 0.0333 - lr: 1.00e-03 - 5.2s
Epoch 56/300 - loss: 0.0332 - val_loss: 0.0310 - lr: 1.00e-03 - 5.2s
Epoch 57/300 - loss: 0.0297 - val_loss: 0.0300 - lr: 1.00e-03 - 5.2s
Epoch 58/300 - loss: 0.0297 - val_loss: 0.0303 - lr: 1.00e-03 - 5.2s
Epoch 59/300 - loss: 0.0292 - val_loss: 0.0305 - lr: 1.00e-03 - 5.4s
Epoch 60/300 - loss: 0.0298 - val_loss: 0.0301 - lr: 1.00e-03 - 5.3s
Epoch 61/300 - loss: 0.0296 - val_loss: 0.0316 - lr: 1.00e-03 - 5.3s
Epoch 62/300 - loss: 0.0300 - val_loss: 0.0295 - lr: 1.00e-03 - 5.3s
Epoch 63/300 - loss: 0.0308 - val_loss: 0.0313 - lr: 1.00e-03 - 5.2s
Epoch 64/300 - loss: 0.0296 - val_loss: 0.0307 - lr: 1.00e-03 - 5.3s
Epoch 65/300 - loss: 0.0283 - val_loss: 0.0313 - lr: 1.00e-03 - 5.3s
Epoch 66/300 - loss: 0.0301 - val_loss: 0.0311 - lr: 1.00e-03 - 5.3s
Epoch 67/300 - loss: 0.0288 - val_loss: 0.0289 - lr: 1.00e-03 - 5.3s
Epoch 68/300 - loss: 0.0282 - val_loss: 0.0301 - lr: 1.00e-03 - 5.2s
Epoch 69/300 - loss: 0.0283 - val_loss: 0.0291 - lr: 1.00e-03 - 5.3s
Epoch 70/300 - loss: 0.0279 - val_loss: 0.0308 - lr: 1.00e-03 - 5.2s
Epoch 71/300 - loss: 0.0283 - val_loss: 0.0313 - lr: 1.00e-03 - 5.2s
Epoch 72/300 - loss: 0.0276 - val_loss: 0.0287 - lr: 1.00e-03 - 5.3s
Epoch 73/300 - loss: 0.0277 - val_loss: 0.0287 - lr: 1.00e-03 - 5.3s
Epoch 74/300 - loss: 0.0277 - val_loss: 0.0281 - lr: 1.00e-03 - 5.3s
Epoch 75/300 - loss: 0.0276 - val_loss: 0.0292 - lr: 1.00e-03 - 5.3s
Epoch 76/300 - loss: 0.0278 - val_loss: 0.0284 - lr: 1.00e-03 - 5.2s
Epoch 77/300 - loss: 0.0273 - val_loss: 0.0289 - lr: 1.00e-03 - 5.2s
Epoch 78/300 - loss: 0.0281 - val_loss: 0.0356 - lr: 1.00e-03 - 5.2s
Epoch 79/300 - loss: 0.0278 - val_loss: 0.0279 - lr: 1.00e-03 - 5.2s
Epoch 80/300 - loss: 0.0264 - val_loss: 0.0278 - lr: 1.00e-03 - 5.3s
Epoch 81/300 - loss: 0.0274 - val_loss: 0.0281 - lr: 1.00e-03 - 5.2s
Epoch 82/300 - loss: 0.0269 - val_loss: 0.0288 - lr: 1.00e-03 - 5.2s
Epoch 83/300 - loss: 0.0263 - val_loss: 0.0291 - lr: 1.00e-03 - 5.2s
Epoch 84/300 - loss: 0.0258 - val_loss: 0.0281 - lr: 1.00e-03 - 5.2s
Epoch 85/300 - loss: 0.0259 - val_loss: 0.0273 - lr: 1.00e-03 - 5.2s
Epoch 86/300 - loss: 0.0266 - val_loss: 0.0276 - lr: 1.00e-03 - 5.2s
Epoch 87/300 - loss: 0.0263 - val_loss: 0.0294 - lr: 1.00e-03 - 5.2s
Epoch 88/300 - loss: 0.0258 - val_loss: 0.0277 - lr: 1.00e-03 - 5.2s
Epoch 89/300 - loss: 0.0263 - val_loss: 0.0276 - lr: 1.00e-03 - 5.2s
Epoch 90/300 - loss: 0.0256 - val_loss: 0.0283 - lr: 1.00e-03 - 5.2s
Epoch 91/300 - loss: 0.0254 - val_loss: 0.0272 - lr: 1.00e-03 - 5.3s
Epoch 92/300 - loss: 0.0255 - val_loss: 0.0293 - lr: 1.00e-03 - 5.3s
Epoch 93/300 - loss: 0.0253 - val_loss: 0.0281 - lr: 1.00e-03 - 5.3s
Epoch 94/300 - loss: 0.0258 - val_loss: 0.0285 - lr: 1.00e-03 - 5.3s
Epoch 95/300 - loss: 0.0258 - val_loss: 0.0272 - lr: 1.00e-03 - 5.2s
Epoch 96/300 - loss: 0.0253 - val_loss: 0.0275 - lr: 1.00e-03 - 5.3s
Epoch 97/300 - loss: 0.0265 - val_loss: 0.0295 - lr: 1.00e-03 - 5.2s
Epoch 98/300 - loss: 0.0250 - val_loss: 0.0266 - lr: 1.00e-03 - 5.3s
Epoch 99/300 - loss: 0.0253 - val_loss: 0.0262 - lr: 1.00e-03 - 5.3s
Epoch 100/300 - loss: 0.0244 - val_loss: 0.0273 - lr: 1.00e-03 - 5.3s
Epoch 101/300 - loss: 0.0250 - val_loss: 0.0277 - lr: 1.00e-03 - 5.2s
Epoch 102/300 - loss: 0.0246 - val_loss: 0.0272 - lr: 1.00e-03 - 5.2s
Epoch 103/300 - loss: 0.0235 - val_loss: 0.0289 - lr: 1.00e-03 - 5.2s
Epoch 104/300 - loss: 0.0246 - val_loss: 0.0275 - lr: 1.00e-03 - 5.2s
Epoch 105/300 - loss: 0.0243 - val_loss: 0.0276 - lr: 1.00e-03 - 5.2s
Epoch 106/300 - loss: 0.0262 - val_loss: 0.0270 - lr: 1.00e-03 - 5.3s
Epoch 107/300 - loss: 0.0236 - val_loss: 0.0258 - lr: 1.00e-03 - 5.3s
Epoch 108/300 - loss: 0.0256 - val_loss: 0.0277 - lr: 1.00e-03 - 5.2s
Epoch 109/300 - loss: 0.0246 - val_loss: 0.0257 - lr: 1.00e-03 - 5.2s
Epoch 110/300 - loss: 0.0238 - val_loss: 0.0264 - lr: 1.00e-03 - 5.3s
Epoch 111/300 - loss: 0.0234 - val_loss: 0.0272 - lr: 1.00e-03 - 5.3s
Epoch 112/300 - loss: 0.0251 - val_loss: 0.0263 - lr: 1.00e-03 - 5.3s
Epoch 113/300 - loss: 0.0232 - val_loss: 0.0269 - lr: 1.00e-03 - 5.3s
Epoch 114/300 - loss: 0.0253 - val_loss: 0.0268 - lr: 1.00e-03 - 5.2s
Epoch 115/300 - loss: 0.0246 - val_loss: 0.0262 - lr: 1.00e-03 - 5.2s
Epoch 116/300 - loss: 0.0239 - val_loss: 0.0274 - lr: 1.00e-03 - 5.2s
Epoch 117/300 - loss: 0.0242 - val_loss: 0.0274 - lr: 1.00e-03 - 5.3s
Epoch 118/300 - loss: 0.0258 - val_loss: 0.0261 - lr: 1.00e-03 - 5.3s
Epoch 119/300 - loss: 0.0228 - val_loss: 0.0254 - lr: 1.00e-03 - 5.3s
Epoch 120/300 - loss: 0.0231 - val_loss: 0.0299 - lr: 1.00e-03 - 5.3s
Epoch 121/300 - loss: 0.0238 - val_loss: 0.0253 - lr: 1.00e-03 - 5.3s
Epoch 122/300 - loss: 0.0234 - val_loss: 0.0253 - lr: 1.00e-03 - 5.3s
Epoch 123/300 - loss: 0.0221 - val_loss: 0.0250 - lr: 1.00e-03 - 5.3s
Epoch 124/300 - loss: 0.0222 - val_loss: 0.0260 - lr: 1.00e-03 - 5.4s
Epoch 125/300 - loss: 0.0221 - val_loss: 0.0254 - lr: 1.00e-03 - 5.4s
Epoch 126/300 - loss: 0.0224 - val_loss: 0.0259 - lr: 1.00e-03 - 5.3s
Epoch 127/300 - loss: 0.0227 - val_loss: 0.0245 - lr: 1.00e-03 - 5.3s
Epoch 128/300 - loss: 0.0231 - val_loss: 0.0273 - lr: 1.00e-03 - 5.3s
Epoch 129/300 - loss: 0.0227 - val_loss: 0.0250 - lr: 1.00e-03 - 5.3s
Epoch 130/300 - loss: 0.0227 - val_loss: 0.0256 - lr: 1.00e-03 - 5.3s
Epoch 131/300 - loss: 0.0225 - val_loss: 0.0248 - lr: 1.00e-03 - 5.2s
Epoch 132/300 - loss: 0.0214 - val_loss: 0.0251 - lr: 1.00e-03 - 5.3s
Epoch 133/300 - loss: 0.0216 - val_loss: 0.0256 - lr: 1.00e-03 - 5.3s
Epoch 134/300 - loss: 0.0223 - val_loss: 0.0259 - lr: 1.00e-03 - 5.3s
Epoch 135/300 - loss: 0.0211 - val_loss: 0.0257 - lr: 1.00e-03 - 5.3s
Epoch 136/300 - loss: 0.0228 - val_loss: 0.0273 - lr: 1.00e-03 - 5.3s
Epoch 137/300 - loss: 0.0218 - val_loss: 0.0243 - lr: 1.00e-03 - 5.3s
Epoch 138/300 - loss: 0.0211 - val_loss: 0.0257 - lr: 1.00e-03 - 5.3s
Epoch 139/300 - loss: 0.0221 - val_loss: 0.0247 - lr: 1.00e-03 - 5.3s
Epoch 140/300 - loss: 0.0210 - val_loss: 0.0263 - lr: 1.00e-03 - 5.3s
Epoch 141/300 - loss: 0.0219 - val_loss: 0.0261 - lr: 1.00e-03 - 5.3s
Epoch 142/300 - loss: 0.0226 - val_loss: 0.0256 - lr: 1.00e-03 - 5.3s
Epoch 143/300 - loss: 0.0212 - val_loss: 0.0252 - lr: 1.00e-03 - 5.2s
Epoch 144/300 - loss: 0.0211 - val_loss: 0.0286 - lr: 1.00e-03 - 5.2s
Epoch 145/300 - loss: 0.0226 - val_loss: 0.0248 - lr: 1.00e-03 - 5.2s
Epoch 146/300 - loss: 0.0211 - val_loss: 0.0308 - lr: 1.00e-03 - 5.2s
Epoch 147/300 - loss: 0.0210 - val_loss: 0.0245 - lr: 1.00e-03 - 5.2s
Epoch 148/300 - loss: 0.0203 - val_loss: 0.0255 - lr: 1.00e-03 - 5.2s
Epoch 149/300 - loss: 0.0208 - val_loss: 0.0260 - lr: 1.00e-03 - 5.2s
Epoch 150/300 - loss: 0.0207 - val_loss: 0.0243 - lr: 1.00e-03 - 5.2s
Epoch 151/300 - loss: 0.0222 - val_loss: 0.0245 - lr: 1.00e-03 - 5.2s
Epoch 152/300 - loss: 0.0203 - val_loss: 0.0257 - lr: 1.00e-03 - 5.2s
Epoch 153/300 - loss: 0.0208 - val_loss: 0.0254 - lr: 1.00e-03 - 5.2s
Epoch 154/300 - loss: 0.0196 - val_loss: 0.0258 - lr: 1.00e-03 - 5.2s
Epoch 155/300 - loss: 0.0200 - val_loss: 0.0275 - lr: 1.00e-03 - 5.2s
Epoch 156/300 - loss: 0.0199 - val_loss: 0.0260 - lr: 1.00e-03 - 5.2s
Epoch 157/300 - loss: 0.0234 - val_loss: 0.0307 - lr: 1.00e-03 - 5.2s
Epoch 158/300 - loss: 0.0229 - val_loss: 0.0251 - lr: 1.00e-03 - 5.3s
Epoch 159/300 - loss: 0.0202 - val_loss: 0.0254 - lr: 1.00e-03 - 5.4s
Epoch 160/300 - loss: 0.0195 - val_loss: 0.0250 - lr: 1.00e-03 - 5.3s
Epoch 161/300 - loss: 0.0197 - val_loss: 0.0285 - lr: 1.00e-03 - 5.3s
Epoch 162/300 - loss: 0.0214 - val_loss: 0.0245 - lr: 1.00e-03 - 5.4s
Epoch 163/300 - loss: 0.0192 - val_loss: 0.0256 - lr: 1.00e-03 - 5.3s
Epoch 164/300 - loss: 0.0210 - val_loss: 0.0249 - lr: 1.00e-03 - 5.3s
Epoch 165/300 - loss: 0.0190 - val_loss: 0.0270 - lr: 1.00e-03 - 5.3s
Epoch 166/300 - loss: 0.0201 - val_loss: 0.0249 - lr: 1.00e-03 - 5.3s
Epoch 167/300 - loss: 0.0201 - val_loss: 0.0264 - lr: 1.00e-03 - 5.3s
Epoch 168/300 - loss: 0.0193 - val_loss: 0.0260 - lr: 1.00e-03 - 5.3s
Epoch 169/300 - loss: 0.0205 - val_loss: 0.0265 - lr: 1.00e-03 - 5.3s
Epoch 170/300 - loss: 0.0203 - val_loss: 0.0260 - lr: 1.00e-03 - 5.3s
Epoch 171/300 - loss: 0.0183 - val_loss: 0.0258 - lr: 5.00e-04 - 5.3s
Epoch 172/300 - loss: 0.0177 - val_loss: 0.0264 - lr: 5.00e-04 - 5.3s
Epoch 173/300 - loss: 0.0162 - val_loss: 0.0254 - lr: 5.00e-04 - 5.3s
Epoch 174/300 - loss: 0.0160 - val_loss: 0.0270 - lr: 5.00e-04 - 5.3s
Epoch 175/300 - loss: 0.0161 - val_loss: 0.0261 - lr: 5.00e-04 - 5.3s
Epoch 176/300 - loss: 0.0157 - val_loss: 0.0269 - lr: 5.00e-04 - 5.3s
Epoch 177/300 - loss: 0.0165 - val_loss: 0.0257 - lr: 5.00e-04 - 5.2s
Epoch 178/300 - loss: 0.0160 - val_loss: 0.0276 - lr: 5.00e-04 - 5.3s
Epoch 179/300 - loss: 0.0165 - val_loss: 0.0289 - lr: 5.00e-04 - 5.3s
Epoch 180/300 - loss: 0.0174 - val_loss: 0.0254 - lr: 5.00e-04 - 5.3s
Epoch 181/300 - loss: 0.0156 - val_loss: 0.0269 - lr: 5.00e-04 - 5.3s
Epoch 182/300 - loss: 0.0160 - val_loss: 0.0274 - lr: 5.00e-04 - 5.3s
Epoch 183/300 - loss: 0.0151 - val_loss: 0.0278 - lr: 5.00e-04 - 5.3s
Epoch 184/300 - loss: 0.0155 - val_loss: 0.0270 - lr: 5.00e-04 - 5.3s
Epoch 185/300 - loss: 0.0164 - val_loss: 0.0268 - lr: 5.00e-04 - 5.4s
Epoch 186/300 - loss: 0.0159 - val_loss: 0.0273 - lr: 5.00e-04 - 5.3s
Epoch 187/300 - loss: 0.0157 - val_loss: 0.0267 - lr: 5.00e-04 - 5.3s
Epoch 188/300 - loss: 0.0165 - val_loss: 0.0267 - lr: 5.00e-04 - 5.3s
Epoch 189/300 - loss: 0.0154 - val_loss: 0.0269 - lr: 5.00e-04 - 5.3s
Epoch 190/300 - loss: 0.0151 - val_loss: 0.0267 - lr: 5.00e-04 - 5.3s
Early stopping: val_loss has not improved for 40 epochs.
Training complete in 16.6m (995s)
Best val_loss: 0.0243
Weights exported to models/dist_05_gru128\weights.json
Loss history saved to models/dist_05_gru128\loss_history.csv
