Loading training data...
  distortionTestSound: 749 windows
  ruin:                351 windows
Loading validation data...
Train windows: 1100, Val windows: 234, Sample rate: 48000
Using device: cuda
Epoch 1/300 - loss: 1.0425 - val_loss: 4.9159 - lr: 1.00e-03 - 11.3s
Epoch 2/300 - loss: 0.7820 - val_loss: 6.1849 - lr: 1.00e-03 - 8.4s
Epoch 3/300 - loss: 0.3440 - val_loss: 6.5007 - lr: 1.00e-03 - 9.5s
Epoch 4/300 - loss: 0.2628 - val_loss: 5.5408 - lr: 1.00e-03 - 8.8s
Epoch 5/300 - loss: 0.2514 - val_loss: 5.9695 - lr: 1.00e-03 - 7.7s
Epoch 6/300 - loss: 0.2448 - val_loss: 6.2637 - lr: 1.00e-03 - 7.1s
Epoch 7/300 - loss: 0.2391 - val_loss: 6.2951 - lr: 1.00e-03 - 7.1s
Epoch 8/300 - loss: 0.2346 - val_loss: 6.6957 - lr: 1.00e-03 - 7.1s
Epoch 9/300 - loss: 0.2333 - val_loss: 6.4483 - lr: 1.00e-03 - 7.1s
Epoch 10/300 - loss: 0.2291 - val_loss: 7.8322 - lr: 1.00e-03 - 8.6s
Epoch 11/300 - loss: 0.2235 - val_loss: 7.9791 - lr: 1.00e-03 - 9.8s
Epoch 12/300 - loss: 0.2297 - val_loss: 6.5110 - lr: 1.00e-03 - 8.3s
Epoch 13/300 - loss: 0.2239 - val_loss: 9.2701 - lr: 1.00e-03 - 10.3s
Epoch 14/300 - loss: 0.2170 - val_loss: 9.1351 - lr: 1.00e-03 - 8.8s
Epoch 15/300 - loss: 0.2073 - val_loss: 9.5255 - lr: 1.00e-03 - 8.6s
Epoch 16/300 - loss: 0.2029 - val_loss: 8.1255 - lr: 1.00e-03 - 9.8s
Epoch 17/300 - loss: 0.1977 - val_loss: 9.3561 - lr: 1.00e-03 - 8.8s
Epoch 18/300 - loss: 0.1872 - val_loss: 10.8125 - lr: 1.00e-03 - 8.8s
Epoch 19/300 - loss: 0.1852 - val_loss: 12.9953 - lr: 1.00e-03 - 8.0s
Epoch 20/300 - loss: 0.1752 - val_loss: 13.7765 - lr: 1.00e-03 - 7.2s
Epoch 21/300 - loss: 0.1669 - val_loss: 12.0761 - lr: 1.00e-03 - 7.2s
Epoch 22/300 - loss: 0.1592 - val_loss: 10.1558 - lr: 5.00e-04 - 7.2s
Epoch 23/300 - loss: 0.1599 - val_loss: 12.0713 - lr: 5.00e-04 - 7.1s
Epoch 24/300 - loss: 0.1481 - val_loss: 11.7876 - lr: 5.00e-04 - 7.1s
Epoch 25/300 - loss: 0.1428 - val_loss: 12.4243 - lr: 5.00e-04 - 7.1s
Epoch 26/300 - loss: 0.1381 - val_loss: 12.3943 - lr: 5.00e-04 - 7.2s
Epoch 27/300 - loss: 0.1383 - val_loss: 13.7100 - lr: 5.00e-04 - 7.2s
Epoch 28/300 - loss: 0.1337 - val_loss: 12.7399 - lr: 5.00e-04 - 7.8s
Epoch 29/300 - loss: 0.1286 - val_loss: 13.9237 - lr: 5.00e-04 - 10.6s
Epoch 30/300 - loss: 0.1213 - val_loss: 12.9385 - lr: 5.00e-04 - 9.2s
Epoch 31/300 - loss: 0.1212 - val_loss: 13.9445 - lr: 5.00e-04 - 8.3s
Epoch 32/300 - loss: 0.1127 - val_loss: 13.2621 - lr: 5.00e-04 - 11.1s
Epoch 33/300 - loss: 0.1039 - val_loss: 13.9847 - lr: 5.00e-04 - 8.1s
Epoch 34/300 - loss: 0.0962 - val_loss: 15.4340 - lr: 5.00e-04 - 9.1s
Epoch 35/300 - loss: 0.0845 - val_loss: 14.3826 - lr: 5.00e-04 - 8.5s
Epoch 36/300 - loss: 0.0766 - val_loss: 15.1342 - lr: 5.00e-04 - 9.1s
Epoch 37/300 - loss: 0.0713 - val_loss: 15.8169 - lr: 5.00e-04 - 9.5s
Epoch 38/300 - loss: 0.0657 - val_loss: 15.8525 - lr: 5.00e-04 - 8.3s
Epoch 39/300 - loss: 0.0618 - val_loss: 16.7204 - lr: 5.00e-04 - 10.4s
Epoch 40/300 - loss: 0.0572 - val_loss: 16.1685 - lr: 5.00e-04 - 8.3s
Epoch 41/300 - loss: 0.0535 - val_loss: 17.1709 - lr: 5.00e-04 - 9.3s
Early stopping: val_loss has not improved for 40 epochs.
Training complete in 5.8m (349s)
Best val_loss: 4.9159
Weights exported to models/dist_03_256u_w256\weights.json
Loss history saved to models/dist_03_256u_w256\loss_history.csv
