Loading training data...
  20Hz (knob=0.000): 1523 windows
  60Hz (knob=0.159): 1523 windows
  100Hz (knob=0.233): 1523 windows
  125Hz (knob=0.265): 1523 windows
  250Hz (knob=0.366): 1523 windows
  500Hz (knob=0.466): 1523 windows
  800Hz (knob=0.534): 1523 windows
  1000Hz (knob=0.566): 1523 windows
  2000Hz (knob=0.667): 1523 windows
  4000Hz (knob=0.767): 1523 windows
  8000Hz (knob=0.867): 1523 windows
  12000Hz (knob=0.926): 1523 windows
  16000Hz (knob=0.968): 1523 windows
  20000Hz (knob=1.000): 1523 windows
Loading validation data...
  20Hz (knob=0.000): 234 windows
  60Hz (knob=0.159): 234 windows
  100Hz (knob=0.233): 234 windows
  125Hz (knob=0.265): 234 windows
  250Hz (knob=0.366): 234 windows
  500Hz (knob=0.466): 234 windows
  800Hz (knob=0.534): 234 windows
  1000Hz (knob=0.566): 234 windows
  2000Hz (knob=0.667): 234 windows
  4000Hz (knob=0.767): 234 windows
  8000Hz (knob=0.867): 234 windows
  12000Hz (knob=0.926): 234 windows
  16000Hz (knob=0.968): 234 windows
  20000Hz (knob=1.000): 234 windows
Train windows: 21322, Val windows: 3276, Sample rate: 48000
Using device: cuda
Epoch 1/300 - loss: 36.0491 - val_loss: 0.3191 - lr: 1.00e-03 - 10.9s
Epoch 2/300 - loss: 0.3461 - val_loss: 0.3185 - lr: 1.00e-03 - 10.5s
Epoch 3/300 - loss: 0.2784 - val_loss: 0.3238 - lr: 1.00e-03 - 10.3s
Epoch 4/300 - loss: 0.2670 - val_loss: 0.3013 - lr: 1.00e-03 - 10.3s
Epoch 5/300 - loss: 0.2431 - val_loss: 0.3027 - lr: 1.00e-03 - 10.7s
Epoch 6/300 - loss: 0.2349 - val_loss: 0.3062 - lr: 1.00e-03 - 10.4s
Epoch 7/300 - loss: 0.2140 - val_loss: 0.2186 - lr: 1.00e-03 - 10.3s
Epoch 8/300 - loss: 0.1619 - val_loss: 0.0815 - lr: 1.00e-03 - 10.3s
Epoch 9/300 - loss: 0.1132 - val_loss: 0.0570 - lr: 1.00e-03 - 10.2s
Epoch 10/300 - loss: 0.0884 - val_loss: 0.0405 - lr: 1.00e-03 - 10.3s
Epoch 11/300 - loss: 0.0689 - val_loss: 0.0264 - lr: 1.00e-03 - 10.2s
Epoch 12/300 - loss: 0.0535 - val_loss: 0.0448 - lr: 1.00e-03 - 10.3s
Epoch 13/300 - loss: 0.0525 - val_loss: 0.0183 - lr: 1.00e-03 - 10.3s
Epoch 14/300 - loss: 0.0489 - val_loss: 0.0096 - lr: 1.00e-03 - 10.2s
Epoch 15/300 - loss: 0.0393 - val_loss: 0.0315 - lr: 1.00e-03 - 10.3s
Epoch 16/300 - loss: 0.0377 - val_loss: 0.0178 - lr: 1.00e-03 - 10.2s
Epoch 17/300 - loss: 0.0353 - val_loss: 0.0063 - lr: 1.00e-03 - 10.3s
Epoch 18/300 - loss: 0.0358 - val_loss: 0.0088 - lr: 1.00e-03 - 10.3s
Epoch 19/300 - loss: 0.0307 - val_loss: 0.0158 - lr: 1.00e-03 - 10.3s
Epoch 20/300 - loss: 0.0316 - val_loss: 0.0059 - lr: 1.00e-03 - 10.3s
Epoch 21/300 - loss: 0.0279 - val_loss: 0.0129 - lr: 1.00e-03 - 10.3s
Epoch 22/300 - loss: 0.0230 - val_loss: 0.0199 - lr: 1.00e-03 - 10.4s
Epoch 23/300 - loss: 0.0258 - val_loss: 0.0025 - lr: 1.00e-03 - 10.3s
Epoch 24/300 - loss: 0.0295 - val_loss: 0.0030 - lr: 1.00e-03 - 10.3s
Epoch 25/300 - loss: 0.0237 - val_loss: 0.0093 - lr: 1.00e-03 - 10.2s
Epoch 26/300 - loss: 0.0199 - val_loss: 0.0025 - lr: 1.00e-03 - 10.4s
Epoch 27/300 - loss: 0.0197 - val_loss: 0.0094 - lr: 1.00e-03 - 10.3s
Epoch 28/300 - loss: 0.0242 - val_loss: 0.0212 - lr: 1.00e-03 - 10.3s
Epoch 29/300 - loss: 0.0239 - val_loss: 0.0048 - lr: 1.00e-03 - 10.3s
Epoch 30/300 - loss: 0.0181 - val_loss: 0.0086 - lr: 1.00e-03 - 10.2s
Epoch 31/300 - loss: 0.0165 - val_loss: 0.0114 - lr: 1.00e-03 - 10.2s
Epoch 32/300 - loss: 0.0207 - val_loss: 0.0032 - lr: 1.00e-03 - 10.2s
Epoch 33/300 - loss: 0.0268 - val_loss: 0.0065 - lr: 1.00e-03 - 10.2s
Epoch 34/300 - loss: 0.0168 - val_loss: 0.0068 - lr: 1.00e-03 - 10.7s
Epoch 35/300 - loss: 0.0208 - val_loss: 0.0048 - lr: 1.00e-03 - 10.6s
Epoch 36/300 - loss: 0.0176 - val_loss: 0.0050 - lr: 1.00e-03 - 10.5s
Epoch 37/300 - loss: 0.0197 - val_loss: 0.0023 - lr: 1.00e-03 - 10.5s
Epoch 38/300 - loss: 0.0177 - val_loss: 0.0051 - lr: 1.00e-03 - 10.6s
Epoch 39/300 - loss: 0.0161 - val_loss: 0.0033 - lr: 1.00e-03 - 10.2s
Epoch 40/300 - loss: 0.0180 - val_loss: 0.0045 - lr: 1.00e-03 - 10.3s
Epoch 41/300 - loss: 0.0133 - val_loss: 0.0014 - lr: 1.00e-03 - 10.2s
Epoch 42/300 - loss: 0.0157 - val_loss: 0.0043 - lr: 1.00e-03 - 10.3s
Epoch 43/300 - loss: 0.0182 - val_loss: 0.0027 - lr: 1.00e-03 - 10.3s
Epoch 44/300 - loss: 0.0152 - val_loss: 0.0195 - lr: 1.00e-03 - 10.3s
Epoch 45/300 - loss: 0.0127 - val_loss: 0.0019 - lr: 1.00e-03 - 10.3s
Epoch 46/300 - loss: 0.0127 - val_loss: 0.0024 - lr: 1.00e-03 - 10.5s
Epoch 47/300 - loss: 0.0129 - val_loss: 0.0027 - lr: 1.00e-03 - 10.3s
Epoch 48/300 - loss: 0.0167 - val_loss: 0.0039 - lr: 1.00e-03 - 10.3s
Epoch 49/300 - loss: 0.0145 - val_loss: 0.0027 - lr: 1.00e-03 - 10.2s
Epoch 50/300 - loss: 0.0140 - val_loss: 0.0008 - lr: 1.00e-03 - 10.3s
Epoch 51/300 - loss: 0.0125 - val_loss: 0.0007 - lr: 1.00e-03 - 10.3s
Epoch 52/300 - loss: 0.0100 - val_loss: 0.0014 - lr: 1.00e-03 - 10.3s
Epoch 53/300 - loss: 0.0124 - val_loss: 0.0026 - lr: 1.00e-03 - 10.3s
Epoch 54/300 - loss: 0.0135 - val_loss: 0.0047 - lr: 1.00e-03 - 10.3s
Epoch 55/300 - loss: 0.0127 - val_loss: 0.0065 - lr: 1.00e-03 - 10.3s
Epoch 56/300 - loss: 0.0110 - val_loss: 0.0008 - lr: 1.00e-03 - 10.3s
Epoch 57/300 - loss: 0.0085 - val_loss: 0.0055 - lr: 1.00e-03 - 10.3s
Epoch 58/300 - loss: 0.0115 - val_loss: 0.0060 - lr: 1.00e-03 - 10.3s
Epoch 59/300 - loss: 0.0108 - val_loss: 0.0037 - lr: 1.00e-03 - 10.3s
Epoch 60/300 - loss: 0.0117 - val_loss: 0.0058 - lr: 1.00e-03 - 10.3s
Epoch 61/300 - loss: 0.0122 - val_loss: 0.0019 - lr: 1.00e-03 - 10.3s
Epoch 62/300 - loss: 0.0098 - val_loss: 0.0014 - lr: 1.00e-03 - 10.3s
Epoch 63/300 - loss: 0.0123 - val_loss: 0.0014 - lr: 1.00e-03 - 10.4s
Epoch 64/300 - loss: 0.0097 - val_loss: 0.0008 - lr: 1.00e-03 - 11.1s
Epoch 65/300 - loss: 0.0101 - val_loss: 0.0034 - lr: 1.00e-03 - 10.4s
Epoch 66/300 - loss: 0.0099 - val_loss: 0.0022 - lr: 1.00e-03 - 10.2s
Epoch 67/300 - loss: 0.0095 - val_loss: 0.0009 - lr: 1.00e-03 - 10.2s
Epoch 68/300 - loss: 0.0100 - val_loss: 0.0006 - lr: 1.00e-03 - 10.3s
Epoch 69/300 - loss: 0.0100 - val_loss: 0.0012 - lr: 1.00e-03 - 10.3s
Epoch 70/300 - loss: 0.0112 - val_loss: 0.0086 - lr: 1.00e-03 - 10.5s
Epoch 71/300 - loss: 0.0100 - val_loss: 0.0268 - lr: 1.00e-03 - 10.6s
Epoch 72/300 - loss: 0.0092 - val_loss: 0.0031 - lr: 1.00e-03 - 10.3s
Epoch 73/300 - loss: 0.0093 - val_loss: 0.0006 - lr: 1.00e-03 - 10.4s
Epoch 74/300 - loss: 0.0104 - val_loss: 0.0028 - lr: 1.00e-03 - 10.2s
Epoch 75/300 - loss: 0.0099 - val_loss: 0.0060 - lr: 1.00e-03 - 10.3s
Epoch 76/300 - loss: 0.0104 - val_loss: 0.0004 - lr: 1.00e-03 - 10.5s
Epoch 77/300 - loss: 0.0099 - val_loss: 0.0009 - lr: 1.00e-03 - 10.5s
Epoch 78/300 - loss: 0.0099 - val_loss: 0.0004 - lr: 1.00e-03 - 10.4s
Epoch 79/300 - loss: 0.0079 - val_loss: 0.0008 - lr: 1.00e-03 - 10.4s
Epoch 80/300 - loss: 0.0095 - val_loss: 0.0034 - lr: 1.00e-03 - 10.4s
Epoch 81/300 - loss: 0.0102 - val_loss: 0.0205 - lr: 1.00e-03 - 10.2s
Epoch 82/300 - loss: 0.0086 - val_loss: 0.0034 - lr: 1.00e-03 - 10.3s
Epoch 83/300 - loss: 0.0090 - val_loss: 0.0034 - lr: 1.00e-03 - 10.3s
Epoch 84/300 - loss: 0.0099 - val_loss: 0.0048 - lr: 1.00e-03 - 10.4s
Epoch 85/300 - loss: 0.0107 - val_loss: 0.0005 - lr: 1.00e-03 - 10.4s
Epoch 86/300 - loss: 0.0083 - val_loss: 0.0022 - lr: 1.00e-03 - 10.3s
Epoch 87/300 - loss: 0.0089 - val_loss: 0.0023 - lr: 1.00e-03 - 10.3s
Epoch 88/300 - loss: 0.0071 - val_loss: 0.0019 - lr: 1.00e-03 - 10.3s
Epoch 89/300 - loss: 0.0094 - val_loss: 0.0042 - lr: 1.00e-03 - 10.5s
Epoch 90/300 - loss: 0.0079 - val_loss: 0.0011 - lr: 1.00e-03 - 10.3s
Epoch 91/300 - loss: 0.0078 - val_loss: 0.0011 - lr: 1.00e-03 - 10.3s
Epoch 92/300 - loss: 0.0101 - val_loss: 0.0006 - lr: 1.00e-03 - 10.3s
Epoch 93/300 - loss: 0.0094 - val_loss: 0.0142 - lr: 1.00e-03 - 10.3s
Epoch 94/300 - loss: 0.0081 - val_loss: 0.0007 - lr: 1.00e-03 - 10.3s
Epoch 95/300 - loss: 0.0073 - val_loss: 0.0031 - lr: 1.00e-03 - 10.3s
Epoch 96/300 - loss: 0.0083 - val_loss: 0.0027 - lr: 1.00e-03 - 10.3s
Epoch 97/300 - loss: 0.0101 - val_loss: 0.0005 - lr: 1.00e-03 - 10.4s
Epoch 98/300 - loss: 0.0072 - val_loss: 0.0207 - lr: 1.00e-03 - 10.4s
Epoch 99/300 - loss: 0.0094 - val_loss: 0.0084 - lr: 5.00e-04 - 10.3s
Epoch 100/300 - loss: 0.0021 - val_loss: 0.0007 - lr: 5.00e-04 - 10.4s
Epoch 101/300 - loss: 0.0019 - val_loss: 0.0003 - lr: 5.00e-04 - 10.3s
Epoch 102/300 - loss: 0.0017 - val_loss: 0.0013 - lr: 5.00e-04 - 10.4s
Epoch 103/300 - loss: 0.0019 - val_loss: 0.0004 - lr: 5.00e-04 - 10.3s
Epoch 104/300 - loss: 0.0019 - val_loss: 0.0004 - lr: 5.00e-04 - 10.5s
Epoch 105/300 - loss: 0.0019 - val_loss: 0.0005 - lr: 5.00e-04 - 10.5s
Epoch 106/300 - loss: 0.0020 - val_loss: 0.0002 - lr: 5.00e-04 - 10.5s
Epoch 107/300 - loss: 0.0027 - val_loss: 0.0008 - lr: 5.00e-04 - 10.5s
Epoch 108/300 - loss: 0.0032 - val_loss: 0.0004 - lr: 5.00e-04 - 10.5s
Epoch 109/300 - loss: 0.0020 - val_loss: 0.0002 - lr: 5.00e-04 - 10.6s
Epoch 110/300 - loss: 0.0016 - val_loss: 0.0002 - lr: 5.00e-04 - 10.5s
Epoch 111/300 - loss: 0.0021 - val_loss: 0.0005 - lr: 5.00e-04 - 10.6s
Epoch 112/300 - loss: 0.0019 - val_loss: 0.0004 - lr: 5.00e-04 - 10.5s
Epoch 113/300 - loss: 0.0016 - val_loss: 0.0003 - lr: 5.00e-04 - 10.4s
Epoch 114/300 - loss: 0.0024 - val_loss: 0.0009 - lr: 5.00e-04 - 10.5s
Epoch 115/300 - loss: 0.0023 - val_loss: 0.0019 - lr: 5.00e-04 - 10.5s
Epoch 116/300 - loss: 0.0019 - val_loss: 0.0008 - lr: 5.00e-04 - 10.4s
Epoch 117/300 - loss: 0.0020 - val_loss: 0.0002 - lr: 5.00e-04 - 10.5s
Epoch 118/300 - loss: 0.0018 - val_loss: 0.0007 - lr: 5.00e-04 - 10.5s
Epoch 119/300 - loss: 0.0019 - val_loss: 0.0005 - lr: 5.00e-04 - 10.3s
Epoch 120/300 - loss: 0.0020 - val_loss: 0.0005 - lr: 5.00e-04 - 10.3s
Epoch 121/300 - loss: 0.0021 - val_loss: 0.0003 - lr: 5.00e-04 - 10.6s
Epoch 122/300 - loss: 0.0018 - val_loss: 0.0026 - lr: 5.00e-04 - 10.3s
Epoch 123/300 - loss: 0.0031 - val_loss: 0.0020 - lr: 5.00e-04 - 10.7s
Epoch 124/300 - loss: 0.0019 - val_loss: 0.0003 - lr: 5.00e-04 - 10.7s
Epoch 125/300 - loss: 0.0023 - val_loss: 0.0002 - lr: 5.00e-04 - 11.1s
Epoch 126/300 - loss: 0.0016 - val_loss: 0.0006 - lr: 5.00e-04 - 11.0s
Epoch 127/300 - loss: 0.0023 - val_loss: 0.0022 - lr: 5.00e-04 - 10.5s
Epoch 128/300 - loss: 0.0023 - val_loss: 0.0002 - lr: 5.00e-04 - 10.2s
Epoch 129/300 - loss: 0.0022 - val_loss: 0.0024 - lr: 5.00e-04 - 10.3s
Epoch 130/300 - loss: 0.0017 - val_loss: 0.0003 - lr: 5.00e-04 - 10.2s
Epoch 131/300 - loss: 0.0024 - val_loss: 0.0002 - lr: 5.00e-04 - 10.3s
Epoch 132/300 - loss: 0.0017 - val_loss: 0.0003 - lr: 5.00e-04 - 10.4s
Epoch 133/300 - loss: 0.0019 - val_loss: 0.0009 - lr: 5.00e-04 - 10.4s
Epoch 134/300 - loss: 0.0022 - val_loss: 0.0002 - lr: 5.00e-04 - 10.4s
Epoch 135/300 - loss: 0.0019 - val_loss: 0.0002 - lr: 5.00e-04 - 10.6s
Epoch 136/300 - loss: 0.0022 - val_loss: 0.0004 - lr: 5.00e-04 - 10.5s
Epoch 137/300 - loss: 0.0020 - val_loss: 0.0003 - lr: 5.00e-04 - 10.4s
Epoch 138/300 - loss: 0.0018 - val_loss: 0.0003 - lr: 5.00e-04 - 10.4s
Epoch 139/300 - loss: 0.0017 - val_loss: 0.0002 - lr: 5.00e-04 - 10.4s
Epoch 140/300 - loss: 0.0018 - val_loss: 0.0011 - lr: 5.00e-04 - 10.4s
Epoch 141/300 - loss: 0.0022 - val_loss: 0.0017 - lr: 5.00e-04 - 10.4s
Epoch 142/300 - loss: 0.0022 - val_loss: 0.0003 - lr: 5.00e-04 - 10.4s
Epoch 143/300 - loss: 0.0017 - val_loss: 0.0004 - lr: 5.00e-04 - 10.4s
Epoch 144/300 - loss: 0.0017 - val_loss: 0.0004 - lr: 5.00e-04 - 10.4s
Epoch 145/300 - loss: 0.0025 - val_loss: 0.0004 - lr: 5.00e-04 - 10.4s
Epoch 146/300 - loss: 0.0017 - val_loss: 0.0003 - lr: 2.50e-04 - 10.8s
Epoch 147/300 - loss: 0.0006 - val_loss: 0.0001 - lr: 2.50e-04 - 10.4s
Epoch 148/300 - loss: 0.0005 - val_loss: 0.0001 - lr: 2.50e-04 - 10.5s
Epoch 149/300 - loss: 0.0005 - val_loss: 0.0001 - lr: 2.50e-04 - 10.8s
Epoch 150/300 - loss: 0.0006 - val_loss: 0.0001 - lr: 2.50e-04 - 10.5s
Epoch 151/300 - loss: 0.0006 - val_loss: 0.0001 - lr: 2.50e-04 - 10.4s
Epoch 152/300 - loss: 0.0005 - val_loss: 0.0001 - lr: 2.50e-04 - 10.4s
Epoch 153/300 - loss: 0.0006 - val_loss: 0.0002 - lr: 2.50e-04 - 10.5s
Epoch 154/300 - loss: 0.0005 - val_loss: 0.0007 - lr: 2.50e-04 - 10.5s
Epoch 155/300 - loss: 0.0005 - val_loss: 0.0002 - lr: 2.50e-04 - 10.5s
Epoch 156/300 - loss: 0.0007 - val_loss: 0.0003 - lr: 2.50e-04 - 10.6s
Epoch 157/300 - loss: 0.0010 - val_loss: 0.0007 - lr: 2.50e-04 - 10.3s
Epoch 158/300 - loss: 0.0006 - val_loss: 0.0002 - lr: 2.50e-04 - 10.2s
Epoch 159/300 - loss: 0.0006 - val_loss: 0.0001 - lr: 2.50e-04 - 10.2s
Epoch 160/300 - loss: 0.0005 - val_loss: 0.0001 - lr: 2.50e-04 - 10.2s
Epoch 161/300 - loss: 0.0005 - val_loss: 0.0001 - lr: 2.50e-04 - 10.3s
Epoch 162/300 - loss: 0.0006 - val_loss: 0.0013 - lr: 2.50e-04 - 10.3s
Epoch 163/300 - loss: 0.0006 - val_loss: 0.0002 - lr: 2.50e-04 - 10.3s
Epoch 164/300 - loss: 0.0006 - val_loss: 0.0001 - lr: 2.50e-04 - 10.3s
Epoch 165/300 - loss: 0.0006 - val_loss: 0.0005 - lr: 2.50e-04 - 10.3s
Epoch 166/300 - loss: 0.0006 - val_loss: 0.0001 - lr: 2.50e-04 - 10.3s
Epoch 167/300 - loss: 0.0005 - val_loss: 0.0002 - lr: 2.50e-04 - 10.4s
Epoch 168/300 - loss: 0.0005 - val_loss: 0.0002 - lr: 2.50e-04 - 10.3s
Epoch 169/300 - loss: 0.0007 - val_loss: 0.0002 - lr: 2.50e-04 - 10.3s
Epoch 170/300 - loss: 0.0006 - val_loss: 0.0002 - lr: 1.25e-04 - 10.3s
Epoch 171/300 - loss: 0.0001 - val_loss: 0.0001 - lr: 1.25e-04 - 10.3s
Epoch 172/300 - loss: 0.0002 - val_loss: 0.0001 - lr: 1.25e-04 - 10.3s
Epoch 173/300 - loss: 0.0002 - val_loss: 0.0001 - lr: 1.25e-04 - 10.4s
Epoch 174/300 - loss: 0.0002 - val_loss: 0.0001 - lr: 1.25e-04 - 10.3s
Epoch 175/300 - loss: 0.0002 - val_loss: 0.0001 - lr: 1.25e-04 - 10.5s
Epoch 176/300 - loss: 0.0004 - val_loss: 0.0001 - lr: 1.25e-04 - 10.7s
Epoch 177/300 - loss: 0.0002 - val_loss: 0.0001 - lr: 1.25e-04 - 10.2s
Epoch 178/300 - loss: 0.0002 - val_loss: 0.0001 - lr: 1.25e-04 - 10.3s
Epoch 179/300 - loss: 0.0002 - val_loss: 0.0001 - lr: 1.25e-04 - 10.3s
Epoch 180/300 - loss: 0.0002 - val_loss: 0.0001 - lr: 1.25e-04 - 10.3s
Epoch 181/300 - loss: 0.0002 - val_loss: 0.0001 - lr: 1.25e-04 - 10.3s
Epoch 182/300 - loss: 0.0002 - val_loss: 0.0001 - lr: 1.25e-04 - 10.3s
Epoch 183/300 - loss: 0.0002 - val_loss: 0.0001 - lr: 1.25e-04 - 10.3s
Epoch 184/300 - loss: 0.0002 - val_loss: 0.0001 - lr: 1.25e-04 - 10.2s
Epoch 185/300 - loss: 0.0002 - val_loss: 0.0001 - lr: 1.25e-04 - 10.3s
Epoch 186/300 - loss: 0.0002 - val_loss: 0.0002 - lr: 1.25e-04 - 10.3s
Epoch 187/300 - loss: 0.0005 - val_loss: 0.0001 - lr: 1.25e-04 - 10.4s
Epoch 188/300 - loss: 0.0002 - val_loss: 0.0001 - lr: 1.25e-04 - 10.4s
Epoch 189/300 - loss: 0.0003 - val_loss: 0.0001 - lr: 1.25e-04 - 10.4s
Epoch 190/300 - loss: 0.0002 - val_loss: 0.0001 - lr: 1.25e-04 - 10.4s
Epoch 191/300 - loss: 0.0002 - val_loss: 0.0001 - lr: 1.25e-04 - 10.4s
Epoch 192/300 - loss: 0.0002 - val_loss: 0.0001 - lr: 1.25e-04 - 10.4s
Epoch 193/300 - loss: 0.0002 - val_loss: 0.0001 - lr: 1.25e-04 - 10.4s
Epoch 194/300 - loss: 0.0003 - val_loss: 0.0001 - lr: 1.25e-04 - 10.4s
Epoch 195/300 - loss: 0.0002 - val_loss: 0.0001 - lr: 1.25e-04 - 10.4s
Epoch 196/300 - loss: 0.0002 - val_loss: 0.0001 - lr: 1.25e-04 - 10.5s
Epoch 197/300 - loss: 0.0003 - val_loss: 0.0001 - lr: 1.25e-04 - 10.5s
Epoch 198/300 - loss: 0.0002 - val_loss: 0.0001 - lr: 1.25e-04 - 10.4s
Epoch 199/300 - loss: 0.0002 - val_loss: 0.0001 - lr: 1.25e-04 - 10.4s
Epoch 200/300 - loss: 0.0002 - val_loss: 0.0001 - lr: 1.25e-04 - 10.3s
Epoch 201/300 - loss: 0.0002 - val_loss: 0.0001 - lr: 1.25e-04 - 10.2s
Epoch 202/300 - loss: 0.0002 - val_loss: 0.0001 - lr: 1.25e-04 - 10.3s
Epoch 203/300 - loss: 0.0003 - val_loss: 0.0001 - lr: 1.25e-04 - 10.4s
Epoch 204/300 - loss: 0.0002 - val_loss: 0.0001 - lr: 1.25e-04 - 10.4s
Epoch 205/300 - loss: 0.0003 - val_loss: 0.0001 - lr: 1.25e-04 - 10.2s
Epoch 206/300 - loss: 0.0002 - val_loss: 0.0001 - lr: 1.25e-04 - 10.2s
Epoch 207/300 - loss: 0.0002 - val_loss: 0.0001 - lr: 1.25e-04 - 10.2s
Epoch 208/300 - loss: 0.0002 - val_loss: 0.0001 - lr: 1.25e-04 - 10.4s
Epoch 209/300 - loss: 0.0002 - val_loss: 0.0001 - lr: 1.25e-04 - 10.4s
Epoch 210/300 - loss: 0.0002 - val_loss: 0.0001 - lr: 1.25e-04 - 10.4s
Epoch 211/300 - loss: 0.0002 - val_loss: 0.0002 - lr: 1.25e-04 - 10.5s
Epoch 212/300 - loss: 0.0002 - val_loss: 0.0001 - lr: 1.25e-04 - 10.4s
Epoch 213/300 - loss: 0.0002 - val_loss: 0.0001 - lr: 1.25e-04 - 10.5s
Epoch 214/300 - loss: 0.0002 - val_loss: 0.0001 - lr: 1.25e-04 - 10.2s
Epoch 215/300 - loss: 0.0002 - val_loss: 0.0001 - lr: 1.25e-04 - 10.3s
Epoch 216/300 - loss: 0.0002 - val_loss: 0.0001 - lr: 1.25e-04 - 10.2s
Epoch 217/300 - loss: 0.0002 - val_loss: 0.0001 - lr: 1.25e-04 - 10.5s
Epoch 218/300 - loss: 0.0002 - val_loss: 0.0001 - lr: 1.25e-04 - 10.3s
Epoch 219/300 - loss: 0.0002 - val_loss: 0.0001 - lr: 1.25e-04 - 10.3s
Epoch 220/300 - loss: 0.0002 - val_loss: 0.0001 - lr: 1.25e-04 - 10.3s
Epoch 221/300 - loss: 0.0002 - val_loss: 0.0001 - lr: 1.25e-04 - 10.4s
Epoch 222/300 - loss: 0.0002 - val_loss: 0.0001 - lr: 1.25e-04 - 10.7s
Epoch 223/300 - loss: 0.0003 - val_loss: 0.0001 - lr: 1.25e-04 - 10.7s
Epoch 224/300 - loss: 0.0002 - val_loss: 0.0001 - lr: 1.25e-04 - 10.5s
Epoch 225/300 - loss: 0.0002 - val_loss: 0.0002 - lr: 1.25e-04 - 10.5s
Epoch 226/300 - loss: 0.0002 - val_loss: 0.0001 - lr: 6.25e-05 - 10.3s
Epoch 227/300 - loss: 0.0001 - val_loss: 0.0001 - lr: 6.25e-05 - 10.4s
Epoch 228/300 - loss: 0.0001 - val_loss: 0.0001 - lr: 6.25e-05 - 10.3s
Epoch 229/300 - loss: 0.0001 - val_loss: 0.0001 - lr: 6.25e-05 - 10.4s
Epoch 230/300 - loss: 0.0001 - val_loss: 0.0001 - lr: 6.25e-05 - 10.2s
Epoch 231/300 - loss: 0.0001 - val_loss: 0.0001 - lr: 6.25e-05 - 10.2s
Epoch 232/300 - loss: 0.0001 - val_loss: 0.0001 - lr: 6.25e-05 - 10.6s
Epoch 233/300 - loss: 0.0001 - val_loss: 0.0001 - lr: 6.25e-05 - 10.4s
Epoch 234/300 - loss: 0.0001 - val_loss: 0.0001 - lr: 6.25e-05 - 10.3s
Epoch 235/300 - loss: 0.0001 - val_loss: 0.0001 - lr: 6.25e-05 - 10.3s
Epoch 236/300 - loss: 0.0001 - val_loss: 0.0001 - lr: 6.25e-05 - 10.3s
Epoch 237/300 - loss: 0.0001 - val_loss: 0.0001 - lr: 6.25e-05 - 10.3s
Epoch 238/300 - loss: 0.0001 - val_loss: 0.0001 - lr: 6.25e-05 - 10.3s
Epoch 239/300 - loss: 0.0001 - val_loss: 0.0001 - lr: 6.25e-05 - 10.3s
Epoch 240/300 - loss: 0.0001 - val_loss: 0.0001 - lr: 6.25e-05 - 10.3s
Epoch 241/300 - loss: 0.0001 - val_loss: 0.0001 - lr: 6.25e-05 - 10.3s
Epoch 242/300 - loss: 0.0001 - val_loss: 0.0001 - lr: 6.25e-05 - 10.3s
Epoch 243/300 - loss: 0.0001 - val_loss: 0.0001 - lr: 6.25e-05 - 10.3s
Epoch 244/300 - loss: 0.0001 - val_loss: 0.0001 - lr: 6.25e-05 - 10.3s
Epoch 245/300 - loss: 0.0001 - val_loss: 0.0001 - lr: 6.25e-05 - 10.3s
Epoch 246/300 - loss: 0.0001 - val_loss: 0.0001 - lr: 6.25e-05 - 10.3s
Epoch 247/300 - loss: 0.0001 - val_loss: 0.0001 - lr: 6.25e-05 - 10.5s
Epoch 248/300 - loss: 0.0001 - val_loss: 0.0001 - lr: 6.25e-05 - 10.3s
Epoch 249/300 - loss: 0.0001 - val_loss: 0.0001 - lr: 6.25e-05 - 10.3s
Epoch 250/300 - loss: 0.0001 - val_loss: 0.0001 - lr: 6.25e-05 - 10.3s
Epoch 251/300 - loss: 0.0001 - val_loss: 0.0001 - lr: 6.25e-05 - 10.3s
Epoch 252/300 - loss: 0.0001 - val_loss: 0.0001 - lr: 6.25e-05 - 10.3s
Epoch 253/300 - loss: 0.0001 - val_loss: 0.0001 - lr: 6.25e-05 - 10.3s
Epoch 254/300 - loss: 0.0001 - val_loss: 0.0001 - lr: 6.25e-05 - 10.3s
Epoch 255/300 - loss: 0.0001 - val_loss: 0.0001 - lr: 6.25e-05 - 10.5s
Epoch 256/300 - loss: 0.0001 - val_loss: 0.0001 - lr: 6.25e-05 - 10.4s
Epoch 257/300 - loss: 0.0001 - val_loss: 0.0001 - lr: 6.25e-05 - 10.4s
Epoch 258/300 - loss: 0.0001 - val_loss: 0.0001 - lr: 6.25e-05 - 10.7s
Epoch 259/300 - loss: 0.0001 - val_loss: 0.0001 - lr: 6.25e-05 - 10.8s
Epoch 260/300 - loss: 0.0001 - val_loss: 0.0001 - lr: 6.25e-05 - 10.8s
Epoch 261/300 - loss: 0.0001 - val_loss: 0.0001 - lr: 6.25e-05 - 10.8s
Epoch 262/300 - loss: 0.0001 - val_loss: 0.0001 - lr: 6.25e-05 - 10.8s
Epoch 263/300 - loss: 0.0001 - val_loss: 0.0001 - lr: 6.25e-05 - 10.8s
Epoch 264/300 - loss: 0.0001 - val_loss: 0.0001 - lr: 6.25e-05 - 10.8s
Epoch 265/300 - loss: 0.0001 - val_loss: 0.0001 - lr: 6.25e-05 - 10.8s
Epoch 266/300 - loss: 0.0001 - val_loss: 0.0001 - lr: 6.25e-05 - 10.8s
Epoch 267/300 - loss: 0.0001 - val_loss: 0.0001 - lr: 6.25e-05 - 10.8s
Epoch 268/300 - loss: 0.0001 - val_loss: 0.0001 - lr: 6.25e-05 - 10.8s
Epoch 269/300 - loss: 0.0001 - val_loss: 0.0001 - lr: 6.25e-05 - 10.8s
Epoch 270/300 - loss: 0.0001 - val_loss: 0.0001 - lr: 6.25e-05 - 11.0s
Epoch 271/300 - loss: 0.0001 - val_loss: 0.0001 - lr: 6.25e-05 - 10.9s
Epoch 272/300 - loss: 0.0001 - val_loss: 0.0001 - lr: 6.25e-05 - 10.9s
Epoch 273/300 - loss: 0.0001 - val_loss: 0.0001 - lr: 6.25e-05 - 10.9s
Epoch 274/300 - loss: 0.0001 - val_loss: 0.0001 - lr: 6.25e-05 - 10.9s
Epoch 275/300 - loss: 0.0001 - val_loss: 0.0002 - lr: 6.25e-05 - 10.9s
Epoch 276/300 - loss: 0.0001 - val_loss: 0.0001 - lr: 6.25e-05 - 10.9s
Epoch 277/300 - loss: 0.0001 - val_loss: 0.0001 - lr: 6.25e-05 - 10.9s
Epoch 278/300 - loss: 0.0001 - val_loss: 0.0001 - lr: 6.25e-05 - 10.9s
Epoch 279/300 - loss: 0.0001 - val_loss: 0.0001 - lr: 6.25e-05 - 10.9s
Epoch 280/300 - loss: 0.0001 - val_loss: 0.0001 - lr: 6.25e-05 - 10.9s
Epoch 281/300 - loss: 0.0001 - val_loss: 0.0001 - lr: 6.25e-05 - 10.9s
Epoch 282/300 - loss: 0.0001 - val_loss: 0.0001 - lr: 6.25e-05 - 10.9s
Epoch 283/300 - loss: 0.0001 - val_loss: 0.0001 - lr: 6.25e-05 - 10.9s
Epoch 284/300 - loss: 0.0001 - val_loss: 0.0001 - lr: 6.25e-05 - 10.9s
Epoch 285/300 - loss: 0.0001 - val_loss: 0.0001 - lr: 6.25e-05 - 10.9s
Epoch 286/300 - loss: 0.0001 - val_loss: 0.0001 - lr: 6.25e-05 - 10.9s
Epoch 287/300 - loss: 0.0001 - val_loss: 0.0001 - lr: 6.25e-05 - 11.0s
Epoch 288/300 - loss: 0.0001 - val_loss: 0.0001 - lr: 6.25e-05 - 10.9s
Epoch 289/300 - loss: 0.0001 - val_loss: 0.0001 - lr: 6.25e-05 - 10.9s
Epoch 290/300 - loss: 0.0001 - val_loss: 0.0001 - lr: 6.25e-05 - 10.9s
Epoch 291/300 - loss: 0.0001 - val_loss: 0.0001 - lr: 6.25e-05 - 10.9s
Epoch 292/300 - loss: 0.0001 - val_loss: 0.0001 - lr: 6.25e-05 - 10.9s
Epoch 293/300 - loss: 0.0001 - val_loss: 0.0001 - lr: 6.25e-05 - 10.9s
Epoch 294/300 - loss: 0.0001 - val_loss: 0.0001 - lr: 6.25e-05 - 10.9s
Epoch 295/300 - loss: 0.0001 - val_loss: 0.0001 - lr: 6.25e-05 - 10.9s
Epoch 296/300 - loss: 0.0001 - val_loss: 0.0001 - lr: 6.25e-05 - 10.9s
Epoch 297/300 - loss: 0.0001 - val_loss: 0.0001 - lr: 6.25e-05 - 10.9s
Epoch 298/300 - loss: 0.0001 - val_loss: 0.0001 - lr: 6.25e-05 - 10.9s
Epoch 299/300 - loss: 0.0001 - val_loss: 0.0001 - lr: 6.25e-05 - 10.9s
Epoch 300/300 - loss: 0.0001 - val_loss: 0.0001 - lr: 6.25e-05 - 10.9s
Training complete in 52.2m (3133s)
Best val_loss: 0.0001 — loading best weights for export
Model saved to ref/14_moog_20-20k_64u_k2h0_LN\weights.json
Loss history saved to ref/14_moog_20-20k_64u_k2h0_LN\loss_history.csv
