Loading training data...
  distortionGigaTestAudio.wav: 1200 train, 299 val windows
  distortionGigaTestAudio-10dB.wav: 1200 train, 299 val windows
Total: 2400 train, 598 val windows  sr=48000
Using device: cuda
Epoch 1/300 - loss: 2.3656 (mae 0.0568 mrstft 2.3088) - val: 2.3457 (mae 0.0521 mrstft 2.2936) - lr: 3.00e-04 - 32.3s
Epoch 2/300 - loss: 2.1186 (mae 0.0627 mrstft 2.0559) - val: 1.9048 (mae 0.0695 mrstft 1.8353) - lr: 3.00e-04 - 23.4s
Epoch 3/300 - loss: 1.6444 (mae 0.0761 mrstft 1.5683) - val: 1.5637 (mae 0.0868 mrstft 1.4769) - lr: 3.00e-04 - 22.2s
Epoch 4/300 - loss: 1.4235 (mae 0.0830 mrstft 1.3405) - val: 1.3832 (mae 0.0827 mrstft 1.3005) - lr: 3.00e-04 - 22.1s
Epoch 5/300 - loss: 1.2904 (mae 0.0822 mrstft 1.2082) - val: 1.2869 (mae 0.0842 mrstft 1.2027) - lr: 3.00e-04 - 22.1s
Epoch 6/300 - loss: 1.2185 (mae 0.0842 mrstft 1.1344) - val: 1.2249 (mae 0.0811 mrstft 1.1438) - lr: 3.00e-04 - 22.1s
Epoch 7/300 - loss: 1.1816 (mae 0.0896 mrstft 1.0920) - val: 1.2082 (mae 0.0916 mrstft 1.1166) - lr: 3.00e-04 - 22.1s
Epoch 8/300 - loss: 1.1652 (mae 0.0955 mrstft 1.0698) - val: 1.1956 (mae 0.0966 mrstft 1.0990) - lr: 3.00e-04 - 22.1s
Epoch 9/300 - loss: 1.1544 (mae 0.0998 mrstft 1.0546) - val: 1.1812 (mae 0.0987 mrstft 1.0825) - lr: 3.00e-04 - 22.1s
Epoch 10/300 - loss: 1.1476 (mae 0.1022 mrstft 1.0454) - val: 1.1757 (mae 0.0987 mrstft 1.0770) - lr: 3.00e-04 - 22.1s
Epoch 11/300 - loss: 1.1397 (mae 0.1041 mrstft 1.0356) - val: 1.1616 (mae 0.1041 mrstft 1.0575) - lr: 3.00e-04 - 22.1s
Epoch 12/300 - loss: 1.1275 (mae 0.1069 mrstft 1.0206) - val: 1.1495 (mae 0.1058 mrstft 1.0437) - lr: 3.00e-04 - 22.1s
Epoch 13/300 - loss: 1.0975 (mae 0.1122 mrstft 0.9853) - val: 1.0742 (mae 0.1088 mrstft 0.9654) - lr: 3.00e-04 - 22.1s
Epoch 14/300 - loss: 1.0256 (mae 0.1148 mrstft 0.9108) - val: 0.9855 (mae 0.1061 mrstft 0.8794) - lr: 3.00e-04 - 22.2s
Epoch 15/300 - loss: 0.9736 (mae 0.1066 mrstft 0.8670) - val: 0.9432 (mae 0.1030 mrstft 0.8401) - lr: 3.00e-04 - 22.2s
Epoch 16/300 - loss: 0.9497 (mae 0.1056 mrstft 0.8441) - val: 0.9393 (mae 0.1084 mrstft 0.8308) - lr: 3.00e-04 - 22.1s
Epoch 17/300 - loss: 0.9168 (mae 0.0976 mrstft 0.8192) - val: 0.9048 (mae 0.0926 mrstft 0.8122) - lr: 3.00e-04 - 22.1s
Epoch 18/300 - loss: 0.8983 (mae 0.0932 mrstft 0.8052) - val: 0.8852 (mae 0.0897 mrstft 0.7955) - lr: 3.00e-04 - 22.1s
Epoch 19/300 - loss: 0.8798 (mae 0.0906 mrstft 0.7892) - val: 0.8469 (mae 0.0865 mrstft 0.7603) - lr: 3.00e-04 - 22.1s
Epoch 20/300 - loss: 0.8637 (mae 0.0890 mrstft 0.7747) - val: 0.8580 (mae 0.0887 mrstft 0.7693) - lr: 3.00e-04 - 22.1s
Epoch 21/300 - loss: 0.8540 (mae 0.0879 mrstft 0.7661) - val: 0.8454 (mae 0.0828 mrstft 0.7626) - lr: 3.00e-04 - 22.0s
Epoch 22/300 - loss: 0.8448 (mae 0.0862 mrstft 0.7586) - val: 0.8453 (mae 0.0813 mrstft 0.7640) - lr: 3.00e-04 - 22.1s
Epoch 23/300 - loss: 0.8276 (mae 0.0827 mrstft 0.7449) - val: 0.8228 (mae 0.0810 mrstft 0.7419) - lr: 3.00e-04 - 22.1s
Epoch 24/300 - loss: 0.8173 (mae 0.0817 mrstft 0.7357) - val: 0.8027 (mae 0.0849 mrstft 0.7177) - lr: 3.00e-04 - 22.1s
Epoch 25/300 - loss: 0.8029 (mae 0.0796 mrstft 0.7233) - val: 0.7859 (mae 0.0769 mrstft 0.7090) - lr: 3.00e-04 - 22.1s
Epoch 26/300 - loss: 0.7951 (mae 0.0785 mrstft 0.7166) - val: 0.7782 (mae 0.0759 mrstft 0.7023) - lr: 3.00e-04 - 22.1s
Epoch 27/300 - loss: 0.7848 (mae 0.0778 mrstft 0.7070) - val: 0.7816 (mae 0.0779 mrstft 0.7037) - lr: 3.00e-04 - 22.1s
Epoch 28/300 - loss: 0.7760 (mae 0.0770 mrstft 0.6990) - val: 0.7611 (mae 0.0740 mrstft 0.6870) - lr: 3.00e-04 - 22.0s
Epoch 29/300 - loss: 0.7699 (mae 0.0761 mrstft 0.6938) - val: 0.7499 (mae 0.0741 mrstft 0.6758) - lr: 3.00e-04 - 22.2s
Epoch 30/300 - loss: 0.7562 (mae 0.0742 mrstft 0.6819) - val: 0.7552 (mae 0.0767 mrstft 0.6785) - lr: 3.00e-04 - 22.3s
Epoch 31/300 - loss: 0.7478 (mae 0.0746 mrstft 0.6731) - val: 0.7384 (mae 0.0733 mrstft 0.6651) - lr: 3.00e-04 - 22.2s
Epoch 32/300 - loss: 0.7385 (mae 0.0730 mrstft 0.6655) - val: 0.7378 (mae 0.0703 mrstft 0.6675) - lr: 3.00e-04 - 22.2s
Epoch 33/300 - loss: 0.7350 (mae 0.0730 mrstft 0.6619) - val: 0.7189 (mae 0.0712 mrstft 0.6477) - lr: 3.00e-04 - 22.2s
Epoch 34/300 - loss: 0.7369 (mae 0.0735 mrstft 0.6634) - val: 0.7300 (mae 0.0719 mrstft 0.6580) - lr: 3.00e-04 - 22.2s
Epoch 35/300 - loss: 0.7270 (mae 0.0719 mrstft 0.6551) - val: 0.7316 (mae 0.0732 mrstft 0.6584) - lr: 3.00e-04 - 22.2s
Epoch 36/300 - loss: 0.7219 (mae 0.0710 mrstft 0.6509) - val: 0.7077 (mae 0.0685 mrstft 0.6392) - lr: 3.00e-04 - 22.2s
Epoch 37/300 - loss: 0.7145 (mae 0.0700 mrstft 0.6444) - val: 0.7122 (mae 0.0698 mrstft 0.6424) - lr: 3.00e-04 - 22.2s
Epoch 38/300 - loss: 0.7127 (mae 0.0694 mrstft 0.6432) - val: 0.7030 (mae 0.0686 mrstft 0.6344) - lr: 3.00e-04 - 22.2s
Epoch 39/300 - loss: 0.7046 (mae 0.0687 mrstft 0.6359) - val: 0.7009 (mae 0.0674 mrstft 0.6335) - lr: 3.00e-04 - 22.2s
Epoch 40/300 - loss: 0.7041 (mae 0.0678 mrstft 0.6363) - val: 0.7039 (mae 0.0684 mrstft 0.6354) - lr: 3.00e-04 - 22.2s
Epoch 41/300 - loss: 0.6988 (mae 0.0672 mrstft 0.6316) - val: 0.6965 (mae 0.0653 mrstft 0.6312) - lr: 3.00e-04 - 22.2s
Epoch 42/300 - loss: 0.6988 (mae 0.0669 mrstft 0.6319) - val: 0.6969 (mae 0.0655 mrstft 0.6315) - lr: 3.00e-04 - 22.2s
Epoch 43/300 - loss: 0.6927 (mae 0.0668 mrstft 0.6259) - val: 0.6886 (mae 0.0674 mrstft 0.6212) - lr: 3.00e-04 - 22.2s
Epoch 44/300 - loss: 0.6923 (mae 0.0662 mrstft 0.6260) - val: 0.6885 (mae 0.0646 mrstft 0.6239) - lr: 3.00e-04 - 22.2s
Epoch 45/300 - loss: 0.6856 (mae 0.0658 mrstft 0.6198) - val: 0.6759 (mae 0.0645 mrstft 0.6114) - lr: 3.00e-04 - 22.1s
Epoch 46/300 - loss: 0.6805 (mae 0.0652 mrstft 0.6153) - val: 0.6782 (mae 0.0643 mrstft 0.6139) - lr: 3.00e-04 - 22.0s
Epoch 47/300 - loss: 0.6777 (mae 0.0654 mrstft 0.6123) - val: 0.6686 (mae 0.0621 mrstft 0.6065) - lr: 3.00e-04 - 22.0s
Epoch 48/300 - loss: 0.6789 (mae 0.0642 mrstft 0.6146) - val: 0.6293 (mae 0.0621 mrstft 0.5672) - lr: 3.00e-04 - 22.0s
Epoch 49/300 - loss: 0.6732 (mae 0.0646 mrstft 0.6086) - val: 0.6767 (mae 0.0647 mrstft 0.6120) - lr: 3.00e-04 - 22.1s
Epoch 50/300 - loss: 0.6675 (mae 0.0629 mrstft 0.6046) - val: 0.6908 (mae 0.0624 mrstft 0.6283) - lr: 3.00e-04 - 22.0s
Epoch 51/300 - loss: 0.6676 (mae 0.0632 mrstft 0.6045) - val: 0.6584 (mae 0.0622 mrstft 0.5962) - lr: 3.00e-04 - 22.0s
Epoch 52/300 - loss: 0.6627 (mae 0.0626 mrstft 0.6002) - val: 0.6615 (mae 0.0621 mrstft 0.5995) - lr: 3.00e-04 - 22.0s
Epoch 53/300 - loss: 0.6556 (mae 0.0614 mrstft 0.5942) - val: 0.6548 (mae 0.0620 mrstft 0.5929) - lr: 3.00e-04 - 22.0s
Epoch 54/300 - loss: 0.6546 (mae 0.0620 mrstft 0.5926) - val: 0.6521 (mae 0.0633 mrstft 0.5888) - lr: 3.00e-04 - 22.2s
Epoch 55/300 - loss: 0.6475 (mae 0.0607 mrstft 0.5868) - val: 0.6464 (mae 0.0664 mrstft 0.5801) - lr: 3.00e-04 - 22.2s
Epoch 56/300 - loss: 0.6456 (mae 0.0606 mrstft 0.5850) - val: 0.6374 (mae 0.0578 mrstft 0.5797) - lr: 3.00e-04 - 22.2s
Epoch 57/300 - loss: 0.6429 (mae 0.0601 mrstft 0.5828) - val: 0.6373 (mae 0.0582 mrstft 0.5790) - lr: 3.00e-04 - 22.2s
Epoch 58/300 - loss: 0.6396 (mae 0.0590 mrstft 0.5806) - val: 0.6295 (mae 0.0575 mrstft 0.5720) - lr: 3.00e-04 - 22.2s
Epoch 59/300 - loss: 0.6340 (mae 0.0578 mrstft 0.5762) - val: 0.6257 (mae 0.0554 mrstft 0.5703) - lr: 3.00e-04 - 22.2s
Epoch 60/300 - loss: 0.6296 (mae 0.0579 mrstft 0.5717) - val: 0.6257 (mae 0.0561 mrstft 0.5697) - lr: 3.00e-04 - 22.2s
Epoch 61/300 - loss: 0.6294 (mae 0.0571 mrstft 0.5724) - val: 0.6268 (mae 0.0566 mrstft 0.5702) - lr: 3.00e-04 - 22.2s
Epoch 62/300 - loss: 0.6216 (mae 0.0563 mrstft 0.5653) - val: 0.6199 (mae 0.0553 mrstft 0.5646) - lr: 3.00e-04 - 22.2s
Epoch 63/300 - loss: 0.6196 (mae 0.0557 mrstft 0.5639) - val: 0.6207 (mae 0.0525 mrstft 0.5682) - lr: 3.00e-04 - 22.2s
Epoch 64/300 - loss: 0.6222 (mae 0.0558 mrstft 0.5664) - val: 0.6232 (mae 0.0548 mrstft 0.5683) - lr: 3.00e-04 - 22.2s
Epoch 65/300 - loss: 0.6191 (mae 0.0568 mrstft 0.5623) - val: 0.6216 (mae 0.0542 mrstft 0.5674) - lr: 3.00e-04 - 22.2s
Epoch 66/300 - loss: 0.6136 (mae 0.0546 mrstft 0.5590) - val: 0.6154 (mae 0.0581 mrstft 0.5572) - lr: 3.00e-04 - 22.2s
Epoch 67/300 - loss: 0.6126 (mae 0.0544 mrstft 0.5581) - val: 0.6071 (mae 0.0527 mrstft 0.5544) - lr: 3.00e-04 - 22.2s
Epoch 68/300 - loss: 0.6074 (mae 0.0535 mrstft 0.5539) - val: 0.6008 (mae 0.0528 mrstft 0.5480) - lr: 3.00e-04 - 22.2s
Epoch 69/300 - loss: 0.6077 (mae 0.0532 mrstft 0.5546) - val: 0.5960 (mae 0.0513 mrstft 0.5448) - lr: 3.00e-04 - 22.2s
Epoch 70/300 - loss: 0.6050 (mae 0.0525 mrstft 0.5525) - val: 0.6072 (mae 0.0535 mrstft 0.5537) - lr: 3.00e-04 - 22.2s
Epoch 71/300 - loss: 0.6001 (mae 0.0518 mrstft 0.5483) - val: 0.5994 (mae 0.0516 mrstft 0.5478) - lr: 3.00e-04 - 22.2s
Epoch 72/300 - loss: 0.5991 (mae 0.0522 mrstft 0.5469) - val: 0.5988 (mae 0.0502 mrstft 0.5486) - lr: 3.00e-04 - 22.2s
Epoch 73/300 - loss: 0.5981 (mae 0.0516 mrstft 0.5464) - val: 0.6002 (mae 0.0484 mrstft 0.5518) - lr: 3.00e-04 - 22.2s
Epoch 74/300 - loss: 0.5961 (mae 0.0509 mrstft 0.5452) - val: 0.5949 (mae 0.0491 mrstft 0.5458) - lr: 3.00e-04 - 22.2s
Epoch 75/300 - loss: 0.5942 (mae 0.0501 mrstft 0.5441) - val: 0.6012 (mae 0.0505 mrstft 0.5508) - lr: 3.00e-04 - 22.2s
Epoch 76/300 - loss: 0.5925 (mae 0.0496 mrstft 0.5429) - val: 0.5950 (mae 0.0500 mrstft 0.5450) - lr: 3.00e-04 - 22.2s
Epoch 77/300 - loss: 0.5858 (mae 0.0482 mrstft 0.5376) - val: 0.5857 (mae 0.0476 mrstft 0.5381) - lr: 3.00e-04 - 22.2s
Epoch 78/300 - loss: 0.5745 (mae 0.0443 mrstft 0.5302) - val: 0.5663 (mae 0.0355 mrstft 0.5308) - lr: 3.00e-04 - 22.2s
Epoch 79/300 - loss: 0.5241 (mae 0.0319 mrstft 0.4922) - val: 0.5145 (mae 0.0290 mrstft 0.4856) - lr: 3.00e-04 - 22.2s
Epoch 80/300 - loss: 0.4895 (mae 0.0253 mrstft 0.4642) - val: 0.4859 (mae 0.0221 mrstft 0.4637) - lr: 3.00e-04 - 22.2s
Epoch 81/300 - loss: 0.4804 (mae 0.0227 mrstft 0.4577) - val: 0.4808 (mae 0.0212 mrstft 0.4597) - lr: 3.00e-04 - 22.2s
Epoch 82/300 - loss: 0.4675 (mae 0.0206 mrstft 0.4469) - val: 0.4687 (mae 0.0171 mrstft 0.4515) - lr: 3.00e-04 - 22.2s
Epoch 83/300 - loss: 0.4636 (mae 0.0201 mrstft 0.4435) - val: 0.4672 (mae 0.0177 mrstft 0.4495) - lr: 3.00e-04 - 22.2s
Epoch 84/300 - loss: 0.4517 (mae 0.0181 mrstft 0.4336) - val: 0.4727 (mae 0.0171 mrstft 0.4557) - lr: 3.00e-04 - 22.2s
Epoch 85/300 - loss: 0.4490 (mae 0.0168 mrstft 0.4322) - val: 0.4524 (mae 0.0143 mrstft 0.4381) - lr: 3.00e-04 - 22.2s
Epoch 86/300 - loss: 0.4459 (mae 0.0162 mrstft 0.4297) - val: 0.4479 (mae 0.0136 mrstft 0.4343) - lr: 3.00e-04 - 22.2s
Epoch 87/300 - loss: 0.4387 (mae 0.0151 mrstft 0.4235) - val: 0.4484 (mae 0.0137 mrstft 0.4347) - lr: 3.00e-04 - 22.3s
Epoch 88/300 - loss: 0.4315 (mae 0.0144 mrstft 0.4170) - val: 0.4357 (mae 0.0147 mrstft 0.4210) - lr: 3.00e-04 - 22.1s
Epoch 89/300 - loss: 0.4308 (mae 0.0137 mrstft 0.4170) - val: 0.4399 (mae 0.0124 mrstft 0.4275) - lr: 3.00e-04 - 22.2s
Epoch 90/300 - loss: 0.4279 (mae 0.0137 mrstft 0.4142) - val: 0.4224 (mae 0.0116 mrstft 0.4108) - lr: 3.00e-04 - 22.2s
Epoch 91/300 - loss: 0.4229 (mae 0.0129 mrstft 0.4100) - val: 0.4247 (mae 0.0109 mrstft 0.4138) - lr: 3.00e-04 - 22.2s
Epoch 92/300 - loss: 0.4223 (mae 0.0127 mrstft 0.4096) - val: 0.4335 (mae 0.0110 mrstft 0.4225) - lr: 3.00e-04 - 22.3s
Epoch 93/300 - loss: 0.4219 (mae 0.0126 mrstft 0.4093) - val: 0.3619 (mae 0.0105 mrstft 0.3514) - lr: 3.00e-04 - 22.2s
Epoch 94/300 - loss: 0.4165 (mae 0.0121 mrstft 0.4044) - val: 0.4326 (mae 0.0112 mrstft 0.4214) - lr: 3.00e-04 - 22.3s
Epoch 95/300 - loss: 0.4174 (mae 0.0126 mrstft 0.4048) - val: 0.4216 (mae 0.0111 mrstft 0.4105) - lr: 3.00e-04 - 22.1s
Epoch 96/300 - loss: 0.4183 (mae 0.0128 mrstft 0.4055) - val: 0.4221 (mae 0.0102 mrstft 0.4119) - lr: 3.00e-04 - 22.1s
Epoch 97/300 - loss: 0.4174 (mae 0.0134 mrstft 0.4040) - val: 0.4452 (mae 0.0155 mrstft 0.4297) - lr: 3.00e-04 - 22.1s
Epoch 98/300 - loss: 0.4171 (mae 0.0126 mrstft 0.4045) - val: 0.4211 (mae 0.0099 mrstft 0.4112) - lr: 3.00e-04 - 22.1s
Epoch 99/300 - loss: 0.4117 (mae 0.0119 mrstft 0.3998) - val: 0.4221 (mae 0.0128 mrstft 0.4094) - lr: 3.00e-04 - 22.0s
Epoch 100/300 - loss: 0.4138 (mae 0.0126 mrstft 0.4012) - val: 0.4234 (mae 0.0103 mrstft 0.4131) - lr: 3.00e-04 - 22.0s
Epoch 101/300 - loss: 0.4100 (mae 0.0119 mrstft 0.3981) - val: 0.3886 (mae 0.0122 mrstft 0.3764) - lr: 3.00e-04 - 22.0s
Epoch 102/300 - loss: 0.4046 (mae 0.0116 mrstft 0.3930) - val: 0.4047 (mae 0.0119 mrstft 0.3928) - lr: 3.00e-04 - 22.1s
Epoch 103/300 - loss: 0.4028 (mae 0.0116 mrstft 0.3912) - val: 0.4080 (mae 0.0131 mrstft 0.3949) - lr: 3.00e-04 - 22.0s
Epoch 104/300 - loss: 0.4014 (mae 0.0111 mrstft 0.3902) - val: 0.4147 (mae 0.0096 mrstft 0.4051) - lr: 3.00e-04 - 22.0s
Epoch 105/300 - loss: 0.4022 (mae 0.0119 mrstft 0.3904) - val: 0.4099 (mae 0.0141 mrstft 0.3959) - lr: 3.00e-04 - 22.0s
Epoch 106/300 - loss: 0.4000 (mae 0.0124 mrstft 0.3876) - val: 0.4022 (mae 0.0093 mrstft 0.3929) - lr: 3.00e-04 - 22.1s
Epoch 107/300 - loss: 0.3990 (mae 0.0115 mrstft 0.3874) - val: 0.4065 (mae 0.0141 mrstft 0.3924) - lr: 3.00e-04 - 22.1s
Epoch 108/300 - loss: 0.3962 (mae 0.0110 mrstft 0.3852) - val: 0.4036 (mae 0.0091 mrstft 0.3945) - lr: 3.00e-04 - 22.0s
Epoch 109/300 - loss: 0.3972 (mae 0.0111 mrstft 0.3861) - val: 0.3885 (mae 0.0093 mrstft 0.3792) - lr: 3.00e-04 - 22.0s
Epoch 110/300 - loss: 0.3913 (mae 0.0107 mrstft 0.3806) - val: 0.4013 (mae 0.0093 mrstft 0.3920) - lr: 3.00e-04 - 22.0s
Epoch 111/300 - loss: 0.3904 (mae 0.0113 mrstft 0.3791) - val: 0.4091 (mae 0.0149 mrstft 0.3942) - lr: 3.00e-04 - 22.1s
Epoch 112/300 - loss: 0.3913 (mae 0.0114 mrstft 0.3799) - val: 0.4009 (mae 0.0099 mrstft 0.3909) - lr: 3.00e-04 - 22.1s
Epoch 113/300 - loss: 0.3895 (mae 0.0107 mrstft 0.3789) - val: 0.3970 (mae 0.0087 mrstft 0.3883) - lr: 3.00e-04 - 22.1s
Epoch 114/300 - loss: 0.3896 (mae 0.0116 mrstft 0.3781) - val: 0.4006 (mae 0.0099 mrstft 0.3907) - lr: 1.50e-04 - 22.1s
Epoch 115/300 - loss: 0.3859 (mae 0.0102 mrstft 0.3757) - val: 0.3971 (mae 0.0087 mrstft 0.3884) - lr: 1.50e-04 - 22.1s
Epoch 116/300 - loss: 0.3810 (mae 0.0101 mrstft 0.3708) - val: 0.3985 (mae 0.0086 mrstft 0.3899) - lr: 1.50e-04 - 22.0s
Epoch 117/300 - loss: 0.3823 (mae 0.0099 mrstft 0.3724) - val: 0.3968 (mae 0.0088 mrstft 0.3880) - lr: 1.50e-04 - 22.1s
Epoch 118/300 - loss: 0.3828 (mae 0.0100 mrstft 0.3728) - val: 0.3977 (mae 0.0091 mrstft 0.3886) - lr: 1.50e-04 - 22.0s
Epoch 119/300 - loss: 0.3809 (mae 0.0098 mrstft 0.3710) - val: 0.3905 (mae 0.0090 mrstft 0.3815) - lr: 1.50e-04 - 22.0s
Epoch 120/300 - loss: 0.3803 (mae 0.0099 mrstft 0.3704) - val: 0.3816 (mae 0.0087 mrstft 0.3728) - lr: 1.50e-04 - 22.1s
Epoch 121/300 - loss: 0.3806 (mae 0.0100 mrstft 0.3706) - val: 0.3942 (mae 0.0088 mrstft 0.3853) - lr: 1.50e-04 - 22.1s
Epoch 122/300 - loss: 0.3819 (mae 0.0098 mrstft 0.3721) - val: 0.3908 (mae 0.0085 mrstft 0.3823) - lr: 1.50e-04 - 22.0s
Epoch 123/300 - loss: 0.3760 (mae 0.0096 mrstft 0.3664) - val: 0.3930 (mae 0.0086 mrstft 0.3844) - lr: 1.50e-04 - 22.0s
Epoch 124/300 - loss: 0.3804 (mae 0.0098 mrstft 0.3706) - val: 0.3887 (mae 0.0085 mrstft 0.3803) - lr: 1.50e-04 - 22.1s
Epoch 125/300 - loss: 0.3772 (mae 0.0094 mrstft 0.3678) - val: 0.3879 (mae 0.0084 mrstft 0.3794) - lr: 1.50e-04 - 22.1s
Epoch 126/300 - loss: 0.3778 (mae 0.0097 mrstft 0.3681) - val: 0.3849 (mae 0.0091 mrstft 0.3758) - lr: 1.50e-04 - 22.0s
Epoch 127/300 - loss: 0.3770 (mae 0.0097 mrstft 0.3673) - val: 0.3910 (mae 0.0095 mrstft 0.3815) - lr: 1.50e-04 - 22.0s
Epoch 128/300 - loss: 0.3778 (mae 0.0097 mrstft 0.3682) - val: 0.3898 (mae 0.0085 mrstft 0.3812) - lr: 1.50e-04 - 22.0s
Epoch 129/300 - loss: 0.3761 (mae 0.0097 mrstft 0.3665) - val: 0.3819 (mae 0.0084 mrstft 0.3734) - lr: 1.50e-04 - 22.1s
Epoch 130/300 - loss: 0.3798 (mae 0.0101 mrstft 0.3697) - val: 0.3936 (mae 0.0096 mrstft 0.3840) - lr: 1.50e-04 - 22.1s
Epoch 131/300 - loss: 0.3748 (mae 0.0096 mrstft 0.3653) - val: 0.3866 (mae 0.0089 mrstft 0.3776) - lr: 1.50e-04 - 22.0s
Epoch 132/300 - loss: 0.3769 (mae 0.0096 mrstft 0.3673) - val: 0.3788 (mae 0.0085 mrstft 0.3703) - lr: 1.50e-04 - 22.0s
Epoch 133/300 - loss: 0.3742 (mae 0.0093 mrstft 0.3649) - val: 0.3889 (mae 0.0084 mrstft 0.3805) - lr: 1.50e-04 - 22.0s
Early stopping: val_loss has not improved for 40 epochs.
Training complete in 49.2m (2953s)
Best val_loss: 0.3619
Weights exported to models/dist_09_gru128\weights.json
Loss history saved to models/dist_09_gru128\loss_history.csv
