Config: GRU_HIDDEN=256 CELL=gru L1_WEIGHT=10.0 LR=0.0001 CLIP=0.3 SCHED_PATIENCE=10
Loading training data...
  trainingDry.wav: 4875 train, 1218 val windows
  training-10dBDry.wav: 4875 train, 1218 val windows
Total: 9750 train, 2436 val windows  sr=48000
Using device: cuda
Optimizer: lr=0.0001 clip=0.3
Epoch 1/300 - loss: 2.8031 (mae 0.0714 mrstft 2.0890) - val: 2.6905 (mae 0.0633 mrstft 2.0570) - lr: 1.00e-04 - 75.5s
Epoch 2/300 - loss: 2.6047 (mae 0.0601 mrstft 2.0035) - val: 2.4722 (mae 0.0536 mrstft 1.9359) - lr: 1.00e-04 - 63.2s
Epoch 3/300 - loss: 2.3839 (mae 0.0537 mrstft 1.8467) - val: 2.2628 (mae 0.0522 mrstft 1.7408) - lr: 1.00e-04 - 62.9s
Epoch 4/300 - loss: 2.1510 (mae 0.0549 mrstft 1.6018) - val: 2.0630 (mae 0.0544 mrstft 1.5188) - lr: 1.00e-04 - 63.4s
Epoch 5/300 - loss: 2.0322 (mae 0.0552 mrstft 1.4800) - val: 1.9744 (mae 0.0543 mrstft 1.4312) - lr: 1.00e-04 - 63.4s
Epoch 6/300 - loss: 1.9804 (mae 0.0562 mrstft 1.4189) - val: 1.9141 (mae 0.0534 mrstft 1.3803) - lr: 1.00e-04 - 63.4s
Epoch 7/300 - loss: 1.9168 (mae 0.0559 mrstft 1.3579) - val: 2.0084 (mae 0.0675 mrstft 1.3336) - lr: 1.00e-04 - 72.1s
Epoch 8/300 - loss: 1.8923 (mae 0.0567 mrstft 1.3256) - val: 1.8349 (mae 0.0541 mrstft 1.2938) - lr: 1.00e-04 - 79.8s
Epoch 9/300 - loss: 1.8492 (mae 0.0566 mrstft 1.2831) - val: 1.8015 (mae 0.0543 mrstft 1.2588) - lr: 1.00e-04 - 78.8s
Epoch 10/300 - loss: 1.8374 (mae 0.0581 mrstft 1.2564) - val: 1.7822 (mae 0.0546 mrstft 1.2360) - lr: 1.00e-04 - 79.8s
Epoch 11/300 - loss: 1.8029 (mae 0.0573 mrstft 1.2297) - val: 1.7668 (mae 0.0552 mrstft 1.2146) - lr: 1.00e-04 - 79.9s
Epoch 12/300 - loss: 1.8106 (mae 0.0588 mrstft 1.2231) - val: 1.7724 (mae 0.0568 mrstft 1.2041) - lr: 1.00e-04 - 79.9s
Epoch 13/300 - loss: 1.7952 (mae 0.0588 mrstft 1.2068) - val: 1.7838 (mae 0.0589 mrstft 1.1944) - lr: 1.00e-04 - 82.6s
Epoch 14/300 - loss: 1.7779 (mae 0.0592 mrstft 1.1863) - val: 1.7628 (mae 0.0579 mrstft 1.1840) - lr: 1.00e-04 - 81.5s
Epoch 15/300 - loss: 1.7598 (mae 0.0592 mrstft 1.1675) - val: 1.7253 (mae 0.0569 mrstft 1.1567) - lr: 1.00e-04 - 82.2s
Epoch 16/300 - loss: 1.7273 (mae 0.0592 mrstft 1.1351) - val: 1.7582 (mae 0.0644 mrstft 1.1139) - lr: 1.00e-04 - 83.1s
Epoch 17/300 - loss: 1.6829 (mae 0.0591 mrstft 1.0919) - val: 1.6248 (mae 0.0559 mrstft 1.0662) - lr: 1.00e-04 - 83.2s
Epoch 18/300 - loss: 1.5274 (mae 0.0558 mrstft 0.9696) - val: 1.4175 (mae 0.0517 mrstft 0.9005) - lr: 1.00e-04 - 84.4s
Epoch 19/300 - loss: 1.4001 (mae 0.0528 mrstft 0.8716) - val: 1.3877 (mae 0.0537 mrstft 0.8508) - lr: 1.00e-04 - 84.8s
Epoch 20/300 - loss: 1.3591 (mae 0.0512 mrstft 0.8473) - val: 1.4225 (mae 0.0569 mrstft 0.8533) - lr: 1.00e-04 - 81.9s
Epoch 21/300 - loss: 1.3262 (mae 0.0498 mrstft 0.8278) - val: 1.3043 (mae 0.0487 mrstft 0.8177) - lr: 1.00e-04 - 82.4s
Epoch 22/300 - loss: 1.2909 (mae 0.0479 mrstft 0.8122) - val: 1.2611 (mae 0.0455 mrstft 0.8061) - lr: 1.00e-04 - 84.8s
Epoch 23/300 - loss: 1.2583 (mae 0.0464 mrstft 0.7947) - val: 1.2091 (mae 0.0430 mrstft 0.7787) - lr: 1.00e-04 - 84.7s
Epoch 24/300 - loss: 1.2340 (mae 0.0456 mrstft 0.7778) - val: 1.2589 (mae 0.0466 mrstft 0.7928) - lr: 1.00e-04 - 83.2s
Epoch 25/300 - loss: 1.2403 (mae 0.0468 mrstft 0.7720) - val: 1.1939 (mae 0.0437 mrstft 0.7565) - lr: 1.00e-04 - 83.9s
Epoch 26/300 - loss: 1.1872 (mae 0.0436 mrstft 0.7513) - val: 1.1741 (mae 0.0430 mrstft 0.7443) - lr: 1.00e-04 - 82.8s
Epoch 27/300 - loss: 1.1568 (mae 0.0419 mrstft 0.7378) - val: 1.1801 (mae 0.0435 mrstft 0.7450) - lr: 1.00e-04 - 86.0s
Epoch 28/300 - loss: 1.1694 (mae 0.0441 mrstft 0.7287) - val: 1.1296 (mae 0.0395 mrstft 0.7347) - lr: 1.00e-04 - 81.0s - skipped 3
Epoch 29/300 - loss: 1.1463 (mae 0.0419 mrstft 0.7275) - val: 1.1161 (mae 0.0395 mrstft 0.7215) - lr: 1.00e-04 - 85.0s
Epoch 30/300 - loss: 1.1198 (mae 0.0402 mrstft 0.7173) - val: 1.0863 (mae 0.0375 mrstft 0.7117) - lr: 1.00e-04 - 83.5s
Epoch 31/300 - loss: 1.1097 (mae 0.0398 mrstft 0.7117) - val: 1.1520 (mae 0.0430 mrstft 0.7223) - lr: 1.00e-04 - 83.8s
Epoch 32/300 - loss: 1.1089 (mae 0.0399 mrstft 0.7095) - val: 1.1350 (mae 0.0419 mrstft 0.7158) - lr: 1.00e-04 - 81.0s
Epoch 33/300 - loss: 1.0898 (mae 0.0387 mrstft 0.7030) - val: 1.0472 (mae 0.0352 mrstft 0.6955) - lr: 1.00e-04 - 84.4s
Epoch 34/300 - loss: 1.0706 (mae 0.0378 mrstft 0.6929) - val: 1.1358 (mae 0.0431 mrstft 0.7048) - lr: 1.00e-04 - 82.8s
Epoch 35/300 - loss: 1.0516 (mae 0.0367 mrstft 0.6846) - val: 1.0325 (mae 0.0338 mrstft 0.6946) - lr: 1.00e-04 - 83.5s
Epoch 36/300 - loss: 1.0338 (mae 0.0356 mrstft 0.6776) - val: 1.0100 (mae 0.0341 mrstft 0.6694) - lr: 1.00e-04 - 82.7s
Epoch 37/300 - loss: 1.0222 (mae 0.0353 mrstft 0.6688) - val: 0.9999 (mae 0.0337 mrstft 0.6631) - lr: 1.00e-04 - 82.5s
Epoch 38/300 - loss: 1.0062 (mae 0.0346 mrstft 0.6607) - val: 0.9922 (mae 0.0339 mrstft 0.6529) - lr: 1.00e-04 - 83.0s
Epoch 39/300 - loss: 0.9950 (mae 0.0340 mrstft 0.6548) - val: 0.9791 (mae 0.0321 mrstft 0.6580) - lr: 1.00e-04 - 82.4s
Epoch 40/300 - loss: 0.9692 (mae 0.0327 mrstft 0.6424) - val: 0.9447 (mae 0.0310 mrstft 0.6344) - lr: 1.00e-04 - 84.6s
Epoch 41/300 - loss: 0.9687 (mae 0.0330 mrstft 0.6388) - val: 0.9277 (mae 0.0301 mrstft 0.6268) - lr: 1.00e-04 - 85.8s
Epoch 42/300 - loss: 0.9376 (mae 0.0312 mrstft 0.6253) - val: 0.9111 (mae 0.0293 mrstft 0.6182) - lr: 1.00e-04 - 84.2s
Epoch 43/300 - loss: 0.9190 (mae 0.0305 mrstft 0.6145) - val: 0.9047 (mae 0.0286 mrstft 0.6187) - lr: 1.00e-04 - 83.9s
Epoch 44/300 - loss: 0.9022 (mae 0.0295 mrstft 0.6068) - val: 0.9013 (mae 0.0283 mrstft 0.6187) - lr: 1.00e-04 - 83.0s
Epoch 45/300 - loss: 0.8871 (mae 0.0289 mrstft 0.5978) - val: 0.8640 (mae 0.0271 mrstft 0.5931) - lr: 1.00e-04 - 85.9s
Epoch 46/300 - loss: 0.8725 (mae 0.0283 mrstft 0.5890) - val: 0.8605 (mae 0.0273 mrstft 0.5873) - lr: 1.00e-04 - 81.7s
Epoch 47/300 - loss: 0.8586 (mae 0.0277 mrstft 0.5818) - val: 0.8701 (mae 0.0265 mrstft 0.6054) - lr: 1.00e-04 - 83.0s
Epoch 48/300 - loss: 0.8533 (mae 0.0274 mrstft 0.5795) - val: 0.8288 (mae 0.0258 mrstft 0.5706) - lr: 1.00e-04 - 81.8s
Epoch 49/300 - loss: 0.8387 (mae 0.0268 mrstft 0.5704) - val: 0.8275 (mae 0.0257 mrstft 0.5709) - lr: 1.00e-04 - 86.2s
Epoch 50/300 - loss: 0.8254 (mae 0.0262 mrstft 0.5638) - val: 0.8071 (mae 0.0251 mrstft 0.5557) - lr: 1.00e-04 - 84.3s
Epoch 51/300 - loss: 0.8203 (mae 0.0261 mrstft 0.5592) - val: 0.8073 (mae 0.0253 mrstft 0.5545) - lr: 1.00e-04 - 82.9s
Epoch 52/300 - loss: 0.8073 (mae 0.0256 mrstft 0.5515) - val: 0.7848 (mae 0.0238 mrstft 0.5464) - lr: 1.00e-04 - 84.9s
Epoch 53/300 - loss: 0.7957 (mae 0.0250 mrstft 0.5457) - val: 0.7872 (mae 0.0237 mrstft 0.5504) - lr: 1.00e-04 - 77.9s
Epoch 54/300 - loss: 0.7946 (mae 0.0251 mrstft 0.5433) - val: 0.7687 (mae 0.0236 mrstft 0.5330) - lr: 1.00e-04 - 81.5s
Epoch 55/300 - loss: 0.7831 (mae 0.0248 mrstft 0.5349) - val: 0.7710 (mae 0.0237 mrstft 0.5338) - lr: 1.00e-04 - 82.2s
Epoch 56/300 - loss: 0.7832 (mae 0.0244 mrstft 0.5387) - val: 0.7628 (mae 0.0231 mrstft 0.5315) - lr: 1.00e-04 - 81.5s
Epoch 57/300 - loss: 0.7648 (mae 0.0239 mrstft 0.5261) - val: 0.7467 (mae 0.0227 mrstft 0.5195) - lr: 1.00e-04 - 81.8s
Epoch 58/300 - loss: 0.7570 (mae 0.0235 mrstft 0.5220) - val: 0.7940 (mae 0.0238 mrstft 0.5565) - lr: 1.00e-04 - 82.4s
Epoch 59/300 - loss: 0.7553 (mae 0.0235 mrstft 0.5205) - val: 0.7444 (mae 0.0219 mrstft 0.5255) - lr: 1.00e-04 - 82.7s
Epoch 60/300 - loss: 0.7355 (mae 0.0227 mrstft 0.5082) - val: 0.7194 (mae 0.0213 mrstft 0.5064) - lr: 1.00e-04 - 85.0s
Epoch 61/300 - loss: 0.7328 (mae 0.0225 mrstft 0.5078) - val: 0.7314 (mae 0.0217 mrstft 0.5146) - lr: 1.00e-04 - 84.4s
Epoch 62/300 - loss: 0.7195 (mae 0.0220 mrstft 0.4996) - val: 0.7269 (mae 0.0226 mrstft 0.5008) - lr: 1.00e-04 - 84.1s
Epoch 63/300 - loss: 0.7107 (mae 0.0217 mrstft 0.4933) - val: 0.6887 (mae 0.0202 mrstft 0.4868) - lr: 1.00e-04 - 82.7s
Epoch 64/300 - loss: 0.7001 (mae 0.0214 mrstft 0.4866) - val: 0.6835 (mae 0.0199 mrstft 0.4843) - lr: 1.00e-04 - 85.5s
Epoch 65/300 - loss: 0.6941 (mae 0.0209 mrstft 0.4853) - val: 0.6789 (mae 0.0197 mrstft 0.4817) - lr: 1.00e-04 - 84.6s
Epoch 66/300 - loss: 0.6866 (mae 0.0206 mrstft 0.4804) - val: 0.6661 (mae 0.0192 mrstft 0.4746) - lr: 1.00e-04 - 84.8s
Epoch 67/300 - loss: 0.6789 (mae 0.0201 mrstft 0.4780) - val: 0.6733 (mae 0.0200 mrstft 0.4735) - lr: 1.00e-04 - 83.0s
Epoch 68/300 - loss: 0.6698 (mae 0.0197 mrstft 0.4728) - val: 0.6502 (mae 0.0182 mrstft 0.4685) - lr: 1.00e-04 - 81.3s
Epoch 69/300 - loss: 0.6663 (mae 0.0192 mrstft 0.4741) - val: 0.6462 (mae 0.0179 mrstft 0.4673) - lr: 1.00e-04 - 81.3s
Epoch 70/300 - loss: 0.6535 (mae 0.0186 mrstft 0.4670) - val: 0.6436 (mae 0.0177 mrstft 0.4670) - lr: 1.00e-04 - 85.3s
Epoch 71/300 - loss: 0.6488 (mae 0.0183 mrstft 0.4656) - val: 0.6598 (mae 0.0176 mrstft 0.4834) - lr: 1.00e-04 - 84.5s
Epoch 72/300 - loss: 0.6413 (mae 0.0179 mrstft 0.4619) - val: 0.6290 (mae 0.0167 mrstft 0.4625) - lr: 1.00e-04 - 83.3s
Epoch 73/300 - loss: 0.6334 (mae 0.0176 mrstft 0.4575) - val: 0.6273 (mae 0.0170 mrstft 0.4570) - lr: 1.00e-04 - 82.0s
Epoch 74/300 - loss: 0.6279 (mae 0.0173 mrstft 0.4547) - val: 0.6294 (mae 0.0175 mrstft 0.4549) - lr: 1.00e-04 - 84.9s
Epoch 75/300 - loss: 0.6234 (mae 0.0172 mrstft 0.4513) - val: 0.6206 (mae 0.0160 mrstft 0.4603) - lr: 1.00e-04 - 84.1s
Epoch 76/300 - loss: 0.6168 (mae 0.0166 mrstft 0.4506) - val: 0.6078 (mae 0.0156 mrstft 0.4514) - lr: 1.00e-04 - 83.0s
Epoch 77/300 - loss: 0.6065 (mae 0.0160 mrstft 0.4468) - val: 0.5955 (mae 0.0151 mrstft 0.4447) - lr: 1.00e-04 - 83.1s
Epoch 78/300 - loss: 0.6019 (mae 0.0156 mrstft 0.4455) - val: 0.5921 (mae 0.0149 mrstft 0.4430) - lr: 1.00e-04 - 83.2s
Epoch 79/300 - loss: 0.5987 (mae 0.0153 mrstft 0.4452) - val: 0.6007 (mae 0.0146 mrstft 0.4543) - lr: 1.00e-04 - 82.9s
Epoch 80/300 - loss: 0.5917 (mae 0.0151 mrstft 0.4410) - val: 0.5855 (mae 0.0144 mrstft 0.4415) - lr: 1.00e-04 - 82.3s
Epoch 81/300 - loss: 0.5883 (mae 0.0149 mrstft 0.4395) - val: 0.5833 (mae 0.0145 mrstft 0.4383) - lr: 1.00e-04 - 84.3s
Epoch 82/300 - loss: 0.5812 (mae 0.0142 mrstft 0.4387) - val: 0.5708 (mae 0.0133 mrstft 0.4382) - lr: 1.00e-04 - 83.5s
Epoch 83/300 - loss: 0.5761 (mae 0.0140 mrstft 0.4359) - val: 0.5651 (mae 0.0130 mrstft 0.4355) - lr: 1.00e-04 - 84.9s
Epoch 84/300 - loss: 0.5701 (mae 0.0136 mrstft 0.4344) - val: 0.5605 (mae 0.0128 mrstft 0.4324) - lr: 1.00e-04 - 81.6s
Epoch 85/300 - loss: 0.5680 (mae 0.0137 mrstft 0.4306) - val: 0.5595 (mae 0.0132 mrstft 0.4273) - lr: 1.00e-04 - 84.6s
Epoch 86/300 - loss: 0.5628 (mae 0.0134 mrstft 0.4292) - val: 0.5553 (mae 0.0125 mrstft 0.4300) - lr: 1.00e-04 - 86.5s
Epoch 87/300 - loss: 0.5562 (mae 0.0129 mrstft 0.4270) - val: 0.5616 (mae 0.0135 mrstft 0.4268) - lr: 1.00e-04 - 83.5s
Epoch 88/300 - loss: 0.5528 (mae 0.0129 mrstft 0.4233) - val: 0.5541 (mae 0.0131 mrstft 0.4236) - lr: 1.00e-04 - 83.6s
Epoch 89/300 - loss: 0.5461 (mae 0.0123 mrstft 0.4233) - val: 0.5324 (mae 0.0112 mrstft 0.4208) - lr: 1.00e-04 - 85.3s
Epoch 90/300 - loss: 0.5389 (mae 0.0119 mrstft 0.4197) - val: 0.5381 (mae 0.0111 mrstft 0.4270) - lr: 1.00e-04 - 82.6s
Epoch 91/300 - loss: 0.5325 (mae 0.0116 mrstft 0.4168) - val: 0.5435 (mae 0.0126 mrstft 0.4172) - lr: 1.00e-04 - 84.8s
Epoch 92/300 - loss: 0.5295 (mae 0.0113 mrstft 0.4160) - val: 0.5352 (mae 0.0107 mrstft 0.4283) - lr: 1.00e-04 - 85.3s
Epoch 93/300 - loss: 0.5222 (mae 0.0109 mrstft 0.4134) - val: 0.5137 (mae 0.0100 mrstft 0.4136) - lr: 1.00e-04 - 81.5s
Epoch 94/300 - loss: 0.5181 (mae 0.0108 mrstft 0.4105) - val: 0.5131 (mae 0.0102 mrstft 0.4115) - lr: 1.00e-04 - 86.0s
Epoch 95/300 - loss: 0.5110 (mae 0.0104 mrstft 0.4074) - val: 0.5104 (mae 0.0099 mrstft 0.4118) - lr: 1.00e-04 - 84.5s
Epoch 96/300 - loss: 0.5085 (mae 0.0102 mrstft 0.4064) - val: 0.4983 (mae 0.0095 mrstft 0.4037) - lr: 1.00e-04 - 85.1s
Epoch 97/300 - loss: 0.5056 (mae 0.0102 mrstft 0.4036) - val: 0.5242 (mae 0.0101 mrstft 0.4233) - lr: 1.00e-04 - 85.0s
Epoch 98/300 - loss: 0.5003 (mae 0.0100 mrstft 0.4008) - val: 0.4928 (mae 0.0094 mrstft 0.3983) - lr: 1.00e-04 - 84.5s
Epoch 99/300 - loss: 0.4897 (mae 0.0094 mrstft 0.3960) - val: 0.4843 (mae 0.0088 mrstft 0.3967) - lr: 1.00e-04 - 84.0s
Epoch 100/300 - loss: 0.4887 (mae 0.0094 mrstft 0.3946) - val: 0.4880 (mae 0.0093 mrstft 0.3948) - lr: 1.00e-04 - 84.5s
Epoch 101/300 - loss: 0.4836 (mae 0.0093 mrstft 0.3909) - val: 0.4918 (mae 0.0089 mrstft 0.4031) - lr: 1.00e-04 - 83.2s
Epoch 102/300 - loss: 0.4830 (mae 0.0092 mrstft 0.3909) - val: 0.4880 (mae 0.0101 mrstft 0.3871) - lr: 1.00e-04 - 84.8s
Epoch 103/300 - loss: 0.4735 (mae 0.0088 mrstft 0.3855) - val: 0.4688 (mae 0.0082 mrstft 0.3864) - lr: 1.00e-04 - 81.9s
Epoch 104/300 - loss: 0.4645 (mae 0.0086 mrstft 0.3782) - val: 0.4607 (mae 0.0085 mrstft 0.3762) - lr: 1.00e-04 - 84.9s
Epoch 105/300 - loss: 0.4605 (mae 0.0087 mrstft 0.3739) - val: 0.4577 (mae 0.0080 mrstft 0.3777) - lr: 1.00e-04 - 84.4s
Epoch 106/300 - loss: 0.4550 (mae 0.0084 mrstft 0.3711) - val: 0.4482 (mae 0.0078 mrstft 0.3698) - lr: 1.00e-04 - 85.5s
Epoch 107/300 - loss: 0.4494 (mae 0.0081 mrstft 0.3683) - val: 0.4564 (mae 0.0085 mrstft 0.3715) - lr: 1.00e-04 - 81.8s
Epoch 108/300 - loss: 0.4480 (mae 0.0082 mrstft 0.3659) - val: 0.4403 (mae 0.0075 mrstft 0.3649) - lr: 1.00e-04 - 83.5s
Epoch 109/300 - loss: 0.4437 (mae 0.0080 mrstft 0.3639) - val: 0.4333 (mae 0.0070 mrstft 0.3629) - lr: 1.00e-04 - 81.2s
Epoch 110/300 - loss: 0.4372 (mae 0.0077 mrstft 0.3600) - val: 0.4312 (mae 0.0071 mrstft 0.3600) - lr: 1.00e-04 - 81.9s
Epoch 111/300 - loss: 0.4347 (mae 0.0077 mrstft 0.3578) - val: 0.4319 (mae 0.0071 mrstft 0.3613) - lr: 1.00e-04 - 81.7s
Epoch 112/300 - loss: 0.4320 (mae 0.0074 mrstft 0.3576) - val: 0.4250 (mae 0.0068 mrstft 0.3566) - lr: 1.00e-04 - 84.5s
Epoch 113/300 - loss: 0.4276 (mae 0.0073 mrstft 0.3542) - val: 0.4188 (mae 0.0069 mrstft 0.3500) - lr: 1.00e-04 - 81.9s
Epoch 114/300 - loss: 0.4241 (mae 0.0072 mrstft 0.3518) - val: 0.4211 (mae 0.0068 mrstft 0.3527) - lr: 1.00e-04 - 83.3s
Epoch 115/300 - loss: 0.4211 (mae 0.0073 mrstft 0.3485) - val: 0.4179 (mae 0.0068 mrstft 0.3500) - lr: 1.00e-04 - 84.2s
Epoch 116/300 - loss: 0.4176 (mae 0.0072 mrstft 0.3453) - val: 0.4235 (mae 0.0078 mrstft 0.3450) - lr: 1.00e-04 - 85.7s
Epoch 117/300 - loss: 0.4143 (mae 0.0071 mrstft 0.3433) - val: 0.4390 (mae 0.0091 mrstft 0.3485) - lr: 1.00e-04 - 86.2s
Epoch 118/300 - loss: 0.4121 (mae 0.0070 mrstft 0.3420) - val: 0.4098 (mae 0.0067 mrstft 0.3430) - lr: 1.00e-04 - 83.8s
Epoch 119/300 - loss: 0.4066 (mae 0.0068 mrstft 0.3384) - val: 0.4494 (mae 0.0093 mrstft 0.3563) - lr: 1.00e-04 - 84.7s
Epoch 120/300 - loss: 0.4081 (mae 0.0070 mrstft 0.3381) - val: 0.4062 (mae 0.0066 mrstft 0.3402) - lr: 1.00e-04 - 84.1s
Epoch 121/300 - loss: 0.4044 (mae 0.0067 mrstft 0.3369) - val: 0.4016 (mae 0.0064 mrstft 0.3378) - lr: 1.00e-04 - 81.9s
Epoch 122/300 - loss: 0.4005 (mae 0.0066 mrstft 0.3345) - val: 0.4077 (mae 0.0072 mrstft 0.3354) - lr: 1.00e-04 - 82.8s
Epoch 123/300 - loss: 0.3989 (mae 0.0068 mrstft 0.3313) - val: 0.3983 (mae 0.0067 mrstft 0.3314) - lr: 1.00e-04 - 83.0s
Epoch 124/300 - loss: 0.3965 (mae 0.0066 mrstft 0.3302) - val: 0.3897 (mae 0.0059 mrstft 0.3307) - lr: 1.00e-04 - 84.6s
Epoch 125/300 - loss: 0.3933 (mae 0.0065 mrstft 0.3288) - val: 0.3893 (mae 0.0060 mrstft 0.3293) - lr: 1.00e-04 - 82.3s
Epoch 126/300 - loss: 0.3896 (mae 0.0064 mrstft 0.3260) - val: 0.3999 (mae 0.0071 mrstft 0.3289) - lr: 1.00e-04 - 81.9s
Epoch 127/300 - loss: 0.3916 (mae 0.0066 mrstft 0.3259) - val: 0.3847 (mae 0.0059 mrstft 0.3254) - lr: 1.00e-04 - 86.7s
Epoch 128/300 - loss: 0.3863 (mae 0.0063 mrstft 0.3234) - val: 0.3879 (mae 0.0064 mrstft 0.3237) - lr: 1.00e-04 - 83.3s
Epoch 129/300 - loss: 0.3846 (mae 0.0063 mrstft 0.3218) - val: 0.3872 (mae 0.0062 mrstft 0.3251) - lr: 1.00e-04 - 81.4s
Epoch 130/300 - loss: 0.3809 (mae 0.0061 mrstft 0.3195) - val: 0.3885 (mae 0.0069 mrstft 0.3197) - lr: 1.00e-04 - 82.1s
Epoch 131/300 - loss: 0.3803 (mae 0.0063 mrstft 0.3176) - val: 0.3714 (mae 0.0055 mrstft 0.3167) - lr: 1.00e-04 - 82.6s
Epoch 132/300 - loss: 0.3778 (mae 0.0061 mrstft 0.3165) - val: 0.3942 (mae 0.0076 mrstft 0.3185) - lr: 1.00e-04 - 83.0s
Epoch 133/300 - loss: 0.3758 (mae 0.0061 mrstft 0.3148) - val: 0.3844 (mae 0.0069 mrstft 0.3157) - lr: 1.00e-04 - 83.3s
Epoch 134/300 - loss: 0.3735 (mae 0.0061 mrstft 0.3127) - val: 0.3791 (mae 0.0062 mrstft 0.3174) - lr: 1.00e-04 - 85.0s
Epoch 135/300 - loss: 0.3725 (mae 0.0060 mrstft 0.3125) - val: 0.3686 (mae 0.0056 mrstft 0.3129) - lr: 1.00e-04 - 84.2s
Epoch 136/300 - loss: 0.3714 (mae 0.0060 mrstft 0.3111) - val: 0.3695 (mae 0.0055 mrstft 0.3147) - lr: 1.00e-04 - 83.8s
Epoch 137/300 - loss: 0.3727 (mae 0.0060 mrstft 0.3129) - val: 0.3723 (mae 0.0057 mrstft 0.3151) - lr: 1.00e-04 - 83.4s
Epoch 138/300 - loss: 0.3695 (mae 0.0059 mrstft 0.3103) - val: 0.3712 (mae 0.0056 mrstft 0.3152) - lr: 1.00e-04 - 84.0s
Epoch 139/300 - loss: 0.3687 (mae 0.0058 mrstft 0.3109) - val: 0.3814 (mae 0.0070 mrstft 0.3117) - lr: 1.00e-04 - 82.4s
Epoch 140/300 - loss: 0.3669 (mae 0.0058 mrstft 0.3086) - val: 0.3587 (mae 0.0051 mrstft 0.3080) - lr: 1.00e-04 - 82.2s
Epoch 141/300 - loss: 0.3630 (mae 0.0057 mrstft 0.3063) - val: 0.3576 (mae 0.0053 mrstft 0.3046) - lr: 1.00e-04 - 82.2s
Epoch 142/300 - loss: 0.3618 (mae 0.0057 mrstft 0.3044) - val: 0.3550 (mae 0.0050 mrstft 0.3047) - lr: 1.00e-04 - 82.8s
Epoch 143/300 - loss: 0.3598 (mae 0.0057 mrstft 0.3025) - val: 0.3577 (mae 0.0053 mrstft 0.3046) - lr: 1.00e-04 - 80.8s
Epoch 144/300 - loss: 0.3600 (mae 0.0058 mrstft 0.3021) - val: 0.3538 (mae 0.0052 mrstft 0.3022) - lr: 1.00e-04 - 82.8s
Epoch 145/300 - loss: 0.3584 (mae 0.0056 mrstft 0.3020) - val: 0.3920 (mae 0.0088 mrstft 0.3044) - lr: 1.00e-04 - 82.0s
Epoch 146/300 - loss: 0.3568 (mae 0.0057 mrstft 0.3002) - val: 0.3630 (mae 0.0061 mrstft 0.3020) - lr: 1.00e-04 - 83.0s
Epoch 147/300 - loss: 0.3538 (mae 0.0055 mrstft 0.2987) - val: 0.3476 (mae 0.0049 mrstft 0.2987) - lr: 1.00e-04 - 83.3s
Epoch 148/300 - loss: 0.3566 (mae 0.0056 mrstft 0.3008) - val: 0.3533 (mae 0.0052 mrstft 0.3017) - lr: 1.00e-04 - 83.1s
Epoch 149/300 - loss: 0.3531 (mae 0.0055 mrstft 0.2977) - val: 0.3530 (mae 0.0054 mrstft 0.2995) - lr: 1.00e-04 - 83.7s
Epoch 150/300 - loss: 0.3527 (mae 0.0056 mrstft 0.2965) - val: 0.3428 (mae 0.0048 mrstft 0.2946) - lr: 1.00e-04 - 82.4s
Epoch 151/300 - loss: 0.3481 (mae 0.0054 mrstft 0.2940) - val: 0.3483 (mae 0.0053 mrstft 0.2958) - lr: 1.00e-04 - 84.2s
Epoch 152/300 - loss: 0.3478 (mae 0.0055 mrstft 0.2932) - val: 0.3538 (mae 0.0058 mrstft 0.2957) - lr: 1.00e-04 - 85.9s
Epoch 153/300 - loss: 0.3486 (mae 0.0054 mrstft 0.2944) - val: 0.3426 (mae 0.0048 mrstft 0.2945) - lr: 1.00e-04 - 83.8s
Epoch 154/300 - loss: 0.3459 (mae 0.0053 mrstft 0.2925) - val: 0.3479 (mae 0.0053 mrstft 0.2948) - lr: 1.00e-04 - 82.5s
Epoch 155/300 - loss: 0.3430 (mae 0.0053 mrstft 0.2900) - val: 0.3421 (mae 0.0051 mrstft 0.2912) - lr: 1.00e-04 - 82.4s
Epoch 156/300 - loss: 0.3433 (mae 0.0053 mrstft 0.2905) - val: 0.3468 (mae 0.0054 mrstft 0.2931) - lr: 1.00e-04 - 82.1s
Epoch 157/300 - loss: 0.3427 (mae 0.0051 mrstft 0.2915) - val: 0.3450 (mae 0.0050 mrstft 0.2948) - lr: 1.00e-04 - 83.9s
Epoch 158/300 - loss: 0.3432 (mae 0.0053 mrstft 0.2906) - val: 0.3420 (mae 0.0051 mrstft 0.2907) - lr: 1.00e-04 - 84.9s
Epoch 159/300 - loss: 0.3422 (mae 0.0052 mrstft 0.2902) - val: 0.3414 (mae 0.0050 mrstft 0.2911) - lr: 1.00e-04 - 84.8s
Epoch 160/300 - loss: 0.3397 (mae 0.0050 mrstft 0.2899) - val: 0.3375 (mae 0.0045 mrstft 0.2929) - lr: 1.00e-04 - 80.4s
Epoch 161/300 - loss: 0.3425 (mae 0.0052 mrstft 0.2902) - val: 0.3421 (mae 0.0049 mrstft 0.2936) - lr: 1.00e-04 - 83.2s
Epoch 162/300 - loss: 0.3399 (mae 0.0051 mrstft 0.2891) - val: 0.3480 (mae 0.0054 mrstft 0.2937) - lr: 1.00e-04 - 82.3s
Epoch 163/300 - loss: 0.3370 (mae 0.0051 mrstft 0.2859) - val: 0.3391 (mae 0.0052 mrstft 0.2869) - lr: 1.00e-04 - 83.7s
Epoch 164/300 - loss: 0.3360 (mae 0.0051 mrstft 0.2849) - val: 0.3361 (mae 0.0050 mrstft 0.2858) - lr: 1.00e-04 - 83.7s
Epoch 165/300 - loss: 0.3349 (mae 0.0052 mrstft 0.2833) - val: 0.3299 (mae 0.0046 mrstft 0.2836) - lr: 1.00e-04 - 81.1s
Epoch 166/300 - loss: 0.3319 (mae 0.0049 mrstft 0.2825) - val: 0.3355 (mae 0.0050 mrstft 0.2858) - lr: 1.00e-04 - 81.6s
Epoch 167/300 - loss: 0.3356 (mae 0.0052 mrstft 0.2833) - val: 0.3433 (mae 0.0057 mrstft 0.2862) - lr: 1.00e-04 - 84.4s
Epoch 168/300 - loss: 0.3336 (mae 0.0052 mrstft 0.2815) - val: 0.3407 (mae 0.0058 mrstft 0.2825) - lr: 1.00e-04 - 84.1s
Epoch 169/300 - loss: 0.3326 (mae 0.0051 mrstft 0.2814) - val: 0.3258 (mae 0.0045 mrstft 0.2809) - lr: 1.00e-04 - 84.9s
Epoch 170/300 - loss: 0.3272 (mae 0.0047 mrstft 0.2799) - val: 0.3257 (mae 0.0045 mrstft 0.2811) - lr: 1.00e-04 - 82.0s
Epoch 171/300 - loss: 0.3283 (mae 0.0049 mrstft 0.2795) - val: 0.3288 (mae 0.0047 mrstft 0.2819) - lr: 1.00e-04 - 83.1s
Epoch 172/300 - loss: 0.3273 (mae 0.0049 mrstft 0.2780) - val: 0.3224 (mae 0.0043 mrstft 0.2795) - lr: 1.00e-04 - 83.4s
Epoch 173/300 - loss: 0.3259 (mae 0.0048 mrstft 0.2779) - val: 0.3219 (mae 0.0043 mrstft 0.2785) - lr: 1.00e-04 - 83.7s
Epoch 174/300 - loss: 0.3252 (mae 0.0048 mrstft 0.2768) - val: 0.3257 (mae 0.0046 mrstft 0.2801) - lr: 1.00e-04 - 83.1s
Epoch 175/300 - loss: 0.3240 (mae 0.0048 mrstft 0.2757) - val: 0.3330 (mae 0.0054 mrstft 0.2795) - lr: 1.00e-04 - 81.3s
Epoch 176/300 - loss: 0.3244 (mae 0.0048 mrstft 0.2767) - val: 0.3324 (mae 0.0053 mrstft 0.2796) - lr: 1.00e-04 - 80.1s
Epoch 177/300 - loss: 0.3223 (mae 0.0046 mrstft 0.2759) - val: 0.3232 (mae 0.0046 mrstft 0.2771) - lr: 1.00e-04 - 82.7s
Epoch 178/300 - loss: 0.3239 (mae 0.0049 mrstft 0.2754) - val: 0.3190 (mae 0.0042 mrstft 0.2768) - lr: 1.00e-04 - 83.0s
Epoch 179/300 - loss: 0.3233 (mae 0.0048 mrstft 0.2753) - val: 0.3227 (mae 0.0046 mrstft 0.2765) - lr: 1.00e-04 - 83.4s
Epoch 180/300 - loss: 0.3215 (mae 0.0048 mrstft 0.2736) - val: 0.3168 (mae 0.0043 mrstft 0.2740) - lr: 1.00e-04 - 83.3s
Epoch 181/300 - loss: 0.3210 (mae 0.0048 mrstft 0.2733) - val: 0.3253 (mae 0.0046 mrstft 0.2795) - lr: 1.00e-04 - 78.8s
Epoch 182/300 - loss: 0.3209 (mae 0.0048 mrstft 0.2733) - val: 0.3206 (mae 0.0047 mrstft 0.2740) - lr: 1.00e-04 - 84.2s
Epoch 183/300 - loss: 0.3179 (mae 0.0046 mrstft 0.2716) - val: 0.3305 (mae 0.0044 mrstft 0.2863) - lr: 1.00e-04 - 84.3s
Epoch 184/300 - loss: 0.3176 (mae 0.0046 mrstft 0.2712) - val: 0.3144 (mae 0.0041 mrstft 0.2737) - lr: 1.00e-04 - 83.7s
Epoch 185/300 - loss: 0.3165 (mae 0.0046 mrstft 0.2704) - val: 0.3173 (mae 0.0045 mrstft 0.2721) - lr: 1.00e-04 - 81.4s
Epoch 186/300 - loss: 0.3163 (mae 0.0047 mrstft 0.2697) - val: 0.3146 (mae 0.0043 mrstft 0.2715) - lr: 1.00e-04 - 83.4s
Epoch 187/300 - loss: 0.3157 (mae 0.0047 mrstft 0.2687) - val: 0.3233 (mae 0.0048 mrstft 0.2748) - lr: 1.00e-04 - 82.8s
Epoch 188/300 - loss: 0.3138 (mae 0.0045 mrstft 0.2686) - val: 0.3183 (mae 0.0045 mrstft 0.2737) - lr: 1.00e-04 - 85.3s
Epoch 189/300 - loss: 0.3127 (mae 0.0045 mrstft 0.2676) - val: 0.3163 (mae 0.0047 mrstft 0.2692) - lr: 1.00e-04 - 84.9s
Epoch 190/300 - loss: 0.3149 (mae 0.0047 mrstft 0.2680) - val: 0.3125 (mae 0.0044 mrstft 0.2689) - lr: 1.00e-04 - 82.3s
Epoch 191/300 - loss: 0.3147 (mae 0.0046 mrstft 0.2684) - val: 0.3214 (mae 0.0048 mrstft 0.2732) - lr: 1.00e-04 - 83.0s
Epoch 192/300 - loss: 0.3129 (mae 0.0045 mrstft 0.2678) - val: 0.3105 (mae 0.0042 mrstft 0.2687) - lr: 1.00e-04 - 83.3s
Epoch 193/300 - loss: 0.3153 (mae 0.0046 mrstft 0.2689) - val: 0.3120 (mae 0.0042 mrstft 0.2702) - lr: 1.00e-04 - 84.7s
Epoch 194/300 - loss: 0.3123 (mae 0.0044 mrstft 0.2683) - val: 0.3107 (mae 0.0041 mrstft 0.2695) - lr: 1.00e-04 - 82.9s
Epoch 195/300 - loss: 0.3124 (mae 0.0045 mrstft 0.2675) - val: 0.3068 (mae 0.0040 mrstft 0.2666) - lr: 1.00e-04 - 84.4s
Epoch 196/300 - loss: 0.3105 (mae 0.0044 mrstft 0.2663) - val: 0.3088 (mae 0.0041 mrstft 0.2676) - lr: 1.00e-04 - 83.6s
Epoch 197/300 - loss: 0.3108 (mae 0.0046 mrstft 0.2653) - val: 0.3177 (mae 0.0050 mrstft 0.2673) - lr: 1.00e-04 - 82.7s
Epoch 198/300 - loss: 0.3082 (mae 0.0044 mrstft 0.2637) - val: 0.3042 (mae 0.0040 mrstft 0.2644) - lr: 1.00e-04 - 83.2s
Epoch 199/300 - loss: 0.3083 (mae 0.0045 mrstft 0.2634) - val: 0.3062 (mae 0.0042 mrstft 0.2638) - lr: 1.00e-04 - 85.8s
Epoch 200/300 - loss: 0.3057 (mae 0.0043 mrstft 0.2624) - val: 0.3327 (mae 0.0063 mrstft 0.2697) - lr: 1.00e-04 - 84.1s
Epoch 201/300 - loss: 0.3061 (mae 0.0044 mrstft 0.2618) - val: 0.3026 (mae 0.0039 mrstft 0.2633) - lr: 1.00e-04 - 83.8s
Epoch 202/300 - loss: 0.3071 (mae 0.0045 mrstft 0.2620) - val: 0.3018 (mae 0.0039 mrstft 0.2625) - lr: 1.00e-04 - 82.4s
Epoch 203/300 - loss: 0.3053 (mae 0.0044 mrstft 0.2617) - val: 0.3047 (mae 0.0040 mrstft 0.2651) - lr: 1.00e-04 - 83.1s
Epoch 204/300 - loss: 0.3045 (mae 0.0044 mrstft 0.2605) - val: 0.3135 (mae 0.0045 mrstft 0.2680) - lr: 1.00e-04 - 84.6s
Epoch 205/300 - loss: 0.3031 (mae 0.0042 mrstft 0.2606) - val: 0.3036 (mae 0.0039 mrstft 0.2647) - lr: 1.00e-04 - 84.3s
Epoch 206/300 - loss: 0.3039 (mae 0.0043 mrstft 0.2607) - val: 0.3028 (mae 0.0041 mrstft 0.2620) - lr: 1.00e-04 - 83.9s
Epoch 207/300 - loss: 0.3033 (mae 0.0043 mrstft 0.2602) - val: 0.3069 (mae 0.0045 mrstft 0.2622) - lr: 1.00e-04 - 84.0s
Epoch 208/300 - loss: 0.3052 (mae 0.0044 mrstft 0.2611) - val: 0.3068 (mae 0.0042 mrstft 0.2652) - lr: 1.00e-04 - 71.5s
Epoch 209/300 - loss: 0.3030 (mae 0.0042 mrstft 0.2607) - val: 0.3053 (mae 0.0042 mrstft 0.2630) - lr: 1.00e-04 - 68.6s
Epoch 210/300 - loss: 0.3051 (mae 0.0044 mrstft 0.2611) - val: 0.3040 (mae 0.0042 mrstft 0.2620) - lr: 1.00e-04 - 78.6s
Epoch 211/300 - loss: 0.3053 (mae 0.0045 mrstft 0.2605) - val: 0.3023 (mae 0.0040 mrstft 0.2628) - lr: 1.00e-04 - 78.2s
Epoch 212/300 - loss: 0.3040 (mae 0.0043 mrstft 0.2610) - val: 0.3010 (mae 0.0039 mrstft 0.2619) - lr: 1.00e-04 - 79.0s
Epoch 213/300 - loss: 0.3020 (mae 0.0042 mrstft 0.2602) - val: 0.3042 (mae 0.0042 mrstft 0.2625) - lr: 1.00e-04 - 80.0s
Epoch 214/300 - loss: 0.3025 (mae 0.0044 mrstft 0.2589) - val: 0.3020 (mae 0.0039 mrstft 0.2628) - lr: 1.00e-04 - 65.7s
Epoch 215/300 - loss: 0.3018 (mae 0.0043 mrstft 0.2588) - val: 0.3122 (mae 0.0049 mrstft 0.2635) - lr: 1.00e-04 - 73.9s
Epoch 216/300 - loss: 0.3003 (mae 0.0042 mrstft 0.2579) - val: 0.2979 (mae 0.0039 mrstft 0.2592) - lr: 1.00e-04 - 74.4s
Epoch 217/300 - loss: 0.3004 (mae 0.0043 mrstft 0.2573) - val: 0.3040 (mae 0.0045 mrstft 0.2593) - lr: 1.00e-04 - 72.3s
Epoch 218/300 - loss: 0.2987 (mae 0.0042 mrstft 0.2572) - val: 0.2962 (mae 0.0037 mrstft 0.2588) - lr: 1.00e-04 - 72.9s
Epoch 219/300 - loss: 0.2992 (mae 0.0043 mrstft 0.2565) - val: 0.3000 (mae 0.0041 mrstft 0.2585) - lr: 1.00e-04 - 72.5s
Epoch 220/300 - loss: 0.2984 (mae 0.0042 mrstft 0.2565) - val: 0.2996 (mae 0.0041 mrstft 0.2588) - lr: 1.00e-04 - 80.4s
Epoch 221/300 - loss: 0.2989 (mae 0.0041 mrstft 0.2576) - val: 0.2996 (mae 0.0039 mrstft 0.2605) - lr: 1.00e-04 - 76.8s
Epoch 222/300 - loss: 0.2969 (mae 0.0041 mrstft 0.2556) - val: 0.2993 (mae 0.0041 mrstft 0.2578) - lr: 1.00e-04 - 78.3s
Epoch 223/300 - loss: 0.2976 (mae 0.0042 mrstft 0.2559) - val: 0.2974 (mae 0.0038 mrstft 0.2594) - lr: 1.00e-04 - 77.5s
Epoch 224/300 - loss: 0.2964 (mae 0.0042 mrstft 0.2542) - val: 0.3050 (mae 0.0043 mrstft 0.2622) - lr: 1.00e-04 - 78.1s
Epoch 225/300 - loss: 0.2966 (mae 0.0042 mrstft 0.2548) - val: 0.3060 (mae 0.0048 mrstft 0.2577) - lr: 1.00e-04 - 78.3s
Epoch 226/300 - loss: 0.2955 (mae 0.0042 mrstft 0.2536) - val: 0.2916 (mae 0.0037 mrstft 0.2548) - lr: 1.00e-04 - 77.8s
Epoch 227/300 - loss: 0.2951 (mae 0.0041 mrstft 0.2538) - val: 0.3214 (mae 0.0059 mrstft 0.2621) - lr: 1.00e-04 - 78.1s
Epoch 228/300 - loss: 0.2964 (mae 0.0042 mrstft 0.2547) - val: 0.2920 (mae 0.0037 mrstft 0.2551) - lr: 1.00e-04 - 77.6s
Epoch 229/300 - loss: 0.2930 (mae 0.0040 mrstft 0.2533) - val: 0.2980 (mae 0.0041 mrstft 0.2568) - lr: 1.00e-04 - 77.7s
Epoch 230/300 - loss: 0.2969 (mae 0.0043 mrstft 0.2544) - val: 0.2960 (mae 0.0038 mrstft 0.2578) - lr: 1.00e-04 - 77.6s
Epoch 231/300 - loss: 0.2945 (mae 0.0041 mrstft 0.2537) - val: 0.2930 (mae 0.0036 mrstft 0.2566) - lr: 1.00e-04 - 84.7s
Epoch 232/300 - loss: 0.2938 (mae 0.0040 mrstft 0.2537) - val: 0.2985 (mae 0.0041 mrstft 0.2577) - lr: 1.00e-04 - 81.2s
Epoch 233/300 - loss: 0.2941 (mae 0.0040 mrstft 0.2536) - val: 0.2978 (mae 0.0041 mrstft 0.2569) - lr: 1.00e-04 - 82.2s
Epoch 234/300 - loss: 0.2932 (mae 0.0040 mrstft 0.2536) - val: 0.2916 (mae 0.0036 mrstft 0.2552) - lr: 1.00e-04 - 81.7s
Epoch 235/300 - loss: 0.2930 (mae 0.0040 mrstft 0.2530) - val: 0.2985 (mae 0.0043 mrstft 0.2559) - lr: 1.00e-04 - 81.6s
Epoch 236/300 - loss: 0.2925 (mae 0.0041 mrstft 0.2515) - val: 0.2950 (mae 0.0040 mrstft 0.2551) - lr: 1.00e-04 - 81.6s
Epoch 237/300 - loss: 0.2913 (mae 0.0040 mrstft 0.2514) - val: 0.2906 (mae 0.0037 mrstft 0.2534) - lr: 1.00e-04 - 82.0s
Epoch 238/300 - loss: 0.2944 (mae 0.0042 mrstft 0.2523) - val: 0.2961 (mae 0.0043 mrstft 0.2532) - lr: 1.00e-04 - 81.4s
Epoch 239/300 - loss: 0.2900 (mae 0.0040 mrstft 0.2500) - val: 0.2915 (mae 0.0040 mrstft 0.2514) - lr: 1.00e-04 - 81.1s
Epoch 240/300 - loss: 0.2894 (mae 0.0039 mrstft 0.2501) - val: 0.2983 (mae 0.0045 mrstft 0.2531) - lr: 1.00e-04 - 81.7s
Epoch 241/300 - loss: 0.2891 (mae 0.0040 mrstft 0.2493) - val: 0.2920 (mae 0.0041 mrstft 0.2515) - lr: 1.00e-04 - 84.3s
Epoch 242/300 - loss: 0.2887 (mae 0.0040 mrstft 0.2491) - val: 0.2963 (mae 0.0043 mrstft 0.2537) - lr: 1.00e-04 - 81.6s
Epoch 243/300 - loss: 0.2903 (mae 0.0042 mrstft 0.2486) - val: 0.2992 (mae 0.0044 mrstft 0.2556) - lr: 1.00e-04 - 82.5s
Epoch 244/300 - loss: 0.2874 (mae 0.0039 mrstft 0.2484) - val: 0.2904 (mae 0.0038 mrstft 0.2526) - lr: 1.00e-04 - 82.5s
Epoch 245/300 - loss: 0.2874 (mae 0.0040 mrstft 0.2479) - val: 0.2875 (mae 0.0037 mrstft 0.2509) - lr: 1.00e-04 - 84.1s
Epoch 246/300 - loss: 0.2899 (mae 0.0041 mrstft 0.2486) - val: 0.2838 (mae 0.0035 mrstft 0.2491) - lr: 1.00e-04 - 83.5s
Epoch 247/300 - loss: 0.2866 (mae 0.0038 mrstft 0.2481) - val: 0.2904 (mae 0.0037 mrstft 0.2538) - lr: 1.00e-04 - 83.5s
Epoch 248/300 - loss: 0.2875 (mae 0.0039 mrstft 0.2490) - val: 0.2972 (mae 0.0044 mrstft 0.2528) - lr: 1.00e-04 - 82.5s
Epoch 249/300 - loss: 0.2900 (mae 0.0041 mrstft 0.2490) - val: 0.2987 (mae 0.0045 mrstft 0.2533) - lr: 1.00e-04 - 80.8s
Epoch 250/300 - loss: 0.2896 (mae 0.0040 mrstft 0.2494) - val: 0.2879 (mae 0.0038 mrstft 0.2502) - lr: 1.00e-04 - 82.1s
Epoch 251/300 - loss: 0.2895 (mae 0.0041 mrstft 0.2484) - val: 0.2939 (mae 0.0042 mrstft 0.2520) - lr: 1.00e-04 - 81.5s
Epoch 252/300 - loss: 0.2862 (mae 0.0039 mrstft 0.2472) - val: 0.2879 (mae 0.0036 mrstft 0.2522) - lr: 1.00e-04 - 81.3s
Epoch 253/300 - loss: 0.2862 (mae 0.0040 mrstft 0.2462) - val: 0.2837 (mae 0.0036 mrstft 0.2478) - lr: 1.00e-04 - 84.8s
Epoch 254/300 - loss: 0.2872 (mae 0.0041 mrstft 0.2467) - val: 0.2894 (mae 0.0040 mrstft 0.2497) - lr: 1.00e-04 - 84.2s
Epoch 255/300 - loss: 0.2874 (mae 0.0041 mrstft 0.2465) - val: 0.2871 (mae 0.0038 mrstft 0.2488) - lr: 1.00e-04 - 85.4s
Epoch 256/300 - loss: 0.2847 (mae 0.0038 mrstft 0.2465) - val: 0.2897 (mae 0.0039 mrstft 0.2504) - lr: 1.00e-04 - 65.1s
Epoch 257/300 - loss: 0.2854 (mae 0.0039 mrstft 0.2461) - val: 0.2845 (mae 0.0036 mrstft 0.2485) - lr: 1.00e-04 - 61.8s
Epoch 258/300 - loss: 0.2864 (mae 0.0041 mrstft 0.2458) - val: 0.2860 (mae 0.0036 mrstft 0.2501) - lr: 1.00e-04 - 59.4s
Epoch 259/300 - loss: 0.2852 (mae 0.0038 mrstft 0.2472) - val: 0.2852 (mae 0.0036 mrstft 0.2492) - lr: 1.00e-04 - 58.6s
Epoch 260/300 - loss: 0.2856 (mae 0.0039 mrstft 0.2464) - val: 0.2845 (mae 0.0036 mrstft 0.2487) - lr: 1.00e-04 - 61.4s
Epoch 261/300 - loss: 0.2873 (mae 0.0040 mrstft 0.2471) - val: 0.2848 (mae 0.0037 mrstft 0.2476) - lr: 1.00e-04 - 64.1s
Epoch 262/300 - loss: 0.2858 (mae 0.0039 mrstft 0.2467) - val: 0.2839 (mae 0.0036 mrstft 0.2480) - lr: 1.00e-04 - 64.1s
Epoch 263/300 - loss: 0.2837 (mae 0.0038 mrstft 0.2454) - val: 0.2826 (mae 0.0035 mrstft 0.2473) - lr: 1.00e-04 - 64.3s
Epoch 264/300 - loss: 0.2837 (mae 0.0039 mrstft 0.2448) - val: 0.2900 (mae 0.0043 mrstft 0.2470) - lr: 1.00e-04 - 63.8s
Epoch 265/300 - loss: 0.2842 (mae 0.0039 mrstft 0.2447) - val: 0.2975 (mae 0.0048 mrstft 0.2492) - lr: 1.00e-04 - 64.2s
Epoch 266/300 - loss: 0.2844 (mae 0.0040 mrstft 0.2446) - val: 0.2835 (mae 0.0038 mrstft 0.2460) - lr: 1.00e-04 - 63.6s
Epoch 267/300 - loss: 0.2837 (mae 0.0039 mrstft 0.2447) - val: 0.2849 (mae 0.0038 mrstft 0.2468) - lr: 1.00e-04 - 61.5s
Epoch 268/300 - loss: 0.2840 (mae 0.0039 mrstft 0.2445) - val: 0.2917 (mae 0.0043 mrstft 0.2488) - lr: 1.00e-04 - 61.8s
Epoch 269/300 - loss: 0.2826 (mae 0.0039 mrstft 0.2437) - val: 0.2820 (mae 0.0035 mrstft 0.2471) - lr: 1.00e-04 - 75.2s
Epoch 270/300 - loss: 0.2806 (mae 0.0038 mrstft 0.2428) - val: 0.2811 (mae 0.0035 mrstft 0.2457) - lr: 1.00e-04 - 75.8s
Epoch 271/300 - loss: 0.2822 (mae 0.0039 mrstft 0.2435) - val: 0.2813 (mae 0.0034 mrstft 0.2471) - lr: 1.00e-04 - 76.3s
Epoch 272/300 - loss: 0.2795 (mae 0.0037 mrstft 0.2422) - val: 0.2785 (mae 0.0034 mrstft 0.2443) - lr: 1.00e-04 - 75.0s
Epoch 273/300 - loss: 0.2803 (mae 0.0038 mrstft 0.2422) - val: 0.2795 (mae 0.0035 mrstft 0.2446) - lr: 1.00e-04 - 74.3s
Epoch 274/300 - loss: 0.2801 (mae 0.0038 mrstft 0.2425) - val: 0.2848 (mae 0.0036 mrstft 0.2486) - lr: 1.00e-04 - 74.4s
Epoch 275/300 - loss: 0.2798 (mae 0.0037 mrstft 0.2423) - val: 0.2861 (mae 0.0039 mrstft 0.2471) - lr: 1.00e-04 - 75.7s
Epoch 276/300 - loss: 0.2803 (mae 0.0038 mrstft 0.2424) - val: 0.2822 (mae 0.0035 mrstft 0.2470) - lr: 1.00e-04 - 81.6s
Epoch 277/300 - loss: 0.2821 (mae 0.0038 mrstft 0.2440) - val: 0.2843 (mae 0.0039 mrstft 0.2456) - lr: 1.00e-04 - 81.3s
Epoch 278/300 - loss: 0.2825 (mae 0.0039 mrstft 0.2435) - val: 0.2826 (mae 0.0037 mrstft 0.2456) - lr: 1.00e-04 - 81.4s
Epoch 279/300 - loss: 0.2803 (mae 0.0038 mrstft 0.2428) - val: 0.2804 (mae 0.0035 mrstft 0.2449) - lr: 1.00e-04 - 81.8s
Epoch 280/300 - loss: 0.2801 (mae 0.0037 mrstft 0.2430) - val: 0.2799 (mae 0.0034 mrstft 0.2459) - lr: 1.00e-04 - 81.9s
Epoch 281/300 - loss: 0.2791 (mae 0.0037 mrstft 0.2421) - val: 0.2774 (mae 0.0033 mrstft 0.2440) - lr: 1.00e-04 - 83.7s
Epoch 282/300 - loss: 0.2808 (mae 0.0038 mrstft 0.2427) - val: 0.2805 (mae 0.0036 mrstft 0.2446) - lr: 1.00e-04 - 82.2s
Epoch 283/300 - loss: 0.2786 (mae 0.0037 mrstft 0.2415) - val: 0.2823 (mae 0.0039 mrstft 0.2432) - lr: 1.00e-04 - 85.2s
Epoch 284/300 - loss: 0.2787 (mae 0.0038 mrstft 0.2412) - val: 0.2786 (mae 0.0035 mrstft 0.2435) - lr: 1.00e-04 - 84.5s
Epoch 285/300 - loss: 0.2791 (mae 0.0038 mrstft 0.2413) - val: 0.2862 (mae 0.0042 mrstft 0.2439) - lr: 1.00e-04 - 84.4s
Epoch 286/300 - loss: 0.2794 (mae 0.0038 mrstft 0.2412) - val: 0.2782 (mae 0.0035 mrstft 0.2437) - lr: 1.00e-04 - 86.3s
Epoch 287/300 - loss: 0.2785 (mae 0.0038 mrstft 0.2403) - val: 0.2819 (mae 0.0037 mrstft 0.2452) - lr: 1.00e-04 - 84.6s
Epoch 288/300 - loss: 0.2794 (mae 0.0039 mrstft 0.2407) - val: 0.2839 (mae 0.0038 mrstft 0.2456) - lr: 1.00e-04 - 83.4s
Epoch 289/300 - loss: 0.2781 (mae 0.0037 mrstft 0.2410) - val: 0.2951 (mae 0.0046 mrstft 0.2496) - lr: 1.00e-04 - 84.7s
Epoch 290/300 - loss: 0.2791 (mae 0.0037 mrstft 0.2417) - val: 0.2863 (mae 0.0041 mrstft 0.2449) - lr: 1.00e-04 - 84.5s
Epoch 291/300 - loss: 0.2787 (mae 0.0037 mrstft 0.2412) - val: 0.2780 (mae 0.0034 mrstft 0.2435) - lr: 1.00e-04 - 83.9s
Epoch 292/300 - loss: 0.2774 (mae 0.0036 mrstft 0.2415) - val: 0.2808 (mae 0.0038 mrstft 0.2425) - lr: 5.00e-05 - 83.7s
Epoch 293/300 - loss: 0.2737 (mae 0.0035 mrstft 0.2391) - val: 0.2785 (mae 0.0035 mrstft 0.2438) - lr: 5.00e-05 - 83.6s
Epoch 294/300 - loss: 0.2738 (mae 0.0035 mrstft 0.2388) - val: 0.2736 (mae 0.0032 mrstft 0.2411) - lr: 5.00e-05 - 83.9s
Epoch 295/300 - loss: 0.2729 (mae 0.0034 mrstft 0.2387) - val: 0.2749 (mae 0.0032 mrstft 0.2428) - lr: 5.00e-05 - 82.7s
Epoch 296/300 - loss: 0.2731 (mae 0.0035 mrstft 0.2382) - val: 0.2730 (mae 0.0032 mrstft 0.2407) - lr: 5.00e-05 - 73.4s
Epoch 297/300 - loss: 0.2729 (mae 0.0035 mrstft 0.2382) - val: 0.2745 (mae 0.0034 mrstft 0.2410) - lr: 5.00e-05 - 83.1s
Epoch 298/300 - loss: 0.2717 (mae 0.0034 mrstft 0.2376) - val: 0.2744 (mae 0.0034 mrstft 0.2409) - lr: 5.00e-05 - 76.7s
Epoch 299/300 - loss: 0.2721 (mae 0.0035 mrstft 0.2374) - val: 0.2766 (mae 0.0036 mrstft 0.2408) - lr: 5.00e-05 - 80.6s
Epoch 300/300 - loss: 0.2729 (mae 0.0035 mrstft 0.2379) - val: 0.2756 (mae 0.0035 mrstft 0.2403) - lr: 5.00e-05 - 87.8s
Training complete in 405.7m (24344s)
Best val_loss: 0.2730
Total batches skipped (bad gradients): 3
Weights exported to models/dist_14_gru256_l1x10\weights.json
Loss history saved to models/dist_14_gru256_l1x10\loss_history.csv
