Loading training data...
  distortionGigaTestAudio.wav: 4800 train, 1199 val windows
  distortionGigaTestAudio-10dB.wav: 4800 train, 1199 val windows
Total: 9600 train, 2398 val windows  sr=48000
Using device: cuda
Epoch 1/300 - loss: 2.2235 (mae 0.0583 mrstft 2.1652) - val: 1.9491 (mae 0.0626 mrstft 1.8865) - lr: 3.00e-04 - 5.8s
Epoch 2/300 - loss: 1.5768 (mae 0.0706 mrstft 1.5063) - val: 1.3661 (mae 0.0690 mrstft 1.2971) - lr: 3.00e-04 - 5.7s
Epoch 3/300 - loss: 1.2755 (mae 0.0759 mrstft 1.1996) - val: 1.2160 (mae 0.0802 mrstft 1.1358) - lr: 3.00e-04 - 5.6s
Epoch 4/300 - loss: 1.1889 (mae 0.0919 mrstft 1.0971) - val: 1.1884 (mae 0.1041 mrstft 1.0843) - lr: 3.00e-04 - 5.6s
Epoch 5/300 - loss: 1.1567 (mae 0.1019 mrstft 1.0548) - val: 1.1466 (mae 0.1026 mrstft 1.0440) - lr: 3.00e-04 - 5.6s
Epoch 6/300 - loss: 1.1245 (mae 0.1119 mrstft 1.0126) - val: 1.1109 (mae 0.1231 mrstft 0.9879) - lr: 3.00e-04 - 5.5s
Epoch 7/300 - loss: 1.0470 (mae 0.1177 mrstft 0.9293) - val: 1.0094 (mae 0.1108 mrstft 0.8985) - lr: 3.00e-04 - 5.6s
Epoch 8/300 - loss: 0.9772 (mae 0.1050 mrstft 0.8722) - val: 0.9740 (mae 0.1063 mrstft 0.8677) - lr: 3.00e-04 - 5.5s
Epoch 9/300 - loss: 0.9414 (mae 0.1017 mrstft 0.8397) - val: 0.9167 (mae 0.0941 mrstft 0.8227) - lr: 3.00e-04 - 5.6s
Epoch 10/300 - loss: 0.9129 (mae 0.0957 mrstft 0.8172) - val: 0.9088 (mae 0.0939 mrstft 0.8148) - lr: 3.00e-04 - 5.5s
Epoch 11/300 - loss: 0.8949 (mae 0.0933 mrstft 0.8016) - val: 0.8939 (mae 0.0916 mrstft 0.8022) - lr: 3.00e-04 - 5.6s
Epoch 12/300 - loss: 0.8796 (mae 0.0898 mrstft 0.7898) - val: 0.8754 (mae 0.0873 mrstft 0.7882) - lr: 3.00e-04 - 5.5s
Epoch 13/300 - loss: 0.8657 (mae 0.0872 mrstft 0.7785) - val: 0.8655 (mae 0.0853 mrstft 0.7802) - lr: 3.00e-04 - 5.5s
Epoch 14/300 - loss: 0.8472 (mae 0.0858 mrstft 0.7614) - val: 0.8304 (mae 0.0822 mrstft 0.7482) - lr: 3.00e-04 - 5.6s
Epoch 15/300 - loss: 0.8189 (mae 0.0825 mrstft 0.7364) - val: 0.8095 (mae 0.0801 mrstft 0.7294) - lr: 3.00e-04 - 5.5s
Epoch 16/300 - loss: 0.7999 (mae 0.0809 mrstft 0.7190) - val: 0.8122 (mae 0.0888 mrstft 0.7234) - lr: 3.00e-04 - 5.6s
Epoch 17/300 - loss: 0.7855 (mae 0.0791 mrstft 0.7064) - val: 0.7797 (mae 0.0775 mrstft 0.7021) - lr: 3.00e-04 - 5.5s
Epoch 18/300 - loss: 0.7636 (mae 0.0746 mrstft 0.6890) - val: 0.7160 (mae 0.0669 mrstft 0.6491) - lr: 3.00e-04 - 5.6s
Epoch 19/300 - loss: 0.6833 (mae 0.0562 mrstft 0.6271) - val: 0.6764 (mae 0.0460 mrstft 0.6305) - lr: 3.00e-04 - 5.5s
Epoch 20/300 - loss: 0.6413 (mae 0.0433 mrstft 0.5979) - val: 0.6302 (mae 0.0407 mrstft 0.5895) - lr: 3.00e-04 - 5.6s
Epoch 21/300 - loss: 0.6126 (mae 0.0357 mrstft 0.5769) - val: 0.6060 (mae 0.0365 mrstft 0.5695) - lr: 3.00e-04 - 5.5s
Epoch 22/300 - loss: 0.5918 (mae 0.0303 mrstft 0.5615) - val: 0.6017 (mae 0.0309 mrstft 0.5708) - lr: 3.00e-04 - 5.6s
Epoch 23/300 - loss: 0.5729 (mae 0.0274 mrstft 0.5455) - val: 0.5562 (mae 0.0230 mrstft 0.5332) - lr: 3.00e-04 - 5.6s
Epoch 24/300 - loss: 0.5406 (mae 0.0217 mrstft 0.5189) - val: 0.5312 (mae 0.0197 mrstft 0.5115) - lr: 3.00e-04 - 5.5s
Epoch 25/300 - loss: 0.5212 (mae 0.0206 mrstft 0.5006) - val: 0.5504 (mae 0.0232 mrstft 0.5272) - lr: 3.00e-04 - 5.6s
Epoch 26/300 - loss: 0.5055 (mae 0.0177 mrstft 0.4877) - val: 0.4880 (mae 0.0142 mrstft 0.4738) - lr: 3.00e-04 - 5.5s
Epoch 27/300 - loss: 0.4884 (mae 0.0154 mrstft 0.4731) - val: 0.4908 (mae 0.0138 mrstft 0.4770) - lr: 3.00e-04 - 5.8s
Epoch 28/300 - loss: 0.4867 (mae 0.0159 mrstft 0.4708) - val: 0.4901 (mae 0.0160 mrstft 0.4741) - lr: 3.00e-04 - 5.6s
Epoch 29/300 - loss: 0.4676 (mae 0.0136 mrstft 0.4540) - val: 0.4707 (mae 0.0115 mrstft 0.4592) - lr: 3.00e-04 - 5.6s
Epoch 30/300 - loss: 0.4652 (mae 0.0131 mrstft 0.4521) - val: 0.4914 (mae 0.0132 mrstft 0.4783) - lr: 3.00e-04 - 5.6s
Epoch 31/300 - loss: 0.4591 (mae 0.0142 mrstft 0.4449) - val: 0.4650 (mae 0.0107 mrstft 0.4543) - lr: 3.00e-04 - 5.6s
Epoch 32/300 - loss: 0.4534 (mae 0.0120 mrstft 0.4414) - val: 0.4496 (mae 0.0102 mrstft 0.4394) - lr: 3.00e-04 - 5.6s
Epoch 33/300 - loss: 0.4480 (mae 0.0121 mrstft 0.4359) - val: 0.4644 (mae 0.0138 mrstft 0.4506) - lr: 3.00e-04 - 5.6s
Epoch 34/300 - loss: 0.4436 (mae 0.0121 mrstft 0.4315) - val: 0.4129 (mae 0.0096 mrstft 0.4033) - lr: 3.00e-04 - 5.6s
Epoch 35/300 - loss: 0.4398 (mae 0.0112 mrstft 0.4285) - val: 0.4513 (mae 0.0115 mrstft 0.4398) - lr: 3.00e-04 - 5.6s
Epoch 36/300 - loss: 0.4355 (mae 0.0111 mrstft 0.4243) - val: 0.4555 (mae 0.0137 mrstft 0.4417) - lr: 3.00e-04 - 5.6s
Epoch 37/300 - loss: 0.4330 (mae 0.0107 mrstft 0.4223) - val: 0.4353 (mae 0.0097 mrstft 0.4256) - lr: 3.00e-04 - 5.5s
Epoch 38/300 - loss: 0.4346 (mae 0.0107 mrstft 0.4238) - val: 0.4040 (mae 0.0126 mrstft 0.3914) - lr: 3.00e-04 - 5.6s
Epoch 39/300 - loss: 0.4307 (mae 0.0113 mrstft 0.4194) - val: 0.4416 (mae 0.0142 mrstft 0.4275) - lr: 3.00e-04 - 5.5s
Epoch 40/300 - loss: 0.4279 (mae 0.0103 mrstft 0.4176) - val: 0.4252 (mae 0.0088 mrstft 0.4164) - lr: 3.00e-04 - 5.6s
Epoch 41/300 - loss: 0.4223 (mae 0.0106 mrstft 0.4117) - val: 0.4316 (mae 0.0096 mrstft 0.4220) - lr: 3.00e-04 - 5.6s
Epoch 42/300 - loss: 0.4216 (mae 0.0104 mrstft 0.4112) - val: 0.4265 (mae 0.0085 mrstft 0.4181) - lr: 3.00e-04 - 5.6s
Epoch 43/300 - loss: 0.4197 (mae 0.0101 mrstft 0.4096) - val: 0.4260 (mae 0.0148 mrstft 0.4112) - lr: 3.00e-04 - 5.6s
Epoch 44/300 - loss: 0.4246 (mae 0.0110 mrstft 0.4136) - val: 0.4188 (mae 0.0084 mrstft 0.4104) - lr: 3.00e-04 - 5.5s
Epoch 45/300 - loss: 0.4234 (mae 0.0108 mrstft 0.4126) - val: 0.4205 (mae 0.0105 mrstft 0.4100) - lr: 3.00e-04 - 5.5s
Epoch 46/300 - loss: 0.4222 (mae 0.0117 mrstft 0.4104) - val: 0.4377 (mae 0.0103 mrstft 0.4274) - lr: 3.00e-04 - 5.5s
Epoch 47/300 - loss: 0.4173 (mae 0.0101 mrstft 0.4072) - val: 0.4200 (mae 0.0094 mrstft 0.4106) - lr: 3.00e-04 - 5.6s
Epoch 48/300 - loss: 0.4106 (mae 0.0105 mrstft 0.4001) - val: 0.4219 (mae 0.0094 mrstft 0.4124) - lr: 3.00e-04 - 5.5s
Epoch 49/300 - loss: 0.4104 (mae 0.0106 mrstft 0.3998) - val: 0.4117 (mae 0.0082 mrstft 0.4035) - lr: 3.00e-04 - 5.7s
Epoch 50/300 - loss: 0.4143 (mae 0.0106 mrstft 0.4036) - val: 0.4280 (mae 0.0161 mrstft 0.4119) - lr: 3.00e-04 - 5.6s
Epoch 51/300 - loss: 0.4059 (mae 0.0103 mrstft 0.3956) - val: 0.4252 (mae 0.0081 mrstft 0.4172) - lr: 3.00e-04 - 5.6s
Epoch 52/300 - loss: 0.4062 (mae 0.0093 mrstft 0.3969) - val: 0.4239 (mae 0.0093 mrstft 0.4146) - lr: 3.00e-04 - 5.6s
Epoch 53/300 - loss: 0.4041 (mae 0.0096 mrstft 0.3945) - val: 0.4201 (mae 0.0162 mrstft 0.4038) - lr: 3.00e-04 - 5.6s
Epoch 54/300 - loss: 0.4062 (mae 0.0101 mrstft 0.3961) - val: 0.4004 (mae 0.0082 mrstft 0.3922) - lr: 3.00e-04 - 5.5s
Epoch 55/300 - loss: 0.4023 (mae 0.0097 mrstft 0.3926) - val: 0.4294 (mae 0.0104 mrstft 0.4190) - lr: 3.00e-04 - 5.6s
Epoch 56/300 - loss: 0.4094 (mae 0.0105 mrstft 0.3990) - val: 0.3979 (mae 0.0086 mrstft 0.3893) - lr: 3.00e-04 - 5.3s
Epoch 57/300 - loss: 0.4001 (mae 0.0091 mrstft 0.3910) - val: 0.4042 (mae 0.0091 mrstft 0.3950) - lr: 3.00e-04 - 5.3s
Epoch 58/300 - loss: 0.4001 (mae 0.0103 mrstft 0.3899) - val: 0.4010 (mae 0.0078 mrstft 0.3932) - lr: 3.00e-04 - 5.3s
Epoch 59/300 - loss: 0.4013 (mae 0.0098 mrstft 0.3915) - val: 0.4023 (mae 0.0078 mrstft 0.3945) - lr: 3.00e-04 - 5.2s
Epoch 60/300 - loss: 0.3986 (mae 0.0091 mrstft 0.3895) - val: 0.4011 (mae 0.0086 mrstft 0.3925) - lr: 3.00e-04 - 5.3s
Epoch 61/300 - loss: 0.4028 (mae 0.0104 mrstft 0.3924) - val: 0.4044 (mae 0.0080 mrstft 0.3964) - lr: 3.00e-04 - 5.3s
Epoch 62/300 - loss: 0.3983 (mae 0.0104 mrstft 0.3879) - val: 0.4025 (mae 0.0094 mrstft 0.3931) - lr: 3.00e-04 - 5.3s
Epoch 63/300 - loss: 0.3934 (mae 0.0092 mrstft 0.3842) - val: 0.4017 (mae 0.0090 mrstft 0.3927) - lr: 3.00e-04 - 5.3s
Epoch 64/300 - loss: 0.3967 (mae 0.0091 mrstft 0.3876) - val: 0.4273 (mae 0.0154 mrstft 0.4119) - lr: 3.00e-04 - 5.2s
Epoch 65/300 - loss: 0.3953 (mae 0.0102 mrstft 0.3851) - val: 0.4093 (mae 0.0104 mrstft 0.3989) - lr: 3.00e-04 - 5.3s
Epoch 66/300 - loss: 0.3910 (mae 0.0095 mrstft 0.3815) - val: 0.3992 (mae 0.0130 mrstft 0.3862) - lr: 3.00e-04 - 5.3s
Epoch 67/300 - loss: 0.3907 (mae 0.0098 mrstft 0.3809) - val: 0.3944 (mae 0.0076 mrstft 0.3868) - lr: 3.00e-04 - 5.3s
Epoch 68/300 - loss: 0.3922 (mae 0.0094 mrstft 0.3828) - val: 0.4068 (mae 0.0083 mrstft 0.3984) - lr: 3.00e-04 - 5.3s
Epoch 69/300 - loss: 0.3888 (mae 0.0093 mrstft 0.3795) - val: 0.4077 (mae 0.0078 mrstft 0.3999) - lr: 3.00e-04 - 5.3s
Epoch 70/300 - loss: 0.3893 (mae 0.0093 mrstft 0.3800) - val: 0.3884 (mae 0.0083 mrstft 0.3801) - lr: 3.00e-04 - 5.3s
Epoch 71/300 - loss: 0.3923 (mae 0.0103 mrstft 0.3820) - val: 0.3972 (mae 0.0103 mrstft 0.3869) - lr: 3.00e-04 - 5.3s
Epoch 72/300 - loss: 0.3912 (mae 0.0092 mrstft 0.3820) - val: 0.3898 (mae 0.0084 mrstft 0.3814) - lr: 3.00e-04 - 5.3s
Epoch 73/300 - loss: 0.3846 (mae 0.0085 mrstft 0.3761) - val: 0.3892 (mae 0.0090 mrstft 0.3802) - lr: 3.00e-04 - 5.3s
Epoch 74/300 - loss: 0.3864 (mae 0.0091 mrstft 0.3773) - val: 0.3880 (mae 0.0083 mrstft 0.3797) - lr: 3.00e-04 - 5.3s
Epoch 75/300 - loss: 0.3862 (mae 0.0091 mrstft 0.3770) - val: 0.3874 (mae 0.0083 mrstft 0.3791) - lr: 3.00e-04 - 5.5s
Epoch 76/300 - loss: 0.3849 (mae 0.0091 mrstft 0.3758) - val: 0.3878 (mae 0.0075 mrstft 0.3803) - lr: 3.00e-04 - 5.4s
Epoch 77/300 - loss: 0.3855 (mae 0.0085 mrstft 0.3771) - val: 0.3896 (mae 0.0078 mrstft 0.3818) - lr: 3.00e-04 - 5.4s
Epoch 78/300 - loss: 0.3861 (mae 0.0094 mrstft 0.3767) - val: 0.3888 (mae 0.0079 mrstft 0.3809) - lr: 3.00e-04 - 5.4s
Epoch 79/300 - loss: 0.3829 (mae 0.0087 mrstft 0.3742) - val: 0.3855 (mae 0.0078 mrstft 0.3777) - lr: 3.00e-04 - 5.4s
Epoch 80/300 - loss: 0.3836 (mae 0.0094 mrstft 0.3743) - val: 0.3845 (mae 0.0076 mrstft 0.3769) - lr: 3.00e-04 - 5.4s
Epoch 81/300 - loss: 0.3843 (mae 0.0094 mrstft 0.3749) - val: 0.3856 (mae 0.0079 mrstft 0.3777) - lr: 3.00e-04 - 5.4s
Epoch 82/300 - loss: 0.3836 (mae 0.0095 mrstft 0.3741) - val: 0.3990 (mae 0.0077 mrstft 0.3913) - lr: 3.00e-04 - 5.3s
Epoch 83/300 - loss: 0.3809 (mae 0.0095 mrstft 0.3714) - val: 0.3826 (mae 0.0075 mrstft 0.3751) - lr: 3.00e-04 - 5.3s
Epoch 84/300 - loss: 0.3827 (mae 0.0093 mrstft 0.3734) - val: 0.3907 (mae 0.0081 mrstft 0.3825) - lr: 3.00e-04 - 5.3s
Epoch 85/300 - loss: 0.3800 (mae 0.0091 mrstft 0.3709) - val: 0.3934 (mae 0.0100 mrstft 0.3833) - lr: 3.00e-04 - 5.3s
Epoch 86/300 - loss: 0.3839 (mae 0.0093 mrstft 0.3746) - val: 0.4005 (mae 0.0125 mrstft 0.3880) - lr: 3.00e-04 - 5.3s
Epoch 87/300 - loss: 0.3803 (mae 0.0086 mrstft 0.3716) - val: 0.3887 (mae 0.0130 mrstft 0.3757) - lr: 3.00e-04 - 5.3s
Epoch 88/300 - loss: 0.3793 (mae 0.0095 mrstft 0.3698) - val: 0.3886 (mae 0.0083 mrstft 0.3803) - lr: 3.00e-04 - 5.2s
Epoch 89/300 - loss: 0.3806 (mae 0.0098 mrstft 0.3708) - val: 0.3794 (mae 0.0079 mrstft 0.3714) - lr: 3.00e-04 - 5.3s
Epoch 90/300 - loss: 0.3796 (mae 0.0089 mrstft 0.3707) - val: 0.3804 (mae 0.0075 mrstft 0.3729) - lr: 3.00e-04 - 5.3s
Epoch 91/300 - loss: 0.3805 (mae 0.0086 mrstft 0.3718) - val: 0.3908 (mae 0.0088 mrstft 0.3821) - lr: 3.00e-04 - 5.3s
Epoch 92/300 - loss: 0.3786 (mae 0.0095 mrstft 0.3690) - val: 0.3806 (mae 0.0072 mrstft 0.3733) - lr: 3.00e-04 - 5.3s
Epoch 93/300 - loss: 0.3766 (mae 0.0089 mrstft 0.3678) - val: 0.3792 (mae 0.0074 mrstft 0.3718) - lr: 3.00e-04 - 5.3s
Epoch 94/300 - loss: 0.3768 (mae 0.0087 mrstft 0.3680) - val: 0.3789 (mae 0.0073 mrstft 0.3717) - lr: 3.00e-04 - 5.3s
Epoch 95/300 - loss: 0.3788 (mae 0.0086 mrstft 0.3702) - val: 0.3839 (mae 0.0076 mrstft 0.3764) - lr: 3.00e-04 - 5.3s
Epoch 96/300 - loss: 0.3763 (mae 0.0082 mrstft 0.3681) - val: 0.3775 (mae 0.0074 mrstft 0.3701) - lr: 3.00e-04 - 5.3s
Epoch 97/300 - loss: 0.3778 (mae 0.0088 mrstft 0.3690) - val: 0.3723 (mae 0.0083 mrstft 0.3640) - lr: 3.00e-04 - 5.3s
Epoch 98/300 - loss: 0.3741 (mae 0.0088 mrstft 0.3653) - val: 0.3807 (mae 0.0075 mrstft 0.3733) - lr: 3.00e-04 - 5.3s
Epoch 99/300 - loss: 0.3745 (mae 0.0090 mrstft 0.3655) - val: 0.3874 (mae 0.0143 mrstft 0.3731) - lr: 3.00e-04 - 5.3s
Epoch 100/300 - loss: 0.3760 (mae 0.0092 mrstft 0.3668) - val: 0.3723 (mae 0.0077 mrstft 0.3645) - lr: 3.00e-04 - 5.3s
Epoch 101/300 - loss: 0.3759 (mae 0.0094 mrstft 0.3664) - val: 0.3776 (mae 0.0072 mrstft 0.3704) - lr: 3.00e-04 - 5.3s
Epoch 102/300 - loss: 0.3743 (mae 0.0092 mrstft 0.3650) - val: 0.3784 (mae 0.0089 mrstft 0.3696) - lr: 3.00e-04 - 5.3s
Epoch 103/300 - loss: 0.3732 (mae 0.0081 mrstft 0.3651) - val: 0.3872 (mae 0.0072 mrstft 0.3800) - lr: 3.00e-04 - 5.3s
Epoch 104/300 - loss: 0.3726 (mae 0.0083 mrstft 0.3644) - val: 0.3885 (mae 0.0075 mrstft 0.3810) - lr: 3.00e-04 - 5.2s
Epoch 105/300 - loss: 0.3726 (mae 0.0082 mrstft 0.3643) - val: 0.3752 (mae 0.0071 mrstft 0.3681) - lr: 3.00e-04 - 5.3s
Epoch 106/300 - loss: 0.3727 (mae 0.0084 mrstft 0.3643) - val: 0.3804 (mae 0.0080 mrstft 0.3724) - lr: 3.00e-04 - 5.3s
Epoch 107/300 - loss: 0.3737 (mae 0.0085 mrstft 0.3652) - val: 0.3882 (mae 0.0155 mrstft 0.3727) - lr: 3.00e-04 - 5.2s
Epoch 108/300 - loss: 0.3757 (mae 0.0085 mrstft 0.3673) - val: 0.3803 (mae 0.0084 mrstft 0.3719) - lr: 3.00e-04 - 5.3s
Epoch 109/300 - loss: 0.3714 (mae 0.0082 mrstft 0.3632) - val: 0.3717 (mae 0.0070 mrstft 0.3647) - lr: 3.00e-04 - 5.3s
Epoch 110/300 - loss: 0.3722 (mae 0.0078 mrstft 0.3644) - val: 0.3725 (mae 0.0070 mrstft 0.3655) - lr: 3.00e-04 - 5.4s
Epoch 111/300 - loss: 0.3707 (mae 0.0083 mrstft 0.3624) - val: 0.3799 (mae 0.0092 mrstft 0.3707) - lr: 3.00e-04 - 5.2s
Epoch 112/300 - loss: 0.3700 (mae 0.0082 mrstft 0.3617) - val: 0.3811 (mae 0.0096 mrstft 0.3715) - lr: 3.00e-04 - 5.2s
Epoch 113/300 - loss: 0.3750 (mae 0.0103 mrstft 0.3647) - val: 0.3592 (mae 0.0079 mrstft 0.3514) - lr: 3.00e-04 - 5.2s
Epoch 114/300 - loss: 0.3706 (mae 0.0086 mrstft 0.3620) - val: 0.3791 (mae 0.0085 mrstft 0.3706) - lr: 3.00e-04 - 5.2s
Epoch 115/300 - loss: 0.3728 (mae 0.0092 mrstft 0.3636) - val: 0.3764 (mae 0.0079 mrstft 0.3685) - lr: 3.00e-04 - 5.3s
Epoch 116/300 - loss: 0.3717 (mae 0.0088 mrstft 0.3630) - val: 0.3747 (mae 0.0080 mrstft 0.3667) - lr: 3.00e-04 - 5.3s
Epoch 117/300 - loss: 0.3714 (mae 0.0087 mrstft 0.3627) - val: 0.3662 (mae 0.0073 mrstft 0.3589) - lr: 3.00e-04 - 5.3s
Epoch 118/300 - loss: 0.3694 (mae 0.0083 mrstft 0.3611) - val: 0.3717 (mae 0.0072 mrstft 0.3645) - lr: 3.00e-04 - 5.4s
Epoch 119/300 - loss: 0.3683 (mae 0.0081 mrstft 0.3602) - val: 0.3787 (mae 0.0071 mrstft 0.3716) - lr: 3.00e-04 - 5.2s
Epoch 120/300 - loss: 0.3688 (mae 0.0083 mrstft 0.3605) - val: 0.3728 (mae 0.0075 mrstft 0.3653) - lr: 3.00e-04 - 5.2s
Epoch 121/300 - loss: 0.3681 (mae 0.0077 mrstft 0.3604) - val: 0.3746 (mae 0.0069 mrstft 0.3677) - lr: 3.00e-04 - 5.3s
Epoch 122/300 - loss: 0.3680 (mae 0.0083 mrstft 0.3597) - val: 0.3718 (mae 0.0072 mrstft 0.3647) - lr: 3.00e-04 - 5.3s
Epoch 123/300 - loss: 0.3694 (mae 0.0083 mrstft 0.3611) - val: 0.3791 (mae 0.0089 mrstft 0.3702) - lr: 3.00e-04 - 5.3s
Epoch 124/300 - loss: 0.3693 (mae 0.0082 mrstft 0.3610) - val: 0.3749 (mae 0.0082 mrstft 0.3667) - lr: 3.00e-04 - 5.3s
Epoch 125/300 - loss: 0.3658 (mae 0.0079 mrstft 0.3579) - val: 0.3781 (mae 0.0071 mrstft 0.3709) - lr: 3.00e-04 - 5.3s
Epoch 126/300 - loss: 0.3669 (mae 0.0079 mrstft 0.3590) - val: 0.3797 (mae 0.0098 mrstft 0.3699) - lr: 3.00e-04 - 5.3s
Epoch 127/300 - loss: 0.3680 (mae 0.0085 mrstft 0.3596) - val: 0.3669 (mae 0.0072 mrstft 0.3596) - lr: 3.00e-04 - 5.3s
Epoch 128/300 - loss: 0.3666 (mae 0.0081 mrstft 0.3585) - val: 0.3754 (mae 0.0077 mrstft 0.3678) - lr: 3.00e-04 - 5.3s
Epoch 129/300 - loss: 0.3671 (mae 0.0083 mrstft 0.3589) - val: 0.3752 (mae 0.0091 mrstft 0.3661) - lr: 3.00e-04 - 5.3s
Epoch 130/300 - loss: 0.3689 (mae 0.0088 mrstft 0.3602) - val: 0.3687 (mae 0.0068 mrstft 0.3619) - lr: 3.00e-04 - 5.3s
Epoch 131/300 - loss: 0.3690 (mae 0.0081 mrstft 0.3609) - val: 0.3793 (mae 0.0093 mrstft 0.3700) - lr: 3.00e-04 - 5.3s
Epoch 132/300 - loss: 0.3674 (mae 0.0078 mrstft 0.3596) - val: 0.3737 (mae 0.0075 mrstft 0.3662) - lr: 3.00e-04 - 5.3s
Epoch 133/300 - loss: 0.3683 (mae 0.0083 mrstft 0.3599) - val: 0.3665 (mae 0.0069 mrstft 0.3597) - lr: 3.00e-04 - 5.3s
Epoch 134/300 - loss: 0.3663 (mae 0.0075 mrstft 0.3589) - val: 0.3704 (mae 0.0069 mrstft 0.3635) - lr: 1.50e-04 - 5.3s
Epoch 135/300 - loss: 0.3623 (mae 0.0073 mrstft 0.3550) - val: 0.3697 (mae 0.0070 mrstft 0.3628) - lr: 1.50e-04 - 5.3s
Epoch 136/300 - loss: 0.3623 (mae 0.0073 mrstft 0.3550) - val: 0.3688 (mae 0.0076 mrstft 0.3612) - lr: 1.50e-04 - 5.2s
Epoch 137/300 - loss: 0.3636 (mae 0.0074 mrstft 0.3562) - val: 0.3730 (mae 0.0088 mrstft 0.3642) - lr: 1.50e-04 - 5.3s
Epoch 138/300 - loss: 0.3638 (mae 0.0079 mrstft 0.3559) - val: 0.3682 (mae 0.0068 mrstft 0.3614) - lr: 1.50e-04 - 5.3s
Epoch 139/300 - loss: 0.3633 (mae 0.0072 mrstft 0.3560) - val: 0.3676 (mae 0.0073 mrstft 0.3603) - lr: 1.50e-04 - 5.3s
Epoch 140/300 - loss: 0.3615 (mae 0.0073 mrstft 0.3541) - val: 0.3697 (mae 0.0070 mrstft 0.3627) - lr: 1.50e-04 - 5.3s
Epoch 141/300 - loss: 0.3618 (mae 0.0072 mrstft 0.3545) - val: 0.3690 (mae 0.0068 mrstft 0.3623) - lr: 1.50e-04 - 5.3s
Epoch 142/300 - loss: 0.3617 (mae 0.0073 mrstft 0.3543) - val: 0.3671 (mae 0.0068 mrstft 0.3603) - lr: 1.50e-04 - 5.3s
Epoch 143/300 - loss: 0.3613 (mae 0.0075 mrstft 0.3538) - val: 0.3603 (mae 0.0067 mrstft 0.3535) - lr: 1.50e-04 - 5.3s
Epoch 144/300 - loss: 0.3594 (mae 0.0071 mrstft 0.3523) - val: 0.3721 (mae 0.0080 mrstft 0.3641) - lr: 1.50e-04 - 5.3s
Epoch 145/300 - loss: 0.3613 (mae 0.0074 mrstft 0.3539) - val: 0.3678 (mae 0.0071 mrstft 0.3608) - lr: 1.50e-04 - 5.3s
Epoch 146/300 - loss: 0.3612 (mae 0.0074 mrstft 0.3538) - val: 0.3638 (mae 0.0074 mrstft 0.3565) - lr: 1.50e-04 - 5.3s
Epoch 147/300 - loss: 0.3620 (mae 0.0074 mrstft 0.3545) - val: 0.3675 (mae 0.0068 mrstft 0.3607) - lr: 1.50e-04 - 5.3s
Epoch 148/300 - loss: 0.3598 (mae 0.0073 mrstft 0.3524) - val: 0.3659 (mae 0.0067 mrstft 0.3592) - lr: 1.50e-04 - 5.3s
Epoch 149/300 - loss: 0.3593 (mae 0.0072 mrstft 0.3520) - val: 0.3658 (mae 0.0071 mrstft 0.3587) - lr: 1.50e-04 - 5.3s
Epoch 150/300 - loss: 0.3587 (mae 0.0072 mrstft 0.3516) - val: 0.3656 (mae 0.0070 mrstft 0.3586) - lr: 1.50e-04 - 5.3s
Epoch 151/300 - loss: 0.3600 (mae 0.0074 mrstft 0.3526) - val: 0.3699 (mae 0.0086 mrstft 0.3612) - lr: 1.50e-04 - 5.2s
Epoch 152/300 - loss: 0.3609 (mae 0.0078 mrstft 0.3531) - val: 0.3620 (mae 0.0068 mrstft 0.3552) - lr: 1.50e-04 - 5.3s
Epoch 153/300 - loss: 0.3602 (mae 0.0074 mrstft 0.3528) - val: 0.3709 (mae 0.0091 mrstft 0.3618) - lr: 1.50e-04 - 5.3s
Early stopping: val_loss has not improved for 40 epochs.
Training complete in 13.8m (825s)
Best val_loss: 0.3592
Weights exported to models/dist_07_gru128_mrstft\weights.json
Loss history saved to models/dist_07_gru128_mrstft\loss_history.csv
