Loading training data...
  trainingDry.wav: 4875 train, 1218 val windows
  training-10dBDry.wav: 4875 train, 1218 val windows
Total: 9750 train, 2436 val windows  sr=48000
Using device: cuda
Epoch 1/300 - loss: 2.0531 (mae 0.0732 mrstft 1.9799) - val: 1.7918 (mae 0.0679 mrstft 1.7239) - lr: 3.00e-04 - 7.0s
Epoch 2/300 - loss: 1.5308 (mae 0.0657 mrstft 1.4651) - val: 1.3573 (mae 0.0750 mrstft 1.2823) - lr: 3.00e-04 - 6.0s
Epoch 3/300 - loss: 1.2849 (mae 0.0765 mrstft 1.2084) - val: 1.2349 (mae 0.0777 mrstft 1.1572) - lr: 3.00e-04 - 6.0s
Epoch 4/300 - loss: 1.2252 (mae 0.0863 mrstft 1.1389) - val: 1.2069 (mae 0.0905 mrstft 1.1164) - lr: 3.00e-04 - 6.2s
Epoch 5/300 - loss: 1.0597 (mae 0.0922 mrstft 0.9675) - val: 0.8907 (mae 0.0713 mrstft 0.8195) - lr: 3.00e-04 - 6.1s
Epoch 6/300 - loss: 0.8670 (mae 0.0666 mrstft 0.8004) - val: 0.8776 (mae 0.0604 mrstft 0.8172) - lr: 3.00e-04 - 6.0s
Epoch 7/300 - loss: 0.8137 (mae 0.0563 mrstft 0.7574) - val: 0.7827 (mae 0.0514 mrstft 0.7313) - lr: 3.00e-04 - 6.0s
Epoch 8/300 - loss: 0.7669 (mae 0.0517 mrstft 0.7152) - val: 0.7378 (mae 0.0446 mrstft 0.6932) - lr: 3.00e-04 - 6.0s
Epoch 9/300 - loss: 0.7371 (mae 0.0485 mrstft 0.6886) - val: 0.7299 (mae 0.0473 mrstft 0.6827) - lr: 3.00e-04 - 6.0s
Epoch 10/300 - loss: 0.7228 (mae 0.0486 mrstft 0.6742) - val: 0.7312 (mae 0.0495 mrstft 0.6816) - lr: 3.00e-04 - 6.0s
Epoch 11/300 - loss: 0.7012 (mae 0.0469 mrstft 0.6543) - val: 0.6789 (mae 0.0452 mrstft 0.6336) - lr: 3.00e-04 - 6.0s
Epoch 12/300 - loss: 0.6795 (mae 0.0451 mrstft 0.6344) - val: 0.6573 (mae 0.0407 mrstft 0.6166) - lr: 3.00e-04 - 6.0s
Epoch 13/300 - loss: 0.6645 (mae 0.0443 mrstft 0.6203) - val: 0.6402 (mae 0.0394 mrstft 0.6007) - lr: 3.00e-04 - 6.0s
Epoch 14/300 - loss: 0.6509 (mae 0.0437 mrstft 0.6072) - val: 0.6397 (mae 0.0406 mrstft 0.5991) - lr: 3.00e-04 - 6.0s
Epoch 15/300 - loss: 0.6436 (mae 0.0436 mrstft 0.6000) - val: 0.6418 (mae 0.0430 mrstft 0.5988) - lr: 3.00e-04 - 6.0s
Epoch 16/300 - loss: 0.6261 (mae 0.0427 mrstft 0.5834) - val: 0.6102 (mae 0.0383 mrstft 0.5719) - lr: 3.00e-04 - 5.9s
Epoch 17/300 - loss: 0.6141 (mae 0.0413 mrstft 0.5728) - val: 0.6070 (mae 0.0394 mrstft 0.5676) - lr: 3.00e-04 - 6.0s
Epoch 18/300 - loss: 0.6000 (mae 0.0408 mrstft 0.5592) - val: 0.6117 (mae 0.0406 mrstft 0.5710) - lr: 3.00e-04 - 5.8s
Epoch 19/300 - loss: 0.5821 (mae 0.0399 mrstft 0.5422) - val: 0.5860 (mae 0.0371 mrstft 0.5489) - lr: 3.00e-04 - 5.8s
Epoch 20/300 - loss: 0.5758 (mae 0.0401 mrstft 0.5357) - val: 0.5556 (mae 0.0377 mrstft 0.5179) - lr: 3.00e-04 - 5.8s
Epoch 21/300 - loss: 0.5735 (mae 0.0406 mrstft 0.5329) - val: 0.5893 (mae 0.0405 mrstft 0.5487) - lr: 3.00e-04 - 5.8s
Epoch 22/300 - loss: 0.5627 (mae 0.0403 mrstft 0.5224) - val: 0.5760 (mae 0.0424 mrstft 0.5336) - lr: 3.00e-04 - 5.8s
Epoch 23/300 - loss: 0.5542 (mae 0.0400 mrstft 0.5142) - val: 0.5674 (mae 0.0395 mrstft 0.5279) - lr: 3.00e-04 - 5.8s
Epoch 24/300 - loss: 0.5597 (mae 0.0412 mrstft 0.5186) - val: 0.5816 (mae 0.0392 mrstft 0.5425) - lr: 3.00e-04 - 5.7s
Epoch 25/300 - loss: 0.5422 (mae 0.0398 mrstft 0.5024) - val: 0.5247 (mae 0.0369 mrstft 0.4878) - lr: 3.00e-04 - 5.8s
Epoch 26/300 - loss: 0.5488 (mae 0.0413 mrstft 0.5075) - val: 0.5337 (mae 0.0373 mrstft 0.4963) - lr: 3.00e-04 - 5.7s
Epoch 27/300 - loss: 0.5313 (mae 0.0404 mrstft 0.4909) - val: 0.5744 (mae 0.0382 mrstft 0.5362) - lr: 3.00e-04 - 5.8s
Epoch 28/300 - loss: 0.5275 (mae 0.0405 mrstft 0.4869) - val: 0.5296 (mae 0.0440 mrstft 0.4856) - lr: 3.00e-04 - 5.8s
Epoch 29/300 - loss: 0.5342 (mae 0.0417 mrstft 0.4926) - val: 0.5577 (mae 0.0457 mrstft 0.5120) - lr: 3.00e-04 - 5.8s
Epoch 30/300 - loss: 0.5466 (mae 0.0424 mrstft 0.5043) - val: 0.5011 (mae 0.0387 mrstft 0.4624) - lr: 3.00e-04 - 5.8s
Epoch 31/300 - loss: 0.5167 (mae 0.0409 mrstft 0.4758) - val: 0.5439 (mae 0.0420 mrstft 0.5019) - lr: 3.00e-04 - 5.8s
Epoch 32/300 - loss: 0.5187 (mae 0.0412 mrstft 0.4775) - val: 0.4956 (mae 0.0394 mrstft 0.4562) - lr: 3.00e-04 - 5.8s
Epoch 33/300 - loss: 0.5083 (mae 0.0413 mrstft 0.4670) - val: 0.5115 (mae 0.0400 mrstft 0.4715) - lr: 3.00e-04 - 5.8s
Epoch 34/300 - loss: 0.4953 (mae 0.0413 mrstft 0.4540) - val: 0.4948 (mae 0.0398 mrstft 0.4550) - lr: 3.00e-04 - 5.8s
Epoch 35/300 - loss: 0.4920 (mae 0.0416 mrstft 0.4505) - val: 0.4834 (mae 0.0397 mrstft 0.4437) - lr: 3.00e-04 - 5.8s
Epoch 36/300 - loss: 0.4876 (mae 0.0422 mrstft 0.4454) - val: 0.4877 (mae 0.0441 mrstft 0.4436) - lr: 3.00e-04 - 5.8s
Epoch 37/300 - loss: 0.4865 (mae 0.0427 mrstft 0.4438) - val: 0.4858 (mae 0.0421 mrstft 0.4437) - lr: 3.00e-04 - 5.8s
Epoch 38/300 - loss: 0.4825 (mae 0.0426 mrstft 0.4399) - val: 0.5121 (mae 0.0486 mrstft 0.4634) - lr: 3.00e-04 - 5.8s
Epoch 39/300 - loss: 0.4915 (mae 0.0435 mrstft 0.4480) - val: 0.5025 (mae 0.0414 mrstft 0.4611) - lr: 3.00e-04 - 5.8s
Epoch 40/300 - loss: 0.4724 (mae 0.0438 mrstft 0.4286) - val: 0.4740 (mae 0.0410 mrstft 0.4331) - lr: 3.00e-04 - 5.7s
Epoch 41/300 - loss: 0.4718 (mae 0.0436 mrstft 0.4282) - val: 0.4779 (mae 0.0433 mrstft 0.4347) - lr: 3.00e-04 - 5.8s
Epoch 42/300 - loss: 0.4760 (mae 0.0445 mrstft 0.4314) - val: 0.4689 (mae 0.0420 mrstft 0.4269) - lr: 3.00e-04 - 5.8s
Epoch 43/300 - loss: 0.4764 (mae 0.0446 mrstft 0.4318) - val: 0.4989 (mae 0.0451 mrstft 0.4538) - lr: 3.00e-04 - 5.8s
Epoch 44/300 - loss: 0.4690 (mae 0.0445 mrstft 0.4244) - val: 0.4620 (mae 0.0425 mrstft 0.4196) - lr: 3.00e-04 - 5.8s
Epoch 45/300 - loss: 0.4634 (mae 0.0451 mrstft 0.4182) - val: 0.4668 (mae 0.0458 mrstft 0.4210) - lr: 3.00e-04 - 5.7s
Epoch 46/300 - loss: 0.4639 (mae 0.0454 mrstft 0.4185) - val: 0.4564 (mae 0.0426 mrstft 0.4138) - lr: 3.00e-04 - 5.8s
Epoch 47/300 - loss: 0.4600 (mae 0.0455 mrstft 0.4145) - val: 0.4500 (mae 0.0429 mrstft 0.4071) - lr: 3.00e-04 - 5.8s
Epoch 48/300 - loss: 0.4497 (mae 0.0455 mrstft 0.4043) - val: 0.4759 (mae 0.0435 mrstft 0.4323) - lr: 3.00e-04 - 5.8s
Epoch 49/300 - loss: 0.4562 (mae 0.0462 mrstft 0.4100) - val: 0.4363 (mae 0.0441 mrstft 0.3922) - lr: 3.00e-04 - 5.7s
Epoch 50/300 - loss: 0.4454 (mae 0.0471 mrstft 0.3983) - val: 0.4857 (mae 0.0461 mrstft 0.4396) - lr: 3.00e-04 - 5.8s
Epoch 51/300 - loss: 0.4673 (mae 0.0480 mrstft 0.4193) - val: 0.4572 (mae 0.0463 mrstft 0.4109) - lr: 3.00e-04 - 5.8s
Epoch 52/300 - loss: 0.4441 (mae 0.0474 mrstft 0.3968) - val: 0.4318 (mae 0.0456 mrstft 0.3863) - lr: 3.00e-04 - 5.8s
Epoch 53/300 - loss: 0.4346 (mae 0.0473 mrstft 0.3873) - val: 0.4291 (mae 0.0447 mrstft 0.3844) - lr: 3.00e-04 - 5.8s
Epoch 54/300 - loss: 0.4379 (mae 0.0479 mrstft 0.3900) - val: 0.4322 (mae 0.0468 mrstft 0.3854) - lr: 3.00e-04 - 5.7s
Epoch 55/300 - loss: 0.4407 (mae 0.0481 mrstft 0.3925) - val: 0.4236 (mae 0.0456 mrstft 0.3779) - lr: 3.00e-04 - 5.8s
Epoch 56/300 - loss: 0.4332 (mae 0.0478 mrstft 0.3854) - val: 0.4310 (mae 0.0469 mrstft 0.3841) - lr: 3.00e-04 - 5.7s
Epoch 57/300 - loss: 0.4249 (mae 0.0483 mrstft 0.3767) - val: 0.4343 (mae 0.0475 mrstft 0.3868) - lr: 3.00e-04 - 5.8s
Epoch 58/300 - loss: 0.4228 (mae 0.0484 mrstft 0.3743) - val: 0.4275 (mae 0.0465 mrstft 0.3810) - lr: 3.00e-04 - 5.8s
Epoch 59/300 - loss: 0.4322 (mae 0.0496 mrstft 0.3826) - val: 0.4155 (mae 0.0478 mrstft 0.3676) - lr: 3.00e-04 - 5.8s
Epoch 60/300 - loss: 0.4226 (mae 0.0490 mrstft 0.3736) - val: 0.4313 (mae 0.0515 mrstft 0.3798) - lr: 3.00e-04 - 5.8s
Epoch 61/300 - loss: 0.4286 (mae 0.0504 mrstft 0.3782) - val: 0.4242 (mae 0.0480 mrstft 0.3762) - lr: 3.00e-04 - 5.7s
Epoch 62/300 - loss: 0.4224 (mae 0.0494 mrstft 0.3730) - val: 0.4180 (mae 0.0491 mrstft 0.3689) - lr: 3.00e-04 - 5.8s
Epoch 63/300 - loss: 0.4202 (mae 0.0499 mrstft 0.3703) - val: 0.4194 (mae 0.0472 mrstft 0.3721) - lr: 3.00e-04 - 5.7s
Epoch 64/300 - loss: 0.4155 (mae 0.0497 mrstft 0.3658) - val: 0.4043 (mae 0.0474 mrstft 0.3570) - lr: 3.00e-04 - 5.8s
Epoch 65/300 - loss: 0.4118 (mae 0.0500 mrstft 0.3619) - val: 0.4219 (mae 0.0483 mrstft 0.3735) - lr: 3.00e-04 - 5.7s
Epoch 66/300 - loss: 0.4116 (mae 0.0507 mrstft 0.3610) - val: 0.3994 (mae 0.0481 mrstft 0.3513) - lr: 3.00e-04 - 5.7s
Epoch 67/300 - loss: 0.4110 (mae 0.0507 mrstft 0.3604) - val: 0.4338 (mae 0.0501 mrstft 0.3837) - lr: 3.00e-04 - 5.8s
Epoch 68/300 - loss: 0.4090 (mae 0.0509 mrstft 0.3582) - val: 0.4047 (mae 0.0487 mrstft 0.3560) - lr: 3.00e-04 - 5.7s
Epoch 69/300 - loss: 0.4086 (mae 0.0505 mrstft 0.3581) - val: 0.4018 (mae 0.0476 mrstft 0.3541) - lr: 3.00e-04 - 5.8s
Epoch 70/300 - loss: 0.4150 (mae 0.0507 mrstft 0.3643) - val: 0.4077 (mae 0.0493 mrstft 0.3584) - lr: 3.00e-04 - 5.7s
Epoch 71/300 - loss: 0.4067 (mae 0.0503 mrstft 0.3564) - val: 0.4105 (mae 0.0486 mrstft 0.3619) - lr: 3.00e-04 - 5.8s
Epoch 72/300 - loss: 0.4050 (mae 0.0511 mrstft 0.3539) - val: 0.4192 (mae 0.0496 mrstft 0.3695) - lr: 3.00e-04 - 5.8s
Epoch 73/300 - loss: 0.4073 (mae 0.0511 mrstft 0.3563) - val: 0.4080 (mae 0.0493 mrstft 0.3587) - lr: 3.00e-04 - 5.8s
Epoch 74/300 - loss: 0.4065 (mae 0.0513 mrstft 0.3552) - val: 0.4152 (mae 0.0505 mrstft 0.3647) - lr: 3.00e-04 - 5.8s
Epoch 75/300 - loss: 0.4107 (mae 0.0519 mrstft 0.3587) - val: 0.3961 (mae 0.0497 mrstft 0.3464) - lr: 3.00e-04 - 5.8s
Epoch 76/300 - loss: 0.4058 (mae 0.0522 mrstft 0.3536) - val: 0.4046 (mae 0.0498 mrstft 0.3548) - lr: 3.00e-04 - 5.8s
Epoch 77/300 - loss: 0.4086 (mae 0.0526 mrstft 0.3560) - val: 0.4247 (mae 0.0504 mrstft 0.3743) - lr: 3.00e-04 - 5.7s
Epoch 78/300 - loss: 0.4180 (mae 0.0520 mrstft 0.3660) - val: 0.4041 (mae 0.0522 mrstft 0.3519) - lr: 3.00e-04 - 5.8s
Epoch 79/300 - loss: 0.3968 (mae 0.0519 mrstft 0.3449) - val: 0.4030 (mae 0.0511 mrstft 0.3519) - lr: 3.00e-04 - 5.8s
Epoch 80/300 - loss: 0.3954 (mae 0.0521 mrstft 0.3433) - val: 0.3874 (mae 0.0499 mrstft 0.3376) - lr: 3.00e-04 - 5.8s
Epoch 81/300 - loss: 0.3962 (mae 0.0519 mrstft 0.3443) - val: 0.3992 (mae 0.0508 mrstft 0.3483) - lr: 3.00e-04 - 5.8s
Epoch 82/300 - loss: 0.3959 (mae 0.0523 mrstft 0.3436) - val: 0.3846 (mae 0.0492 mrstft 0.3353) - lr: 3.00e-04 - 5.8s
Epoch 83/300 - loss: 0.3964 (mae 0.0520 mrstft 0.3444) - val: 0.3989 (mae 0.0497 mrstft 0.3492) - lr: 3.00e-04 - 5.8s
Epoch 84/300 - loss: 0.3943 (mae 0.0523 mrstft 0.3420) - val: 0.3965 (mae 0.0496 mrstft 0.3469) - lr: 3.00e-04 - 5.7s
Epoch 85/300 - loss: 0.3962 (mae 0.0526 mrstft 0.3436) - val: 0.4062 (mae 0.0516 mrstft 0.3546) - lr: 3.00e-04 - 5.8s
Epoch 86/300 - loss: 0.3939 (mae 0.0526 mrstft 0.3413) - val: 0.3964 (mae 0.0543 mrstft 0.3421) - lr: 3.00e-04 - 5.7s
Epoch 87/300 - loss: 0.3904 (mae 0.0526 mrstft 0.3378) - val: 0.3872 (mae 0.0508 mrstft 0.3364) - lr: 3.00e-04 - 5.8s
Epoch 88/300 - loss: 0.3887 (mae 0.0529 mrstft 0.3358) - val: 0.3833 (mae 0.0506 mrstft 0.3327) - lr: 3.00e-04 - 5.7s
Epoch 89/300 - loss: 0.3905 (mae 0.0530 mrstft 0.3375) - val: 0.4051 (mae 0.0506 mrstft 0.3545) - lr: 3.00e-04 - 5.8s
Epoch 90/300 - loss: 0.3945 (mae 0.0531 mrstft 0.3415) - val: 0.3978 (mae 0.0514 mrstft 0.3464) - lr: 3.00e-04 - 5.8s
Epoch 91/300 - loss: 0.3912 (mae 0.0530 mrstft 0.3382) - val: 0.3888 (mae 0.0508 mrstft 0.3380) - lr: 3.00e-04 - 5.7s
Epoch 92/300 - loss: 0.3854 (mae 0.0536 mrstft 0.3318) - val: 0.3937 (mae 0.0519 mrstft 0.3418) - lr: 3.00e-04 - 5.8s
Epoch 93/300 - loss: 0.3842 (mae 0.0533 mrstft 0.3310) - val: 0.3841 (mae 0.0524 mrstft 0.3317) - lr: 3.00e-04 - 5.7s
Epoch 94/300 - loss: 0.3892 (mae 0.0536 mrstft 0.3356) - val: 0.3776 (mae 0.0511 mrstft 0.3265) - lr: 3.00e-04 - 5.8s
Epoch 95/300 - loss: 0.3920 (mae 0.0533 mrstft 0.3386) - val: 0.3855 (mae 0.0542 mrstft 0.3313) - lr: 3.00e-04 - 5.8s
Epoch 96/300 - loss: 0.3848 (mae 0.0536 mrstft 0.3312) - val: 0.3847 (mae 0.0516 mrstft 0.3331) - lr: 3.00e-04 - 5.8s
Epoch 97/300 - loss: 0.3829 (mae 0.0532 mrstft 0.3297) - val: 0.3911 (mae 0.0517 mrstft 0.3394) - lr: 3.00e-04 - 5.8s
Epoch 98/300 - loss: 0.3846 (mae 0.0533 mrstft 0.3312) - val: 0.3776 (mae 0.0508 mrstft 0.3268) - lr: 3.00e-04 - 5.8s
Epoch 99/300 - loss: 0.3797 (mae 0.0531 mrstft 0.3266) - val: 0.3726 (mae 0.0507 mrstft 0.3219) - lr: 3.00e-04 - 5.8s
Epoch 100/300 - loss: 0.3790 (mae 0.0534 mrstft 0.3256) - val: 0.3748 (mae 0.0514 mrstft 0.3235) - lr: 3.00e-04 - 5.8s
Epoch 101/300 - loss: 0.3818 (mae 0.0538 mrstft 0.3281) - val: 0.3833 (mae 0.0512 mrstft 0.3321) - lr: 3.00e-04 - 5.8s
Epoch 102/300 - loss: 0.3778 (mae 0.0533 mrstft 0.3245) - val: 0.3803 (mae 0.0513 mrstft 0.3291) - lr: 3.00e-04 - 5.7s
Epoch 103/300 - loss: 0.3808 (mae 0.0536 mrstft 0.3271) - val: 0.3730 (mae 0.0525 mrstft 0.3205) - lr: 3.00e-04 - 5.8s
Epoch 104/300 - loss: 0.3791 (mae 0.0542 mrstft 0.3250) - val: 0.3872 (mae 0.0522 mrstft 0.3349) - lr: 3.00e-04 - 5.8s
Epoch 105/300 - loss: 0.3757 (mae 0.0538 mrstft 0.3219) - val: 0.3700 (mae 0.0518 mrstft 0.3182) - lr: 3.00e-04 - 5.7s
Epoch 106/300 - loss: 0.3762 (mae 0.0537 mrstft 0.3225) - val: 0.3770 (mae 0.0520 mrstft 0.3251) - lr: 3.00e-04 - 5.8s
Epoch 107/300 - loss: 0.3759 (mae 0.0539 mrstft 0.3220) - val: 0.3676 (mae 0.0517 mrstft 0.3159) - lr: 3.00e-04 - 5.7s
Epoch 108/300 - loss: 0.3769 (mae 0.0539 mrstft 0.3230) - val: 0.3748 (mae 0.0518 mrstft 0.3231) - lr: 3.00e-04 - 5.8s
Epoch 109/300 - loss: 0.3731 (mae 0.0538 mrstft 0.3193) - val: 0.3692 (mae 0.0516 mrstft 0.3176) - lr: 3.00e-04 - 5.8s
Epoch 110/300 - loss: 0.3751 (mae 0.0544 mrstft 0.3207) - val: 0.3844 (mae 0.0520 mrstft 0.3324) - lr: 3.00e-04 - 5.8s
Epoch 111/300 - loss: 0.3739 (mae 0.0547 mrstft 0.3192) - val: 0.3700 (mae 0.0531 mrstft 0.3169) - lr: 3.00e-04 - 5.8s
Epoch 112/300 - loss: 0.3724 (mae 0.0542 mrstft 0.3182) - val: 0.3665 (mae 0.0514 mrstft 0.3151) - lr: 3.00e-04 - 5.7s
Epoch 113/300 - loss: 0.3705 (mae 0.0544 mrstft 0.3161) - val: 0.3687 (mae 0.0525 mrstft 0.3162) - lr: 3.00e-04 - 5.8s
Epoch 114/300 - loss: 0.3730 (mae 0.0545 mrstft 0.3185) - val: 0.3646 (mae 0.0519 mrstft 0.3127) - lr: 3.00e-04 - 5.7s
Epoch 115/300 - loss: 0.3708 (mae 0.0544 mrstft 0.3163) - val: 0.3734 (mae 0.0527 mrstft 0.3207) - lr: 3.00e-04 - 5.8s
Epoch 116/300 - loss: 0.3697 (mae 0.0548 mrstft 0.3149) - val: 0.3679 (mae 0.0546 mrstft 0.3133) - lr: 3.00e-04 - 5.8s
Epoch 117/300 - loss: 0.3732 (mae 0.0546 mrstft 0.3186) - val: 0.3749 (mae 0.0539 mrstft 0.3210) - lr: 3.00e-04 - 5.7s
Epoch 118/300 - loss: 0.3690 (mae 0.0545 mrstft 0.3145) - val: 0.3607 (mae 0.0521 mrstft 0.3087) - lr: 3.00e-04 - 5.8s
Epoch 119/300 - loss: 0.3744 (mae 0.0541 mrstft 0.3203) - val: 0.3817 (mae 0.0521 mrstft 0.3296) - lr: 3.00e-04 - 5.7s
Epoch 120/300 - loss: 0.3696 (mae 0.0545 mrstft 0.3151) - val: 0.3644 (mae 0.0525 mrstft 0.3119) - lr: 3.00e-04 - 5.8s
Epoch 121/300 - loss: 0.3668 (mae 0.0547 mrstft 0.3121) - val: 0.3632 (mae 0.0528 mrstft 0.3105) - lr: 3.00e-04 - 5.7s
Epoch 122/300 - loss: 0.3700 (mae 0.0546 mrstft 0.3154) - val: 0.3682 (mae 0.0539 mrstft 0.3143) - lr: 3.00e-04 - 5.8s
Epoch 123/300 - loss: 0.3677 (mae 0.0550 mrstft 0.3128) - val: 0.3668 (mae 0.0530 mrstft 0.3138) - lr: 3.00e-04 - 5.8s
Epoch 124/300 - loss: 0.3713 (mae 0.0551 mrstft 0.3162) - val: 0.3803 (mae 0.0539 mrstft 0.3264) - lr: 3.00e-04 - 5.8s
Epoch 125/300 - loss: 0.3733 (mae 0.0548 mrstft 0.3185) - val: 0.3671 (mae 0.0526 mrstft 0.3146) - lr: 3.00e-04 - 5.8s
Epoch 126/300 - loss: 0.3665 (mae 0.0549 mrstft 0.3116) - val: 0.3633 (mae 0.0525 mrstft 0.3108) - lr: 3.00e-04 - 5.7s
Epoch 127/300 - loss: 0.3653 (mae 0.0554 mrstft 0.3099) - val: 0.3626 (mae 0.0527 mrstft 0.3099) - lr: 3.00e-04 - 5.8s
Epoch 128/300 - loss: 0.3722 (mae 0.0554 mrstft 0.3167) - val: 0.3658 (mae 0.0527 mrstft 0.3132) - lr: 3.00e-04 - 5.8s
Epoch 129/300 - loss: 0.3625 (mae 0.0550 mrstft 0.3075) - val: 0.3611 (mae 0.0540 mrstft 0.3071) - lr: 3.00e-04 - 5.8s
Epoch 130/300 - loss: 0.3660 (mae 0.0551 mrstft 0.3109) - val: 0.3761 (mae 0.0544 mrstft 0.3217) - lr: 3.00e-04 - 5.8s
Epoch 131/300 - loss: 0.3691 (mae 0.0551 mrstft 0.3141) - val: 0.3774 (mae 0.0528 mrstft 0.3245) - lr: 3.00e-04 - 5.8s
Epoch 132/300 - loss: 0.3687 (mae 0.0550 mrstft 0.3137) - val: 0.3737 (mae 0.0543 mrstft 0.3194) - lr: 3.00e-04 - 5.8s
Epoch 133/300 - loss: 0.3622 (mae 0.0550 mrstft 0.3072) - val: 0.3588 (mae 0.0528 mrstft 0.3061) - lr: 3.00e-04 - 5.8s
Epoch 134/300 - loss: 0.3666 (mae 0.0555 mrstft 0.3112) - val: 0.3618 (mae 0.0535 mrstft 0.3084) - lr: 3.00e-04 - 5.8s
Epoch 135/300 - loss: 0.3667 (mae 0.0555 mrstft 0.3112) - val: 0.3678 (mae 0.0532 mrstft 0.3146) - lr: 3.00e-04 - 5.7s
Epoch 136/300 - loss: 0.3599 (mae 0.0550 mrstft 0.3049) - val: 0.3931 (mae 0.0558 mrstft 0.3373) - lr: 3.00e-04 - 5.8s
Epoch 137/300 - loss: 0.3648 (mae 0.0550 mrstft 0.3098) - val: 0.3593 (mae 0.0529 mrstft 0.3064) - lr: 3.00e-04 - 5.7s
Epoch 138/300 - loss: 0.3641 (mae 0.0551 mrstft 0.3090) - val: 0.3570 (mae 0.0528 mrstft 0.3042) - lr: 3.00e-04 - 5.8s
Epoch 139/300 - loss: 0.3618 (mae 0.0551 mrstft 0.3067) - val: 0.3598 (mae 0.0540 mrstft 0.3058) - lr: 3.00e-04 - 5.8s
Epoch 140/300 - loss: 0.3622 (mae 0.0551 mrstft 0.3071) - val: 0.3602 (mae 0.0526 mrstft 0.3077) - lr: 3.00e-04 - 5.8s
Epoch 141/300 - loss: 0.3603 (mae 0.0550 mrstft 0.3053) - val: 0.3557 (mae 0.0539 mrstft 0.3019) - lr: 3.00e-04 - 5.8s
Epoch 142/300 - loss: 0.3584 (mae 0.0552 mrstft 0.3032) - val: 0.3629 (mae 0.0531 mrstft 0.3098) - lr: 3.00e-04 - 5.7s
Epoch 143/300 - loss: 0.3568 (mae 0.0555 mrstft 0.3013) - val: 0.3624 (mae 0.0539 mrstft 0.3085) - lr: 3.00e-04 - 5.8s
Epoch 144/300 - loss: 0.3599 (mae 0.0553 mrstft 0.3046) - val: 0.3603 (mae 0.0537 mrstft 0.3066) - lr: 3.00e-04 - 5.7s
Epoch 145/300 - loss: 0.3605 (mae 0.0554 mrstft 0.3051) - val: 0.3613 (mae 0.0535 mrstft 0.3078) - lr: 3.00e-04 - 5.8s
Epoch 146/300 - loss: 0.3549 (mae 0.0553 mrstft 0.2997) - val: 0.3547 (mae 0.0539 mrstft 0.3008) - lr: 3.00e-04 - 5.8s
Epoch 147/300 - loss: 0.3565 (mae 0.0553 mrstft 0.3011) - val: 0.3547 (mae 0.0538 mrstft 0.3009) - lr: 3.00e-04 - 5.8s
Epoch 148/300 - loss: 0.3567 (mae 0.0559 mrstft 0.3008) - val: 0.3595 (mae 0.0570 mrstft 0.3024) - lr: 3.00e-04 - 5.8s
Epoch 149/300 - loss: 0.3557 (mae 0.0553 mrstft 0.3004) - val: 0.3505 (mae 0.0537 mrstft 0.2969) - lr: 3.00e-04 - 5.8s
Epoch 150/300 - loss: 0.3536 (mae 0.0552 mrstft 0.2985) - val: 0.3575 (mae 0.0536 mrstft 0.3039) - lr: 3.00e-04 - 5.8s
Epoch 151/300 - loss: 0.3558 (mae 0.0552 mrstft 0.3006) - val: 0.3678 (mae 0.0540 mrstft 0.3138) - lr: 3.00e-04 - 5.7s
Epoch 152/300 - loss: 0.3573 (mae 0.0554 mrstft 0.3019) - val: 0.3559 (mae 0.0539 mrstft 0.3019) - lr: 3.00e-04 - 5.8s
Epoch 153/300 - loss: 0.3539 (mae 0.0549 mrstft 0.2990) - val: 0.3690 (mae 0.0546 mrstft 0.3143) - lr: 3.00e-04 - 5.7s
Epoch 154/300 - loss: 0.3600 (mae 0.0552 mrstft 0.3048) - val: 0.3512 (mae 0.0525 mrstft 0.2987) - lr: 3.00e-04 - 5.8s
Epoch 155/300 - loss: 0.3586 (mae 0.0551 mrstft 0.3035) - val: 0.3571 (mae 0.0528 mrstft 0.3043) - lr: 3.00e-04 - 5.8s
Epoch 156/300 - loss: 0.3525 (mae 0.0550 mrstft 0.2975) - val: 0.3484 (mae 0.0537 mrstft 0.2947) - lr: 3.00e-04 - 5.8s
Epoch 157/300 - loss: 0.3563 (mae 0.0552 mrstft 0.3011) - val: 0.3521 (mae 0.0531 mrstft 0.2989) - lr: 3.00e-04 - 5.8s
Epoch 158/300 - loss: 0.3544 (mae 0.0555 mrstft 0.2990) - val: 0.3533 (mae 0.0531 mrstft 0.3002) - lr: 3.00e-04 - 5.7s
Epoch 159/300 - loss: 0.3570 (mae 0.0555 mrstft 0.3016) - val: 0.3586 (mae 0.0529 mrstft 0.3057) - lr: 3.00e-04 - 5.8s
Epoch 160/300 - loss: 0.3536 (mae 0.0553 mrstft 0.2983) - val: 0.3572 (mae 0.0543 mrstft 0.3028) - lr: 3.00e-04 - 5.7s
Epoch 161/300 - loss: 0.3525 (mae 0.0556 mrstft 0.2969) - val: 0.3480 (mae 0.0540 mrstft 0.2940) - lr: 3.00e-04 - 5.8s
Epoch 162/300 - loss: 0.3546 (mae 0.0555 mrstft 0.2991) - val: 0.3514 (mae 0.0538 mrstft 0.2976) - lr: 3.00e-04 - 5.7s
Epoch 163/300 - loss: 0.3514 (mae 0.0556 mrstft 0.2958) - val: 0.3484 (mae 0.0542 mrstft 0.2942) - lr: 3.00e-04 - 5.8s
Epoch 164/300 - loss: 0.3509 (mae 0.0557 mrstft 0.2951) - val: 0.3534 (mae 0.0560 mrstft 0.2974) - lr: 3.00e-04 - 5.8s
Epoch 165/300 - loss: 0.3510 (mae 0.0557 mrstft 0.2953) - val: 0.3483 (mae 0.0540 mrstft 0.2943) - lr: 3.00e-04 - 5.7s
Epoch 166/300 - loss: 0.3491 (mae 0.0559 mrstft 0.2932) - val: 0.3555 (mae 0.0575 mrstft 0.2980) - lr: 3.00e-04 - 5.8s
Epoch 167/300 - loss: 0.3498 (mae 0.0558 mrstft 0.2940) - val: 0.3580 (mae 0.0547 mrstft 0.3034) - lr: 3.00e-04 - 5.7s
Epoch 168/300 - loss: 0.3541 (mae 0.0559 mrstft 0.2983) - val: 0.3480 (mae 0.0544 mrstft 0.2936) - lr: 3.00e-04 - 5.8s
Epoch 169/300 - loss: 0.3491 (mae 0.0556 mrstft 0.2935) - val: 0.3507 (mae 0.0533 mrstft 0.2974) - lr: 3.00e-04 - 5.8s
Epoch 170/300 - loss: 0.3482 (mae 0.0561 mrstft 0.2921) - val: 0.3471 (mae 0.0536 mrstft 0.2935) - lr: 3.00e-04 - 5.8s
Epoch 171/300 - loss: 0.3503 (mae 0.0556 mrstft 0.2946) - val: 0.3439 (mae 0.0534 mrstft 0.2905) - lr: 3.00e-04 - 5.8s
Epoch 172/300 - loss: 0.3486 (mae 0.0557 mrstft 0.2929) - val: 0.3456 (mae 0.0536 mrstft 0.2920) - lr: 3.00e-04 - 5.8s
Epoch 173/300 - loss: 0.3509 (mae 0.0556 mrstft 0.2953) - val: 0.3457 (mae 0.0537 mrstft 0.2920) - lr: 3.00e-04 - 5.8s
Epoch 174/300 - loss: 0.3455 (mae 0.0552 mrstft 0.2903) - val: 0.3496 (mae 0.0534 mrstft 0.2962) - lr: 3.00e-04 - 5.7s
Epoch 175/300 - loss: 0.3475 (mae 0.0552 mrstft 0.2923) - val: 0.3711 (mae 0.0544 mrstft 0.3166) - lr: 3.00e-04 - 5.8s
Epoch 176/300 - loss: 0.3555 (mae 0.0554 mrstft 0.3001) - val: 0.3549 (mae 0.0544 mrstft 0.3004) - lr: 3.00e-04 - 5.7s
Epoch 177/300 - loss: 0.3460 (mae 0.0554 mrstft 0.2905) - val: 0.3442 (mae 0.0530 mrstft 0.2912) - lr: 3.00e-04 - 5.8s
Epoch 178/300 - loss: 0.3449 (mae 0.0554 mrstft 0.2895) - val: 0.3496 (mae 0.0536 mrstft 0.2961) - lr: 3.00e-04 - 5.8s
Epoch 179/300 - loss: 0.3467 (mae 0.0554 mrstft 0.2913) - val: 0.3427 (mae 0.0533 mrstft 0.2894) - lr: 3.00e-04 - 5.8s
Epoch 180/300 - loss: 0.3481 (mae 0.0551 mrstft 0.2929) - val: 0.3455 (mae 0.0531 mrstft 0.2924) - lr: 3.00e-04 - 5.8s
Epoch 181/300 - loss: 0.3478 (mae 0.0551 mrstft 0.2927) - val: 0.3494 (mae 0.0527 mrstft 0.2966) - lr: 3.00e-04 - 5.7s
Epoch 182/300 - loss: 0.3475 (mae 0.0550 mrstft 0.2925) - val: 0.3444 (mae 0.0537 mrstft 0.2907) - lr: 3.00e-04 - 5.8s
Epoch 183/300 - loss: 0.3467 (mae 0.0554 mrstft 0.2913) - val: 0.3420 (mae 0.0538 mrstft 0.2881) - lr: 3.00e-04 - 5.7s
Epoch 184/300 - loss: 0.3448 (mae 0.0552 mrstft 0.2896) - val: 0.3497 (mae 0.0537 mrstft 0.2960) - lr: 3.00e-04 - 5.8s
Epoch 185/300 - loss: 0.3457 (mae 0.0554 mrstft 0.2903) - val: 0.3404 (mae 0.0541 mrstft 0.2863) - lr: 3.00e-04 - 5.8s
Epoch 186/300 - loss: 0.3440 (mae 0.0556 mrstft 0.2885) - val: 0.3419 (mae 0.0531 mrstft 0.2887) - lr: 3.00e-04 - 5.8s
Epoch 187/300 - loss: 0.3432 (mae 0.0550 mrstft 0.2882) - val: 0.3442 (mae 0.0539 mrstft 0.2903) - lr: 3.00e-04 - 5.8s
Epoch 188/300 - loss: 0.3434 (mae 0.0555 mrstft 0.2879) - val: 0.3656 (mae 0.0536 mrstft 0.3120) - lr: 3.00e-04 - 5.7s
Epoch 189/300 - loss: 0.3437 (mae 0.0551 mrstft 0.2887) - val: 0.3484 (mae 0.0529 mrstft 0.2955) - lr: 3.00e-04 - 5.8s
Epoch 190/300 - loss: 0.3424 (mae 0.0554 mrstft 0.2870) - val: 0.3556 (mae 0.0533 mrstft 0.3023) - lr: 3.00e-04 - 5.7s
Epoch 191/300 - loss: 0.3433 (mae 0.0552 mrstft 0.2882) - val: 0.3416 (mae 0.0530 mrstft 0.2886) - lr: 3.00e-04 - 5.8s
Epoch 192/300 - loss: 0.3428 (mae 0.0552 mrstft 0.2876) - val: 0.3442 (mae 0.0537 mrstft 0.2905) - lr: 3.00e-04 - 5.7s
Epoch 193/300 - loss: 0.3422 (mae 0.0552 mrstft 0.2870) - val: 0.3543 (mae 0.0530 mrstft 0.3013) - lr: 3.00e-04 - 5.8s
Epoch 194/300 - loss: 0.3415 (mae 0.0550 mrstft 0.2865) - val: 0.3493 (mae 0.0524 mrstft 0.2969) - lr: 3.00e-04 - 5.8s
Epoch 195/300 - loss: 0.3414 (mae 0.0545 mrstft 0.2869) - val: 0.3385 (mae 0.0530 mrstft 0.2854) - lr: 3.00e-04 - 5.7s
Epoch 196/300 - loss: 0.3455 (mae 0.0549 mrstft 0.2907) - val: 0.3430 (mae 0.0531 mrstft 0.2899) - lr: 3.00e-04 - 5.8s
Epoch 197/300 - loss: 0.3403 (mae 0.0548 mrstft 0.2855) - val: 0.3389 (mae 0.0530 mrstft 0.2859) - lr: 3.00e-04 - 5.7s
Epoch 198/300 - loss: 0.3396 (mae 0.0544 mrstft 0.2852) - val: 0.3381 (mae 0.0534 mrstft 0.2847) - lr: 3.00e-04 - 5.8s
Epoch 199/300 - loss: 0.3464 (mae 0.0541 mrstft 0.2923) - val: 0.3360 (mae 0.0521 mrstft 0.2839) - lr: 3.00e-04 - 5.8s
Epoch 200/300 - loss: 0.3402 (mae 0.0544 mrstft 0.2858) - val: 0.3448 (mae 0.0519 mrstft 0.2929) - lr: 3.00e-04 - 5.8s
Epoch 201/300 - loss: 0.3416 (mae 0.0540 mrstft 0.2875) - val: 0.3382 (mae 0.0519 mrstft 0.2862) - lr: 3.00e-04 - 5.8s
Epoch 202/300 - loss: 0.3377 (mae 0.0539 mrstft 0.2838) - val: 0.3403 (mae 0.0526 mrstft 0.2878) - lr: 3.00e-04 - 5.7s
Epoch 203/300 - loss: 0.3389 (mae 0.0547 mrstft 0.2843) - val: 0.3402 (mae 0.0533 mrstft 0.2869) - lr: 3.00e-04 - 5.8s
Epoch 204/300 - loss: 0.3375 (mae 0.0545 mrstft 0.2830) - val: 0.3400 (mae 0.0527 mrstft 0.2873) - lr: 3.00e-04 - 5.7s
Epoch 205/300 - loss: 0.3416 (mae 0.0541 mrstft 0.2875) - val: 0.3508 (mae 0.0523 mrstft 0.2985) - lr: 3.00e-04 - 5.8s
Epoch 206/300 - loss: 0.3390 (mae 0.0542 mrstft 0.2849) - val: 0.3383 (mae 0.0530 mrstft 0.2853) - lr: 3.00e-04 - 5.7s
Epoch 207/300 - loss: 0.3394 (mae 0.0543 mrstft 0.2850) - val: 0.3424 (mae 0.0532 mrstft 0.2892) - lr: 3.00e-04 - 5.8s
Epoch 208/300 - loss: 0.3363 (mae 0.0543 mrstft 0.2819) - val: 0.3402 (mae 0.0535 mrstft 0.2867) - lr: 3.00e-04 - 5.8s
Epoch 209/300 - loss: 0.3375 (mae 0.0547 mrstft 0.2828) - val: 0.3361 (mae 0.0528 mrstft 0.2833) - lr: 3.00e-04 - 5.8s
Epoch 210/300 - loss: 0.3368 (mae 0.0544 mrstft 0.2824) - val: 0.3361 (mae 0.0524 mrstft 0.2837) - lr: 3.00e-04 - 5.8s
Epoch 211/300 - loss: 0.3365 (mae 0.0545 mrstft 0.2820) - val: 0.3342 (mae 0.0527 mrstft 0.2815) - lr: 3.00e-04 - 5.7s
Epoch 212/300 - loss: 0.3367 (mae 0.0543 mrstft 0.2824) - val: 0.3412 (mae 0.0539 mrstft 0.2873) - lr: 3.00e-04 - 5.8s
Epoch 213/300 - loss: 0.3360 (mae 0.0543 mrstft 0.2816) - val: 0.3541 (mae 0.0522 mrstft 0.3019) - lr: 3.00e-04 - 5.7s
Epoch 214/300 - loss: 0.3351 (mae 0.0539 mrstft 0.2812) - val: 0.3459 (mae 0.0526 mrstft 0.2933) - lr: 3.00e-04 - 5.8s
Epoch 215/300 - loss: 0.3361 (mae 0.0539 mrstft 0.2822) - val: 0.3376 (mae 0.0520 mrstft 0.2857) - lr: 3.00e-04 - 5.7s
Epoch 216/300 - loss: 0.3359 (mae 0.0539 mrstft 0.2820) - val: 0.3383 (mae 0.0517 mrstft 0.2866) - lr: 3.00e-04 - 5.8s
Epoch 217/300 - loss: 0.3342 (mae 0.0537 mrstft 0.2805) - val: 0.3380 (mae 0.0520 mrstft 0.2860) - lr: 3.00e-04 - 5.8s
Epoch 218/300 - loss: 0.3335 (mae 0.0538 mrstft 0.2797) - val: 0.3339 (mae 0.0520 mrstft 0.2819) - lr: 3.00e-04 - 5.7s
Epoch 219/300 - loss: 0.3339 (mae 0.0540 mrstft 0.2800) - val: 0.3304 (mae 0.0517 mrstft 0.2787) - lr: 3.00e-04 - 5.8s
Epoch 220/300 - loss: 0.3337 (mae 0.0535 mrstft 0.2802) - val: 0.3361 (mae 0.0518 mrstft 0.2843) - lr: 3.00e-04 - 5.7s
Epoch 221/300 - loss: 0.3324 (mae 0.0538 mrstft 0.2786) - val: 0.3376 (mae 0.0524 mrstft 0.2852) - lr: 3.00e-04 - 5.8s
Epoch 222/300 - loss: 0.3333 (mae 0.0538 mrstft 0.2796) - val: 0.3432 (mae 0.0531 mrstft 0.2902) - lr: 3.00e-04 - 5.8s
Epoch 223/300 - loss: 0.3349 (mae 0.0538 mrstft 0.2812) - val: 0.3348 (mae 0.0523 mrstft 0.2825) - lr: 3.00e-04 - 5.8s
Epoch 224/300 - loss: 0.3317 (mae 0.0537 mrstft 0.2779) - val: 0.3316 (mae 0.0520 mrstft 0.2796) - lr: 3.00e-04 - 5.8s
Epoch 225/300 - loss: 0.3334 (mae 0.0538 mrstft 0.2796) - val: 0.3384 (mae 0.0538 mrstft 0.2846) - lr: 3.00e-04 - 5.7s
Epoch 226/300 - loss: 0.3322 (mae 0.0535 mrstft 0.2787) - val: 0.3370 (mae 0.0508 mrstft 0.2863) - lr: 3.00e-04 - 5.8s
Epoch 227/300 - loss: 0.3352 (mae 0.0531 mrstft 0.2821) - val: 0.3452 (mae 0.0514 mrstft 0.2938) - lr: 3.00e-04 - 5.7s
Epoch 228/300 - loss: 0.3328 (mae 0.0532 mrstft 0.2796) - val: 0.3460 (mae 0.0507 mrstft 0.2953) - lr: 3.00e-04 - 5.8s
Epoch 229/300 - loss: 0.3336 (mae 0.0534 mrstft 0.2802) - val: 0.3460 (mae 0.0509 mrstft 0.2951) - lr: 3.00e-04 - 5.7s
Epoch 230/300 - loss: 0.3324 (mae 0.0529 mrstft 0.2794) - val: 0.3335 (mae 0.0512 mrstft 0.2823) - lr: 3.00e-04 - 5.7s
Epoch 231/300 - loss: 0.3301 (mae 0.0525 mrstft 0.2776) - val: 0.3314 (mae 0.0507 mrstft 0.2807) - lr: 3.00e-04 - 5.8s
Epoch 232/300 - loss: 0.3322 (mae 0.0529 mrstft 0.2793) - val: 0.3311 (mae 0.0509 mrstft 0.2802) - lr: 3.00e-04 - 5.7s
Epoch 233/300 - loss: 0.3331 (mae 0.0526 mrstft 0.2804) - val: 0.3322 (mae 0.0520 mrstft 0.2802) - lr: 3.00e-04 - 5.8s
Epoch 234/300 - loss: 0.3299 (mae 0.0527 mrstft 0.2772) - val: 0.3351 (mae 0.0518 mrstft 0.2833) - lr: 3.00e-04 - 5.7s
Epoch 235/300 - loss: 0.3329 (mae 0.0526 mrstft 0.2803) - val: 0.3378 (mae 0.0518 mrstft 0.2860) - lr: 3.00e-04 - 5.8s
Epoch 236/300 - loss: 0.3309 (mae 0.0527 mrstft 0.2783) - val: 0.3298 (mae 0.0509 mrstft 0.2789) - lr: 3.00e-04 - 5.7s
Epoch 237/300 - loss: 0.3285 (mae 0.0525 mrstft 0.2760) - val: 0.3339 (mae 0.0509 mrstft 0.2830) - lr: 3.00e-04 - 5.8s
Epoch 238/300 - loss: 0.3314 (mae 0.0524 mrstft 0.2789) - val: 0.3326 (mae 0.0507 mrstft 0.2819) - lr: 3.00e-04 - 5.8s
Epoch 239/300 - loss: 0.3296 (mae 0.0526 mrstft 0.2770) - val: 0.3357 (mae 0.0503 mrstft 0.2853) - lr: 3.00e-04 - 5.7s
Epoch 240/300 - loss: 0.3297 (mae 0.0526 mrstft 0.2770) - val: 0.3308 (mae 0.0504 mrstft 0.2804) - lr: 3.00e-04 - 5.8s
Epoch 241/300 - loss: 0.3296 (mae 0.0522 mrstft 0.2774) - val: 0.3318 (mae 0.0518 mrstft 0.2801) - lr: 3.00e-04 - 5.7s
Epoch 242/300 - loss: 0.3288 (mae 0.0521 mrstft 0.2767) - val: 0.3320 (mae 0.0506 mrstft 0.2814) - lr: 3.00e-04 - 5.8s
Epoch 243/300 - loss: 0.3276 (mae 0.0522 mrstft 0.2754) - val: 0.3321 (mae 0.0506 mrstft 0.2815) - lr: 3.00e-04 - 5.8s
Epoch 244/300 - loss: 0.3289 (mae 0.0522 mrstft 0.2768) - val: 0.3354 (mae 0.0503 mrstft 0.2852) - lr: 3.00e-04 - 5.8s
Epoch 245/300 - loss: 0.3291 (mae 0.0518 mrstft 0.2773) - val: 0.3340 (mae 0.0511 mrstft 0.2828) - lr: 3.00e-04 - 5.8s
Epoch 246/300 - loss: 0.3282 (mae 0.0522 mrstft 0.2760) - val: 0.3276 (mae 0.0503 mrstft 0.2773) - lr: 3.00e-04 - 5.8s
Epoch 247/300 - loss: 0.3277 (mae 0.0521 mrstft 0.2756) - val: 0.3316 (mae 0.0499 mrstft 0.2817) - lr: 3.00e-04 - 5.8s
Epoch 248/300 - loss: 0.3289 (mae 0.0519 mrstft 0.2770) - val: 0.3302 (mae 0.0515 mrstft 0.2787) - lr: 3.00e-04 - 5.7s
Epoch 249/300 - loss: 0.3261 (mae 0.0517 mrstft 0.2744) - val: 0.3294 (mae 0.0505 mrstft 0.2789) - lr: 3.00e-04 - 5.8s
Epoch 250/300 - loss: 0.3270 (mae 0.0520 mrstft 0.2750) - val: 0.3323 (mae 0.0507 mrstft 0.2816) - lr: 3.00e-04 - 5.7s
Epoch 251/300 - loss: 0.3263 (mae 0.0516 mrstft 0.2747) - val: 0.3300 (mae 0.0500 mrstft 0.2800) - lr: 3.00e-04 - 5.8s
Epoch 252/300 - loss: 0.3294 (mae 0.0518 mrstft 0.2775) - val: 0.3373 (mae 0.0498 mrstft 0.2874) - lr: 3.00e-04 - 5.8s
Epoch 253/300 - loss: 0.3266 (mae 0.0513 mrstft 0.2753) - val: 0.3300 (mae 0.0498 mrstft 0.2802) - lr: 3.00e-04 - 5.8s
Epoch 254/300 - loss: 0.3277 (mae 0.0517 mrstft 0.2760) - val: 0.3275 (mae 0.0495 mrstft 0.2780) - lr: 3.00e-04 - 5.8s
Epoch 255/300 - loss: 0.3264 (mae 0.0516 mrstft 0.2748) - val: 0.3310 (mae 0.0494 mrstft 0.2815) - lr: 3.00e-04 - 5.8s
Epoch 256/300 - loss: 0.3269 (mae 0.0513 mrstft 0.2756) - val: 0.3301 (mae 0.0502 mrstft 0.2799) - lr: 3.00e-04 - 5.8s
Epoch 257/300 - loss: 0.3267 (mae 0.0510 mrstft 0.2757) - val: 0.3310 (mae 0.0506 mrstft 0.2805) - lr: 3.00e-04 - 5.8s
Epoch 258/300 - loss: 0.3257 (mae 0.0512 mrstft 0.2745) - val: 0.3311 (mae 0.0496 mrstft 0.2815) - lr: 3.00e-04 - 5.8s
Epoch 259/300 - loss: 0.3260 (mae 0.0511 mrstft 0.2749) - val: 0.3252 (mae 0.0496 mrstft 0.2756) - lr: 3.00e-04 - 5.7s
Epoch 260/300 - loss: 0.3257 (mae 0.0512 mrstft 0.2745) - val: 0.3365 (mae 0.0493 mrstft 0.2872) - lr: 3.00e-04 - 5.8s
Epoch 261/300 - loss: 0.3310 (mae 0.0509 mrstft 0.2801) - val: 0.3350 (mae 0.0492 mrstft 0.2858) - lr: 3.00e-04 - 5.8s
Epoch 262/300 - loss: 0.3255 (mae 0.0505 mrstft 0.2749) - val: 0.3256 (mae 0.0498 mrstft 0.2758) - lr: 3.00e-04 - 5.8s
Epoch 263/300 - loss: 0.3250 (mae 0.0511 mrstft 0.2740) - val: 0.3252 (mae 0.0502 mrstft 0.2751) - lr: 3.00e-04 - 5.8s
Epoch 264/300 - loss: 0.3254 (mae 0.0507 mrstft 0.2748) - val: 0.3323 (mae 0.0491 mrstft 0.2832) - lr: 3.00e-04 - 5.7s
Epoch 265/300 - loss: 0.3260 (mae 0.0510 mrstft 0.2750) - val: 0.3330 (mae 0.0494 mrstft 0.2835) - lr: 3.00e-04 - 5.8s
Epoch 266/300 - loss: 0.3247 (mae 0.0510 mrstft 0.2737) - val: 0.3234 (mae 0.0497 mrstft 0.2737) - lr: 3.00e-04 - 5.8s
Epoch 267/300 - loss: 0.3251 (mae 0.0505 mrstft 0.2746) - val: 0.3287 (mae 0.0497 mrstft 0.2790) - lr: 3.00e-04 - 5.8s
Epoch 268/300 - loss: 0.3265 (mae 0.0510 mrstft 0.2755) - val: 0.3280 (mae 0.0496 mrstft 0.2785) - lr: 3.00e-04 - 5.8s
Epoch 269/300 - loss: 0.3242 (mae 0.0511 mrstft 0.2731) - val: 0.3280 (mae 0.0498 mrstft 0.2782) - lr: 3.00e-04 - 5.8s
Epoch 270/300 - loss: 0.3232 (mae 0.0505 mrstft 0.2727) - val: 0.3256 (mae 0.0491 mrstft 0.2764) - lr: 3.00e-04 - 5.8s
Epoch 271/300 - loss: 0.3235 (mae 0.0504 mrstft 0.2732) - val: 0.3253 (mae 0.0486 mrstft 0.2767) - lr: 3.00e-04 - 5.7s
Epoch 272/300 - loss: 0.3244 (mae 0.0501 mrstft 0.2744) - val: 0.3228 (mae 0.0487 mrstft 0.2741) - lr: 3.00e-04 - 5.8s
Epoch 273/300 - loss: 0.3229 (mae 0.0505 mrstft 0.2725) - val: 0.3291 (mae 0.0492 mrstft 0.2799) - lr: 3.00e-04 - 5.8s
Epoch 274/300 - loss: 0.3234 (mae 0.0506 mrstft 0.2728) - val: 0.3286 (mae 0.0495 mrstft 0.2791) - lr: 3.00e-04 - 5.8s
Epoch 275/300 - loss: 0.3224 (mae 0.0502 mrstft 0.2721) - val: 0.3242 (mae 0.0487 mrstft 0.2755) - lr: 3.00e-04 - 5.8s
Epoch 276/300 - loss: 0.3232 (mae 0.0503 mrstft 0.2729) - val: 0.3220 (mae 0.0484 mrstft 0.2737) - lr: 3.00e-04 - 5.7s
Epoch 277/300 - loss: 0.3227 (mae 0.0500 mrstft 0.2726) - val: 0.3249 (mae 0.0487 mrstft 0.2763) - lr: 3.00e-04 - 5.8s
Epoch 278/300 - loss: 0.3222 (mae 0.0499 mrstft 0.2723) - val: 0.3278 (mae 0.0484 mrstft 0.2794) - lr: 3.00e-04 - 5.7s
Epoch 279/300 - loss: 0.3225 (mae 0.0498 mrstft 0.2727) - val: 0.3243 (mae 0.0489 mrstft 0.2754) - lr: 3.00e-04 - 5.8s
Epoch 280/300 - loss: 0.3255 (mae 0.0501 mrstft 0.2755) - val: 0.3241 (mae 0.0483 mrstft 0.2758) - lr: 3.00e-04 - 5.7s
Epoch 281/300 - loss: 0.3224 (mae 0.0501 mrstft 0.2722) - val: 0.3238 (mae 0.0483 mrstft 0.2755) - lr: 3.00e-04 - 5.8s
Epoch 282/300 - loss: 0.3220 (mae 0.0496 mrstft 0.2723) - val: 0.3213 (mae 0.0478 mrstft 0.2735) - lr: 3.00e-04 - 5.8s
Epoch 283/300 - loss: 0.3214 (mae 0.0496 mrstft 0.2717) - val: 0.3257 (mae 0.0484 mrstft 0.2773) - lr: 3.00e-04 - 5.9s
Epoch 284/300 - loss: 0.3220 (mae 0.0496 mrstft 0.2724) - val: 0.3244 (mae 0.0476 mrstft 0.2768) - lr: 3.00e-04 - 5.9s
Epoch 285/300 - loss: 0.3214 (mae 0.0494 mrstft 0.2720) - val: 0.3227 (mae 0.0483 mrstft 0.2744) - lr: 3.00e-04 - 5.8s
Epoch 286/300 - loss: 0.3214 (mae 0.0494 mrstft 0.2720) - val: 0.3282 (mae 0.0514 mrstft 0.2768) - lr: 3.00e-04 - 5.8s
Epoch 287/300 - loss: 0.3209 (mae 0.0494 mrstft 0.2715) - val: 0.3206 (mae 0.0474 mrstft 0.2733) - lr: 3.00e-04 - 5.8s
Epoch 288/300 - loss: 0.3216 (mae 0.0496 mrstft 0.2721) - val: 0.3254 (mae 0.0484 mrstft 0.2770) - lr: 3.00e-04 - 5.8s
Epoch 289/300 - loss: 0.3209 (mae 0.0496 mrstft 0.2714) - val: 0.3264 (mae 0.0477 mrstft 0.2788) - lr: 3.00e-04 - 5.8s
Epoch 290/300 - loss: 0.3208 (mae 0.0493 mrstft 0.2715) - val: 0.3223 (mae 0.0476 mrstft 0.2747) - lr: 3.00e-04 - 5.8s
Epoch 291/300 - loss: 0.3217 (mae 0.0493 mrstft 0.2724) - val: 0.3200 (mae 0.0475 mrstft 0.2725) - lr: 3.00e-04 - 5.8s
Epoch 292/300 - loss: 0.3196 (mae 0.0491 mrstft 0.2705) - val: 0.3236 (mae 0.0475 mrstft 0.2761) - lr: 3.00e-04 - 5.7s
Epoch 293/300 - loss: 0.3205 (mae 0.0490 mrstft 0.2714) - val: 0.3265 (mae 0.0473 mrstft 0.2793) - lr: 3.00e-04 - 5.8s
Epoch 294/300 - loss: 0.3209 (mae 0.0492 mrstft 0.2717) - val: 0.3293 (mae 0.0477 mrstft 0.2816) - lr: 3.00e-04 - 5.7s
Epoch 295/300 - loss: 0.3199 (mae 0.0489 mrstft 0.2710) - val: 0.3233 (mae 0.0469 mrstft 0.2764) - lr: 3.00e-04 - 5.8s
Epoch 296/300 - loss: 0.3234 (mae 0.0489 mrstft 0.2745) - val: 0.3199 (mae 0.0472 mrstft 0.2727) - lr: 3.00e-04 - 5.8s
Epoch 297/300 - loss: 0.3200 (mae 0.0488 mrstft 0.2712) - val: 0.3247 (mae 0.0472 mrstft 0.2775) - lr: 3.00e-04 - 5.8s
Epoch 298/300 - loss: 0.3199 (mae 0.0484 mrstft 0.2715) - val: 0.3220 (mae 0.0476 mrstft 0.2744) - lr: 3.00e-04 - 5.8s
Epoch 299/300 - loss: 0.3215 (mae 0.0484 mrstft 0.2731) - val: 0.3195 (mae 0.0462 mrstft 0.2733) - lr: 3.00e-04 - 5.7s
Epoch 300/300 - loss: 0.3193 (mae 0.0486 mrstft 0.2708) - val: 0.3211 (mae 0.0472 mrstft 0.2739) - lr: 3.00e-04 - 5.8s
Training complete in 28.9m (1734s)
Best val_loss: 0.3195
Weights exported to models/dist_10_gru128_v2\weights.json
Loss history saved to models/dist_10_gru128_v2\loss_history.csv
