Loading training data...
  100Hz (knob=0.000): 1523 windows
  125Hz (knob=0.042): 1523 windows
  250Hz (knob=0.173): 1523 windows
  500Hz (knob=0.304): 1523 windows
  800Hz (knob=0.392): 1523 windows
  1000Hz (knob=0.435): 1523 windows
  2000Hz (knob=0.565): 1523 windows
  4000Hz (knob=0.696): 1523 windows
  8000Hz (knob=0.827): 1523 windows
  12000Hz (knob=0.904): 1523 windows
  16000Hz (knob=0.958): 1523 windows
  20000Hz (knob=1.000): 1523 windows
Loading validation data...
  100Hz (knob=0.000): 234 windows
  125Hz (knob=0.042): 234 windows
  250Hz (knob=0.173): 234 windows
  500Hz (knob=0.304): 234 windows
  800Hz (knob=0.392): 234 windows
  1000Hz (knob=0.435): 234 windows
  2000Hz (knob=0.565): 234 windows
  4000Hz (knob=0.696): 234 windows
  8000Hz (knob=0.827): 234 windows
  12000Hz (knob=0.904): 234 windows
  16000Hz (knob=0.958): 234 windows
  20000Hz (knob=1.000): 234 windows
Train windows: 18276, Val windows: 2808, Sample rate: 48000
Using device: cuda
Epoch 1/300 - loss: 46.9208 - val_loss: 0.3946 - lr: 1.00e-03 - 8.7s
Epoch 2/300 - loss: 0.2863 - val_loss: 0.3717 - lr: 1.00e-03 - 8.4s
Epoch 3/300 - loss: 0.2727 - val_loss: 0.3836 - lr: 1.00e-03 - 8.5s
Epoch 4/300 - loss: 0.2682 - val_loss: 0.3580 - lr: 1.00e-03 - 8.6s
Epoch 5/300 - loss: 0.2686 - val_loss: 0.3657 - lr: 1.00e-03 - 8.5s
Epoch 6/300 - loss: 0.2599 - val_loss: 0.3546 - lr: 1.00e-03 - 8.6s
Epoch 7/300 - loss: 0.2614 - val_loss: 0.3574 - lr: 1.00e-03 - 8.5s
Epoch 8/300 - loss: 0.2511 - val_loss: 0.3466 - lr: 1.00e-03 - 8.5s
Epoch 9/300 - loss: 0.2433 - val_loss: 0.3476 - lr: 1.00e-03 - 8.4s
Epoch 10/300 - loss: 0.2373 - val_loss: 0.3324 - lr: 1.00e-03 - 8.4s
Epoch 11/300 - loss: 0.2375 - val_loss: 0.3429 - lr: 1.00e-03 - 8.4s
Epoch 12/300 - loss: 0.2248 - val_loss: 0.3439 - lr: 1.00e-03 - 8.4s
Epoch 13/300 - loss: 0.2236 - val_loss: 0.3306 - lr: 1.00e-03 - 8.4s
Epoch 14/300 - loss: 0.2164 - val_loss: 0.3307 - lr: 1.00e-03 - 8.5s
Epoch 15/300 - loss: 0.2209 - val_loss: 0.3258 - lr: 1.00e-03 - 8.5s
Epoch 16/300 - loss: 0.2156 - val_loss: 0.3202 - lr: 1.00e-03 - 8.5s
Epoch 17/300 - loss: 0.2134 - val_loss: 0.3278 - lr: 1.00e-03 - 8.5s
Epoch 18/300 - loss: 0.2118 - val_loss: 0.3136 - lr: 1.00e-03 - 8.5s
Epoch 19/300 - loss: 0.2102 - val_loss: 0.3093 - lr: 1.00e-03 - 8.5s
Epoch 20/300 - loss: 0.2076 - val_loss: 0.3167 - lr: 1.00e-03 - 8.5s
Epoch 21/300 - loss: 0.2087 - val_loss: 0.3185 - lr: 1.00e-03 - 8.5s
Epoch 22/300 - loss: 0.2059 - val_loss: 0.2916 - lr: 1.00e-03 - 8.6s
Epoch 23/300 - loss: 0.2026 - val_loss: 0.2734 - lr: 1.00e-03 - 7.9s
Epoch 24/300 - loss: 0.2039 - val_loss: 0.2880 - lr: 1.00e-03 - 7.7s
Epoch 25/300 - loss: 0.1982 - val_loss: 0.2988 - lr: 1.00e-03 - 7.8s
Epoch 26/300 - loss: 0.2015 - val_loss: 0.2650 - lr: 1.00e-03 - 8.2s
Epoch 27/300 - loss: 0.1980 - val_loss: 0.2813 - lr: 1.00e-03 - 8.1s
Epoch 28/300 - loss: 0.1990 - val_loss: 0.2562 - lr: 1.00e-03 - 8.1s
Epoch 29/300 - loss: 0.2009 - val_loss: 0.2616 - lr: 1.00e-03 - 8.1s
Epoch 30/300 - loss: 0.1972 - val_loss: 0.2959 - lr: 1.00e-03 - 8.1s
Epoch 31/300 - loss: 0.1964 - val_loss: 0.2658 - lr: 1.00e-03 - 8.2s
Epoch 32/300 - loss: 0.1959 - val_loss: 0.2810 - lr: 1.00e-03 - 8.1s
Epoch 33/300 - loss: 0.2003 - val_loss: 0.2647 - lr: 1.00e-03 - 8.1s
Epoch 34/300 - loss: 0.1940 - val_loss: 0.2454 - lr: 1.00e-03 - 8.2s
Epoch 35/300 - loss: 0.1953 - val_loss: 0.2676 - lr: 1.00e-03 - 8.1s
Epoch 36/300 - loss: 0.1961 - val_loss: 0.2667 - lr: 1.00e-03 - 8.2s
Epoch 37/300 - loss: 0.1942 - val_loss: 0.2472 - lr: 1.00e-03 - 8.1s
Epoch 38/300 - loss: 0.1946 - val_loss: 0.2678 - lr: 1.00e-03 - 8.1s
Epoch 39/300 - loss: 0.1966 - val_loss: 0.2398 - lr: 1.00e-03 - 8.1s
Epoch 40/300 - loss: 0.1935 - val_loss: 0.2542 - lr: 1.00e-03 - 8.1s
Epoch 41/300 - loss: 0.1911 - val_loss: 0.2529 - lr: 1.00e-03 - 8.1s
Epoch 42/300 - loss: 0.1935 - val_loss: 0.2527 - lr: 1.00e-03 - 8.1s
Epoch 43/300 - loss: 0.1935 - val_loss: 0.2523 - lr: 1.00e-03 - 8.1s
Epoch 44/300 - loss: 0.1977 - val_loss: 0.2633 - lr: 1.00e-03 - 8.1s
Epoch 45/300 - loss: 0.1958 - val_loss: 0.2651 - lr: 1.00e-03 - 8.1s
Epoch 46/300 - loss: 0.1935 - val_loss: 0.2404 - lr: 1.00e-03 - 8.1s
Epoch 47/300 - loss: 0.1937 - val_loss: 0.2653 - lr: 1.00e-03 - 8.1s
Epoch 48/300 - loss: 0.1907 - val_loss: 0.2614 - lr: 1.00e-03 - 8.1s
Epoch 49/300 - loss: 0.1960 - val_loss: 0.2747 - lr: 1.00e-03 - 8.1s
Epoch 50/300 - loss: 0.1960 - val_loss: 0.2633 - lr: 1.00e-03 - 8.1s
Epoch 51/300 - loss: 0.1934 - val_loss: 0.2710 - lr: 1.00e-03 - 8.1s
Epoch 52/300 - loss: 0.1921 - val_loss: 0.2449 - lr: 1.00e-03 - 8.1s
Epoch 53/300 - loss: 0.1914 - val_loss: 0.2522 - lr: 1.00e-03 - 8.1s
Epoch 54/300 - loss: 0.1958 - val_loss: 0.2356 - lr: 1.00e-03 - 8.3s
Epoch 55/300 - loss: 0.1910 - val_loss: 0.2623 - lr: 1.00e-03 - 8.2s
Epoch 56/300 - loss: 0.1910 - val_loss: 0.2621 - lr: 1.00e-03 - 8.1s
Epoch 57/300 - loss: 0.1907 - val_loss: 0.2586 - lr: 1.00e-03 - 8.1s
Epoch 58/300 - loss: 0.1924 - val_loss: 0.2411 - lr: 1.00e-03 - 8.2s
Epoch 59/300 - loss: 0.1900 - val_loss: 0.2561 - lr: 1.00e-03 - 8.2s
Epoch 60/300 - loss: 0.1912 - val_loss: 0.2389 - lr: 1.00e-03 - 8.2s
Epoch 61/300 - loss: 0.1887 - val_loss: 0.2486 - lr: 1.00e-03 - 8.2s
Epoch 62/300 - loss: 0.1881 - val_loss: 0.2488 - lr: 1.00e-03 - 8.1s
Epoch 63/300 - loss: 0.1909 - val_loss: 0.2485 - lr: 1.00e-03 - 8.1s
Epoch 64/300 - loss: 0.1882 - val_loss: 0.2610 - lr: 1.00e-03 - 8.1s
Epoch 65/300 - loss: 0.1899 - val_loss: 0.2395 - lr: 1.00e-03 - 8.2s
Epoch 66/300 - loss: 0.1900 - val_loss: 0.2607 - lr: 1.00e-03 - 8.2s
Epoch 67/300 - loss: 0.1899 - val_loss: 0.2447 - lr: 1.00e-03 - 8.1s
Epoch 68/300 - loss: 0.1879 - val_loss: 0.2611 - lr: 1.00e-03 - 8.1s
Epoch 69/300 - loss: 0.1924 - val_loss: 0.2412 - lr: 1.00e-03 - 8.1s
Epoch 70/300 - loss: 0.1904 - val_loss: 0.2281 - lr: 1.00e-03 - 8.3s
Epoch 71/300 - loss: 0.1869 - val_loss: 0.2362 - lr: 1.00e-03 - 8.5s
Epoch 72/300 - loss: 0.1872 - val_loss: 0.2728 - lr: 1.00e-03 - 8.2s
Epoch 73/300 - loss: 0.1871 - val_loss: 0.2344 - lr: 1.00e-03 - 8.2s
Epoch 74/300 - loss: 0.1872 - val_loss: 0.2381 - lr: 1.00e-03 - 8.4s
Epoch 75/300 - loss: 0.1876 - val_loss: 0.2378 - lr: 1.00e-03 - 8.2s
Epoch 76/300 - loss: 0.1893 - val_loss: 0.2461 - lr: 1.00e-03 - 8.1s
Epoch 77/300 - loss: 0.1883 - val_loss: 0.2457 - lr: 1.00e-03 - 8.2s
Epoch 78/300 - loss: 0.1911 - val_loss: 0.2475 - lr: 1.00e-03 - 8.1s
Epoch 79/300 - loss: 0.1867 - val_loss: 0.2286 - lr: 1.00e-03 - 8.2s
Epoch 80/300 - loss: 0.1887 - val_loss: 0.2492 - lr: 1.00e-03 - 8.4s
Epoch 81/300 - loss: 0.1876 - val_loss: 0.2495 - lr: 1.00e-03 - 8.2s
Epoch 82/300 - loss: 0.1892 - val_loss: 0.2444 - lr: 1.00e-03 - 8.1s
Epoch 83/300 - loss: 0.1891 - val_loss: 0.2438 - lr: 1.00e-03 - 8.1s
Epoch 84/300 - loss: 0.1902 - val_loss: 0.2412 - lr: 1.00e-03 - 8.1s
Epoch 85/300 - loss: 0.1909 - val_loss: 0.2143 - lr: 1.00e-03 - 8.1s
Epoch 86/300 - loss: 0.1858 - val_loss: 0.2470 - lr: 1.00e-03 - 8.1s
Epoch 87/300 - loss: 0.1871 - val_loss: 0.2794 - lr: 1.00e-03 - 8.1s
Epoch 88/300 - loss: 0.1882 - val_loss: 0.2393 - lr: 1.00e-03 - 8.1s
Epoch 89/300 - loss: 0.1873 - val_loss: 0.2385 - lr: 1.00e-03 - 8.1s
Epoch 90/300 - loss: 0.1880 - val_loss: 0.2312 - lr: 1.00e-03 - 8.1s
Epoch 91/300 - loss: 0.1863 - val_loss: 0.2395 - lr: 1.00e-03 - 8.1s
Epoch 92/300 - loss: 0.1871 - val_loss: 0.2444 - lr: 1.00e-03 - 8.3s
Epoch 93/300 - loss: 0.1896 - val_loss: 0.2476 - lr: 1.00e-03 - 8.2s
Epoch 94/300 - loss: 0.1885 - val_loss: 0.2457 - lr: 1.00e-03 - 8.2s
Epoch 95/300 - loss: 0.1910 - val_loss: 0.2294 - lr: 1.00e-03 - 8.2s
Epoch 96/300 - loss: 0.1897 - val_loss: 0.2357 - lr: 1.00e-03 - 8.5s
Epoch 97/300 - loss: 0.1873 - val_loss: 0.2374 - lr: 1.00e-03 - 8.4s
Epoch 98/300 - loss: 0.1884 - val_loss: 0.2531 - lr: 1.00e-03 - 8.4s
Epoch 99/300 - loss: 0.1856 - val_loss: 0.2423 - lr: 1.00e-03 - 8.4s
Epoch 100/300 - loss: 0.1898 - val_loss: 0.2385 - lr: 1.00e-03 - 8.4s
Epoch 101/300 - loss: 0.1877 - val_loss: 0.2402 - lr: 1.00e-03 - 8.4s
Epoch 102/300 - loss: 0.1868 - val_loss: 0.2443 - lr: 1.00e-03 - 8.5s
Epoch 103/300 - loss: 0.1870 - val_loss: 0.2270 - lr: 1.00e-03 - 8.4s
Epoch 104/300 - loss: 0.1872 - val_loss: 0.2261 - lr: 1.00e-03 - 8.5s
Epoch 105/300 - loss: 0.1889 - val_loss: 0.2287 - lr: 1.00e-03 - 8.4s
Epoch 106/300 - loss: 0.1855 - val_loss: 0.2429 - lr: 5.00e-04 - 8.4s
Epoch 107/300 - loss: 0.1794 - val_loss: 0.2301 - lr: 5.00e-04 - 8.4s
Epoch 108/300 - loss: 0.1789 - val_loss: 0.2382 - lr: 5.00e-04 - 8.4s
Epoch 109/300 - loss: 0.1792 - val_loss: 0.2355 - lr: 5.00e-04 - 8.4s
Epoch 110/300 - loss: 0.1794 - val_loss: 0.2370 - lr: 5.00e-04 - 8.4s
Epoch 111/300 - loss: 0.1796 - val_loss: 0.2391 - lr: 5.00e-04 - 8.4s
Epoch 112/300 - loss: 0.1794 - val_loss: 0.2351 - lr: 5.00e-04 - 8.4s
Epoch 113/300 - loss: 0.1791 - val_loss: 0.2222 - lr: 5.00e-04 - 8.5s
Epoch 114/300 - loss: 0.1798 - val_loss: 0.2166 - lr: 5.00e-04 - 8.3s
Epoch 115/300 - loss: 0.1796 - val_loss: 0.2259 - lr: 5.00e-04 - 8.1s
Epoch 116/300 - loss: 0.1791 - val_loss: 0.2332 - lr: 5.00e-04 - 8.1s
Epoch 117/300 - loss: 0.1790 - val_loss: 0.2336 - lr: 5.00e-04 - 8.1s
Epoch 118/300 - loss: 0.1802 - val_loss: 0.2213 - lr: 5.00e-04 - 8.1s
Epoch 119/300 - loss: 0.1801 - val_loss: 0.2180 - lr: 5.00e-04 - 8.1s
Epoch 120/300 - loss: 0.1800 - val_loss: 0.2395 - lr: 5.00e-04 - 8.2s
Epoch 121/300 - loss: 0.1798 - val_loss: 0.2551 - lr: 5.00e-04 - 8.1s
Epoch 122/300 - loss: 0.1798 - val_loss: 0.2198 - lr: 5.00e-04 - 8.1s
Epoch 123/300 - loss: 0.1787 - val_loss: 0.2100 - lr: 5.00e-04 - 8.1s
Epoch 124/300 - loss: 0.1800 - val_loss: 0.2188 - lr: 5.00e-04 - 8.1s
Epoch 125/300 - loss: 0.1802 - val_loss: 0.2392 - lr: 5.00e-04 - 8.2s
Epoch 126/300 - loss: 0.1787 - val_loss: 0.2237 - lr: 5.00e-04 - 8.1s
Epoch 127/300 - loss: 0.1793 - val_loss: 0.2265 - lr: 5.00e-04 - 8.1s
Epoch 128/300 - loss: 0.1793 - val_loss: 0.2328 - lr: 5.00e-04 - 8.1s
Epoch 129/300 - loss: 0.1801 - val_loss: 0.2283 - lr: 5.00e-04 - 8.1s
Epoch 130/300 - loss: 0.1786 - val_loss: 0.2291 - lr: 5.00e-04 - 8.2s
Epoch 131/300 - loss: 0.1790 - val_loss: 0.2333 - lr: 5.00e-04 - 8.1s
Epoch 132/300 - loss: 0.1795 - val_loss: 0.2231 - lr: 5.00e-04 - 8.1s
Epoch 133/300 - loss: 0.1789 - val_loss: 0.2224 - lr: 5.00e-04 - 8.1s
Epoch 134/300 - loss: 0.1787 - val_loss: 0.2182 - lr: 5.00e-04 - 8.2s
Epoch 135/300 - loss: 0.1798 - val_loss: 0.2334 - lr: 5.00e-04 - 8.1s
Epoch 136/300 - loss: 0.1791 - val_loss: 0.2510 - lr: 5.00e-04 - 8.1s
Epoch 137/300 - loss: 0.1784 - val_loss: 0.2239 - lr: 5.00e-04 - 8.1s
Epoch 138/300 - loss: 0.1792 - val_loss: 0.2414 - lr: 5.00e-04 - 8.1s
Epoch 139/300 - loss: 0.1798 - val_loss: 0.2325 - lr: 5.00e-04 - 8.1s
Epoch 140/300 - loss: 0.1794 - val_loss: 0.2170 - lr: 5.00e-04 - 8.1s
Epoch 141/300 - loss: 0.1792 - val_loss: 0.2198 - lr: 5.00e-04 - 8.1s
Epoch 142/300 - loss: 0.1781 - val_loss: 0.2210 - lr: 5.00e-04 - 8.1s
Epoch 143/300 - loss: 0.1794 - val_loss: 0.2205 - lr: 5.00e-04 - 8.5s
Epoch 144/300 - loss: 0.1792 - val_loss: 0.2121 - lr: 2.50e-04 - 8.1s
Epoch 145/300 - loss: 0.1772 - val_loss: 0.2209 - lr: 2.50e-04 - 8.1s
Epoch 146/300 - loss: 0.1763 - val_loss: 0.2283 - lr: 2.50e-04 - 8.1s
Epoch 147/300 - loss: 0.1758 - val_loss: 0.2205 - lr: 2.50e-04 - 8.1s
Epoch 148/300 - loss: 0.1761 - val_loss: 0.2162 - lr: 2.50e-04 - 8.1s
Epoch 149/300 - loss: 0.1760 - val_loss: 0.2152 - lr: 2.50e-04 - 8.2s
Epoch 150/300 - loss: 0.1761 - val_loss: 0.2325 - lr: 2.50e-04 - 8.2s
Epoch 151/300 - loss: 0.1762 - val_loss: 0.2231 - lr: 2.50e-04 - 8.1s
Epoch 152/300 - loss: 0.1760 - val_loss: 0.2161 - lr: 2.50e-04 - 8.1s
Epoch 153/300 - loss: 0.1766 - val_loss: 0.2199 - lr: 2.50e-04 - 8.1s
Epoch 154/300 - loss: 0.1760 - val_loss: 0.2239 - lr: 2.50e-04 - 8.2s
Epoch 155/300 - loss: 0.1765 - val_loss: 0.2241 - lr: 2.50e-04 - 8.1s
Epoch 156/300 - loss: 0.1767 - val_loss: 0.2300 - lr: 2.50e-04 - 8.2s
Epoch 157/300 - loss: 0.1758 - val_loss: 0.2145 - lr: 2.50e-04 - 8.1s
Epoch 158/300 - loss: 0.1761 - val_loss: 0.2209 - lr: 2.50e-04 - 8.2s
Epoch 159/300 - loss: 0.1757 - val_loss: 0.2169 - lr: 2.50e-04 - 8.1s
Epoch 160/300 - loss: 0.1760 - val_loss: 0.2209 - lr: 2.50e-04 - 8.2s
Epoch 161/300 - loss: 0.1760 - val_loss: 0.2261 - lr: 2.50e-04 - 8.2s
Epoch 162/300 - loss: 0.1760 - val_loss: 0.2320 - lr: 2.50e-04 - 8.1s
Epoch 163/300 - loss: 0.1760 - val_loss: 0.2129 - lr: 2.50e-04 - 8.3s
Early stopping: val_loss has not improved for 40 epochs.
Training complete in 22.3m (1341s)
Best val_loss: 0.2100 — loading best weights for export
Model saved to models/21_moog_film_64u_w256\weights.json
Loss history saved to models/21_moog_film_64u_w256\loss_history.csv
