Loading training data...
  distortionGigaTestAudio.wav: 4800 train, 1199 val windows
  distortionGigaTestAudio-10dB.wav: 4800 train, 1199 val windows
Total: 9600 train, 2398 val windows  sr=48000
Using device: cuda
Epoch 1/300 - loss: 2.3649 (mae 0.0565 mrstft 2.3074 dc 0.001050) - val: 2.3357 (mae 0.0506 mrstft 2.2846 dc 0.000482) - lr: 1.00e-04 - 7.2s
Epoch 2/300 - loss: 2.2891 (mae 0.0495 mrstft 2.2391 dc 0.000463) - val: 2.2593 (mae 0.0496 mrstft 2.2069 dc 0.002811) - lr: 1.00e-04 - 6.6s
Epoch 3/300 - loss: 2.1775 (mae 0.0493 mrstft 2.1275 dc 0.000649) - val: 2.0985 (mae 0.0490 mrstft 2.0494 dc 0.000085) - lr: 1.00e-04 - 6.6s
Epoch 4/300 - loss: 1.9580 (mae 0.0493 mrstft 1.9073 dc 0.001366) - val: 1.8099 (mae 0.0516 mrstft 1.7514 dc 0.006819) - lr: 1.00e-04 - 6.6s
Epoch 5/300 - loss: 1.7359 (mae 0.0525 mrstft 1.6775 dc 0.005872) - val: 1.6895 (mae 0.0533 mrstft 1.6337 dc 0.002571) - lr: 1.00e-04 - 6.6s
Epoch 6/300 - loss: 1.6384 (mae 0.0541 mrstft 1.5804 dc 0.003856) - val: 1.5920 (mae 0.0547 mrstft 1.5370 dc 0.000261) - lr: 1.00e-04 - 6.6s
Epoch 7/300 - loss: 1.5451 (mae 0.0566 mrstft 1.4855 dc 0.003033) - val: 1.5118 (mae 0.0586 mrstft 1.4502 dc 0.003044) - lr: 1.00e-04 - 6.6s
Epoch 8/300 - loss: 1.4706 (mae 0.0597 mrstft 1.4085 dc 0.002306) - val: 1.4437 (mae 0.0618 mrstft 1.3790 dc 0.002799) - lr: 1.00e-04 - 6.6s
Epoch 9/300 - loss: 1.4071 (mae 0.0633 mrstft 1.3406 dc 0.003141) - val: 1.3876 (mae 0.0659 mrstft 1.3175 dc 0.004266) - lr: 1.00e-04 - 6.6s
Epoch 10/300 - loss: 1.3568 (mae 0.0668 mrstft 1.2869 dc 0.003085) - val: 1.3348 (mae 0.0682 mrstft 1.2665 dc 0.000055) - lr: 1.00e-04 - 6.6s
Epoch 11/300 - loss: 1.3153 (mae 0.0703 mrstft 1.2415 dc 0.003525) - val: 1.2974 (mae 0.0730 mrstft 1.2207 dc 0.003790) - lr: 1.00e-04 - 6.6s
Epoch 12/300 - loss: 1.2812 (mae 0.0741 mrstft 1.2022 dc 0.004979) - val: 1.2636 (mae 0.0756 mrstft 1.1872 dc 0.000676) - lr: 1.00e-04 - 6.6s
Epoch 13/300 - loss: 1.2519 (mae 0.0774 mrstft 1.1698 dc 0.004699) - val: 1.2451 (mae 0.0792 mrstft 1.1625 dc 0.003368) - lr: 1.00e-04 - 6.6s
Epoch 14/300 - loss: 1.2319 (mae 0.0807 mrstft 1.1466 dc 0.004629) - val: 1.2313 (mae 0.0830 mrstft 1.1419 dc 0.006410) - lr: 1.00e-04 - 6.6s
Epoch 15/300 - loss: 1.2178 (mae 0.0834 mrstft 1.1290 dc 0.005369) - val: 1.2080 (mae 0.0847 mrstft 1.1230 dc 0.000360) - lr: 1.00e-04 - 6.6s
Epoch 16/300 - loss: 1.1967 (mae 0.0864 mrstft 1.1080 dc 0.002438) - val: 1.2011 (mae 0.0889 mrstft 1.1064 dc 0.005791) - lr: 1.00e-04 - 6.6s
Epoch 17/300 - loss: 1.1868 (mae 0.0896 mrstft 1.0934 dc 0.003894) - val: 1.1804 (mae 0.0912 mrstft 1.0888 dc 0.000372) - lr: 1.00e-04 - 6.6s
Epoch 18/300 - loss: 1.1767 (mae 0.0923 mrstft 1.0822 dc 0.002205) - val: 1.1746 (mae 0.0935 mrstft 1.0809 dc 0.000266) - lr: 1.00e-04 - 6.6s
Epoch 19/300 - loss: 1.1704 (mae 0.0943 mrstft 1.0739 dc 0.002234) - val: 1.1713 (mae 0.0961 mrstft 1.0751 dc 0.000109) - lr: 1.00e-04 - 6.6s
Epoch 20/300 - loss: 1.1718 (mae 0.0969 mrstft 1.0683 dc 0.006657) - val: 1.1753 (mae 0.0976 mrstft 1.0717 dc 0.005979) - lr: 1.00e-04 - 6.6s
Epoch 21/300 - loss: 1.1607 (mae 0.0975 mrstft 1.0605 dc 0.002725) - val: 1.1748 (mae 0.0993 mrstft 1.0652 dc 0.010301) - lr: 1.00e-04 - 6.6s
Epoch 22/300 - loss: 1.1601 (mae 0.0991 mrstft 1.0554 dc 0.005532) - val: 1.1534 (mae 0.0985 mrstft 1.0545 dc 0.000445) - lr: 1.00e-04 - 6.6s
Epoch 23/300 - loss: 1.1524 (mae 0.0990 mrstft 1.0497 dc 0.003742) - val: 1.1531 (mae 0.0991 mrstft 1.0500 dc 0.004059) - lr: 1.00e-04 - 6.6s
Epoch 24/300 - loss: 1.1452 (mae 0.0992 mrstft 1.0440 dc 0.002080) - val: 1.1426 (mae 0.0990 mrstft 1.0432 dc 0.000407) - lr: 1.00e-04 - 6.6s
Epoch 25/300 - loss: 1.1373 (mae 0.0996 mrstft 1.0349 dc 0.002790) - val: 1.1373 (mae 0.1006 mrstft 1.0318 dc 0.004916) - lr: 1.00e-04 - 6.6s
Epoch 26/300 - loss: 1.1264 (mae 0.0993 mrstft 1.0235 dc 0.003590) - val: 1.1218 (mae 0.0986 mrstft 1.0216 dc 0.001677) - lr: 1.00e-04 - 6.6s
Epoch 27/300 - loss: 1.1135 (mae 0.0980 mrstft 1.0125 dc 0.002970) - val: 1.1053 (mae 0.0964 mrstft 1.0071 dc 0.001804) - lr: 1.00e-04 - 6.6s
Epoch 28/300 - loss: 1.1017 (mae 0.0956 mrstft 1.0047 dc 0.001443) - val: 1.1081 (mae 0.0956 mrstft 1.0058 dc 0.006737) - lr: 1.00e-04 - 6.6s
Epoch 29/300 - loss: 1.0955 (mae 0.0944 mrstft 0.9988 dc 0.002381) - val: 1.0878 (mae 0.0938 mrstft 0.9933 dc 0.000732) - lr: 1.00e-04 - 6.6s
Epoch 30/300 - loss: 1.0859 (mae 0.0934 mrstft 0.9886 dc 0.003852) - val: 1.0847 (mae 0.0933 mrstft 0.9789 dc 0.012419) - lr: 1.00e-04 - 6.6s
Epoch 31/300 - loss: 1.0722 (mae 0.0918 mrstft 0.9770 dc 0.003403) - val: 1.0617 (mae 0.0905 mrstft 0.9678 dc 0.003434) - lr: 1.00e-04 - 6.6s
Epoch 32/300 - loss: 1.0343 (mae 0.0897 mrstft 0.9416 dc 0.002951) - val: 1.0079 (mae 0.0881 mrstft 0.9149 dc 0.004888) - lr: 1.00e-04 - 6.6s
Epoch 33/300 - loss: 0.9771 (mae 0.0892 mrstft 0.8854 dc 0.002542) - val: 0.9668 (mae 0.0891 mrstft 0.8741 dc 0.003692) - lr: 1.00e-04 - 6.6s
Epoch 34/300 - loss: 0.9516 (mae 0.0875 mrstft 0.8620 dc 0.002138) - val: 0.9590 (mae 0.0867 mrstft 0.8626 dc 0.009657) - lr: 1.00e-04 - 6.6s
Epoch 35/300 - loss: 0.9393 (mae 0.0849 mrstft 0.8526 dc 0.001786) - val: 0.9362 (mae 0.0827 mrstft 0.8519 dc 0.001665) - lr: 1.00e-04 - 6.6s
Epoch 36/300 - loss: 0.9353 (mae 0.0830 mrstft 0.8493 dc 0.003025) - val: 0.9403 (mae 0.0819 mrstft 0.8511 dc 0.007271) - lr: 1.00e-04 - 6.6s
Epoch 37/300 - loss: 0.9283 (mae 0.0820 mrstft 0.8437 dc 0.002646) - val: 0.9299 (mae 0.0813 mrstft 0.8444 dc 0.004197) - lr: 1.00e-04 - 6.6s
Epoch 38/300 - loss: 0.9261 (mae 0.0818 mrstft 0.8400 dc 0.004364) - val: 0.9292 (mae 0.0807 mrstft 0.8427 dc 0.005730) - lr: 1.00e-04 - 6.6s
Epoch 39/300 - loss: 0.9162 (mae 0.0808 mrstft 0.8329 dc 0.002430) - val: 0.9118 (mae 0.0788 mrstft 0.8318 dc 0.001157) - lr: 1.00e-04 - 6.6s
Epoch 40/300 - loss: 0.9115 (mae 0.0795 mrstft 0.8295 dc 0.002573) - val: 0.9035 (mae 0.0773 mrstft 0.8252 dc 0.001081) - lr: 1.00e-04 - 6.6s
Epoch 41/300 - loss: 0.9039 (mae 0.0779 mrstft 0.8239 dc 0.002108) - val: 0.9057 (mae 0.0770 mrstft 0.8256 dc 0.003068) - lr: 1.00e-04 - 6.6s
Epoch 42/300 - loss: 0.9008 (mae 0.0772 mrstft 0.8202 dc 0.003484) - val: 0.8972 (mae 0.0751 mrstft 0.8184 dc 0.003672) - lr: 1.00e-04 - 6.6s
Epoch 43/300 - loss: 0.8870 (mae 0.0749 mrstft 0.8099 dc 0.002177) - val: 0.8807 (mae 0.0729 mrstft 0.8068 dc 0.000989) - lr: 1.00e-04 - 6.6s
Epoch 44/300 - loss: 0.8781 (mae 0.0735 mrstft 0.8001 dc 0.004524) - val: 0.9059 (mae 0.0744 mrstft 0.8064 dc 0.025056) - lr: 1.00e-04 - 6.6s
Epoch 45/300 - loss: 0.8683 (mae 0.0714 mrstft 0.7913 dc 0.005571) - val: 0.8623 (mae 0.0690 mrstft 0.7914 dc 0.001941) - lr: 1.00e-04 - 6.6s
Epoch 46/300 - loss: 0.8533 (mae 0.0701 mrstft 0.7806 dc 0.002591) - val: 0.8464 (mae 0.0677 mrstft 0.7782 dc 0.000540) - lr: 1.00e-04 - 6.6s
Epoch 47/300 - loss: 0.8408 (mae 0.0677 mrstft 0.7698 dc 0.003264) - val: 0.8324 (mae 0.0641 mrstft 0.7672 dc 0.001157) - lr: 1.00e-04 - 6.6s
Epoch 48/300 - loss: 0.8312 (mae 0.0639 mrstft 0.7633 dc 0.004031) - val: 0.8419 (mae 0.0632 mrstft 0.7693 dc 0.009420) - lr: 1.00e-04 - 6.6s
Epoch 49/300 - loss: 0.8187 (mae 0.0607 mrstft 0.7551 dc 0.002937) - val: 0.8250 (mae 0.0598 mrstft 0.7580 dc 0.007177) - lr: 1.00e-04 - 6.6s
Epoch 50/300 - loss: 0.8242 (mae 0.0601 mrstft 0.7574 dc 0.006674) - val: 0.8447 (mae 0.0610 mrstft 0.7659 dc 0.017829) - lr: 1.00e-04 - 6.6s
Epoch 51/300 - loss: 0.8156 (mae 0.0583 mrstft 0.7528 dc 0.004568) - val: 0.7988 (mae 0.0559 mrstft 0.7415 dc 0.001269) - lr: 1.00e-04 - 6.6s
Epoch 52/300 - loss: 0.8068 (mae 0.0561 mrstft 0.7463 dc 0.004374) - val: 0.8263 (mae 0.0566 mrstft 0.7573 dc 0.012406) - lr: 1.00e-04 - 6.9s
Epoch 53/300 - loss: 0.7964 (mae 0.0537 mrstft 0.7405 dc 0.002186) - val: 0.8250 (mae 0.0552 mrstft 0.7570 dc 0.012831) - lr: 1.00e-04 - 6.9s
Epoch 54/300 - loss: 0.7916 (mae 0.0523 mrstft 0.7367 dc 0.002636) - val: 0.8555 (mae 0.0572 mrstft 0.7655 dc 0.032833) - lr: 1.00e-04 - 6.9s
Epoch 55/300 - loss: 0.7811 (mae 0.0504 mrstft 0.7285 dc 0.002182) - val: 0.7811 (mae 0.0493 mrstft 0.7293 dc 0.002518) - lr: 1.00e-04 - 6.9s
Epoch 56/300 - loss: 0.7840 (mae 0.0497 mrstft 0.7302 dc 0.004038) - val: 0.7760 (mae 0.0480 mrstft 0.7257 dc 0.002278) - lr: 1.00e-04 - 6.8s
Epoch 57/300 - loss: 0.7790 (mae 0.0483 mrstft 0.7274 dc 0.003270) - val: 0.7835 (mae 0.0480 mrstft 0.7304 dc 0.005115) - lr: 1.00e-04 - 6.9s
Epoch 58/300 - loss: 0.7728 (mae 0.0467 mrstft 0.7223 dc 0.003816) - val: 0.7222 (mae 0.0450 mrstft 0.6756 dc 0.001567) - lr: 1.00e-04 - 6.9s
Epoch 59/300 - loss: 0.7652 (mae 0.0448 mrstft 0.7171 dc 0.003208) - val: 0.7877 (mae 0.0454 mrstft 0.7342 dc 0.008056) - lr: 1.00e-04 - 6.9s
Epoch 60/300 - loss: 0.7638 (mae 0.0441 mrstft 0.7153 dc 0.004339) - val: 0.7916 (mae 0.0462 mrstft 0.7259 dc 0.019442) - lr: 1.00e-04 - 6.9s
Epoch 61/300 - loss: 0.7478 (mae 0.0419 mrstft 0.7044 dc 0.001575) - val: 0.7437 (mae 0.0404 mrstft 0.7022 dc 0.001091) - lr: 1.00e-04 - 6.9s
Epoch 62/300 - loss: 0.7436 (mae 0.0401 mrstft 0.7021 dc 0.001393) - val: 0.7386 (mae 0.0389 mrstft 0.6992 dc 0.000476) - lr: 1.00e-04 - 6.9s
Epoch 63/300 - loss: 0.7467 (mae 0.0400 mrstft 0.7020 dc 0.004797) - val: 0.7399 (mae 0.0397 mrstft 0.6946 dc 0.005583) - lr: 1.00e-04 - 6.9s
Epoch 64/300 - loss: 0.7405 (mae 0.0390 mrstft 0.6977 dc 0.003912) - val: 0.7310 (mae 0.0375 mrstft 0.6924 dc 0.001179) - lr: 1.00e-04 - 6.9s
Epoch 65/300 - loss: 0.7321 (mae 0.0374 mrstft 0.6921 dc 0.002560) - val: 0.7298 (mae 0.0362 mrstft 0.6930 dc 0.000592) - lr: 1.00e-04 - 6.9s
Epoch 66/300 - loss: 0.7369 (mae 0.0376 mrstft 0.6935 dc 0.005767) - val: 0.7359 (mae 0.0368 mrstft 0.6943 dc 0.004865) - lr: 1.00e-04 - 6.9s
Epoch 67/300 - loss: 0.7224 (mae 0.0355 mrstft 0.6850 dc 0.001895) - val: 0.7232 (mae 0.0345 mrstft 0.6874 dc 0.001323) - lr: 1.00e-04 - 6.9s
Epoch 68/300 - loss: 0.7230 (mae 0.0351 mrstft 0.6843 dc 0.003507) - val: 0.7135 (mae 0.0332 mrstft 0.6801 dc 0.000198) - lr: 1.00e-04 - 6.9s
Epoch 69/300 - loss: 0.7211 (mae 0.0350 mrstft 0.6817 dc 0.004340) - val: 0.7282 (mae 0.0352 mrstft 0.6842 dc 0.008770) - lr: 1.00e-04 - 6.9s
Epoch 70/300 - loss: 0.7114 (mae 0.0337 mrstft 0.6748 dc 0.002822) - val: 0.7226 (mae 0.0332 mrstft 0.6871 dc 0.002294) - lr: 1.00e-04 - 6.9s
Epoch 71/300 - loss: 0.7056 (mae 0.0326 mrstft 0.6705 dc 0.002485) - val: 0.7547 (mae 0.0370 mrstft 0.6940 dc 0.023665) - lr: 1.00e-04 - 6.9s
Epoch 72/300 - loss: 0.7063 (mae 0.0320 mrstft 0.6707 dc 0.003682) - val: 0.7349 (mae 0.0342 mrstft 0.6874 dc 0.013270) - lr: 1.00e-04 - 6.9s
Epoch 73/300 - loss: 0.7226 (mae 0.0341 mrstft 0.6784 dc 0.010127) - val: 0.7361 (mae 0.0346 mrstft 0.6849 dc 0.016665) - lr: 1.00e-04 - 6.9s
Epoch 74/300 - loss: 0.7015 (mae 0.0316 mrstft 0.6657 dc 0.004230) - val: 0.7060 (mae 0.0309 mrstft 0.6708 dc 0.004276) - lr: 1.00e-04 - 6.9s
Epoch 75/300 - loss: 0.6951 (mae 0.0305 mrstft 0.6609 dc 0.003718) - val: 0.6892 (mae 0.0291 mrstft 0.6586 dc 0.001380) - lr: 1.00e-04 - 6.9s
Epoch 76/300 - loss: 0.6839 (mae 0.0290 mrstft 0.6531 dc 0.001798) - val: 0.6883 (mae 0.0273 mrstft 0.6594 dc 0.001627) - lr: 1.00e-04 - 6.9s
Epoch 77/300 - loss: 0.6831 (mae 0.0281 mrstft 0.6523 dc 0.002668) - val: 0.6769 (mae 0.0267 mrstft 0.6498 dc 0.000439) - lr: 1.00e-04 - 6.8s
Epoch 78/300 - loss: 0.6827 (mae 0.0279 mrstft 0.6507 dc 0.004109) - val: 0.7067 (mae 0.0301 mrstft 0.6607 dc 0.015934) - lr: 1.00e-04 - 6.9s
Epoch 79/300 - loss: 0.6803 (mae 0.0277 mrstft 0.6481 dc 0.004497) - val: 0.6891 (mae 0.0280 mrstft 0.6524 dc 0.008680) - lr: 1.00e-04 - 6.9s
Epoch 80/300 - loss: 0.6750 (mae 0.0268 mrstft 0.6447 dc 0.003576) - val: 0.6802 (mae 0.0274 mrstft 0.6456 dc 0.007320) - lr: 1.00e-04 - 6.9s
Epoch 81/300 - loss: 0.6676 (mae 0.0258 mrstft 0.6391 dc 0.002727) - val: 0.6687 (mae 0.0249 mrstft 0.6415 dc 0.002312) - lr: 1.00e-04 - 6.9s
Epoch 82/300 - loss: 0.6699 (mae 0.0261 mrstft 0.6394 dc 0.004470) - val: 0.6572 (mae 0.0270 mrstft 0.6202 dc 0.010053) - lr: 1.00e-04 - 6.9s
Epoch 83/300 - loss: 0.6662 (mae 0.0255 mrstft 0.6367 dc 0.003977) - val: 0.6655 (mae 0.0248 mrstft 0.6367 dc 0.003989) - lr: 1.00e-04 - 6.9s
Epoch 84/300 - loss: 0.6590 (mae 0.0244 mrstft 0.6315 dc 0.003023) - val: 0.6509 (mae 0.0227 mrstft 0.6275 dc 0.000660) - lr: 1.00e-04 - 6.8s
Epoch 85/300 - loss: 0.6535 (mae 0.0241 mrstft 0.6249 dc 0.004504) - val: 0.6726 (mae 0.0246 mrstft 0.6395 dc 0.008530) - lr: 1.00e-04 - 5.6s
Epoch 86/300 - loss: 0.6402 (mae 0.0221 mrstft 0.6166 dc 0.001537) - val: 0.6390 (mae 0.0206 mrstft 0.6181 dc 0.000310) - lr: 1.00e-04 - 5.6s
Epoch 87/300 - loss: 0.6379 (mae 0.0217 mrstft 0.6139 dc 0.002334) - val: 0.6657 (mae 0.0243 mrstft 0.6293 dc 0.012209) - lr: 1.00e-04 - 5.3s
Epoch 88/300 - loss: 0.6337 (mae 0.0215 mrstft 0.6094 dc 0.002853) - val: 0.6497 (mae 0.0225 mrstft 0.6179 dc 0.009217) - lr: 1.00e-04 - 5.3s
Epoch 89/300 - loss: 0.6241 (mae 0.0207 mrstft 0.6010 dc 0.002395) - val: 0.6295 (mae 0.0203 mrstft 0.6047 dc 0.004442) - lr: 1.00e-04 - 5.3s
Epoch 90/300 - loss: 0.6171 (mae 0.0201 mrstft 0.5943 dc 0.002635) - val: 0.6219 (mae 0.0204 mrstft 0.5951 dc 0.006474) - lr: 1.00e-04 - 5.4s
Epoch 91/300 - loss: 0.6076 (mae 0.0194 mrstft 0.5862 dc 0.001930) - val: 0.6131 (mae 0.0181 mrstft 0.5940 dc 0.000999) - lr: 1.00e-04 - 5.7s
Epoch 92/300 - loss: 0.6069 (mae 0.0196 mrstft 0.5843 dc 0.003083) - val: 0.6007 (mae 0.0182 mrstft 0.5815 dc 0.000961) - lr: 1.00e-04 - 5.5s
Epoch 93/300 - loss: 0.5949 (mae 0.0186 mrstft 0.5742 dc 0.002123) - val: 0.5975 (mae 0.0182 mrstft 0.5779 dc 0.001487) - lr: 1.00e-04 - 5.5s
Epoch 94/300 - loss: 0.5888 (mae 0.0185 mrstft 0.5677 dc 0.002689) - val: 0.5905 (mae 0.0180 mrstft 0.5694 dc 0.003226) - lr: 1.00e-04 - 5.5s
Epoch 95/300 - loss: 0.5817 (mae 0.0180 mrstft 0.5615 dc 0.002286) - val: 0.6165 (mae 0.0203 mrstft 0.5850 dc 0.011113) - lr: 1.00e-04 - 5.5s
Epoch 96/300 - loss: 0.5759 (mae 0.0179 mrstft 0.5545 dc 0.003469) - val: 0.6370 (mae 0.0233 mrstft 0.5856 dc 0.028054) - lr: 1.00e-04 - 5.6s
Epoch 97/300 - loss: 0.5695 (mae 0.0172 mrstft 0.5497 dc 0.002536) - val: 0.5561 (mae 0.0151 mrstft 0.5407 dc 0.000295) - lr: 1.00e-04 - 5.5s
Epoch 98/300 - loss: 0.5575 (mae 0.0165 mrstft 0.5389 dc 0.002068) - val: 0.5531 (mae 0.0156 mrstft 0.5366 dc 0.000901) - lr: 1.00e-04 - 5.5s
Epoch 99/300 - loss: 0.5517 (mae 0.0162 mrstft 0.5330 dc 0.002553) - val: 0.5637 (mae 0.0161 mrstft 0.5446 dc 0.002977) - lr: 1.00e-04 - 5.5s
Epoch 100/300 - loss: 0.5457 (mae 0.0157 mrstft 0.5278 dc 0.002154) - val: 0.5482 (mae 0.0157 mrstft 0.5288 dc 0.003681) - lr: 1.00e-04 - 5.5s
Epoch 101/300 - loss: 0.5421 (mae 0.0157 mrstft 0.5232 dc 0.003160) - val: 0.5546 (mae 0.0162 mrstft 0.5327 dc 0.005790) - lr: 1.00e-04 - 5.5s
Epoch 102/300 - loss: 0.5439 (mae 0.0161 mrstft 0.5238 dc 0.003982) - val: 0.5486 (mae 0.0162 mrstft 0.5257 dc 0.006733) - lr: 1.00e-04 - 5.5s
Epoch 103/300 - loss: 0.5323 (mae 0.0149 mrstft 0.5151 dc 0.002278) - val: 0.5251 (mae 0.0135 mrstft 0.5100 dc 0.001581) - lr: 1.00e-04 - 5.5s
Epoch 104/300 - loss: 0.5239 (mae 0.0146 mrstft 0.5069 dc 0.002538) - val: 0.5225 (mae 0.0135 mrstft 0.5078 dc 0.001206) - lr: 1.00e-04 - 5.5s
Epoch 105/300 - loss: 0.5183 (mae 0.0139 mrstft 0.5025 dc 0.001866) - val: 0.5207 (mae 0.0131 mrstft 0.5057 dc 0.001859) - lr: 1.00e-04 - 5.5s
Epoch 106/300 - loss: 0.5191 (mae 0.0142 mrstft 0.5019 dc 0.002992) - val: 0.5214 (mae 0.0137 mrstft 0.5045 dc 0.003175) - lr: 1.00e-04 - 5.5s
Epoch 107/300 - loss: 0.5100 (mae 0.0134 mrstft 0.4946 dc 0.002014) - val: 0.5274 (mae 0.0147 mrstft 0.5062 dc 0.006599) - lr: 1.00e-04 - 5.5s
Epoch 108/300 - loss: 0.5134 (mae 0.0139 mrstft 0.4962 dc 0.003237) - val: 0.5116 (mae 0.0138 mrstft 0.4922 dc 0.005589) - lr: 1.00e-04 - 5.5s
Epoch 109/300 - loss: 0.5071 (mae 0.0134 mrstft 0.4911 dc 0.002606) - val: 0.5001 (mae 0.0122 mrstft 0.4857 dc 0.002076) - lr: 1.00e-04 - 5.5s
Epoch 110/300 - loss: 0.4966 (mae 0.0127 mrstft 0.4819 dc 0.002002) - val: 0.4966 (mae 0.0116 mrstft 0.4835 dc 0.001551) - lr: 1.00e-04 - 5.5s
Epoch 111/300 - loss: 0.5123 (mae 0.0142 mrstft 0.4927 dc 0.005454) - val: 0.5076 (mae 0.0116 mrstft 0.4956 dc 0.000401) - lr: 1.00e-04 - 5.5s
Epoch 112/300 - loss: 0.4931 (mae 0.0123 mrstft 0.4790 dc 0.001773) - val: 0.4903 (mae 0.0108 mrstft 0.4793 dc 0.000231) - lr: 1.00e-04 - 5.5s
Epoch 113/300 - loss: 0.4968 (mae 0.0131 mrstft 0.4801 dc 0.003616) - val: 0.5220 (mae 0.0153 mrstft 0.4938 dc 0.012932) - lr: 1.00e-04 - 5.5s
Epoch 114/300 - loss: 0.4921 (mae 0.0129 mrstft 0.4762 dc 0.003003) - val: 0.4991 (mae 0.0122 mrstft 0.4847 dc 0.002210) - lr: 1.00e-04 - 5.5s
Epoch 115/300 - loss: 0.4922 (mae 0.0130 mrstft 0.4756 dc 0.003604) - val: 0.4821 (mae 0.0111 mrstft 0.4704 dc 0.000595) - lr: 1.00e-04 - 5.5s
Epoch 116/300 - loss: 0.4862 (mae 0.0126 mrstft 0.4708 dc 0.002798) - val: 0.4772 (mae 0.0106 mrstft 0.4663 dc 0.000262) - lr: 1.00e-04 - 5.5s
Epoch 117/300 - loss: 0.4864 (mae 0.0128 mrstft 0.4702 dc 0.003409) - val: 0.4835 (mae 0.0112 mrstft 0.4706 dc 0.001650) - lr: 1.00e-04 - 5.5s
Epoch 118/300 - loss: 0.4780 (mae 0.0124 mrstft 0.4631 dc 0.002438) - val: 0.4816 (mae 0.0121 mrstft 0.4655 dc 0.003977) - lr: 1.00e-04 - 5.5s
Epoch 119/300 - loss: 0.4763 (mae 0.0124 mrstft 0.4613 dc 0.002601) - val: 0.4826 (mae 0.0116 mrstft 0.4690 dc 0.001985) - lr: 1.00e-04 - 5.5s
Epoch 120/300 - loss: 0.4680 (mae 0.0117 mrstft 0.4548 dc 0.001503) - val: 0.4786 (mae 0.0111 mrstft 0.4659 dc 0.001602) - lr: 1.00e-04 - 5.5s
Epoch 121/300 - loss: 0.4708 (mae 0.0121 mrstft 0.4562 dc 0.002510) - val: 0.4720 (mae 0.0110 mrstft 0.4592 dc 0.001791) - lr: 1.00e-04 - 5.5s
Epoch 122/300 - loss: 0.4675 (mae 0.0120 mrstft 0.4532 dc 0.002298) - val: 0.4602 (mae 0.0108 mrstft 0.4487 dc 0.000788) - lr: 1.00e-04 - 5.5s
Epoch 123/300 - loss: 0.4684 (mae 0.0123 mrstft 0.4534 dc 0.002799) - val: 0.5377 (mae 0.0183 mrstft 0.4915 dc 0.027803) - lr: 1.00e-04 - 5.5s
Epoch 124/300 - loss: 0.4741 (mae 0.0131 mrstft 0.4566 dc 0.004394) - val: 0.4745 (mae 0.0131 mrstft 0.4540 dc 0.007314) - lr: 1.00e-04 - 5.5s
Epoch 125/300 - loss: 0.4639 (mae 0.0121 mrstft 0.4491 dc 0.002659) - val: 0.4201 (mae 0.0102 mrstft 0.4098 dc 0.000143) - lr: 1.00e-04 - 5.5s
Epoch 126/300 - loss: 0.4583 (mae 0.0117 mrstft 0.4445 dc 0.002073) - val: 0.4674 (mae 0.0109 mrstft 0.4559 dc 0.000601) - lr: 1.00e-04 - 5.8s
Epoch 127/300 - loss: 0.4626 (mae 0.0123 mrstft 0.4472 dc 0.003078) - val: 0.4538 (mae 0.0109 mrstft 0.4416 dc 0.001361) - lr: 1.00e-04 - 5.7s
Epoch 128/300 - loss: 0.4546 (mae 0.0116 mrstft 0.4410 dc 0.001943) - val: 0.4576 (mae 0.0105 mrstft 0.4470 dc 0.000128) - lr: 1.00e-04 - 5.5s
Epoch 129/300 - loss: 0.4482 (mae 0.0112 mrstft 0.4355 dc 0.001464) - val: 0.4505 (mae 0.0100 mrstft 0.4403 dc 0.000233) - lr: 1.00e-04 - 5.6s
Epoch 130/300 - loss: 0.4550 (mae 0.0119 mrstft 0.4403 dc 0.002732) - val: 0.4490 (mae 0.0109 mrstft 0.4366 dc 0.001489) - lr: 1.00e-04 - 5.5s
Epoch 131/300 - loss: 0.4557 (mae 0.0122 mrstft 0.4404 dc 0.003027) - val: 0.4468 (mae 0.0106 mrstft 0.4352 dc 0.000973) - lr: 1.00e-04 - 5.5s
Epoch 132/300 - loss: 0.4468 (mae 0.0114 mrstft 0.4337 dc 0.001722) - val: 0.4909 (mae 0.0152 mrstft 0.4608 dc 0.014977) - lr: 1.00e-04 - 5.5s
Epoch 133/300 - loss: 0.4539 (mae 0.0121 mrstft 0.4388 dc 0.003001) - val: 0.4569 (mae 0.0120 mrstft 0.4405 dc 0.004450) - lr: 1.00e-04 - 5.5s
Epoch 134/300 - loss: 0.4521 (mae 0.0121 mrstft 0.4374 dc 0.002634) - val: 0.4550 (mae 0.0111 mrstft 0.4417 dc 0.002212) - lr: 1.00e-04 - 5.5s
Epoch 135/300 - loss: 0.4512 (mae 0.0119 mrstft 0.4368 dc 0.002540) - val: 0.4534 (mae 0.0111 mrstft 0.4401 dc 0.002131) - lr: 1.00e-04 - 5.5s
Epoch 136/300 - loss: 0.4427 (mae 0.0111 mrstft 0.4301 dc 0.001490) - val: 0.4435 (mae 0.0102 mrstft 0.4329 dc 0.000396) - lr: 1.00e-04 - 5.5s
Epoch 137/300 - loss: 0.4449 (mae 0.0116 mrstft 0.4307 dc 0.002544) - val: 0.4623 (mae 0.0114 mrstft 0.4479 dc 0.003025) - lr: 1.00e-04 - 5.5s
Epoch 138/300 - loss: 0.4469 (mae 0.0118 mrstft 0.4325 dc 0.002601) - val: 0.4405 (mae 0.0102 mrstft 0.4293 dc 0.000945) - lr: 1.00e-04 - 5.5s
Epoch 139/300 - loss: 0.4402 (mae 0.0111 mrstft 0.4278 dc 0.001309) - val: 0.4414 (mae 0.0100 mrstft 0.4309 dc 0.000521) - lr: 1.00e-04 - 5.5s
Epoch 140/300 - loss: 0.4358 (mae 0.0108 mrstft 0.4238 dc 0.001190) - val: 0.4372 (mae 0.0102 mrstft 0.4261 dc 0.000861) - lr: 1.00e-04 - 5.5s
Epoch 141/300 - loss: 0.4333 (mae 0.0108 mrstft 0.4214 dc 0.001129) - val: 0.4391 (mae 0.0100 mrstft 0.4286 dc 0.000573) - lr: 1.00e-04 - 5.8s
Epoch 142/300 - loss: 0.4361 (mae 0.0113 mrstft 0.4228 dc 0.002012) - val: 0.4488 (mae 0.0099 mrstft 0.4386 dc 0.000294) - lr: 1.00e-04 - 5.6s
Epoch 143/300 - loss: 0.4347 (mae 0.0109 mrstft 0.4224 dc 0.001411) - val: 0.4361 (mae 0.0098 mrstft 0.4259 dc 0.000375) - lr: 1.00e-04 - 5.8s
Epoch 144/300 - loss: 0.4317 (mae 0.0108 mrstft 0.4196 dc 0.001322) - val: 0.4354 (mae 0.0099 mrstft 0.4247 dc 0.000806) - lr: 1.00e-04 - 5.7s
Epoch 145/300 - loss: 0.4366 (mae 0.0112 mrstft 0.4234 dc 0.001919) - val: 0.4367 (mae 0.0097 mrstft 0.4265 dc 0.000462) - lr: 1.00e-04 - 5.6s
Epoch 146/300 - loss: 0.4316 (mae 0.0109 mrstft 0.4195 dc 0.001327) - val: 0.4269 (mae 0.0102 mrstft 0.4151 dc 0.001603) - lr: 5.00e-05 - 5.5s
Epoch 147/300 - loss: 0.4236 (mae 0.0103 mrstft 0.4125 dc 0.000704) - val: 0.4348 (mae 0.0107 mrstft 0.4216 dc 0.002495) - lr: 5.00e-05 - 5.5s
Epoch 148/300 - loss: 0.4260 (mae 0.0105 mrstft 0.4146 dc 0.001000) - val: 0.4285 (mae 0.0109 mrstft 0.4148 dc 0.002779) - lr: 5.00e-05 - 5.5s
Epoch 149/300 - loss: 0.4198 (mae 0.0101 mrstft 0.4091 dc 0.000562) - val: 0.4246 (mae 0.0095 mrstft 0.4149 dc 0.000187) - lr: 5.00e-05 - 5.5s
Epoch 150/300 - loss: 0.4260 (mae 0.0104 mrstft 0.4145 dc 0.001073) - val: 0.4407 (mae 0.0100 mrstft 0.4304 dc 0.000229) - lr: 5.00e-05 - 5.5s
Epoch 151/300 - loss: 0.4234 (mae 0.0102 mrstft 0.4126 dc 0.000602) - val: 0.4258 (mae 0.0097 mrstft 0.4159 dc 0.000271) - lr: 5.00e-05 - 5.5s
Epoch 152/300 - loss: 0.4223 (mae 0.0102 mrstft 0.4114 dc 0.000723) - val: 0.4284 (mae 0.0105 mrstft 0.4159 dc 0.001990) - lr: 5.00e-05 - 5.5s
Epoch 153/300 - loss: 0.4213 (mae 0.0102 mrstft 0.4104 dc 0.000749) - val: 0.4297 (mae 0.0107 mrstft 0.4163 dc 0.002793) - lr: 5.00e-05 - 5.5s
Epoch 154/300 - loss: 0.4203 (mae 0.0100 mrstft 0.4100 dc 0.000382) - val: 0.4246 (mae 0.0096 mrstft 0.4144 dc 0.000553) - lr: 5.00e-05 - 5.5s
Epoch 155/300 - loss: 0.4201 (mae 0.0101 mrstft 0.4092 dc 0.000689) - val: 0.4241 (mae 0.0097 mrstft 0.4141 dc 0.000298) - lr: 5.00e-05 - 5.5s
Epoch 156/300 - loss: 0.4215 (mae 0.0102 mrstft 0.4106 dc 0.000727) - val: 0.3988 (mae 0.0097 mrstft 0.3887 dc 0.000392) - lr: 5.00e-05 - 5.5s
Epoch 157/300 - loss: 0.4181 (mae 0.0100 mrstft 0.4076 dc 0.000501) - val: 0.4282 (mae 0.0101 mrstft 0.4166 dc 0.001559) - lr: 5.00e-05 - 5.5s
Epoch 158/300 - loss: 0.4207 (mae 0.0102 mrstft 0.4096 dc 0.000890) - val: 0.4254 (mae 0.0097 mrstft 0.4155 dc 0.000258) - lr: 5.00e-05 - 5.5s
Epoch 159/300 - loss: 0.4193 (mae 0.0103 mrstft 0.4080 dc 0.000976) - val: 0.4167 (mae 0.0095 mrstft 0.4071 dc 0.000231) - lr: 5.00e-05 - 5.5s
Epoch 160/300 - loss: 0.4159 (mae 0.0101 mrstft 0.4051 dc 0.000661) - val: 0.4219 (mae 0.0094 mrstft 0.4123 dc 0.000223) - lr: 5.00e-05 - 5.5s
Epoch 161/300 - loss: 0.4215 (mae 0.0105 mrstft 0.4097 dc 0.001312) - val: 0.4397 (mae 0.0115 mrstft 0.4236 dc 0.004588) - lr: 5.00e-05 - 5.5s
Epoch 162/300 - loss: 0.4165 (mae 0.0100 mrstft 0.4060 dc 0.000523) - val: 0.4243 (mae 0.0096 mrstft 0.4141 dc 0.000648) - lr: 5.00e-05 - 5.5s
Epoch 163/300 - loss: 0.4208 (mae 0.0106 mrstft 0.4089 dc 0.001281) - val: 0.4427 (mae 0.0145 mrstft 0.4140 dc 0.014227) - lr: 5.00e-05 - 5.5s
Epoch 164/300 - loss: 0.4163 (mae 0.0101 mrstft 0.4053 dc 0.000822) - val: 0.4244 (mae 0.0103 mrstft 0.4121 dc 0.002006) - lr: 5.00e-05 - 5.5s
Epoch 165/300 - loss: 0.4160 (mae 0.0099 mrstft 0.4056 dc 0.000500) - val: 0.4201 (mae 0.0094 mrstft 0.4105 dc 0.000227) - lr: 5.00e-05 - 5.5s
Epoch 166/300 - loss: 0.4159 (mae 0.0101 mrstft 0.4049 dc 0.000956) - val: 0.4151 (mae 0.0098 mrstft 0.4044 dc 0.000887) - lr: 5.00e-05 - 5.5s
Epoch 167/300 - loss: 0.4146 (mae 0.0100 mrstft 0.4038 dc 0.000773) - val: 0.3943 (mae 0.0095 mrstft 0.3846 dc 0.000204) - lr: 5.00e-05 - 5.5s
Epoch 168/300 - loss: 0.4135 (mae 0.0099 mrstft 0.4031 dc 0.000534) - val: 0.4150 (mae 0.0095 mrstft 0.4049 dc 0.000694) - lr: 5.00e-05 - 5.5s
Epoch 169/300 - loss: 0.4142 (mae 0.0100 mrstft 0.4034 dc 0.000787) - val: 0.4219 (mae 0.0097 mrstft 0.4117 dc 0.000514) - lr: 5.00e-05 - 5.5s
Epoch 170/300 - loss: 0.4135 (mae 0.0100 mrstft 0.4029 dc 0.000649) - val: 0.4183 (mae 0.0096 mrstft 0.4077 dc 0.000965) - lr: 5.00e-05 - 5.5s
Epoch 171/300 - loss: 0.4147 (mae 0.0100 mrstft 0.4040 dc 0.000715) - val: 0.4198 (mae 0.0093 mrstft 0.4101 dc 0.000391) - lr: 5.00e-05 - 5.5s
Epoch 172/300 - loss: 0.4185 (mae 0.0104 mrstft 0.4069 dc 0.001208) - val: 0.4214 (mae 0.0100 mrstft 0.4102 dc 0.001092) - lr: 5.00e-05 - 5.5s
Epoch 173/300 - loss: 0.4112 (mae 0.0100 mrstft 0.4005 dc 0.000696) - val: 0.4276 (mae 0.0096 mrstft 0.4180 dc 0.000105) - lr: 5.00e-05 - 5.5s
Epoch 174/300 - loss: 0.4098 (mae 0.0098 mrstft 0.3996 dc 0.000500) - val: 0.3940 (mae 0.0094 mrstft 0.3845 dc 0.000134) - lr: 5.00e-05 - 5.5s
Epoch 175/300 - loss: 0.4093 (mae 0.0098 mrstft 0.3989 dc 0.000502) - val: 0.4224 (mae 0.0098 mrstft 0.4111 dc 0.001386) - lr: 5.00e-05 - 5.5s
Epoch 176/300 - loss: 0.4091 (mae 0.0098 mrstft 0.3988 dc 0.000474) - val: 0.4211 (mae 0.0095 mrstft 0.4115 dc 0.000151) - lr: 5.00e-05 - 5.5s
Epoch 177/300 - loss: 0.4148 (mae 0.0102 mrstft 0.4036 dc 0.001007) - val: 0.4123 (mae 0.0092 mrstft 0.4028 dc 0.000224) - lr: 5.00e-05 - 5.7s
Epoch 178/300 - loss: 0.4098 (mae 0.0098 mrstft 0.3994 dc 0.000577) - val: 0.4124 (mae 0.0093 mrstft 0.4029 dc 0.000220) - lr: 5.00e-05 - 5.5s
Epoch 179/300 - loss: 0.4104 (mae 0.0098 mrstft 0.4001 dc 0.000548) - val: 0.4133 (mae 0.0093 mrstft 0.4039 dc 0.000135) - lr: 5.00e-05 - 5.5s
Epoch 180/300 - loss: 0.4124 (mae 0.0100 mrstft 0.4015 dc 0.000888) - val: 0.3913 (mae 0.0097 mrstft 0.3809 dc 0.000706) - lr: 5.00e-05 - 5.5s
Epoch 181/300 - loss: 0.4114 (mae 0.0098 mrstft 0.4010 dc 0.000591) - val: 0.4166 (mae 0.0092 mrstft 0.4070 dc 0.000382) - lr: 5.00e-05 - 5.5s
Epoch 182/300 - loss: 0.4094 (mae 0.0098 mrstft 0.3992 dc 0.000461) - val: 0.4144 (mae 0.0092 mrstft 0.4048 dc 0.000356) - lr: 5.00e-05 - 5.5s
Epoch 183/300 - loss: 0.4092 (mae 0.0098 mrstft 0.3988 dc 0.000597) - val: 0.4169 (mae 0.0094 mrstft 0.4071 dc 0.000428) - lr: 5.00e-05 - 5.5s
Epoch 184/300 - loss: 0.4102 (mae 0.0099 mrstft 0.3995 dc 0.000775) - val: 0.3961 (mae 0.0093 mrstft 0.3865 dc 0.000241) - lr: 5.00e-05 - 5.5s
Epoch 185/300 - loss: 0.4100 (mae 0.0100 mrstft 0.3992 dc 0.000793) - val: 0.4106 (mae 0.0094 mrstft 0.4005 dc 0.000738) - lr: 5.00e-05 - 5.5s
Epoch 186/300 - loss: 0.4122 (mae 0.0100 mrstft 0.4012 dc 0.000969) - val: 0.4279 (mae 0.0109 mrstft 0.4135 dc 0.003515) - lr: 5.00e-05 - 5.5s
Epoch 187/300 - loss: 0.4135 (mae 0.0102 mrstft 0.4024 dc 0.000958) - val: 0.4167 (mae 0.0104 mrstft 0.4042 dc 0.002161) - lr: 5.00e-05 - 5.5s
Epoch 188/300 - loss: 0.4106 (mae 0.0100 mrstft 0.3997 dc 0.000927) - val: 0.4147 (mae 0.0092 mrstft 0.4052 dc 0.000232) - lr: 5.00e-05 - 5.5s
Epoch 189/300 - loss: 0.4063 (mae 0.0097 mrstft 0.3961 dc 0.000506) - val: 0.4197 (mae 0.0099 mrstft 0.4080 dc 0.001726) - lr: 5.00e-05 - 5.5s
Epoch 190/300 - loss: 0.4079 (mae 0.0097 mrstft 0.3977 dc 0.000503) - val: 0.4084 (mae 0.0092 mrstft 0.3990 dc 0.000188) - lr: 5.00e-05 - 5.5s
Epoch 191/300 - loss: 0.4082 (mae 0.0098 mrstft 0.3977 dc 0.000683) - val: 0.4110 (mae 0.0092 mrstft 0.4015 dc 0.000313) - lr: 5.00e-05 - 5.5s
Epoch 192/300 - loss: 0.4059 (mae 0.0096 mrstft 0.3958 dc 0.000443) - val: 0.4116 (mae 0.0091 mrstft 0.4023 dc 0.000214) - lr: 5.00e-05 - 5.5s
Epoch 193/300 - loss: 0.4077 (mae 0.0098 mrstft 0.3973 dc 0.000670) - val: 0.4119 (mae 0.0093 mrstft 0.4022 dc 0.000456) - lr: 5.00e-05 - 5.5s
Epoch 194/300 - loss: 0.4136 (mae 0.0101 mrstft 0.4024 dc 0.001039) - val: 0.4159 (mae 0.0093 mrstft 0.4065 dc 0.000133) - lr: 5.00e-05 - 5.5s
Epoch 195/300 - loss: 0.4070 (mae 0.0098 mrstft 0.3964 dc 0.000803) - val: 0.4128 (mae 0.0091 mrstft 0.4035 dc 0.000209) - lr: 5.00e-05 - 5.5s
Epoch 196/300 - loss: 0.4078 (mae 0.0099 mrstft 0.3969 dc 0.000907) - val: 0.3616 (mae 0.0106 mrstft 0.3480 dc 0.003005) - lr: 5.00e-05 - 5.5s
Epoch 197/300 - loss: 0.4072 (mae 0.0097 mrstft 0.3969 dc 0.000584) - val: 0.4135 (mae 0.0094 mrstft 0.4032 dc 0.000918) - lr: 5.00e-05 - 5.5s
Epoch 198/300 - loss: 0.4069 (mae 0.0097 mrstft 0.3967 dc 0.000581) - val: 0.4113 (mae 0.0095 mrstft 0.4011 dc 0.000673) - lr: 5.00e-05 - 5.5s
Epoch 199/300 - loss: 0.4093 (mae 0.0098 mrstft 0.3987 dc 0.000746) - val: 0.4171 (mae 0.0099 mrstft 0.4060 dc 0.001238) - lr: 5.00e-05 - 5.5s
Epoch 200/300 - loss: 0.4062 (mae 0.0096 mrstft 0.3961 dc 0.000440) - val: 0.4118 (mae 0.0092 mrstft 0.4024 dc 0.000189) - lr: 5.00e-05 - 5.5s
Epoch 201/300 - loss: 0.4069 (mae 0.0097 mrstft 0.3967 dc 0.000533) - val: 0.4120 (mae 0.0092 mrstft 0.4022 dc 0.000517) - lr: 5.00e-05 - 5.5s
Epoch 202/300 - loss: 0.4082 (mae 0.0098 mrstft 0.3977 dc 0.000709) - val: 0.4108 (mae 0.0091 mrstft 0.4013 dc 0.000422) - lr: 5.00e-05 - 5.5s
Epoch 203/300 - loss: 0.4069 (mae 0.0097 mrstft 0.3965 dc 0.000623) - val: 0.4097 (mae 0.0091 mrstft 0.4004 dc 0.000145) - lr: 5.00e-05 - 5.5s
Epoch 204/300 - loss: 0.4074 (mae 0.0097 mrstft 0.3972 dc 0.000569) - val: 0.4116 (mae 0.0091 mrstft 0.4021 dc 0.000427) - lr: 5.00e-05 - 5.5s
Epoch 205/300 - loss: 0.4086 (mae 0.0099 mrstft 0.3978 dc 0.000853) - val: 0.4088 (mae 0.0091 mrstft 0.3995 dc 0.000194) - lr: 5.00e-05 - 5.5s
Epoch 206/300 - loss: 0.4067 (mae 0.0096 mrstft 0.3966 dc 0.000524) - val: 0.4101 (mae 0.0096 mrstft 0.3994 dc 0.001075) - lr: 5.00e-05 - 5.5s
Epoch 207/300 - loss: 0.4066 (mae 0.0096 mrstft 0.3964 dc 0.000568) - val: 0.4200 (mae 0.0097 mrstft 0.4090 dc 0.001294) - lr: 5.00e-05 - 5.5s
Epoch 208/300 - loss: 0.4060 (mae 0.0095 mrstft 0.3960 dc 0.000471) - val: 0.4088 (mae 0.0097 mrstft 0.3980 dc 0.001107) - lr: 5.00e-05 - 5.5s
Epoch 209/300 - loss: 0.4086 (mae 0.0099 mrstft 0.3978 dc 0.000927) - val: 0.4084 (mae 0.0093 mrstft 0.3987 dc 0.000415) - lr: 5.00e-05 - 5.5s
Epoch 210/300 - loss: 0.4068 (mae 0.0097 mrstft 0.3962 dc 0.000766) - val: 0.4146 (mae 0.0092 mrstft 0.4048 dc 0.000678) - lr: 5.00e-05 - 5.5s
Epoch 211/300 - loss: 0.4076 (mae 0.0098 mrstft 0.3970 dc 0.000812) - val: 0.4294 (mae 0.0106 mrstft 0.4157 dc 0.003058) - lr: 5.00e-05 - 5.5s
Epoch 212/300 - loss: 0.4043 (mae 0.0096 mrstft 0.3943 dc 0.000478) - val: 0.4186 (mae 0.0104 mrstft 0.4051 dc 0.003042) - lr: 5.00e-05 - 5.5s
Epoch 213/300 - loss: 0.4044 (mae 0.0096 mrstft 0.3942 dc 0.000584) - val: 0.4047 (mae 0.0093 mrstft 0.3950 dc 0.000422) - lr: 5.00e-05 - 5.5s
Epoch 214/300 - loss: 0.4056 (mae 0.0096 mrstft 0.3953 dc 0.000702) - val: 0.4071 (mae 0.0092 mrstft 0.3975 dc 0.000332) - lr: 5.00e-05 - 5.5s
Epoch 215/300 - loss: 0.4031 (mae 0.0097 mrstft 0.3928 dc 0.000698) - val: 0.4086 (mae 0.0089 mrstft 0.3995 dc 0.000174) - lr: 5.00e-05 - 5.5s
Epoch 216/300 - loss: 0.4038 (mae 0.0095 mrstft 0.3938 dc 0.000504) - val: 0.4220 (mae 0.0107 mrstft 0.4080 dc 0.003324) - lr: 5.00e-05 - 5.5s
Epoch 217/300 - loss: 0.4033 (mae 0.0095 mrstft 0.3933 dc 0.000480) - val: 0.4103 (mae 0.0090 mrstft 0.4009 dc 0.000332) - lr: 2.50e-05 - 5.5s
Epoch 218/300 - loss: 0.4015 (mae 0.0094 mrstft 0.3918 dc 0.000310) - val: 0.3864 (mae 0.0091 mrstft 0.3767 dc 0.000578) - lr: 2.50e-05 - 5.5s
Epoch 219/300 - loss: 0.4011 (mae 0.0093 mrstft 0.3915 dc 0.000230) - val: 0.4071 (mae 0.0090 mrstft 0.3979 dc 0.000199) - lr: 2.50e-05 - 5.5s
Epoch 220/300 - loss: 0.4018 (mae 0.0093 mrstft 0.3922 dc 0.000307) - val: 0.4060 (mae 0.0091 mrstft 0.3967 dc 0.000240) - lr: 2.50e-05 - 5.5s
Epoch 221/300 - loss: 0.4000 (mae 0.0094 mrstft 0.3902 dc 0.000379) - val: 0.4119 (mae 0.0105 mrstft 0.3980 dc 0.003397) - lr: 2.50e-05 - 5.5s
Epoch 222/300 - loss: 0.3978 (mae 0.0093 mrstft 0.3882 dc 0.000303) - val: 0.4057 (mae 0.0090 mrstft 0.3965 dc 0.000235) - lr: 2.50e-05 - 5.5s
Epoch 223/300 - loss: 0.4016 (mae 0.0095 mrstft 0.3914 dc 0.000653) - val: 0.4065 (mae 0.0090 mrstft 0.3972 dc 0.000271) - lr: 2.50e-05 - 5.5s
Epoch 224/300 - loss: 0.4003 (mae 0.0094 mrstft 0.3906 dc 0.000367) - val: 0.4040 (mae 0.0089 mrstft 0.3948 dc 0.000300) - lr: 2.50e-05 - 5.5s
Epoch 225/300 - loss: 0.4009 (mae 0.0093 mrstft 0.3912 dc 0.000318) - val: 0.4080 (mae 0.0092 mrstft 0.3984 dc 0.000395) - lr: 2.50e-05 - 5.5s
Epoch 226/300 - loss: 0.4008 (mae 0.0094 mrstft 0.3909 dc 0.000438) - val: 0.4050 (mae 0.0093 mrstft 0.3947 dc 0.000994) - lr: 2.50e-05 - 5.5s
Epoch 227/300 - loss: 0.4006 (mae 0.0094 mrstft 0.3908 dc 0.000398) - val: 0.4034 (mae 0.0090 mrstft 0.3943 dc 0.000152) - lr: 2.50e-05 - 5.5s
Epoch 228/300 - loss: 0.3989 (mae 0.0093 mrstft 0.3892 dc 0.000326) - val: 0.4071 (mae 0.0093 mrstft 0.3974 dc 0.000404) - lr: 2.50e-05 - 5.5s
Epoch 229/300 - loss: 0.3991 (mae 0.0093 mrstft 0.3894 dc 0.000360) - val: 0.4119 (mae 0.0097 mrstft 0.4008 dc 0.001333) - lr: 2.50e-05 - 5.5s
Epoch 230/300 - loss: 0.3997 (mae 0.0093 mrstft 0.3902 dc 0.000236) - val: 0.4075 (mae 0.0089 mrstft 0.3983 dc 0.000175) - lr: 2.50e-05 - 5.5s
Epoch 231/300 - loss: 0.3999 (mae 0.0093 mrstft 0.3903 dc 0.000280) - val: 0.4060 (mae 0.0094 mrstft 0.3954 dc 0.001176) - lr: 2.50e-05 - 5.5s
Epoch 232/300 - loss: 0.3995 (mae 0.0092 mrstft 0.3900 dc 0.000236) - val: 0.4044 (mae 0.0090 mrstft 0.3952 dc 0.000169) - lr: 2.50e-05 - 5.5s
Epoch 233/300 - loss: 0.4008 (mae 0.0093 mrstft 0.3913 dc 0.000264) - val: 0.4062 (mae 0.0092 mrstft 0.3965 dc 0.000419) - lr: 2.50e-05 - 5.5s
Epoch 234/300 - loss: 0.4018 (mae 0.0094 mrstft 0.3921 dc 0.000369) - val: 0.4106 (mae 0.0095 mrstft 0.4003 dc 0.000876) - lr: 2.50e-05 - 5.5s
Epoch 235/300 - loss: 0.4014 (mae 0.0094 mrstft 0.3916 dc 0.000375) - val: 0.4055 (mae 0.0090 mrstft 0.3960 dc 0.000468) - lr: 2.50e-05 - 5.7s
Epoch 236/300 - loss: 0.3996 (mae 0.0093 mrstft 0.3901 dc 0.000274) - val: 0.4048 (mae 0.0089 mrstft 0.3957 dc 0.000205) - lr: 2.50e-05 - 5.5s
Early stopping: val_loss has not improved for 40 epochs.
Training complete in 23.4m (1402s)
Best val_loss: 0.3616
Weights exported to models/dist_08_gru128\weights.json
Loss history saved to models/dist_08_gru128\loss_history.csv
