Loading training data...
  100Hz (knob=0.000): 1523 windows
  125Hz (knob=0.042): 1523 windows
  250Hz (knob=0.173): 1523 windows
  500Hz (knob=0.304): 1523 windows
  800Hz (knob=0.392): 1523 windows
  1000Hz (knob=0.435): 1523 windows
  2000Hz (knob=0.565): 1523 windows
  4000Hz (knob=0.696): 1523 windows
  8000Hz (knob=0.827): 1523 windows
  12000Hz (knob=0.904): 1523 windows
  16000Hz (knob=0.958): 1523 windows
  20000Hz (knob=1.000): 1523 windows
Loading validation data...
  100Hz (knob=0.000): 234 windows
  125Hz (knob=0.042): 234 windows
  250Hz (knob=0.173): 234 windows
  500Hz (knob=0.304): 234 windows
  800Hz (knob=0.392): 234 windows
  1000Hz (knob=0.435): 234 windows
  2000Hz (knob=0.565): 234 windows
  4000Hz (knob=0.696): 234 windows
  8000Hz (knob=0.827): 234 windows
  12000Hz (knob=0.904): 234 windows
  16000Hz (knob=0.958): 234 windows
  20000Hz (knob=1.000): 234 windows
Train windows: 18276, Val windows: 2808, Sample rate: 48000
Using device: cuda
Epoch 1/300 - loss: 52.7096 - val_loss: 0.3875 - lr: 1.00e-03 - 7.3s
Epoch 2/300 - loss: 0.2924 - val_loss: 0.3821 - lr: 1.00e-03 - 7.0s
Epoch 3/300 - loss: 0.2765 - val_loss: 0.3707 - lr: 1.00e-03 - 7.0s
Epoch 4/300 - loss: 0.2733 - val_loss: 0.3529 - lr: 1.00e-03 - 7.0s
Epoch 5/300 - loss: 0.2658 - val_loss: 0.3589 - lr: 1.00e-03 - 7.0s
Epoch 6/300 - loss: 0.2570 - val_loss: 0.3567 - lr: 1.00e-03 - 7.0s
Epoch 7/300 - loss: 0.2528 - val_loss: 0.3510 - lr: 1.00e-03 - 7.0s
Epoch 8/300 - loss: 0.2416 - val_loss: 0.3427 - lr: 1.00e-03 - 7.0s
Epoch 9/300 - loss: 0.2420 - val_loss: 0.3443 - lr: 1.00e-03 - 7.0s
Epoch 10/300 - loss: 0.2376 - val_loss: 0.3284 - lr: 1.00e-03 - 7.0s
Epoch 11/300 - loss: 0.2400 - val_loss: 0.3462 - lr: 1.00e-03 - 6.9s
Epoch 12/300 - loss: 0.2344 - val_loss: 0.3383 - lr: 1.00e-03 - 7.0s
Epoch 13/300 - loss: 0.2365 - val_loss: 0.3431 - lr: 1.00e-03 - 7.2s
Epoch 14/300 - loss: 0.2279 - val_loss: 0.3419 - lr: 1.00e-03 - 6.9s
Epoch 15/300 - loss: 0.2332 - val_loss: 0.3447 - lr: 1.00e-03 - 7.0s
Epoch 16/300 - loss: 0.2275 - val_loss: 0.3509 - lr: 1.00e-03 - 7.0s
Epoch 17/300 - loss: 0.2301 - val_loss: 0.3514 - lr: 1.00e-03 - 6.9s
Epoch 18/300 - loss: 0.2259 - val_loss: 0.3548 - lr: 1.00e-03 - 7.0s
Epoch 19/300 - loss: 0.2171 - val_loss: 0.3524 - lr: 1.00e-03 - 7.0s
Epoch 20/300 - loss: 0.2228 - val_loss: 0.3384 - lr: 1.00e-03 - 7.0s
Epoch 21/300 - loss: 0.1911 - val_loss: 0.3464 - lr: 1.00e-03 - 7.0s
Epoch 22/300 - loss: 0.1604 - val_loss: 0.3265 - lr: 1.00e-03 - 7.0s
Epoch 23/300 - loss: 0.1362 - val_loss: 0.2467 - lr: 1.00e-03 - 7.0s
Epoch 24/300 - loss: 0.1053 - val_loss: 0.0959 - lr: 1.00e-03 - 7.0s
Epoch 25/300 - loss: 0.0619 - val_loss: 0.0324 - lr: 1.00e-03 - 7.0s
Epoch 26/300 - loss: 0.0485 - val_loss: 0.0156 - lr: 1.00e-03 - 7.0s
Epoch 27/300 - loss: 0.0278 - val_loss: 0.0171 - lr: 1.00e-03 - 6.9s
Epoch 28/300 - loss: 0.0278 - val_loss: 0.0043 - lr: 1.00e-03 - 7.0s
Epoch 29/300 - loss: 0.0225 - val_loss: 0.0055 - lr: 1.00e-03 - 6.9s
Epoch 30/300 - loss: 0.0275 - val_loss: 0.0149 - lr: 1.00e-03 - 6.9s
Epoch 31/300 - loss: 0.0167 - val_loss: 0.0050 - lr: 1.00e-03 - 7.0s
Epoch 32/300 - loss: 0.0214 - val_loss: 0.0087 - lr: 1.00e-03 - 7.0s
Epoch 33/300 - loss: 0.0208 - val_loss: 0.0111 - lr: 1.00e-03 - 6.9s
Epoch 34/300 - loss: 0.0207 - val_loss: 0.0023 - lr: 1.00e-03 - 7.0s
Epoch 35/300 - loss: 0.0141 - val_loss: 0.0015 - lr: 1.00e-03 - 7.1s
Epoch 36/300 - loss: 0.0139 - val_loss: 0.0015 - lr: 1.00e-03 - 7.2s
Epoch 37/300 - loss: 0.0137 - val_loss: 0.0018 - lr: 1.00e-03 - 7.1s
Epoch 38/300 - loss: 0.0140 - val_loss: 0.0015 - lr: 1.00e-03 - 7.2s
Epoch 39/300 - loss: 0.0145 - val_loss: 0.0029 - lr: 1.00e-03 - 6.9s
Epoch 40/300 - loss: 0.0137 - val_loss: 0.0008 - lr: 1.00e-03 - 6.6s
Epoch 41/300 - loss: 0.0115 - val_loss: 0.0040 - lr: 1.00e-03 - 6.7s
Epoch 42/300 - loss: 0.0135 - val_loss: 0.0022 - lr: 1.00e-03 - 7.0s
Epoch 43/300 - loss: 0.0117 - val_loss: 0.0026 - lr: 1.00e-03 - 7.2s
Epoch 44/300 - loss: 0.0166 - val_loss: 0.0106 - lr: 1.00e-03 - 6.9s
Epoch 45/300 - loss: 0.0106 - val_loss: 0.0016 - lr: 1.00e-03 - 6.9s
Epoch 46/300 - loss: 0.0112 - val_loss: 0.0103 - lr: 1.00e-03 - 6.9s
Epoch 47/300 - loss: 0.0144 - val_loss: 0.0018 - lr: 1.00e-03 - 6.8s
Epoch 48/300 - loss: 0.0109 - val_loss: 0.0036 - lr: 1.00e-03 - 6.9s
Epoch 49/300 - loss: 0.0115 - val_loss: 0.0011 - lr: 1.00e-03 - 6.9s
Epoch 50/300 - loss: 0.0128 - val_loss: 0.0020 - lr: 1.00e-03 - 6.8s
Epoch 51/300 - loss: 0.0115 - val_loss: 0.0006 - lr: 1.00e-03 - 6.9s
Epoch 52/300 - loss: 0.0109 - val_loss: 0.0013 - lr: 1.00e-03 - 6.9s
Epoch 53/300 - loss: 0.0115 - val_loss: 0.0015 - lr: 1.00e-03 - 6.8s
Epoch 54/300 - loss: 0.0112 - val_loss: 0.0019 - lr: 1.00e-03 - 6.9s
Epoch 55/300 - loss: 0.0107 - val_loss: 0.0030 - lr: 1.00e-03 - 6.8s
Epoch 56/300 - loss: 0.0121 - val_loss: 0.0010 - lr: 1.00e-03 - 6.8s
Epoch 57/300 - loss: 0.0115 - val_loss: 0.0013 - lr: 1.00e-03 - 6.9s
Epoch 58/300 - loss: 0.0122 - val_loss: 0.0022 - lr: 1.00e-03 - 7.0s
Epoch 59/300 - loss: 0.0099 - val_loss: 0.0011 - lr: 1.00e-03 - 7.0s
Epoch 60/300 - loss: 0.0101 - val_loss: 0.0029 - lr: 1.00e-03 - 6.8s
Epoch 61/300 - loss: 0.0103 - val_loss: 0.0007 - lr: 1.00e-03 - 6.9s
Epoch 62/300 - loss: 0.0109 - val_loss: 0.0004 - lr: 1.00e-03 - 6.8s
Epoch 63/300 - loss: 0.0104 - val_loss: 0.0005 - lr: 1.00e-03 - 6.8s
Epoch 64/300 - loss: 0.0126 - val_loss: 0.0071 - lr: 1.00e-03 - 6.8s
Epoch 65/300 - loss: 0.0122 - val_loss: 0.0006 - lr: 1.00e-03 - 6.8s
Epoch 66/300 - loss: 0.0103 - val_loss: 0.0024 - lr: 1.00e-03 - 6.8s
Epoch 67/300 - loss: 0.0119 - val_loss: 0.0005 - lr: 1.00e-03 - 6.8s
Epoch 68/300 - loss: 0.0107 - val_loss: 0.0007 - lr: 1.00e-03 - 6.8s
Epoch 69/300 - loss: 0.0124 - val_loss: 0.0049 - lr: 1.00e-03 - 6.9s
Epoch 70/300 - loss: 0.0084 - val_loss: 0.0049 - lr: 1.00e-03 - 6.8s
Epoch 71/300 - loss: 0.0086 - val_loss: 0.0011 - lr: 1.00e-03 - 6.8s
Epoch 72/300 - loss: 0.0094 - val_loss: 0.0004 - lr: 1.00e-03 - 6.8s
Epoch 73/300 - loss: 0.0090 - val_loss: 0.0020 - lr: 1.00e-03 - 6.8s
Epoch 74/300 - loss: 0.0115 - val_loss: 0.0027 - lr: 1.00e-03 - 6.8s
Epoch 75/300 - loss: 0.0097 - val_loss: 0.0008 - lr: 1.00e-03 - 6.9s
Epoch 76/300 - loss: 0.0098 - val_loss: 0.0012 - lr: 1.00e-03 - 6.8s
Epoch 77/300 - loss: 0.0120 - val_loss: 0.0005 - lr: 1.00e-03 - 6.8s
Epoch 78/300 - loss: 0.0086 - val_loss: 0.0007 - lr: 1.00e-03 - 6.9s
Epoch 79/300 - loss: 0.0112 - val_loss: 0.0010 - lr: 1.00e-03 - 6.8s
Epoch 80/300 - loss: 0.0093 - val_loss: 0.0011 - lr: 1.00e-03 - 6.8s
Epoch 81/300 - loss: 0.0071 - val_loss: 0.0006 - lr: 1.00e-03 - 6.8s
Epoch 82/300 - loss: 0.0071 - val_loss: 0.0004 - lr: 1.00e-03 - 6.8s
Epoch 83/300 - loss: 0.0087 - val_loss: 0.0008 - lr: 1.00e-03 - 6.9s
Epoch 84/300 - loss: 0.0079 - val_loss: 0.0016 - lr: 1.00e-03 - 7.1s
Epoch 85/300 - loss: 0.0078 - val_loss: 0.0007 - lr: 1.00e-03 - 6.8s
Epoch 86/300 - loss: 0.0081 - val_loss: 0.0028 - lr: 1.00e-03 - 6.8s
Epoch 87/300 - loss: 0.0096 - val_loss: 0.0011 - lr: 1.00e-03 - 6.9s
Epoch 88/300 - loss: 0.0123 - val_loss: 0.0007 - lr: 1.00e-03 - 6.8s
Epoch 89/300 - loss: 0.0074 - val_loss: 0.0003 - lr: 1.00e-03 - 6.8s
Epoch 90/300 - loss: 0.0058 - val_loss: 0.0004 - lr: 1.00e-03 - 6.8s
Epoch 91/300 - loss: 0.0072 - val_loss: 0.0010 - lr: 1.00e-03 - 6.8s
Epoch 92/300 - loss: 0.0090 - val_loss: 0.0004 - lr: 1.00e-03 - 6.8s
Epoch 93/300 - loss: 0.0077 - val_loss: 0.0015 - lr: 1.00e-03 - 6.9s
Epoch 94/300 - loss: 0.0083 - val_loss: 0.0004 - lr: 1.00e-03 - 6.8s
Epoch 95/300 - loss: 0.0081 - val_loss: 0.0011 - lr: 1.00e-03 - 6.8s
Epoch 96/300 - loss: 0.0064 - val_loss: 0.0016 - lr: 1.00e-03 - 6.8s
Epoch 97/300 - loss: 0.0065 - val_loss: 0.0009 - lr: 1.00e-03 - 6.8s
Epoch 98/300 - loss: 0.0067 - val_loss: 0.0014 - lr: 1.00e-03 - 6.9s
Epoch 99/300 - loss: 0.0067 - val_loss: 0.0009 - lr: 1.00e-03 - 6.9s
Epoch 100/300 - loss: 0.0085 - val_loss: 0.0004 - lr: 1.00e-03 - 6.8s
Epoch 101/300 - loss: 0.0069 - val_loss: 0.0009 - lr: 1.00e-03 - 6.8s
Epoch 102/300 - loss: 0.0082 - val_loss: 0.0040 - lr: 1.00e-03 - 6.8s
Epoch 103/300 - loss: 0.0094 - val_loss: 0.0004 - lr: 1.00e-03 - 6.8s
Epoch 104/300 - loss: 0.0100 - val_loss: 0.0004 - lr: 1.00e-03 - 6.8s
Epoch 105/300 - loss: 0.0088 - val_loss: 0.0008 - lr: 1.00e-03 - 6.8s
Epoch 106/300 - loss: 0.0098 - val_loss: 0.0038 - lr: 1.00e-03 - 6.8s
Epoch 107/300 - loss: 0.0086 - val_loss: 0.0002 - lr: 1.00e-03 - 7.1s
Epoch 108/300 - loss: 0.0059 - val_loss: 0.0013 - lr: 1.00e-03 - 6.9s
Epoch 109/300 - loss: 0.0073 - val_loss: 0.0006 - lr: 1.00e-03 - 6.8s
Epoch 110/300 - loss: 0.0086 - val_loss: 0.0004 - lr: 1.00e-03 - 6.9s
Epoch 111/300 - loss: 0.0069 - val_loss: 0.0003 - lr: 1.00e-03 - 6.9s
Epoch 112/300 - loss: 0.0108 - val_loss: 0.0013 - lr: 1.00e-03 - 6.8s
Epoch 113/300 - loss: 0.0060 - val_loss: 0.0006 - lr: 1.00e-03 - 6.8s
Epoch 114/300 - loss: 0.0064 - val_loss: 0.0004 - lr: 1.00e-03 - 6.9s
Epoch 115/300 - loss: 0.0072 - val_loss: 0.0002 - lr: 1.00e-03 - 6.8s
Epoch 116/300 - loss: 0.0072 - val_loss: 0.0002 - lr: 1.00e-03 - 6.8s
Epoch 117/300 - loss: 0.0076 - val_loss: 0.0010 - lr: 1.00e-03 - 6.9s
Epoch 118/300 - loss: 0.0061 - val_loss: 0.0073 - lr: 1.00e-03 - 6.8s
Epoch 119/300 - loss: 0.0064 - val_loss: 0.0018 - lr: 1.00e-03 - 6.9s
Epoch 120/300 - loss: 0.0074 - val_loss: 0.0004 - lr: 1.00e-03 - 6.9s
Epoch 121/300 - loss: 0.0067 - val_loss: 0.0005 - lr: 1.00e-03 - 6.8s
Epoch 122/300 - loss: 0.0056 - val_loss: 0.0014 - lr: 1.00e-03 - 6.9s
Epoch 123/300 - loss: 0.0065 - val_loss: 0.0007 - lr: 1.00e-03 - 6.9s
Epoch 124/300 - loss: 0.0094 - val_loss: 0.0005 - lr: 1.00e-03 - 6.8s
Epoch 125/300 - loss: 0.0066 - val_loss: 0.0013 - lr: 1.00e-03 - 6.9s
Epoch 126/300 - loss: 0.0065 - val_loss: 0.0005 - lr: 1.00e-03 - 6.9s
Epoch 127/300 - loss: 0.0056 - val_loss: 0.0003 - lr: 1.00e-03 - 6.8s
Epoch 128/300 - loss: 0.0059 - val_loss: 0.0003 - lr: 1.00e-03 - 6.9s
Epoch 129/300 - loss: 0.0097 - val_loss: 0.0006 - lr: 1.00e-03 - 7.0s
Epoch 130/300 - loss: 0.0088 - val_loss: 0.0010 - lr: 1.00e-03 - 6.9s
Epoch 131/300 - loss: 0.0069 - val_loss: 0.0009 - lr: 1.00e-03 - 6.8s
Epoch 132/300 - loss: 0.0063 - val_loss: 0.0004 - lr: 1.00e-03 - 7.0s
Epoch 133/300 - loss: 0.0057 - val_loss: 0.0004 - lr: 1.00e-03 - 6.9s
Epoch 134/300 - loss: 0.0073 - val_loss: 0.0019 - lr: 1.00e-03 - 7.1s
Epoch 135/300 - loss: 0.0072 - val_loss: 0.0004 - lr: 1.00e-03 - 6.9s
Epoch 136/300 - loss: 0.0082 - val_loss: 0.0003 - lr: 5.00e-04 - 7.1s
Epoch 137/300 - loss: 0.0015 - val_loss: 0.0001 - lr: 5.00e-04 - 6.6s
Epoch 138/300 - loss: 0.0019 - val_loss: 0.0001 - lr: 5.00e-04 - 6.6s
Epoch 139/300 - loss: 0.0018 - val_loss: 0.0002 - lr: 5.00e-04 - 7.0s
Epoch 140/300 - loss: 0.0020 - val_loss: 0.0001 - lr: 5.00e-04 - 6.5s
Epoch 141/300 - loss: 0.0014 - val_loss: 0.0002 - lr: 5.00e-04 - 6.6s
Epoch 142/300 - loss: 0.0022 - val_loss: 0.0002 - lr: 5.00e-04 - 6.6s
Epoch 143/300 - loss: 0.0028 - val_loss: 0.0002 - lr: 5.00e-04 - 6.5s
Epoch 144/300 - loss: 0.0018 - val_loss: 0.0002 - lr: 5.00e-04 - 6.6s
Epoch 145/300 - loss: 0.0025 - val_loss: 0.0001 - lr: 5.00e-04 - 6.6s
Epoch 146/300 - loss: 0.0023 - val_loss: 0.0001 - lr: 5.00e-04 - 6.5s
Epoch 147/300 - loss: 0.0016 - val_loss: 0.0001 - lr: 5.00e-04 - 6.6s
Epoch 148/300 - loss: 0.0018 - val_loss: 0.0003 - lr: 5.00e-04 - 6.5s
Epoch 149/300 - loss: 0.0015 - val_loss: 0.0008 - lr: 5.00e-04 - 6.5s
Epoch 150/300 - loss: 0.0024 - val_loss: 0.0002 - lr: 5.00e-04 - 6.6s
Epoch 151/300 - loss: 0.0020 - val_loss: 0.0004 - lr: 5.00e-04 - 6.6s
Epoch 152/300 - loss: 0.0019 - val_loss: 0.0001 - lr: 5.00e-04 - 6.5s
Epoch 153/300 - loss: 0.0018 - val_loss: 0.0001 - lr: 5.00e-04 - 6.5s
Epoch 154/300 - loss: 0.0019 - val_loss: 0.0001 - lr: 5.00e-04 - 6.6s
Epoch 155/300 - loss: 0.0015 - val_loss: 0.0001 - lr: 5.00e-04 - 6.5s
Epoch 156/300 - loss: 0.0025 - val_loss: 0.0004 - lr: 5.00e-04 - 6.6s
Epoch 157/300 - loss: 0.0020 - val_loss: 0.0001 - lr: 5.00e-04 - 6.6s
Epoch 158/300 - loss: 0.0013 - val_loss: 0.0002 - lr: 5.00e-04 - 6.5s
Epoch 159/300 - loss: 0.0021 - val_loss: 0.0002 - lr: 5.00e-04 - 6.5s
Epoch 160/300 - loss: 0.0014 - val_loss: 0.0002 - lr: 5.00e-04 - 6.6s
Epoch 161/300 - loss: 0.0020 - val_loss: 0.0003 - lr: 5.00e-04 - 6.6s
Epoch 162/300 - loss: 0.0016 - val_loss: 0.0003 - lr: 5.00e-04 - 6.5s
Epoch 163/300 - loss: 0.0017 - val_loss: 0.0002 - lr: 5.00e-04 - 6.6s
Epoch 164/300 - loss: 0.0018 - val_loss: 0.0006 - lr: 5.00e-04 - 6.6s
Epoch 165/300 - loss: 0.0021 - val_loss: 0.0002 - lr: 5.00e-04 - 6.5s
Epoch 166/300 - loss: 0.0018 - val_loss: 0.0002 - lr: 5.00e-04 - 6.6s
Epoch 167/300 - loss: 0.0014 - val_loss: 0.0001 - lr: 2.50e-04 - 6.6s
Epoch 168/300 - loss: 0.0006 - val_loss: 0.0001 - lr: 2.50e-04 - 7.1s
Epoch 169/300 - loss: 0.0006 - val_loss: 0.0001 - lr: 2.50e-04 - 6.7s
Epoch 170/300 - loss: 0.0006 - val_loss: 0.0001 - lr: 2.50e-04 - 6.8s
Epoch 171/300 - loss: 0.0008 - val_loss: 0.0001 - lr: 2.50e-04 - 7.0s
Epoch 172/300 - loss: 0.0006 - val_loss: 0.0001 - lr: 2.50e-04 - 6.9s
Epoch 173/300 - loss: 0.0006 - val_loss: 0.0001 - lr: 2.50e-04 - 6.9s
Epoch 174/300 - loss: 0.0008 - val_loss: 0.0001 - lr: 2.50e-04 - 7.0s
Epoch 175/300 - loss: 0.0006 - val_loss: 0.0001 - lr: 2.50e-04 - 7.1s
Epoch 176/300 - loss: 0.0007 - val_loss: 0.0001 - lr: 2.50e-04 - 6.9s
Epoch 177/300 - loss: 0.0007 - val_loss: 0.0001 - lr: 2.50e-04 - 6.5s
Epoch 178/300 - loss: 0.0006 - val_loss: 0.0001 - lr: 2.50e-04 - 6.5s
Epoch 179/300 - loss: 0.0007 - val_loss: 0.0001 - lr: 2.50e-04 - 6.5s
Epoch 180/300 - loss: 0.0006 - val_loss: 0.0001 - lr: 2.50e-04 - 6.6s
Epoch 181/300 - loss: 0.0008 - val_loss: 0.0001 - lr: 2.50e-04 - 7.3s
Epoch 182/300 - loss: 0.0007 - val_loss: 0.0001 - lr: 2.50e-04 - 7.8s
Epoch 183/300 - loss: 0.0006 - val_loss: 0.0001 - lr: 2.50e-04 - 7.6s
Epoch 184/300 - loss: 0.0009 - val_loss: 0.0001 - lr: 2.50e-04 - 7.5s
Epoch 185/300 - loss: 0.0005 - val_loss: 0.0001 - lr: 2.50e-04 - 7.3s
Epoch 186/300 - loss: 0.0006 - val_loss: 0.0001 - lr: 2.50e-04 - 7.3s
Epoch 187/300 - loss: 0.0006 - val_loss: 0.0001 - lr: 2.50e-04 - 7.5s
Epoch 188/300 - loss: 0.0006 - val_loss: 0.0001 - lr: 2.50e-04 - 7.5s
Epoch 189/300 - loss: 0.0007 - val_loss: 0.0003 - lr: 2.50e-04 - 7.9s
Epoch 190/300 - loss: 0.0007 - val_loss: 0.0001 - lr: 2.50e-04 - 7.7s
Epoch 191/300 - loss: 0.0006 - val_loss: 0.0001 - lr: 2.50e-04 - 7.8s
Epoch 192/300 - loss: 0.0007 - val_loss: 0.0001 - lr: 2.50e-04 - 7.7s
Epoch 193/300 - loss: 0.0008 - val_loss: 0.0001 - lr: 2.50e-04 - 7.6s
Epoch 194/300 - loss: 0.0007 - val_loss: 0.0001 - lr: 2.50e-04 - 7.6s
Epoch 195/300 - loss: 0.0009 - val_loss: 0.0001 - lr: 2.50e-04 - 7.0s
Epoch 196/300 - loss: 0.0005 - val_loss: 0.0001 - lr: 2.50e-04 - 6.8s
Epoch 197/300 - loss: 0.0006 - val_loss: 0.0001 - lr: 2.50e-04 - 6.8s
Epoch 198/300 - loss: 0.0006 - val_loss: 0.0001 - lr: 2.50e-04 - 7.4s
Epoch 199/300 - loss: 0.0008 - val_loss: 0.0001 - lr: 2.50e-04 - 7.4s
Epoch 200/300 - loss: 0.0006 - val_loss: 0.0002 - lr: 2.50e-04 - 7.4s
Epoch 201/300 - loss: 0.0007 - val_loss: 0.0001 - lr: 2.50e-04 - 7.3s
Epoch 202/300 - loss: 0.0006 - val_loss: 0.0001 - lr: 2.50e-04 - 7.3s
Epoch 203/300 - loss: 0.0007 - val_loss: 0.0001 - lr: 2.50e-04 - 7.2s
Epoch 204/300 - loss: 0.0005 - val_loss: 0.0001 - lr: 2.50e-04 - 7.2s
Epoch 205/300 - loss: 0.0006 - val_loss: 0.0001 - lr: 2.50e-04 - 7.4s
Epoch 206/300 - loss: 0.0007 - val_loss: 0.0001 - lr: 2.50e-04 - 7.1s
Epoch 207/300 - loss: 0.0006 - val_loss: 0.0001 - lr: 2.50e-04 - 7.2s
Epoch 208/300 - loss: 0.0006 - val_loss: 0.0001 - lr: 2.50e-04 - 7.1s
Epoch 209/300 - loss: 0.0006 - val_loss: 0.0001 - lr: 2.50e-04 - 7.4s
Epoch 210/300 - loss: 0.0007 - val_loss: 0.0001 - lr: 2.50e-04 - 7.4s
Epoch 211/300 - loss: 0.0006 - val_loss: 0.0001 - lr: 2.50e-04 - 7.2s
Epoch 212/300 - loss: 0.0008 - val_loss: 0.0002 - lr: 2.50e-04 - 7.4s
Epoch 213/300 - loss: 0.0006 - val_loss: 0.0001 - lr: 2.50e-04 - 7.5s
Epoch 214/300 - loss: 0.0006 - val_loss: 0.0001 - lr: 2.50e-04 - 7.4s
Epoch 215/300 - loss: 0.0006 - val_loss: 0.0001 - lr: 2.50e-04 - 7.6s
Epoch 216/300 - loss: 0.0006 - val_loss: 0.0001 - lr: 1.25e-04 - 7.5s
Epoch 217/300 - loss: 0.0002 - val_loss: 0.0001 - lr: 1.25e-04 - 7.2s
Epoch 218/300 - loss: 0.0002 - val_loss: 0.0001 - lr: 1.25e-04 - 7.5s
Epoch 219/300 - loss: 0.0003 - val_loss: 0.0001 - lr: 1.25e-04 - 7.3s
Epoch 220/300 - loss: 0.0003 - val_loss: 0.0001 - lr: 1.25e-04 - 7.4s
Epoch 221/300 - loss: 0.0003 - val_loss: 0.0001 - lr: 1.25e-04 - 7.3s
Epoch 222/300 - loss: 0.0003 - val_loss: 0.0001 - lr: 1.25e-04 - 7.2s
Epoch 223/300 - loss: 0.0004 - val_loss: 0.0001 - lr: 1.25e-04 - 7.2s
Epoch 224/300 - loss: 0.0004 - val_loss: 0.0001 - lr: 1.25e-04 - 7.0s
Epoch 225/300 - loss: 0.0003 - val_loss: 0.0001 - lr: 1.25e-04 - 6.9s
Epoch 226/300 - loss: 0.0003 - val_loss: 0.0001 - lr: 1.25e-04 - 6.9s
Epoch 227/300 - loss: 0.0004 - val_loss: 0.0001 - lr: 1.25e-04 - 7.0s
Epoch 228/300 - loss: 0.0003 - val_loss: 0.0001 - lr: 1.25e-04 - 6.9s
Epoch 229/300 - loss: 0.0003 - val_loss: 0.0001 - lr: 1.25e-04 - 6.9s
Epoch 230/300 - loss: 0.0003 - val_loss: 0.0001 - lr: 1.25e-04 - 7.0s
Epoch 231/300 - loss: 0.0005 - val_loss: 0.0001 - lr: 1.25e-04 - 6.9s
Epoch 232/300 - loss: 0.0003 - val_loss: 0.0001 - lr: 1.25e-04 - 6.9s
Epoch 233/300 - loss: 0.0003 - val_loss: 0.0001 - lr: 1.25e-04 - 7.0s
Epoch 234/300 - loss: 0.0003 - val_loss: 0.0001 - lr: 1.25e-04 - 6.9s
Epoch 235/300 - loss: 0.0002 - val_loss: 0.0001 - lr: 1.25e-04 - 6.9s
Epoch 236/300 - loss: 0.0003 - val_loss: 0.0001 - lr: 1.25e-04 - 7.0s
Epoch 237/300 - loss: 0.0003 - val_loss: 0.0001 - lr: 1.25e-04 - 6.9s
Epoch 238/300 - loss: 0.0004 - val_loss: 0.0001 - lr: 1.25e-04 - 6.9s
Epoch 239/300 - loss: 0.0003 - val_loss: 0.0001 - lr: 1.25e-04 - 7.0s
Epoch 240/300 - loss: 0.0003 - val_loss: 0.0001 - lr: 1.25e-04 - 6.9s
Epoch 241/300 - loss: 0.0003 - val_loss: 0.0001 - lr: 1.25e-04 - 6.9s
Epoch 242/300 - loss: 0.0003 - val_loss: 0.0001 - lr: 1.25e-04 - 7.0s
Epoch 243/300 - loss: 0.0003 - val_loss: 0.0001 - lr: 1.25e-04 - 6.9s
Epoch 244/300 - loss: 0.0003 - val_loss: 0.0001 - lr: 1.25e-04 - 6.9s
Epoch 245/300 - loss: 0.0003 - val_loss: 0.0001 - lr: 1.25e-04 - 7.0s
Epoch 246/300 - loss: 0.0003 - val_loss: 0.0001 - lr: 1.25e-04 - 6.9s
Epoch 247/300 - loss: 0.0003 - val_loss: 0.0001 - lr: 1.25e-04 - 6.9s
Epoch 248/300 - loss: 0.0003 - val_loss: 0.0001 - lr: 1.25e-04 - 7.0s
Epoch 249/300 - loss: 0.0003 - val_loss: 0.0001 - lr: 1.25e-04 - 6.9s
Epoch 250/300 - loss: 0.0003 - val_loss: 0.0001 - lr: 1.25e-04 - 6.9s
Epoch 251/300 - loss: 0.0003 - val_loss: 0.0001 - lr: 1.25e-04 - 7.0s
Epoch 252/300 - loss: 0.0003 - val_loss: 0.0001 - lr: 1.25e-04 - 6.9s
Epoch 253/300 - loss: 0.0003 - val_loss: 0.0001 - lr: 1.25e-04 - 6.9s
Epoch 254/300 - loss: 0.0003 - val_loss: 0.0001 - lr: 1.25e-04 - 7.0s
Epoch 255/300 - loss: 0.0003 - val_loss: 0.0001 - lr: 6.25e-05 - 6.9s
Epoch 256/300 - loss: 0.0002 - val_loss: 0.0001 - lr: 6.25e-05 - 6.9s
Epoch 257/300 - loss: 0.0002 - val_loss: 0.0001 - lr: 6.25e-05 - 7.0s
Epoch 258/300 - loss: 0.0002 - val_loss: 0.0001 - lr: 6.25e-05 - 6.9s
Epoch 259/300 - loss: 0.0002 - val_loss: 0.0001 - lr: 6.25e-05 - 6.9s
Epoch 260/300 - loss: 0.0002 - val_loss: 0.0001 - lr: 6.25e-05 - 7.0s
Epoch 261/300 - loss: 0.0002 - val_loss: 0.0001 - lr: 6.25e-05 - 6.9s
Epoch 262/300 - loss: 0.0002 - val_loss: 0.0001 - lr: 6.25e-05 - 6.8s
Epoch 263/300 - loss: 0.0002 - val_loss: 0.0001 - lr: 6.25e-05 - 7.0s
Epoch 264/300 - loss: 0.0002 - val_loss: 0.0001 - lr: 6.25e-05 - 6.9s
Epoch 265/300 - loss: 0.0002 - val_loss: 0.0001 - lr: 6.25e-05 - 6.9s
Epoch 266/300 - loss: 0.0002 - val_loss: 0.0001 - lr: 6.25e-05 - 7.0s
Epoch 267/300 - loss: 0.0002 - val_loss: 0.0001 - lr: 6.25e-05 - 7.0s
Epoch 268/300 - loss: 0.0002 - val_loss: 0.0001 - lr: 6.25e-05 - 6.9s
Epoch 269/300 - loss: 0.0002 - val_loss: 0.0001 - lr: 6.25e-05 - 7.0s
Epoch 270/300 - loss: 0.0002 - val_loss: 0.0001 - lr: 6.25e-05 - 6.9s
Epoch 271/300 - loss: 0.0002 - val_loss: 0.0001 - lr: 6.25e-05 - 6.9s
Epoch 272/300 - loss: 0.0002 - val_loss: 0.0001 - lr: 6.25e-05 - 7.0s
Epoch 273/300 - loss: 0.0003 - val_loss: 0.0001 - lr: 6.25e-05 - 6.9s
Epoch 274/300 - loss: 0.0002 - val_loss: 0.0001 - lr: 6.25e-05 - 6.9s
Epoch 275/300 - loss: 0.0002 - val_loss: 0.0001 - lr: 6.25e-05 - 6.9s
Epoch 276/300 - loss: 0.0002 - val_loss: 0.0001 - lr: 6.25e-05 - 6.9s
Epoch 277/300 - loss: 0.0002 - val_loss: 0.0001 - lr: 3.13e-05 - 6.9s
Epoch 278/300 - loss: 0.0002 - val_loss: 0.0001 - lr: 3.13e-05 - 6.9s
Epoch 279/300 - loss: 0.0002 - val_loss: 0.0001 - lr: 3.13e-05 - 7.0s
Epoch 280/300 - loss: 0.0002 - val_loss: 0.0001 - lr: 3.13e-05 - 6.9s
Epoch 281/300 - loss: 0.0002 - val_loss: 0.0001 - lr: 3.13e-05 - 6.9s
Epoch 282/300 - loss: 0.0002 - val_loss: 0.0001 - lr: 3.13e-05 - 6.9s
Epoch 283/300 - loss: 0.0002 - val_loss: 0.0001 - lr: 3.13e-05 - 6.9s
Epoch 284/300 - loss: 0.0002 - val_loss: 0.0001 - lr: 3.13e-05 - 6.9s
Epoch 285/300 - loss: 0.0002 - val_loss: 0.0001 - lr: 3.13e-05 - 6.9s
Epoch 286/300 - loss: 0.0002 - val_loss: 0.0001 - lr: 3.13e-05 - 6.9s
Epoch 287/300 - loss: 0.0002 - val_loss: 0.0001 - lr: 3.13e-05 - 6.9s
Epoch 288/300 - loss: 0.0002 - val_loss: 0.0001 - lr: 3.13e-05 - 7.0s
Epoch 289/300 - loss: 0.0002 - val_loss: 0.0001 - lr: 3.13e-05 - 6.9s
Epoch 290/300 - loss: 0.0002 - val_loss: 0.0001 - lr: 3.13e-05 - 6.9s
Epoch 291/300 - loss: 0.0002 - val_loss: 0.0001 - lr: 3.13e-05 - 6.9s
Epoch 292/300 - loss: 0.0002 - val_loss: 0.0001 - lr: 3.13e-05 - 6.9s
Epoch 293/300 - loss: 0.0002 - val_loss: 0.0001 - lr: 3.13e-05 - 6.9s
Epoch 294/300 - loss: 0.0002 - val_loss: 0.0001 - lr: 3.13e-05 - 6.9s
Epoch 295/300 - loss: 0.0002 - val_loss: 0.0001 - lr: 3.13e-05 - 6.9s
Epoch 296/300 - loss: 0.0002 - val_loss: 0.0001 - lr: 3.13e-05 - 7.0s
Epoch 297/300 - loss: 0.0002 - val_loss: 0.0001 - lr: 3.13e-05 - 6.9s
Epoch 298/300 - loss: 0.0002 - val_loss: 0.0001 - lr: 3.13e-05 - 6.9s
Epoch 299/300 - loss: 0.0002 - val_loss: 0.0001 - lr: 3.13e-05 - 6.9s
Epoch 300/300 - loss: 0.0002 - val_loss: 0.0001 - lr: 3.13e-05 - 6.9s
Training complete in 34.7m (2081s)
Best val_loss: 0.0001 — loading best weights for export
Model saved to models/22_moog_film_pre_64u_w256\weights.json
Loss history saved to models/22_moog_film_pre_64u_w256\loss_history.csv
